[0.037s] Invoking command in '/home/redalexdad/GitHub/WalkingRobotSim/build/go2_description': CMAKE_PREFIX_PATH=${CMAKE_PREFIX_PATH}:/home/redalexdad/GitHub/WalkingRobotSim/install/ros2_yolo_recognition:/home/redalexdad/GitHub/WalkingRobotSim/install/ros2_odometry:/home/redalexdad/GitHub/WalkingRobotSim/install/ros2_navigation:/home/redalexdad/GitHub/WalkingRobotSim/install/ros2_cartography:/opt/ros/jazzy DEBUGINFOD_URLS=https://debuginfod.ubuntu.com /usr/bin/cmake /home/redalexdad/GitHub/WalkingRobotSim/src/go2_description -DCMAKE_INSTALL_PREFIX=/home/redalexdad/GitHub/WalkingRobotSim/install/go2_description
[0.698s] -- The C compiler identification is GNU 13.3.0
[0.698s] -- The CXX compiler identification is GNU 13.3.0
[0.698s] -- Detecting C compiler ABI info
[0.698s] -- Detecting C compiler ABI info - done
[0.698s] -- Check for working C compiler: /usr/bin/cc - skipped
[0.698s] -- Detecting C compile features
[0.698s] -- Detecting C compile features - done
[0.698s] -- Detecting CXX compiler ABI info
[0.698s] -- Detecting CXX compiler ABI info - done
[0.698s] -- Check for working CXX compiler: /usr/bin/c++ - skipped
[0.699s] -- Detecting CXX compile features
[0.699s] -- Detecting CXX compile features - done
[0.699s] -- Found ament_cmake: 2.5.4 (/opt/ros/jazzy/share/ament_cmake/cmake)
[1.028s] -- Found Python3: /usr/bin/python3 (found version "3.12.3") found components: Interpreter 
[1.028s] -- Found ament_lint_auto: 0.17.3 (/opt/ros/jazzy/share/ament_lint_auto/cmake)
[1.032s] -- Found urdf: 2.10.0 (/opt/ros/jazzy/share/urdf/cmake)
[1.141s] -- Found TinyXML2 via Config file: /usr/lib/x86_64-linux-gnu/cmake/tinyxml2
[1.179s] -- Found xacro: 2.1.1 (/opt/ros/jazzy/share/xacro/cmake)
[1.188s] -- Found robot_state_publisher: 3.3.3 (/opt/ros/jazzy/share/robot_state_publisher/cmake)
[1.287s] -- Found rosidl_generator_c: 4.6.6 (/opt/ros/jazzy/share/rosidl_generator_c/cmake)
[1.331s] -- Found rosidl_generator_cpp: 4.6.6 (/opt/ros/jazzy/share/rosidl_generator_cpp/cmake)
[1.380s] -- Using all available rosidl_typesupport_c: rosidl_typesupport_fastrtps_c;rosidl_typesupport_introspection_c
[1.423s] -- Using all available rosidl_typesupport_cpp: rosidl_typesupport_fastrtps_cpp;rosidl_typesupport_introspection_cpp
[1.683s] -- Found rmw_implementation_cmake: 7.3.2 (/opt/ros/jazzy/share/rmw_implementation_cmake/cmake)
[1.695s] -- Found rmw_fastrtps_cpp: 8.4.3 (/opt/ros/jazzy/share/rmw_fastrtps_cpp/cmake)
[1.766s] -- Found TinyXML2 via Config file: /usr/lib/x86_64-linux-gnu/cmake/tinyxml2
[1.904s] -- Found OpenSSL: /usr/lib/x86_64-linux-gnu/libcrypto.so (found version "3.0.13")  
[1.908s] -- Found TinyXML2 via Config file: /usr/lib/x86_64-linux-gnu/cmake/tinyxml2
[1.940s] -- Found FastRTPS: /opt/ros/jazzy/include (Required is at least version "2.13") 
[1.943s] -- Found TinyXML2 via Config file: /usr/lib/x86_64-linux-gnu/cmake/tinyxml2
[1.955s] -- Found TinyXML2 via Config file: /usr/lib/x86_64-linux-gnu/cmake/tinyxml2
[1.973s] -- Using RMW implementation 'rmw_fastrtps_cpp' as default
[2.630s] -- Added test 'flake8' to check Python code syntax and style conventions
[2.630s] -- Configured 'flake8' exclude dirs and/or files: 
[2.633s] -- Added test 'lint_cmake' to check CMake code style
[2.636s] -- Added test 'pep257' to check Python code against some of the docstring style conventions in PEP 257
[2.643s] -- Added test 'xmllint' to check XML markup files
[2.649s] -- Configuring done (2.6s)
[2.678s] -- Generating done (0.0s)
[2.678s] -- Build files have been written to: /home/redalexdad/GitHub/WalkingRobotSim/build/go2_description
[2.690s] Invoked command in '/home/redalexdad/GitHub/WalkingRobotSim/build/go2_description' returned '0': CMAKE_PREFIX_PATH=${CMAKE_PREFIX_PATH}:/home/redalexdad/GitHub/WalkingRobotSim/install/ros2_yolo_recognition:/home/redalexdad/GitHub/WalkingRobotSim/install/ros2_odometry:/home/redalexdad/GitHub/WalkingRobotSim/install/ros2_navigation:/home/redalexdad/GitHub/WalkingRobotSim/install/ros2_cartography:/opt/ros/jazzy DEBUGINFOD_URLS=https://debuginfod.ubuntu.com /usr/bin/cmake /home/redalexdad/GitHub/WalkingRobotSim/src/go2_description -DCMAKE_INSTALL_PREFIX=/home/redalexdad/GitHub/WalkingRobotSim/install/go2_description
[2.692s] Invoking command in '/home/redalexdad/GitHub/WalkingRobotSim/build/go2_description': CMAKE_PREFIX_PATH=${CMAKE_PREFIX_PATH}:/home/redalexdad/GitHub/WalkingRobotSim/install/ros2_yolo_recognition:/home/redalexdad/GitHub/WalkingRobotSim/install/ros2_odometry:/home/redalexdad/GitHub/WalkingRobotSim/install/ros2_navigation:/home/redalexdad/GitHub/WalkingRobotSim/install/ros2_cartography:/opt/ros/jazzy DEBUGINFOD_URLS=https://debuginfod.ubuntu.com /usr/bin/cmake --build /home/redalexdad/GitHub/WalkingRobotSim/build/go2_description -- -j16 -l16
[2.763s] Invoked command in '/home/redalexdad/GitHub/WalkingRobotSim/build/go2_description' returned '0': CMAKE_PREFIX_PATH=${CMAKE_PREFIX_PATH}:/home/redalexdad/GitHub/WalkingRobotSim/install/ros2_yolo_recognition:/home/redalexdad/GitHub/WalkingRobotSim/install/ros2_odometry:/home/redalexdad/GitHub/WalkingRobotSim/install/ros2_navigation:/home/redalexdad/GitHub/WalkingRobotSim/install/ros2_cartography:/opt/ros/jazzy DEBUGINFOD_URLS=https://debuginfod.ubuntu.com /usr/bin/cmake --build /home/redalexdad/GitHub/WalkingRobotSim/build/go2_description -- -j16 -l16
[2.765s] Invoking command in '/home/redalexdad/GitHub/WalkingRobotSim/build/go2_description': CMAKE_PREFIX_PATH=${CMAKE_PREFIX_PATH}:/home/redalexdad/GitHub/WalkingRobotSim/install/ros2_yolo_recognition:/home/redalexdad/GitHub/WalkingRobotSim/install/ros2_odometry:/home/redalexdad/GitHub/WalkingRobotSim/install/ros2_navigation:/home/redalexdad/GitHub/WalkingRobotSim/install/ros2_cartography:/opt/ros/jazzy DEBUGINFOD_URLS=https://debuginfod.ubuntu.com /usr/bin/cmake --install /home/redalexdad/GitHub/WalkingRobotSim/build/go2_description
[2.777s] -- Install configuration: ""
[2.778s] -- Installing: /home/redalexdad/GitHub/WalkingRobotSim/install/go2_description/share/go2_description//config
[2.778s] -- Installing: /home/redalexdad/GitHub/WalkingRobotSim/install/go2_description/share/go2_description//config/jtc.yaml
[2.778s] -- Installing: /home/redalexdad/GitHub/WalkingRobotSim/install/go2_description/share/go2_description//config/robot_control.yaml
[2.778s] -- Installing: /home/redalexdad/GitHub/WalkingRobotSim/install/go2_description/share/go2_description//config/joint_names_go2_description.yaml
[2.779s] -- Installing: /home/redalexdad/GitHub/WalkingRobotSim/install/go2_description/share/go2_description//dae
[2.779s] -- Installing: /home/redalexdad/GitHub/WalkingRobotSim/install/go2_description/share/go2_description//dae/base.dae
[2.791s] -- Installing: /home/redalexdad/GitHub/WalkingRobotSim/install/go2_description/share/go2_description//dae/thigh_mirror.dae
[2.796s] -- Installing: /home/redalexdad/GitHub/WalkingRobotSim/install/go2_description/share/go2_description//dae/hip.dae
[2.801s] -- Installing: /home/redalexdad/GitHub/WalkingRobotSim/install/go2_description/share/go2_description//dae/calf.dae
[2.803s] -- Installing: /home/redalexdad/GitHub/WalkingRobotSim/install/go2_description/share/go2_description//dae/thigh.dae
[2.808s] -- Installing: /home/redalexdad/GitHub/WalkingRobotSim/install/go2_description/share/go2_description//dae/calf_mirror.dae
[2.809s] -- Installing: /home/redalexdad/GitHub/WalkingRobotSim/install/go2_description/share/go2_description//dae/foot.dae
[2.810s] -- Installing: /home/redalexdad/GitHub/WalkingRobotSim/install/go2_description/share/go2_description//launch
[2.810s] -- Installing: /home/redalexdad/GitHub/WalkingRobotSim/install/go2_description/share/go2_description//launch/go2_visualize.launch.py
[2.810s] -- Installing: /home/redalexdad/GitHub/WalkingRobotSim/install/go2_description/share/go2_description//launch/controllers_go2.launch.py
[2.811s] -- Installing: /home/redalexdad/GitHub/WalkingRobotSim/install/go2_description/share/go2_description//meshes
[2.811s] -- Installing: /home/redalexdad/GitHub/WalkingRobotSim/install/go2_description/share/go2_description//meshes/hokuyo.dae
[2.811s] -- Installing: /home/redalexdad/GitHub/WalkingRobotSim/install/go2_description/share/go2_description//meshes/thigh_mirror.dae
[2.816s] -- Installing: /home/redalexdad/GitHub/WalkingRobotSim/install/go2_description/share/go2_description//meshes/trunk.dae
[2.829s] -- Installing: /home/redalexdad/GitHub/WalkingRobotSim/install/go2_description/share/go2_description//meshes/hip.dae
[2.834s] -- Installing: /home/redalexdad/GitHub/WalkingRobotSim/install/go2_description/share/go2_description//meshes/calf.dae
[2.836s] -- Installing: /home/redalexdad/GitHub/WalkingRobotSim/install/go2_description/share/go2_description//meshes/thigh.dae
[2.841s] -- Installing: /home/redalexdad/GitHub/WalkingRobotSim/install/go2_description/share/go2_description//meshes/calf_mirror.dae
[2.842s] -- Installing: /home/redalexdad/GitHub/WalkingRobotSim/install/go2_description/share/go2_description//meshes/foot.dae
[2.844s] -- Installing: /home/redalexdad/GitHub/WalkingRobotSim/install/go2_description/share/go2_description//rviz
[2.844s] -- Installing: /home/redalexdad/GitHub/WalkingRobotSim/install/go2_description/share/go2_description//rviz/go2_vis.rviz
[2.844s] -- Installing: /home/redalexdad/GitHub/WalkingRobotSim/install/go2_description/share/go2_description//rviz/go2_control_test.rviz
[2.844s] -- Installing: /home/redalexdad/GitHub/WalkingRobotSim/install/go2_description/share/go2_description//urdf
[2.845s] -- Installing: /home/redalexdad/GitHub/WalkingRobotSim/install/go2_description/share/go2_description//urdf/go2_description.urdf
[2.845s] -- Installing: /home/redalexdad/GitHub/WalkingRobotSim/install/go2_description/share/go2_description//urdf/Amended_collision_model.png
[2.846s] -- Installing: /home/redalexdad/GitHub/WalkingRobotSim/install/go2_description/share/go2_description//urdf/Normal_collision_model.png
[2.846s] -- Installing: /home/redalexdad/GitHub/WalkingRobotSim/install/go2_description/share/go2_description//xacro
[2.847s] -- Installing: /home/redalexdad/GitHub/WalkingRobotSim/install/go2_description/share/go2_description//xacro/leg.xacro
[2.847s] -- Installing: /home/redalexdad/GitHub/WalkingRobotSim/install/go2_description/share/go2_description//xacro/gazebo.xacro
[2.847s] -- Installing: /home/redalexdad/GitHub/WalkingRobotSim/install/go2_description/share/go2_description//xacro/transmission.xacro
[2.847s] -- Installing: /home/redalexdad/GitHub/WalkingRobotSim/install/go2_description/share/go2_description//xacro/robot.xacro
[2.847s] -- Installing: /home/redalexdad/GitHub/WalkingRobotSim/install/go2_description/share/go2_description//xacro/ros2_control.xacro
[2.847s] -- Installing: /home/redalexdad/GitHub/WalkingRobotSim/install/go2_description/share/go2_description//xacro/materials.xacro
[2.847s] -- Installing: /home/redalexdad/GitHub/WalkingRobotSim/install/go2_description/share/go2_description//xacro/gazebo_sensors.xacro
[2.847s] -- Installing: /home/redalexdad/GitHub/WalkingRobotSim/install/go2_description/share/go2_description//xacro/const.xacro
[2.848s] -- Installing: /home/redalexdad/GitHub/WalkingRobotSim/install/go2_description/share/ament_index/resource_index/package_run_dependencies/go2_description
[2.848s] -- Installing: /home/redalexdad/GitHub/WalkingRobotSim/install/go2_description/share/ament_index/resource_index/parent_prefix_path/go2_description
[2.849s] -- Installing: /home/redalexdad/GitHub/WalkingRobotSim/install/go2_description/share/go2_description/environment/ament_prefix_path.sh
[2.849s] -- Installing: /home/redalexdad/GitHub/WalkingRobotSim/install/go2_description/share/go2_description/environment/ament_prefix_path.dsv
[2.849s] -- Installing: /home/redalexdad/GitHub/WalkingRobotSim/install/go2_description/share/go2_description/environment/path.sh
[2.850s] -- Installing: /home/redalexdad/GitHub/WalkingRobotSim/install/go2_description/share/go2_description/environment/path.dsv
[2.850s] -- Installing: /home/redalexdad/GitHub/WalkingRobotSim/install/go2_description/share/go2_description/local_setup.bash
[2.851s] -- Installing: /home/redalexdad/GitHub/WalkingRobotSim/install/go2_description/share/go2_description/local_setup.sh
[2.851s] -- Installing: /home/redalexdad/GitHub/WalkingRobotSim/install/go2_description/share/go2_description/local_setup.zsh
[2.852s] -- Installing: /home/redalexdad/GitHub/WalkingRobotSim/install/go2_description/share/go2_description/local_setup.dsv
[2.852s] -- Installing: /home/redalexdad/GitHub/WalkingRobotSim/install/go2_description/share/go2_description/package.dsv
[2.852s] -- Installing: /home/redalexdad/GitHub/WalkingRobotSim/install/go2_description/share/ament_index/resource_index/packages/go2_description
[2.852s] -- Installing: /home/redalexdad/GitHub/WalkingRobotSim/install/go2_description/share/go2_description/cmake/go2_descriptionConfig.cmake
[2.853s] -- Installing: /home/redalexdad/GitHub/WalkingRobotSim/install/go2_description/share/go2_description/cmake/go2_descriptionConfig-version.cmake
[2.853s] -- Installing: /home/redalexdad/GitHub/WalkingRobotSim/install/go2_description/share/go2_description/package.xml
[2.855s] Invoked command in '/home/redalexdad/GitHub/WalkingRobotSim/build/go2_description' returned '0': CMAKE_PREFIX_PATH=${CMAKE_PREFIX_PATH}:/home/redalexdad/GitHub/WalkingRobotSim/install/ros2_yolo_recognition:/home/redalexdad/GitHub/WalkingRobotSim/install/ros2_odometry:/home/redalexdad/GitHub/WalkingRobotSim/install/ros2_navigation:/home/redalexdad/GitHub/WalkingRobotSim/install/ros2_cartography:/opt/ros/jazzy DEBUGINFOD_URLS=https://debuginfod.ubuntu.com /usr/bin/cmake --install /home/redalexdad/GitHub/WalkingRobotSim/build/go2_description
