/home/redalexdad/GitHub/WalkingRobotSim/install/ros2_yolo_recognition/lib/python3.12/site-packages/ros2_yolo_recognition/__init__.py
/home/redalexdad/GitHub/WalkingRobotSim/install/ros2_yolo_recognition/lib/python3.12/site-packages/ros2_yolo_recognition/debug_node.py
/home/redalexdad/GitHub/WalkingRobotSim/install/ros2_yolo_recognition/lib/python3.12/site-packages/ros2_yolo_recognition/tracking_node.py
/home/redalexdad/GitHub/WalkingRobotSim/install/ros2_yolo_recognition/lib/python3.12/site-packages/ros2_yolo_recognition/detect_object.py
/home/redalexdad/GitHub/WalkingRobotSim/install/ros2_yolo_recognition/lib/python3.12/site-packages/ros2_yolo_recognition/yolo_node.py
/home/redalexdad/GitHub/WalkingRobotSim/install/ros2_yolo_recognition/lib/python3.12/site-packages/ros2_yolo_recognition/detect_3d_node.py
/home/redalexdad/GitHub/WalkingRobotSim/install/ros2_yolo_recognition/lib/python3.12/site-packages/ros2_yolo_recognition/__pycache__/__init__.cpython-312.pyc
/home/redalexdad/GitHub/WalkingRobotSim/install/ros2_yolo_recognition/lib/python3.12/site-packages/ros2_yolo_recognition/__pycache__/debug_node.cpython-312.pyc
/home/redalexdad/GitHub/WalkingRobotSim/install/ros2_yolo_recognition/lib/python3.12/site-packages/ros2_yolo_recognition/__pycache__/tracking_node.cpython-312.pyc
/home/redalexdad/GitHub/WalkingRobotSim/install/ros2_yolo_recognition/lib/python3.12/site-packages/ros2_yolo_recognition/__pycache__/detect_object.cpython-312.pyc
/home/redalexdad/GitHub/WalkingRobotSim/install/ros2_yolo_recognition/lib/python3.12/site-packages/ros2_yolo_recognition/__pycache__/yolo_node.cpython-312.pyc
/home/redalexdad/GitHub/WalkingRobotSim/install/ros2_yolo_recognition/lib/python3.12/site-packages/ros2_yolo_recognition/__pycache__/detect_3d_node.cpython-312.pyc
/home/redalexdad/GitHub/WalkingRobotSim/install/ros2_yolo_recognition/share/ament_index/resource_index/packages/ros2_yolo_recognition
/home/redalexdad/GitHub/WalkingRobotSim/install/ros2_yolo_recognition/share/ros2_yolo_recognition/package.xml
/home/redalexdad/GitHub/WalkingRobotSim/install/ros2_yolo_recognition/share/ros2_yolo_recognition/models/ascol_object_detect_0.2.pt
/home/redalexdad/GitHub/WalkingRobotSim/install/ros2_yolo_recognition/share/ros2_yolo_recognition/models/yolo11n.pt
/home/redalexdad/GitHub/WalkingRobotSim/install/ros2_yolo_recognition/lib/python3.12/site-packages/ros2_yolo_recognition-0.0.0-py3.12.egg-info/PKG-INFO
/home/redalexdad/GitHub/WalkingRobotSim/install/ros2_yolo_recognition/lib/python3.12/site-packages/ros2_yolo_recognition-0.0.0-py3.12.egg-info/requires.txt
/home/redalexdad/GitHub/WalkingRobotSim/install/ros2_yolo_recognition/lib/python3.12/site-packages/ros2_yolo_recognition-0.0.0-py3.12.egg-info/SOURCES.txt
/home/redalexdad/GitHub/WalkingRobotSim/install/ros2_yolo_recognition/lib/python3.12/site-packages/ros2_yolo_recognition-0.0.0-py3.12.egg-info/entry_points.txt
/home/redalexdad/GitHub/WalkingRobotSim/install/ros2_yolo_recognition/lib/python3.12/site-packages/ros2_yolo_recognition-0.0.0-py3.12.egg-info/top_level.txt
/home/redalexdad/GitHub/WalkingRobotSim/install/ros2_yolo_recognition/lib/python3.12/site-packages/ros2_yolo_recognition-0.0.0-py3.12.egg-info/zip-safe
/home/redalexdad/GitHub/WalkingRobotSim/install/ros2_yolo_recognition/lib/python3.12/site-packages/ros2_yolo_recognition-0.0.0-py3.12.egg-info/dependency_links.txt
/home/redalexdad/GitHub/WalkingRobotSim/install/ros2_yolo_recognition/lib/ros2_yolo_recognition/debug_node
/home/redalexdad/GitHub/WalkingRobotSim/install/ros2_yolo_recognition/lib/ros2_yolo_recognition/detect_3d_node
/home/redalexdad/GitHub/WalkingRobotSim/install/ros2_yolo_recognition/lib/ros2_yolo_recognition/detect_object
/home/redalexdad/GitHub/WalkingRobotSim/install/ros2_yolo_recognition/lib/ros2_yolo_recognition/tracking_node
/home/redalexdad/GitHub/WalkingRobotSim/install/ros2_yolo_recognition/lib/ros2_yolo_recognition/yolo_node
