/home/redalexdad/GitHub/WalkingRobotSim/install/ros2_navigation/lib/python3.12/site-packages/ros2_navigation/__init__.py
/home/redalexdad/GitHub/WalkingRobotSim/install/ros2_navigation/lib/python3.12/site-packages/ros2_navigation/__pycache__/__init__.cpython-312.pyc
/home/redalexdad/GitHub/WalkingRobotSim/install/ros2_navigation/share/ament_index/resource_index/packages/ros2_navigation
/home/redalexdad/GitHub/WalkingRobotSim/install/ros2_navigation/share/ros2_navigation/package.xml
/home/redalexdad/GitHub/WalkingRobotSim/install/ros2_navigation/share/ros2_navigation/params/navigation2.yaml
/home/redalexdad/GitHub/WalkingRobotSim/install/ros2_navigation/share/ros2_navigation/params/navigation.yaml
/home/redalexdad/GitHub/WalkingRobotSim/install/ros2_navigation/share/ros2_navigation/params/slam.yaml
/home/redalexdad/GitHub/WalkingRobotSim/install/ros2_navigation/share/ros2_navigation/launch/navigation2.launch.py
/home/redalexdad/GitHub/WalkingRobotSim/install/ros2_navigation/share/ros2_navigation/launch/navigation_slam.launch.py
/home/redalexdad/GitHub/WalkingRobotSim/install/ros2_navigation/share/ros2_navigation/launch/navigation.launch.py
/home/redalexdad/GitHub/WalkingRobotSim/install/ros2_navigation/share/ros2_navigation/rviz/navigation2.rviz
/home/redalexdad/GitHub/WalkingRobotSim/install/ros2_navigation/share/ros2_navigation/rviz/navigation.rviz
/home/redalexdad/GitHub/WalkingRobotSim/install/ros2_navigation/share/ros2_navigation/xml/go1_bt.xml
/home/redalexdad/GitHub/WalkingRobotSim/install/ros2_navigation/share/ros2_navigation/xml/bb.xml
/home/redalexdad/GitHub/WalkingRobotSim/install/ros2_navigation/share/ros2_navigation/maps/train_001/map.yaml
/home/redalexdad/GitHub/WalkingRobotSim/install/ros2_navigation/share/ros2_navigation/maps/train_001/map.pgm
/home/redalexdad/GitHub/WalkingRobotSim/install/ros2_navigation/share/ros2_navigation/maps/playground/playground.pgm
/home/redalexdad/GitHub/WalkingRobotSim/install/ros2_navigation/share/ros2_navigation/maps/playground/playground.yaml
/home/redalexdad/GitHub/WalkingRobotSim/install/ros2_navigation/share/ros2_navigation/maps/map_001/map.yaml
/home/redalexdad/GitHub/WalkingRobotSim/install/ros2_navigation/share/ros2_navigation/maps/map_001/map.pgm
/home/redalexdad/GitHub/WalkingRobotSim/install/ros2_navigation/lib/python3.12/site-packages/ros2_navigation-0.0.0-py3.12.egg-info/PKG-INFO
/home/redalexdad/GitHub/WalkingRobotSim/install/ros2_navigation/lib/python3.12/site-packages/ros2_navigation-0.0.0-py3.12.egg-info/requires.txt
/home/redalexdad/GitHub/WalkingRobotSim/install/ros2_navigation/lib/python3.12/site-packages/ros2_navigation-0.0.0-py3.12.egg-info/SOURCES.txt
/home/redalexdad/GitHub/WalkingRobotSim/install/ros2_navigation/lib/python3.12/site-packages/ros2_navigation-0.0.0-py3.12.egg-info/top_level.txt
/home/redalexdad/GitHub/WalkingRobotSim/install/ros2_navigation/lib/python3.12/site-packages/ros2_navigation-0.0.0-py3.12.egg-info/zip-safe
/home/redalexdad/GitHub/WalkingRobotSim/install/ros2_navigation/lib/python3.12/site-packages/ros2_navigation-0.0.0-py3.12.egg-info/dependency_links.txt
