running egg_info
creating ../../build/ros2_odometry/ros2_odometry.egg-info
writing ../../build/ros2_odometry/ros2_odometry.egg-info/PKG-INFO
writing dependency_links to ../../build/ros2_odometry/ros2_odometry.egg-info/dependency_links.txt
writing entry points to ../../build/ros2_odometry/ros2_odometry.egg-info/entry_points.txt
writing requirements to ../../build/ros2_odometry/ros2_odometry.egg-info/requires.txt
writing top-level names to ../../build/ros2_odometry/ros2_odometry.egg-info/top_level.txt
writing manifest file '../../build/ros2_odometry/ros2_odometry.egg-info/SOURCES.txt'
reading manifest file '../../build/ros2_odometry/ros2_odometry.egg-info/SOURCES.txt'
writing manifest file '../../build/ros2_odometry/ros2_odometry.egg-info/SOURCES.txt'
running build
running build_py
creating /home/redalexdad/GitHub/WalkingRobotSim/build/ros2_odometry/build
creating /home/redalexdad/GitHub/WalkingRobotSim/build/ros2_odometry/build/lib
creating /home/redalexdad/GitHub/WalkingRobotSim/build/ros2_odometry/build/lib/ros2_odometry
copying ros2_odometry/__init__.py -> /home/redalexdad/GitHub/WalkingRobotSim/build/ros2_odometry/build/lib/ros2_odometry
copying ros2_odometry/tf_publisher.py -> /home/redalexdad/GitHub/WalkingRobotSim/build/ros2_odometry/build/lib/ros2_odometry
copying ros2_odometry/static_map_publisher.py -> /home/redalexdad/GitHub/WalkingRobotSim/build/ros2_odometry/build/lib/ros2_odometry
running install
running install_lib
creating /home/redalexdad/GitHub/WalkingRobotSim/install/ros2_odometry/lib/python3.12/site-packages/ros2_odometry
copying /home/redalexdad/GitHub/WalkingRobotSim/build/ros2_odometry/build/lib/ros2_odometry/__init__.py -> /home/redalexdad/GitHub/WalkingRobotSim/install/ros2_odometry/lib/python3.12/site-packages/ros2_odometry
copying /home/redalexdad/GitHub/WalkingRobotSim/build/ros2_odometry/build/lib/ros2_odometry/tf_publisher.py -> /home/redalexdad/GitHub/WalkingRobotSim/install/ros2_odometry/lib/python3.12/site-packages/ros2_odometry
copying /home/redalexdad/GitHub/WalkingRobotSim/build/ros2_odometry/build/lib/ros2_odometry/static_map_publisher.py -> /home/redalexdad/GitHub/WalkingRobotSim/install/ros2_odometry/lib/python3.12/site-packages/ros2_odometry
byte-compiling /home/redalexdad/GitHub/WalkingRobotSim/install/ros2_odometry/lib/python3.12/site-packages/ros2_odometry/__init__.py to __init__.cpython-312.pyc
byte-compiling /home/redalexdad/GitHub/WalkingRobotSim/install/ros2_odometry/lib/python3.12/site-packages/ros2_odometry/tf_publisher.py to tf_publisher.cpython-312.pyc
byte-compiling /home/redalexdad/GitHub/WalkingRobotSim/install/ros2_odometry/lib/python3.12/site-packages/ros2_odometry/static_map_publisher.py to static_map_publisher.cpython-312.pyc
running install_data
creating /home/redalexdad/GitHub/WalkingRobotSim/install/ros2_odometry/share/ament_index
creating /home/redalexdad/GitHub/WalkingRobotSim/install/ros2_odometry/share/ament_index/resource_index
creating /home/redalexdad/GitHub/WalkingRobotSim/install/ros2_odometry/share/ament_index/resource_index/packages
copying resource/ros2_odometry -> /home/redalexdad/GitHub/WalkingRobotSim/install/ros2_odometry/share/ament_index/resource_index/packages
copying package.xml -> /home/redalexdad/GitHub/WalkingRobotSim/install/ros2_odometry/share/ros2_odometry
running install_egg_info
Copying ../../build/ros2_odometry/ros2_odometry.egg-info to /home/redalexdad/GitHub/WalkingRobotSim/install/ros2_odometry/lib/python3.12/site-packages/ros2_odometry-0.0.0-py3.12.egg-info
running install_scripts
Installing cmd_vel_bridge script to /home/redalexdad/GitHub/WalkingRobotSim/install/ros2_odometry/lib/ros2_odometry
Installing nav_tf_publisher script to /home/redalexdad/GitHub/WalkingRobotSim/install/ros2_odometry/lib/ros2_odometry
Installing static_map_publisher script to /home/redalexdad/GitHub/WalkingRobotSim/install/ros2_odometry/lib/ros2_odometry
writing list of installed files to '/home/redalexdad/GitHub/WalkingRobotSim/build/ros2_odometry/install.log'
