[2.109s] Invoking command in '/home/redalexdad/GitHub/WalkingRobotSim/src/ros2_odometry': DEBUGINFOD_URLS=https://debuginfod.ubuntu.com PYTHONPATH=/home/redalexdad/GitHub/WalkingRobotSim/build/ros2_odometry/prefix_override:/usr/lib/python3/dist-packages/colcon_core/task/python/colcon_distutils_commands:/home/redalexdad/GitHub/WalkingRobotSim/install/ros2_odometry/lib/python3.12/site-packages:${PYTHONPATH} /usr/bin/python3 -W ignore:setup.py install is deprecated -W ignore:easy_install command is deprecated setup.py egg_info --egg-base ../../build/ros2_odometry build --build-base /home/redalexdad/GitHub/WalkingRobotSim/build/ros2_odometry/build install --record /home/redalexdad/GitHub/WalkingRobotSim/build/ros2_odometry/install.log --single-version-externally-managed install_data
[2.560s] running egg_info
[2.560s] creating ../../build/ros2_odometry/ros2_odometry.egg-info
[2.594s] writing ../../build/ros2_odometry/ros2_odometry.egg-info/PKG-INFO
[2.595s] writing dependency_links to ../../build/ros2_odometry/ros2_odometry.egg-info/dependency_links.txt
[2.595s] writing entry points to ../../build/ros2_odometry/ros2_odometry.egg-info/entry_points.txt
[2.595s] writing requirements to ../../build/ros2_odometry/ros2_odometry.egg-info/requires.txt
[2.595s] writing top-level names to ../../build/ros2_odometry/ros2_odometry.egg-info/top_level.txt
[2.595s] writing manifest file '../../build/ros2_odometry/ros2_odometry.egg-info/SOURCES.txt'
[2.671s] reading manifest file '../../build/ros2_odometry/ros2_odometry.egg-info/SOURCES.txt'
[2.671s] writing manifest file '../../build/ros2_odometry/ros2_odometry.egg-info/SOURCES.txt'
[2.671s] running build
[2.671s] running build_py
[2.671s] creating /home/redalexdad/GitHub/WalkingRobotSim/build/ros2_odometry/build
[2.671s] creating /home/redalexdad/GitHub/WalkingRobotSim/build/ros2_odometry/build/lib
[2.672s] creating /home/redalexdad/GitHub/WalkingRobotSim/build/ros2_odometry/build/lib/ros2_odometry
[2.672s] copying ros2_odometry/__init__.py -> /home/redalexdad/GitHub/WalkingRobotSim/build/ros2_odometry/build/lib/ros2_odometry
[2.672s] copying ros2_odometry/tf_publisher.py -> /home/redalexdad/GitHub/WalkingRobotSim/build/ros2_odometry/build/lib/ros2_odometry
[2.672s] copying ros2_odometry/static_map_publisher.py -> /home/redalexdad/GitHub/WalkingRobotSim/build/ros2_odometry/build/lib/ros2_odometry
[2.672s] running install
[2.678s] running install_lib
[2.713s] creating /home/redalexdad/GitHub/WalkingRobotSim/install/ros2_odometry/lib/python3.12/site-packages/ros2_odometry
[2.714s] copying /home/redalexdad/GitHub/WalkingRobotSim/build/ros2_odometry/build/lib/ros2_odometry/__init__.py -> /home/redalexdad/GitHub/WalkingRobotSim/install/ros2_odometry/lib/python3.12/site-packages/ros2_odometry
[2.714s] copying /home/redalexdad/GitHub/WalkingRobotSim/build/ros2_odometry/build/lib/ros2_odometry/tf_publisher.py -> /home/redalexdad/GitHub/WalkingRobotSim/install/ros2_odometry/lib/python3.12/site-packages/ros2_odometry
[2.714s] copying /home/redalexdad/GitHub/WalkingRobotSim/build/ros2_odometry/build/lib/ros2_odometry/static_map_publisher.py -> /home/redalexdad/GitHub/WalkingRobotSim/install/ros2_odometry/lib/python3.12/site-packages/ros2_odometry
[2.715s] byte-compiling /home/redalexdad/GitHub/WalkingRobotSim/install/ros2_odometry/lib/python3.12/site-packages/ros2_odometry/__init__.py to __init__.cpython-312.pyc
[2.716s] byte-compiling /home/redalexdad/GitHub/WalkingRobotSim/install/ros2_odometry/lib/python3.12/site-packages/ros2_odometry/tf_publisher.py to tf_publisher.cpython-312.pyc
[2.717s] byte-compiling /home/redalexdad/GitHub/WalkingRobotSim/install/ros2_odometry/lib/python3.12/site-packages/ros2_odometry/static_map_publisher.py to static_map_publisher.cpython-312.pyc
[2.719s] running install_data
[2.719s] creating /home/redalexdad/GitHub/WalkingRobotSim/install/ros2_odometry/share/ament_index
[2.719s] creating /home/redalexdad/GitHub/WalkingRobotSim/install/ros2_odometry/share/ament_index/resource_index
[2.719s] creating /home/redalexdad/GitHub/WalkingRobotSim/install/ros2_odometry/share/ament_index/resource_index/packages
[2.719s] copying resource/ros2_odometry -> /home/redalexdad/GitHub/WalkingRobotSim/install/ros2_odometry/share/ament_index/resource_index/packages
[2.720s] copying package.xml -> /home/redalexdad/GitHub/WalkingRobotSim/install/ros2_odometry/share/ros2_odometry
[2.720s] running install_egg_info
[2.769s] Copying ../../build/ros2_odometry/ros2_odometry.egg-info to /home/redalexdad/GitHub/WalkingRobotSim/install/ros2_odometry/lib/python3.12/site-packages/ros2_odometry-0.0.0-py3.12.egg-info
[2.771s] running install_scripts
[2.995s] Installing cmd_vel_bridge script to /home/redalexdad/GitHub/WalkingRobotSim/install/ros2_odometry/lib/ros2_odometry
[2.995s] Installing nav_tf_publisher script to /home/redalexdad/GitHub/WalkingRobotSim/install/ros2_odometry/lib/ros2_odometry
[2.996s] Installing static_map_publisher script to /home/redalexdad/GitHub/WalkingRobotSim/install/ros2_odometry/lib/ros2_odometry
[2.996s] writing list of installed files to '/home/redalexdad/GitHub/WalkingRobotSim/build/ros2_odometry/install.log'
[3.050s] Invoked command in '/home/redalexdad/GitHub/WalkingRobotSim/src/ros2_odometry' returned '0': DEBUGINFOD_URLS=https://debuginfod.ubuntu.com PYTHONPATH=/home/redalexdad/GitHub/WalkingRobotSim/build/ros2_odometry/prefix_override:/usr/lib/python3/dist-packages/colcon_core/task/python/colcon_distutils_commands:/home/redalexdad/GitHub/WalkingRobotSim/install/ros2_odometry/lib/python3.12/site-packages:${PYTHONPATH} /usr/bin/python3 -W ignore:setup.py install is deprecated -W ignore:easy_install command is deprecated setup.py egg_info --egg-base ../../build/ros2_odometry build --build-base /home/redalexdad/GitHub/WalkingRobotSim/build/ros2_odometry/build install --record /home/redalexdad/GitHub/WalkingRobotSim/build/ros2_odometry/install.log --single-version-externally-managed install_data
