[0.053s] Invoking command in '/home/redalexdad/GitHub/WalkingRobotSim/build/go1_description': CMAKE_PREFIX_PATH=${CMAKE_PREFIX_PATH}:/home/redalexdad/GitHub/WalkingRobotSim/install/ros2_yolo_recognition:/home/redalexdad/GitHub/WalkingRobotSim/install/ros2_odometry:/home/redalexdad/GitHub/WalkingRobotSim/install/ros2_navigation:/home/redalexdad/GitHub/WalkingRobotSim/install/ros2_cartography:/opt/ros/jazzy DEBUGINFOD_URLS=https://debuginfod.ubuntu.com /usr/bin/cmake --build /home/redalexdad/GitHub/WalkingRobotSim/build/go1_description -- -j16 -l16
[1.092s] Invoked command in '/home/redalexdad/GitHub/WalkingRobotSim/build/go1_description' returned '0': CMAKE_PREFIX_PATH=${CMAKE_PREFIX_PATH}:/home/redalexdad/GitHub/WalkingRobotSim/install/ros2_yolo_recognition:/home/redalexdad/GitHub/WalkingRobotSim/install/ros2_odometry:/home/redalexdad/GitHub/WalkingRobotSim/install/ros2_navigation:/home/redalexdad/GitHub/WalkingRobotSim/install/ros2_cartography:/opt/ros/jazzy DEBUGINFOD_URLS=https://debuginfod.ubuntu.com /usr/bin/cmake --build /home/redalexdad/GitHub/WalkingRobotSim/build/go1_description -- -j16 -l16
[1.094s] Invoking command in '/home/redalexdad/GitHub/WalkingRobotSim/build/go1_description': CMAKE_PREFIX_PATH=${CMAKE_PREFIX_PATH}:/home/redalexdad/GitHub/WalkingRobotSim/install/ros2_yolo_recognition:/home/redalexdad/GitHub/WalkingRobotSim/install/ros2_odometry:/home/redalexdad/GitHub/WalkingRobotSim/install/ros2_navigation:/home/redalexdad/GitHub/WalkingRobotSim/install/ros2_cartography:/opt/ros/jazzy DEBUGINFOD_URLS=https://debuginfod.ubuntu.com /usr/bin/cmake --install /home/redalexdad/GitHub/WalkingRobotSim/build/go1_description
[1.119s] -- Install configuration: ""
[1.119s] -- Up-to-date: /home/redalexdad/GitHub/WalkingRobotSim/install/go1_description/share/go1_description//config
[1.120s] -- Up-to-date: /home/redalexdad/GitHub/WalkingRobotSim/install/go1_description/share/go1_description//config/jtc.yaml
[1.120s] -- Up-to-date: /home/redalexdad/GitHub/WalkingRobotSim/install/go1_description/share/go1_description//launch
[1.120s] -- Up-to-date: /home/redalexdad/GitHub/WalkingRobotSim/install/go1_description/share/go1_description//launch/controllers_go1.launch.py
[1.121s] -- Up-to-date: /home/redalexdad/GitHub/WalkingRobotSim/install/go1_description/share/go1_description//launch/go1_visualize.launch.py
[1.121s] -- Up-to-date: /home/redalexdad/GitHub/WalkingRobotSim/install/go1_description/share/go1_description//meshes
[1.121s] -- Up-to-date: /home/redalexdad/GitHub/WalkingRobotSim/install/go1_description/share/go1_description//meshes/thigh_mirror.dae
[1.121s] -- Up-to-date: /home/redalexdad/GitHub/WalkingRobotSim/install/go1_description/share/go1_description//meshes/trunk.dae
[1.121s] -- Up-to-date: /home/redalexdad/GitHub/WalkingRobotSim/install/go1_description/share/go1_description//meshes/hip.dae
[1.122s] -- Up-to-date: /home/redalexdad/GitHub/WalkingRobotSim/install/go1_description/share/go1_description//meshes/calf.dae
[1.122s] -- Up-to-date: /home/redalexdad/GitHub/WalkingRobotSim/install/go1_description/share/go1_description//meshes/thigh.dae
[1.122s] -- Up-to-date: /home/redalexdad/GitHub/WalkingRobotSim/install/go1_description/share/go1_description//meshes/ultraSound.dae
[1.122s] -- Up-to-date: /home/redalexdad/GitHub/WalkingRobotSim/install/go1_description/share/go1_description//meshes/depthCamera.dae
[1.123s] -- Up-to-date: /home/redalexdad/GitHub/WalkingRobotSim/install/go1_description/share/go1_description//rviz
[1.123s] -- Up-to-date: /home/redalexdad/GitHub/WalkingRobotSim/install/go1_description/share/go1_description//rviz/go1_vis.rviz
[1.123s] -- Up-to-date: /home/redalexdad/GitHub/WalkingRobotSim/install/go1_description/share/go1_description//urdf
[1.123s] -- Up-to-date: /home/redalexdad/GitHub/WalkingRobotSim/install/go1_description/share/go1_description//urdf/go1.urdf
[1.123s] -- Up-to-date: /home/redalexdad/GitHub/WalkingRobotSim/install/go1_description/share/go1_description//xacro
[1.123s] -- Up-to-date: /home/redalexdad/GitHub/WalkingRobotSim/install/go1_description/share/go1_description//xacro/lidar.xacro
[1.124s] -- Up-to-date: /home/redalexdad/GitHub/WalkingRobotSim/install/go1_description/share/go1_description//xacro/leg.xacro
[1.124s] -- Up-to-date: /home/redalexdad/GitHub/WalkingRobotSim/install/go1_description/share/go1_description//xacro/gazebo.xacro
[1.124s] -- Up-to-date: /home/redalexdad/GitHub/WalkingRobotSim/install/go1_description/share/go1_description//xacro/transmission.xacro
[1.124s] -- Up-to-date: /home/redalexdad/GitHub/WalkingRobotSim/install/go1_description/share/go1_description//xacro/ultraSound.xacro
[1.125s] -- Up-to-date: /home/redalexdad/GitHub/WalkingRobotSim/install/go1_description/share/go1_description//xacro/robot.xacro
[1.125s] -- Up-to-date: /home/redalexdad/GitHub/WalkingRobotSim/install/go1_description/share/go1_description//xacro/depthCamera.xacro
[1.125s] -- Up-to-date: /home/redalexdad/GitHub/WalkingRobotSim/install/go1_description/share/go1_description//xacro/ros2_control.xacro
[1.126s] -- Up-to-date: /home/redalexdad/GitHub/WalkingRobotSim/install/go1_description/share/go1_description//xacro/materials.xacro
[1.126s] -- Up-to-date: /home/redalexdad/GitHub/WalkingRobotSim/install/go1_description/share/go1_description//xacro/const.xacro
[1.126s] -- Up-to-date: /home/redalexdad/GitHub/WalkingRobotSim/install/go1_description/share/ament_index/resource_index/package_run_dependencies/go1_description
[1.126s] -- Up-to-date: /home/redalexdad/GitHub/WalkingRobotSim/install/go1_description/share/ament_index/resource_index/parent_prefix_path/go1_description
[1.126s] -- Up-to-date: /home/redalexdad/GitHub/WalkingRobotSim/install/go1_description/share/go1_description/environment/ament_prefix_path.sh
[1.127s] -- Up-to-date: /home/redalexdad/GitHub/WalkingRobotSim/install/go1_description/share/go1_description/environment/ament_prefix_path.dsv
[1.127s] -- Up-to-date: /home/redalexdad/GitHub/WalkingRobotSim/install/go1_description/share/go1_description/environment/path.sh
[1.127s] -- Up-to-date: /home/redalexdad/GitHub/WalkingRobotSim/install/go1_description/share/go1_description/environment/path.dsv
[1.128s] -- Up-to-date: /home/redalexdad/GitHub/WalkingRobotSim/install/go1_description/share/go1_description/local_setup.bash
[1.128s] -- Up-to-date: /home/redalexdad/GitHub/WalkingRobotSim/install/go1_description/share/go1_description/local_setup.sh
[1.128s] -- Up-to-date: /home/redalexdad/GitHub/WalkingRobotSim/install/go1_description/share/go1_description/local_setup.zsh
[1.128s] -- Up-to-date: /home/redalexdad/GitHub/WalkingRobotSim/install/go1_description/share/go1_description/local_setup.dsv
[1.129s] -- Up-to-date: /home/redalexdad/GitHub/WalkingRobotSim/install/go1_description/share/go1_description/package.dsv
[1.129s] -- Up-to-date: /home/redalexdad/GitHub/WalkingRobotSim/install/go1_description/share/ament_index/resource_index/packages/go1_description
[1.129s] -- Up-to-date: /home/redalexdad/GitHub/WalkingRobotSim/install/go1_description/share/go1_description/cmake/go1_descriptionConfig.cmake
[1.129s] -- Up-to-date: /home/redalexdad/GitHub/WalkingRobotSim/install/go1_description/share/go1_description/cmake/go1_descriptionConfig-version.cmake
[1.130s] -- Up-to-date: /home/redalexdad/GitHub/WalkingRobotSim/install/go1_description/share/go1_description/package.xml
[1.177s] Invoked command in '/home/redalexdad/GitHub/WalkingRobotSim/build/go1_description' returned '0': CMAKE_PREFIX_PATH=${CMAKE_PREFIX_PATH}:/home/redalexdad/GitHub/WalkingRobotSim/install/ros2_yolo_recognition:/home/redalexdad/GitHub/WalkingRobotSim/install/ros2_odometry:/home/redalexdad/GitHub/WalkingRobotSim/install/ros2_navigation:/home/redalexdad/GitHub/WalkingRobotSim/install/ros2_cartography:/opt/ros/jazzy DEBUGINFOD_URLS=https://debuginfod.ubuntu.com /usr/bin/cmake --install /home/redalexdad/GitHub/WalkingRobotSim/build/go1_description
