[2.025s] Invoking command in '/home/redalexdad/GitHub/WalkingRobotSim/src/ros2_odometry': DEBUGINFOD_URLS=https://debuginfod.ubuntu.com PYTHONPATH=/home/redalexdad/GitHub/WalkingRobotSim/build/ros2_odometry/prefix_override:/usr/lib/python3/dist-packages/colcon_core/task/python/colcon_distutils_commands:/home/redalexdad/GitHub/WalkingRobotSim/install/ros2_odometry/lib/python3.12/site-packages:${PYTHONPATH} /usr/bin/python3 -W ignore:setup.py install is deprecated -W ignore:easy_install command is deprecated setup.py egg_info --egg-base ../../build/ros2_odometry build --build-base /home/redalexdad/GitHub/WalkingRobotSim/build/ros2_odometry/build install --record /home/redalexdad/GitHub/WalkingRobotSim/build/ros2_odometry/install.log --single-version-externally-managed install_data
[2.436s] running egg_info
[2.470s] writing ../../build/ros2_odometry/ros2_odometry.egg-info/PKG-INFO
[2.471s] writing dependency_links to ../../build/ros2_odometry/ros2_odometry.egg-info/dependency_links.txt
[2.471s] writing entry points to ../../build/ros2_odometry/ros2_odometry.egg-info/entry_points.txt
[2.471s] writing requirements to ../../build/ros2_odometry/ros2_odometry.egg-info/requires.txt
[2.471s] writing top-level names to ../../build/ros2_odometry/ros2_odometry.egg-info/top_level.txt
[2.539s] reading manifest file '../../build/ros2_odometry/ros2_odometry.egg-info/SOURCES.txt'
[2.540s] writing manifest file '../../build/ros2_odometry/ros2_odometry.egg-info/SOURCES.txt'
[2.541s] running build
[2.541s] running build_py
[2.541s] running install
[2.549s] running install_lib
[2.583s] running install_data
[2.583s] running install_egg_info
[2.619s] removing '/home/redalexdad/GitHub/WalkingRobotSim/install/ros2_odometry/lib/python3.12/site-packages/ros2_odometry-0.0.0-py3.12.egg-info' (and everything under it)
[2.619s] Copying ../../build/ros2_odometry/ros2_odometry.egg-info to /home/redalexdad/GitHub/WalkingRobotSim/install/ros2_odometry/lib/python3.12/site-packages/ros2_odometry-0.0.0-py3.12.egg-info
[2.620s] running install_scripts
[2.828s] Installing cmd_vel_bridge script to /home/redalexdad/GitHub/WalkingRobotSim/install/ros2_odometry/lib/ros2_odometry
[2.828s] Installing nav_tf_publisher script to /home/redalexdad/GitHub/WalkingRobotSim/install/ros2_odometry/lib/ros2_odometry
[2.829s] Installing static_map_publisher script to /home/redalexdad/GitHub/WalkingRobotSim/install/ros2_odometry/lib/ros2_odometry
[2.829s] writing list of installed files to '/home/redalexdad/GitHub/WalkingRobotSim/build/ros2_odometry/install.log'
[2.882s] Invoked command in '/home/redalexdad/GitHub/WalkingRobotSim/src/ros2_odometry' returned '0': DEBUGINFOD_URLS=https://debuginfod.ubuntu.com PYTHONPATH=/home/redalexdad/GitHub/WalkingRobotSim/build/ros2_odometry/prefix_override:/usr/lib/python3/dist-packages/colcon_core/task/python/colcon_distutils_commands:/home/redalexdad/GitHub/WalkingRobotSim/install/ros2_odometry/lib/python3.12/site-packages:${PYTHONPATH} /usr/bin/python3 -W ignore:setup.py install is deprecated -W ignore:easy_install command is deprecated setup.py egg_info --egg-base ../../build/ros2_odometry build --build-base /home/redalexdad/GitHub/WalkingRobotSim/build/ros2_odometry/build install --record /home/redalexdad/GitHub/WalkingRobotSim/build/ros2_odometry/install.log --single-version-externally-managed install_data
