[0.039s] Invoking command in '/home/redalexdad/GitHub/WalkingRobotSim/build/go1_description': CMAKE_PREFIX_PATH=${CMAKE_PREFIX_PATH}:/home/redalexdad/GitHub/WalkingRobotSim/install/ros2_yolo_recognition:/home/redalexdad/GitHub/WalkingRobotSim/install/ros2_odometry:/home/redalexdad/GitHub/WalkingRobotSim/install/ros2_navigation:/home/redalexdad/GitHub/WalkingRobotSim/install/ros2_cartography:/opt/ros/jazzy DEBUGINFOD_URLS=https://debuginfod.ubuntu.com /usr/bin/cmake /home/redalexdad/GitHub/WalkingRobotSim/src/go1_description -DCMAKE_INSTALL_PREFIX=/home/redalexdad/GitHub/WalkingRobotSim/install/go1_description
[0.701s] -- The C compiler identification is GNU 13.3.0
[0.701s] -- The CXX compiler identification is GNU 13.3.0
[0.701s] -- Detecting C compiler ABI info
[0.701s] -- Detecting C compiler ABI info - done
[0.701s] -- Check for working C compiler: /usr/bin/cc - skipped
[0.701s] -- Detecting C compile features
[0.701s] -- Detecting C compile features - done
[0.702s] -- Detecting CXX compiler ABI info
[0.702s] -- Detecting CXX compiler ABI info - done
[0.702s] -- Check for working CXX compiler: /usr/bin/c++ - skipped
[0.702s] -- Detecting CXX compile features
[0.702s] -- Detecting CXX compile features - done
[0.702s] -- Found ament_cmake: 2.5.4 (/opt/ros/jazzy/share/ament_cmake/cmake)
[1.032s] -- Found Python3: /usr/bin/python3 (found version "3.12.3") found components: Interpreter 
[1.032s] -- Found ament_lint_auto: 0.17.3 (/opt/ros/jazzy/share/ament_lint_auto/cmake)
[1.032s] -- Found urdf: 2.10.0 (/opt/ros/jazzy/share/urdf/cmake)
[1.085s] -- Found TinyXML2 via Config file: /usr/lib/x86_64-linux-gnu/cmake/tinyxml2
[1.115s] -- Found xacro: 2.1.1 (/opt/ros/jazzy/share/xacro/cmake)
[1.122s] -- Found robot_state_publisher: 3.3.3 (/opt/ros/jazzy/share/robot_state_publisher/cmake)
[1.198s] -- Found rosidl_generator_c: 4.6.6 (/opt/ros/jazzy/share/rosidl_generator_c/cmake)
[1.237s] -- Found rosidl_generator_cpp: 4.6.6 (/opt/ros/jazzy/share/rosidl_generator_cpp/cmake)
[1.275s] -- Using all available rosidl_typesupport_c: rosidl_typesupport_fastrtps_c;rosidl_typesupport_introspection_c
[1.305s] -- Using all available rosidl_typesupport_cpp: rosidl_typesupport_fastrtps_cpp;rosidl_typesupport_introspection_cpp
[1.504s] -- Found rmw_implementation_cmake: 7.3.2 (/opt/ros/jazzy/share/rmw_implementation_cmake/cmake)
[1.514s] -- Found rmw_fastrtps_cpp: 8.4.3 (/opt/ros/jazzy/share/rmw_fastrtps_cpp/cmake)
[1.567s] -- Found TinyXML2 via Config file: /usr/lib/x86_64-linux-gnu/cmake/tinyxml2
[1.705s] -- Found OpenSSL: /usr/lib/x86_64-linux-gnu/libcrypto.so (found version "3.0.13")  
[1.711s] -- Found TinyXML2 via Config file: /usr/lib/x86_64-linux-gnu/cmake/tinyxml2
[1.746s] -- Found FastRTPS: /opt/ros/jazzy/include (Required is at least version "2.13") 
[1.752s] -- Found TinyXML2 via Config file: /usr/lib/x86_64-linux-gnu/cmake/tinyxml2
[1.766s] -- Found TinyXML2 via Config file: /usr/lib/x86_64-linux-gnu/cmake/tinyxml2
[1.788s] -- Using RMW implementation 'rmw_fastrtps_cpp' as default
[2.420s] -- Added test 'flake8' to check Python code syntax and style conventions
[2.421s] -- Configured 'flake8' exclude dirs and/or files: 
[2.423s] -- Added test 'lint_cmake' to check CMake code style
[2.424s] -- Added test 'pep257' to check Python code against some of the docstring style conventions in PEP 257
[2.429s] -- Added test 'xmllint' to check XML markup files
[2.433s] -- Configuring done (2.4s)
[2.441s] -- Generating done (0.0s)
[2.445s] -- Build files have been written to: /home/redalexdad/GitHub/WalkingRobotSim/build/go1_description
[2.464s] Invoked command in '/home/redalexdad/GitHub/WalkingRobotSim/build/go1_description' returned '0': CMAKE_PREFIX_PATH=${CMAKE_PREFIX_PATH}:/home/redalexdad/GitHub/WalkingRobotSim/install/ros2_yolo_recognition:/home/redalexdad/GitHub/WalkingRobotSim/install/ros2_odometry:/home/redalexdad/GitHub/WalkingRobotSim/install/ros2_navigation:/home/redalexdad/GitHub/WalkingRobotSim/install/ros2_cartography:/opt/ros/jazzy DEBUGINFOD_URLS=https://debuginfod.ubuntu.com /usr/bin/cmake /home/redalexdad/GitHub/WalkingRobotSim/src/go1_description -DCMAKE_INSTALL_PREFIX=/home/redalexdad/GitHub/WalkingRobotSim/install/go1_description
[2.466s] Invoking command in '/home/redalexdad/GitHub/WalkingRobotSim/build/go1_description': CMAKE_PREFIX_PATH=${CMAKE_PREFIX_PATH}:/home/redalexdad/GitHub/WalkingRobotSim/install/ros2_yolo_recognition:/home/redalexdad/GitHub/WalkingRobotSim/install/ros2_odometry:/home/redalexdad/GitHub/WalkingRobotSim/install/ros2_navigation:/home/redalexdad/GitHub/WalkingRobotSim/install/ros2_cartography:/opt/ros/jazzy DEBUGINFOD_URLS=https://debuginfod.ubuntu.com /usr/bin/cmake --build /home/redalexdad/GitHub/WalkingRobotSim/build/go1_description -- -j16 -l16
[2.537s] Invoked command in '/home/redalexdad/GitHub/WalkingRobotSim/build/go1_description' returned '0': CMAKE_PREFIX_PATH=${CMAKE_PREFIX_PATH}:/home/redalexdad/GitHub/WalkingRobotSim/install/ros2_yolo_recognition:/home/redalexdad/GitHub/WalkingRobotSim/install/ros2_odometry:/home/redalexdad/GitHub/WalkingRobotSim/install/ros2_navigation:/home/redalexdad/GitHub/WalkingRobotSim/install/ros2_cartography:/opt/ros/jazzy DEBUGINFOD_URLS=https://debuginfod.ubuntu.com /usr/bin/cmake --build /home/redalexdad/GitHub/WalkingRobotSim/build/go1_description -- -j16 -l16
[2.553s] Invoking command in '/home/redalexdad/GitHub/WalkingRobotSim/build/go1_description': CMAKE_PREFIX_PATH=${CMAKE_PREFIX_PATH}:/home/redalexdad/GitHub/WalkingRobotSim/install/ros2_yolo_recognition:/home/redalexdad/GitHub/WalkingRobotSim/install/ros2_odometry:/home/redalexdad/GitHub/WalkingRobotSim/install/ros2_navigation:/home/redalexdad/GitHub/WalkingRobotSim/install/ros2_cartography:/opt/ros/jazzy DEBUGINFOD_URLS=https://debuginfod.ubuntu.com /usr/bin/cmake --install /home/redalexdad/GitHub/WalkingRobotSim/build/go1_description
[2.565s] -- Install configuration: ""
[2.565s] -- Installing: /home/redalexdad/GitHub/WalkingRobotSim/install/go1_description/share/go1_description//config
[2.566s] -- Installing: /home/redalexdad/GitHub/WalkingRobotSim/install/go1_description/share/go1_description//config/jtc.yaml
[2.566s] -- Installing: /home/redalexdad/GitHub/WalkingRobotSim/install/go1_description/share/go1_description//launch
[2.566s] -- Installing: /home/redalexdad/GitHub/WalkingRobotSim/install/go1_description/share/go1_description//launch/controllers_go1.launch.py
[2.566s] -- Installing: /home/redalexdad/GitHub/WalkingRobotSim/install/go1_description/share/go1_description//launch/go1_visualize.launch.py
[2.567s] -- Installing: /home/redalexdad/GitHub/WalkingRobotSim/install/go1_description/share/go1_description//meshes
[2.567s] -- Installing: /home/redalexdad/GitHub/WalkingRobotSim/install/go1_description/share/go1_description//meshes/thigh_mirror.dae
[2.568s] -- Installing: /home/redalexdad/GitHub/WalkingRobotSim/install/go1_description/share/go1_description//meshes/trunk.dae
[2.644s] -- Installing: /home/redalexdad/GitHub/WalkingRobotSim/install/go1_description/share/go1_description//meshes/hip.dae
[2.647s] -- Installing: /home/redalexdad/GitHub/WalkingRobotSim/install/go1_description/share/go1_description//meshes/calf.dae
[2.650s] -- Installing: /home/redalexdad/GitHub/WalkingRobotSim/install/go1_description/share/go1_description//meshes/thigh.dae
[2.652s] -- Installing: /home/redalexdad/GitHub/WalkingRobotSim/install/go1_description/share/go1_description//meshes/ultraSound.dae
[2.652s] -- Installing: /home/redalexdad/GitHub/WalkingRobotSim/install/go1_description/share/go1_description//meshes/depthCamera.dae
[2.652s] -- Installing: /home/redalexdad/GitHub/WalkingRobotSim/install/go1_description/share/go1_description//rviz
[2.653s] -- Installing: /home/redalexdad/GitHub/WalkingRobotSim/install/go1_description/share/go1_description//rviz/go1_vis.rviz
[2.653s] -- Installing: /home/redalexdad/GitHub/WalkingRobotSim/install/go1_description/share/go1_description//urdf
[2.653s] -- Installing: /home/redalexdad/GitHub/WalkingRobotSim/install/go1_description/share/go1_description//urdf/go1.urdf
[2.654s] -- Installing: /home/redalexdad/GitHub/WalkingRobotSim/install/go1_description/share/go1_description//xacro
[2.654s] -- Installing: /home/redalexdad/GitHub/WalkingRobotSim/install/go1_description/share/go1_description//xacro/lidar.xacro
[2.654s] -- Installing: /home/redalexdad/GitHub/WalkingRobotSim/install/go1_description/share/go1_description//xacro/leg.xacro
[2.654s] -- Installing: /home/redalexdad/GitHub/WalkingRobotSim/install/go1_description/share/go1_description//xacro/gazebo.xacro
[2.654s] -- Installing: /home/redalexdad/GitHub/WalkingRobotSim/install/go1_description/share/go1_description//xacro/transmission.xacro
[2.655s] -- Installing: /home/redalexdad/GitHub/WalkingRobotSim/install/go1_description/share/go1_description//xacro/ultraSound.xacro
[2.655s] -- Installing: /home/redalexdad/GitHub/WalkingRobotSim/install/go1_description/share/go1_description//xacro/robot.xacro
[2.655s] -- Installing: /home/redalexdad/GitHub/WalkingRobotSim/install/go1_description/share/go1_description//xacro/depthCamera.xacro
[2.655s] -- Installing: /home/redalexdad/GitHub/WalkingRobotSim/install/go1_description/share/go1_description//xacro/ros2_control.xacro
[2.655s] -- Installing: /home/redalexdad/GitHub/WalkingRobotSim/install/go1_description/share/go1_description//xacro/materials.xacro
[2.656s] -- Installing: /home/redalexdad/GitHub/WalkingRobotSim/install/go1_description/share/go1_description//xacro/const.xacro
[2.656s] -- Installing: /home/redalexdad/GitHub/WalkingRobotSim/install/go1_description/share/ament_index/resource_index/package_run_dependencies/go1_description
[2.656s] -- Installing: /home/redalexdad/GitHub/WalkingRobotSim/install/go1_description/share/ament_index/resource_index/parent_prefix_path/go1_description
[2.656s] -- Installing: /home/redalexdad/GitHub/WalkingRobotSim/install/go1_description/share/go1_description/environment/ament_prefix_path.sh
[2.657s] -- Installing: /home/redalexdad/GitHub/WalkingRobotSim/install/go1_description/share/go1_description/environment/ament_prefix_path.dsv
[2.657s] -- Installing: /home/redalexdad/GitHub/WalkingRobotSim/install/go1_description/share/go1_description/environment/path.sh
[2.657s] -- Installing: /home/redalexdad/GitHub/WalkingRobotSim/install/go1_description/share/go1_description/environment/path.dsv
[2.657s] -- Installing: /home/redalexdad/GitHub/WalkingRobotSim/install/go1_description/share/go1_description/local_setup.bash
[2.658s] -- Installing: /home/redalexdad/GitHub/WalkingRobotSim/install/go1_description/share/go1_description/local_setup.sh
[2.658s] -- Installing: /home/redalexdad/GitHub/WalkingRobotSim/install/go1_description/share/go1_description/local_setup.zsh
[2.659s] -- Installing: /home/redalexdad/GitHub/WalkingRobotSim/install/go1_description/share/go1_description/local_setup.dsv
[2.659s] -- Installing: /home/redalexdad/GitHub/WalkingRobotSim/install/go1_description/share/go1_description/package.dsv
[2.659s] -- Installing: /home/redalexdad/GitHub/WalkingRobotSim/install/go1_description/share/ament_index/resource_index/packages/go1_description
[2.659s] -- Installing: /home/redalexdad/GitHub/WalkingRobotSim/install/go1_description/share/go1_description/cmake/go1_descriptionConfig.cmake
[2.660s] -- Installing: /home/redalexdad/GitHub/WalkingRobotSim/install/go1_description/share/go1_description/cmake/go1_descriptionConfig-version.cmake
[2.660s] -- Installing: /home/redalexdad/GitHub/WalkingRobotSim/install/go1_description/share/go1_description/package.xml
[2.662s] Invoked command in '/home/redalexdad/GitHub/WalkingRobotSim/build/go1_description' returned '0': CMAKE_PREFIX_PATH=${CMAKE_PREFIX_PATH}:/home/redalexdad/GitHub/WalkingRobotSim/install/ros2_yolo_recognition:/home/redalexdad/GitHub/WalkingRobotSim/install/ros2_odometry:/home/redalexdad/GitHub/WalkingRobotSim/install/ros2_navigation:/home/redalexdad/GitHub/WalkingRobotSim/install/ros2_cartography:/opt/ros/jazzy DEBUGINFOD_URLS=https://debuginfod.ubuntu.com /usr/bin/cmake --install /home/redalexdad/GitHub/WalkingRobotSim/build/go1_description
