[0.051s] Invoking command in '/home/redalexdad/GitHub/WalkingRobotSim/build/go2_description': CMAKE_PREFIX_PATH=${CMAKE_PREFIX_PATH}:/home/redalexdad/GitHub/WalkingRobotSim/install/ros2_yolo_recognition:/home/redalexdad/GitHub/WalkingRobotSim/install/ros2_odometry:/home/redalexdad/GitHub/WalkingRobotSim/install/ros2_navigation:/home/redalexdad/GitHub/WalkingRobotSim/install/ros2_cartography:/opt/ros/jazzy DEBUGINFOD_URLS=https://debuginfod.ubuntu.com /usr/bin/cmake --build /home/redalexdad/GitHub/WalkingRobotSim/build/go2_description -- -j16 -l16
[1.089s] Invoked command in '/home/redalexdad/GitHub/WalkingRobotSim/build/go2_description' returned '0': CMAKE_PREFIX_PATH=${CMAKE_PREFIX_PATH}:/home/redalexdad/GitHub/WalkingRobotSim/install/ros2_yolo_recognition:/home/redalexdad/GitHub/WalkingRobotSim/install/ros2_odometry:/home/redalexdad/GitHub/WalkingRobotSim/install/ros2_navigation:/home/redalexdad/GitHub/WalkingRobotSim/install/ros2_cartography:/opt/ros/jazzy DEBUGINFOD_URLS=https://debuginfod.ubuntu.com /usr/bin/cmake --build /home/redalexdad/GitHub/WalkingRobotSim/build/go2_description -- -j16 -l16
[1.091s] Invoking command in '/home/redalexdad/GitHub/WalkingRobotSim/build/go2_description': CMAKE_PREFIX_PATH=${CMAKE_PREFIX_PATH}:/home/redalexdad/GitHub/WalkingRobotSim/install/ros2_yolo_recognition:/home/redalexdad/GitHub/WalkingRobotSim/install/ros2_odometry:/home/redalexdad/GitHub/WalkingRobotSim/install/ros2_navigation:/home/redalexdad/GitHub/WalkingRobotSim/install/ros2_cartography:/opt/ros/jazzy DEBUGINFOD_URLS=https://debuginfod.ubuntu.com /usr/bin/cmake --install /home/redalexdad/GitHub/WalkingRobotSim/build/go2_description
[1.226s] -- Install configuration: ""
[1.226s] -- Up-to-date: /home/redalexdad/GitHub/WalkingRobotSim/install/go2_description/share/go2_description//config
[1.227s] -- Up-to-date: /home/redalexdad/GitHub/WalkingRobotSim/install/go2_description/share/go2_description//config/jtc.yaml
[1.227s] -- Up-to-date: /home/redalexdad/GitHub/WalkingRobotSim/install/go2_description/share/go2_description//config/robot_control.yaml
[1.227s] -- Up-to-date: /home/redalexdad/GitHub/WalkingRobotSim/install/go2_description/share/go2_description//config/joint_names_go2_description.yaml
[1.227s] -- Up-to-date: /home/redalexdad/GitHub/WalkingRobotSim/install/go2_description/share/go2_description//dae
[1.227s] -- Up-to-date: /home/redalexdad/GitHub/WalkingRobotSim/install/go2_description/share/go2_description//dae/base.dae
[1.227s] -- Up-to-date: /home/redalexdad/GitHub/WalkingRobotSim/install/go2_description/share/go2_description//dae/thigh_mirror.dae
[1.227s] -- Up-to-date: /home/redalexdad/GitHub/WalkingRobotSim/install/go2_description/share/go2_description//dae/hip.dae
[1.227s] -- Up-to-date: /home/redalexdad/GitHub/WalkingRobotSim/install/go2_description/share/go2_description//dae/calf.dae
[1.227s] -- Up-to-date: /home/redalexdad/GitHub/WalkingRobotSim/install/go2_description/share/go2_description//dae/thigh.dae
[1.227s] -- Up-to-date: /home/redalexdad/GitHub/WalkingRobotSim/install/go2_description/share/go2_description//dae/calf_mirror.dae
[1.228s] -- Up-to-date: /home/redalexdad/GitHub/WalkingRobotSim/install/go2_description/share/go2_description//dae/foot.dae
[1.228s] -- Up-to-date: /home/redalexdad/GitHub/WalkingRobotSim/install/go2_description/share/go2_description//launch
[1.228s] -- Up-to-date: /home/redalexdad/GitHub/WalkingRobotSim/install/go2_description/share/go2_description//launch/go2_visualize.launch.py
[1.228s] -- Up-to-date: /home/redalexdad/GitHub/WalkingRobotSim/install/go2_description/share/go2_description//launch/controllers_go2.launch.py
[1.228s] -- Up-to-date: /home/redalexdad/GitHub/WalkingRobotSim/install/go2_description/share/go2_description//meshes
[1.228s] -- Up-to-date: /home/redalexdad/GitHub/WalkingRobotSim/install/go2_description/share/go2_description//meshes/hokuyo.dae
[1.228s] -- Up-to-date: /home/redalexdad/GitHub/WalkingRobotSim/install/go2_description/share/go2_description//meshes/thigh_mirror.dae
[1.228s] -- Up-to-date: /home/redalexdad/GitHub/WalkingRobotSim/install/go2_description/share/go2_description//meshes/trunk.dae
[1.228s] -- Up-to-date: /home/redalexdad/GitHub/WalkingRobotSim/install/go2_description/share/go2_description//meshes/hip.dae
[1.229s] -- Up-to-date: /home/redalexdad/GitHub/WalkingRobotSim/install/go2_description/share/go2_description//meshes/calf.dae
[1.229s] -- Up-to-date: /home/redalexdad/GitHub/WalkingRobotSim/install/go2_description/share/go2_description//meshes/thigh.dae
[1.229s] -- Up-to-date: /home/redalexdad/GitHub/WalkingRobotSim/install/go2_description/share/go2_description//meshes/calf_mirror.dae
[1.229s] -- Up-to-date: /home/redalexdad/GitHub/WalkingRobotSim/install/go2_description/share/go2_description//meshes/foot.dae
[1.229s] -- Up-to-date: /home/redalexdad/GitHub/WalkingRobotSim/install/go2_description/share/go2_description//rviz
[1.229s] -- Up-to-date: /home/redalexdad/GitHub/WalkingRobotSim/install/go2_description/share/go2_description//rviz/go2_vis.rviz
[1.229s] -- Up-to-date: /home/redalexdad/GitHub/WalkingRobotSim/install/go2_description/share/go2_description//rviz/go2_control_test.rviz
[1.229s] -- Up-to-date: /home/redalexdad/GitHub/WalkingRobotSim/install/go2_description/share/go2_description//urdf
[1.229s] -- Up-to-date: /home/redalexdad/GitHub/WalkingRobotSim/install/go2_description/share/go2_description//urdf/go2_description.urdf
[1.229s] -- Up-to-date: /home/redalexdad/GitHub/WalkingRobotSim/install/go2_description/share/go2_description//urdf/Amended_collision_model.png
[1.230s] -- Up-to-date: /home/redalexdad/GitHub/WalkingRobotSim/install/go2_description/share/go2_description//urdf/Normal_collision_model.png
[1.230s] -- Up-to-date: /home/redalexdad/GitHub/WalkingRobotSim/install/go2_description/share/go2_description//xacro
[1.230s] -- Up-to-date: /home/redalexdad/GitHub/WalkingRobotSim/install/go2_description/share/go2_description//xacro/leg.xacro
[1.230s] -- Up-to-date: /home/redalexdad/GitHub/WalkingRobotSim/install/go2_description/share/go2_description//xacro/gazebo.xacro
[1.230s] -- Up-to-date: /home/redalexdad/GitHub/WalkingRobotSim/install/go2_description/share/go2_description//xacro/transmission.xacro
[1.230s] -- Up-to-date: /home/redalexdad/GitHub/WalkingRobotSim/install/go2_description/share/go2_description//xacro/robot.xacro
[1.230s] -- Up-to-date: /home/redalexdad/GitHub/WalkingRobotSim/install/go2_description/share/go2_description//xacro/ros2_control.xacro
[1.230s] -- Up-to-date: /home/redalexdad/GitHub/WalkingRobotSim/install/go2_description/share/go2_description//xacro/materials.xacro
[1.231s] -- Up-to-date: /home/redalexdad/GitHub/WalkingRobotSim/install/go2_description/share/go2_description//xacro/gazebo_sensors.xacro
[1.231s] -- Up-to-date: /home/redalexdad/GitHub/WalkingRobotSim/install/go2_description/share/go2_description//xacro/const.xacro
[1.231s] -- Up-to-date: /home/redalexdad/GitHub/WalkingRobotSim/install/go2_description/share/ament_index/resource_index/package_run_dependencies/go2_description
[1.231s] -- Up-to-date: /home/redalexdad/GitHub/WalkingRobotSim/install/go2_description/share/ament_index/resource_index/parent_prefix_path/go2_description
[1.231s] -- Up-to-date: /home/redalexdad/GitHub/WalkingRobotSim/install/go2_description/share/go2_description/environment/ament_prefix_path.sh
[1.231s] -- Up-to-date: /home/redalexdad/GitHub/WalkingRobotSim/install/go2_description/share/go2_description/environment/ament_prefix_path.dsv
[1.231s] -- Up-to-date: /home/redalexdad/GitHub/WalkingRobotSim/install/go2_description/share/go2_description/environment/path.sh
[1.231s] -- Up-to-date: /home/redalexdad/GitHub/WalkingRobotSim/install/go2_description/share/go2_description/environment/path.dsv
[1.231s] -- Up-to-date: /home/redalexdad/GitHub/WalkingRobotSim/install/go2_description/share/go2_description/local_setup.bash
[1.231s] -- Up-to-date: /home/redalexdad/GitHub/WalkingRobotSim/install/go2_description/share/go2_description/local_setup.sh
[1.232s] -- Up-to-date: /home/redalexdad/GitHub/WalkingRobotSim/install/go2_description/share/go2_description/local_setup.zsh
[1.232s] -- Up-to-date: /home/redalexdad/GitHub/WalkingRobotSim/install/go2_description/share/go2_description/local_setup.dsv
[1.232s] -- Up-to-date: /home/redalexdad/GitHub/WalkingRobotSim/install/go2_description/share/go2_description/package.dsv
[1.232s] -- Up-to-date: /home/redalexdad/GitHub/WalkingRobotSim/install/go2_description/share/ament_index/resource_index/packages/go2_description
[1.232s] -- Up-to-date: /home/redalexdad/GitHub/WalkingRobotSim/install/go2_description/share/go2_description/cmake/go2_descriptionConfig.cmake
[1.232s] -- Up-to-date: /home/redalexdad/GitHub/WalkingRobotSim/install/go2_description/share/go2_description/cmake/go2_descriptionConfig-version.cmake
[1.232s] -- Up-to-date: /home/redalexdad/GitHub/WalkingRobotSim/install/go2_description/share/go2_description/package.xml
[1.239s] Invoked command in '/home/redalexdad/GitHub/WalkingRobotSim/build/go2_description' returned '0': CMAKE_PREFIX_PATH=${CMAKE_PREFIX_PATH}:/home/redalexdad/GitHub/WalkingRobotSim/install/ros2_yolo_recognition:/home/redalexdad/GitHub/WalkingRobotSim/install/ros2_odometry:/home/redalexdad/GitHub/WalkingRobotSim/install/ros2_navigation:/home/redalexdad/GitHub/WalkingRobotSim/install/ros2_cartography:/opt/ros/jazzy DEBUGINFOD_URLS=https://debuginfod.ubuntu.com /usr/bin/cmake --install /home/redalexdad/GitHub/WalkingRobotSim/build/go2_description
