-- The CXX compiler identification is GNU 13.3.0
-- Detecting CXX compiler ABI info
-- Detecting CXX compiler ABI info - done
-- Check for working CXX compiler: /usr/bin/c++ - skipped
-- Detecting CXX compile features
-- Detecting CXX compile features - done
-- Found ament_cmake: 2.5.4 (/opt/ros/jazzy/share/ament_cmake/cmake)
-- Found Python3: /usr/bin/python3 (found version "3.12.3") found components: Interpreter 
-- Found ros2_unitree_legged_msgs: 0.4.0 (/home/redalexdad/GitHub/WalkingRobotSim/install/ros2_unitree_legged_msgs/share/ros2_unitree_legged_msgs/cmake)
-- Found rosidl_generator_c: 4.6.6 (/opt/ros/jazzy/share/rosidl_generator_c/cmake)
-- Found rosidl_generator_cpp: 4.6.6 (/opt/ros/jazzy/share/rosidl_generator_cpp/cmake)
-- Using all available rosidl_typesupport_c: rosidl_typesupport_fastrtps_c;rosidl_typesupport_introspection_c
-- Using all available rosidl_typesupport_cpp: rosidl_typesupport_fastrtps_cpp;rosidl_typesupport_introspection_cpp
-- Found control_toolbox: 4.9.0 (/opt/ros/jazzy/share/control_toolbox/cmake)
-- Found rmw_implementation_cmake: 7.3.2 (/opt/ros/jazzy/share/rmw_implementation_cmake/cmake)
-- Found rmw_fastrtps_cpp: 8.4.3 (/opt/ros/jazzy/share/rmw_fastrtps_cpp/cmake)
-- Found OpenSSL: /usr/lib/x86_64-linux-gnu/libcrypto.so (found version "3.0.13")  
-- Found FastRTPS: /opt/ros/jazzy/include (Required is at least version "2.13") 
-- Using RMW implementation 'rmw_fastrtps_cpp' as default
-- Found eigen3_cmake_module: 0.3.0 (/opt/ros/jazzy/share/eigen3_cmake_module/cmake)
-- Found Eigen3: TRUE (found version "3.4.0") 
-- Ensuring Eigen3 include directory is part of orocos-kdl CMake target
-- Found urdf: 2.10.0 (/opt/ros/jazzy/share/urdf/cmake)
-- Found controller_interface: 4.39.2 (/opt/ros/jazzy/share/controller_interface/cmake)
-- Configuring done (2.6s)
-- Generating done (0.0s)
-- Build files have been written to: /home/redalexdad/GitHub/WalkingRobotSim/build/ros2_unitree_legged_control
[ 25%] Running `/opt/ros/jazzy/bin/generate_parameter_library_cpp /home/redalexdad/GitHub/WalkingRobotSim/build/ros2_unitree_legged_control/include/ros2_unitree_legged_control/ros2_unitree_legged_control_parameters.hpp /home/redalexdad/GitHub/WalkingRobotSim/src/ros2_unitree_legged_controller/src/ros2_unitree_legged_control.yaml `
[ 50%] Creating deprecated header file /home/redalexdad/GitHub/WalkingRobotSim/build/ros2_unitree_legged_control/include/ros2_unitree_legged_control_parameters.hpp
[ 50%] Built target ros2_unitree_legged_control_parameters
[ 75%] Building CXX object CMakeFiles/ros2_unitree_legged_control.dir/src/ros2_unitree_legged_control.cpp.o
In file included from /home/redalexdad/GitHub/WalkingRobotSim/src/ros2_unitree_legged_controller/include/ros2_unitree_legged_control/ros2_unitree_legged_control.hpp:30,
                 from /home/redalexdad/GitHub/WalkingRobotSim/src/ros2_unitree_legged_controller/src/ros2_unitree_legged_control.cpp:21:
/home/redalexdad/GitHub/WalkingRobotSim/build/ros2_unitree_legged_control/include/ros2_unitree_legged_control_parameters.hpp:1:184: note: ‘#pragma message: #include "ros2_unitree_legged_control_parameters.hpp" is deprecated. Use #include <ros2_unitree_legged_control/ros2_unitree_legged_control_parameters.hpp> instead.’
    1 | #pragma message("#include \"ros2_unitree_legged_control_parameters.hpp\" is deprecated. Use #include <ros2_unitree_legged_control/ros2_unitree_legged_control_parameters.hpp> instead.")
      |                                                                                                                                                                                        ^
/home/redalexdad/GitHub/WalkingRobotSim/src/ros2_unitree_legged_controller/src/ros2_unitree_legged_control.cpp: In constructor ‘ros2_unitree_legged_control::UnitreeLeggedController::UnitreeLeggedController()’:
/home/redalexdad/GitHub/WalkingRobotSim/src/ros2_unitree_legged_controller/src/ros2_unitree_legged_control.cpp:32:111: warning: ‘control_toolbox::Pid::Pid(double, double, double, double, double, bool)’ is deprecated: Use constructor with AntiWindupStrategy only. [-Wdeprecated-declarations]
   32 |         joints_command_subscriber_(nullptr), rt_controller_state_publisher_(nullptr), state_publisher_(nullptr)
      |                                                                                                               ^
In file included from /home/redalexdad/GitHub/WalkingRobotSim/src/ros2_unitree_legged_controller/include/ros2_unitree_legged_control/ros2_unitree_legged_control.hpp:32:
/opt/ros/jazzy/include/control_toolbox/control_toolbox/pid.hpp:445:3: note: declared here
  445 |   Pid(
      |   ^~~
/home/redalexdad/GitHub/WalkingRobotSim/src/ros2_unitree_legged_controller/src/ros2_unitree_legged_control.cpp: In member function ‘virtual controller_interface::CallbackReturn ros2_unitree_legged_control::UnitreeLeggedController::on_configure(const rclcpp_lifecycle::State&)’:
/home/redalexdad/GitHub/WalkingRobotSim/src/ros2_unitree_legged_controller/src/ros2_unitree_legged_control.cpp:123:38: warning: unused parameter ‘previous_state’ [-Wunused-parameter]
  123 |       const rclcpp_lifecycle::State &previous_state)
      |       ~~~~~~~~~~~~~~~~~~~~~~~~~~~~~~~^~~~~~~~~~~~~~
/home/redalexdad/GitHub/WalkingRobotSim/src/ros2_unitree_legged_controller/src/ros2_unitree_legged_control.cpp: In member function ‘virtual controller_interface::CallbackReturn ros2_unitree_legged_control::UnitreeLeggedController::on_activate(const rclcpp_lifecycle::State&)’:
/home/redalexdad/GitHub/WalkingRobotSim/src/ros2_unitree_legged_controller/src/ros2_unitree_legged_control.cpp:192:54: warning: ‘double hardware_interface::LoanedStateInterface::get_value() const’ is deprecated: Use std::optional<T> get_optional() instead to retrieve the value. This method will be removed by the ROS 2 Kilted Kaiju release. [-Wdeprecated-declarations]
  192 |     double init_pose = state_interfaces_[0].get_value();
      |                        ~~~~~~~~~~~~~~~~~~~~~~~~~~~~~~^~
In file included from /opt/ros/jazzy/include/controller_interface/controller_interface/controller_interface_base.hpp:30,
                 from /opt/ros/jazzy/include/controller_interface/controller_interface/controller_interface.hpp:21,
                 from /home/redalexdad/GitHub/WalkingRobotSim/src/ros2_unitree_legged_controller/include/ros2_unitree_legged_control/ros2_unitree_legged_control.hpp:20:
/opt/ros/jazzy/include/hardware_interface/hardware_interface/loaned_state_interface.hpp:94:10: note: declared here
   94 |   double get_value() const
      |          ^~~~~~~~~
/home/redalexdad/GitHub/WalkingRobotSim/src/ros2_unitree_legged_controller/src/ros2_unitree_legged_control.cpp:169:38: warning: unused parameter ‘previous_state’ [-Wunused-parameter]
  169 |       const rclcpp_lifecycle::State &previous_state)
      |       ~~~~~~~~~~~~~~~~~~~~~~~~~~~~~~~^~~~~~~~~~~~~~
/home/redalexdad/GitHub/WalkingRobotSim/src/ros2_unitree_legged_controller/src/ros2_unitree_legged_control.cpp: In member function ‘virtual controller_interface::return_type ros2_unitree_legged_control::UnitreeLeggedController::update(const rclcpp::Time&, const rclcpp::Duration&)’:
/home/redalexdad/GitHub/WalkingRobotSim/src/ros2_unitree_legged_controller/src/ros2_unitree_legged_control.cpp:259:48: warning: ‘double hardware_interface::LoanedStateInterface::get_value() const’ is deprecated: Use std::optional<T> get_optional() instead to retrieve the value. This method will be removed by the ROS 2 Kilted Kaiju release. [-Wdeprecated-declarations]
  259 |     currentPos = state_interfaces_[0].get_value(); // Position state interface
      |                  ~~~~~~~~~~~~~~~~~~~~~~~~~~~~~~^~
/opt/ros/jazzy/include/hardware_interface/hardware_interface/loaned_state_interface.hpp:94:10: note: declared here
   94 |   double get_value() const
      |          ^~~~~~~~~
/home/redalexdad/GitHub/WalkingRobotSim/src/ros2_unitree_legged_controller/src/ros2_unitree_legged_control.cpp:273:37: warning: ignoring return value of ‘bool hardware_interface::LoanedCommandInterface::set_value(const T&, unsigned int) [with T = double]’, declared with attribute ‘nodiscard’ [-Wunused-result]
  273 |     command_interfaces_[0].set_value(calcTorque); // Send effort to joint
      |     ~~~~~~~~~~~~~~~~~~~~~~~~~~~~~~~~^~~~~~~~~~~~
In file included from /opt/ros/jazzy/include/controller_interface/controller_interface/controller_interface_base.hpp:29:
/opt/ros/jazzy/include/hardware_interface/hardware_interface/loaned_command_interface.hpp:113:22: note: declared here
  113 |   [[nodiscard]] bool set_value(const T & value, unsigned int max_tries = 10)
      |                      ^~~~~~~~~
/home/redalexdad/GitHub/WalkingRobotSim/src/ros2_unitree_legged_controller/src/ros2_unitree_legged_control.cpp:277:62: warning: ‘double hardware_interface::LoanedStateInterface::get_value() const’ is deprecated: Use std::optional<T> get_optional() instead to retrieve the value. This method will be removed by the ROS 2 Kilted Kaiju release. [-Wdeprecated-declarations]
  277 |     lastState.tau_est = (float)state_interfaces_[1].get_value(); // May cause issues? -> Possibly causing issues. Also check (float) conversion issues
      |                                ~~~~~~~~~~~~~~~~~~~~~~~~~~~~~~^~
/opt/ros/jazzy/include/hardware_interface/hardware_interface/loaned_state_interface.hpp:94:10: note: declared here
   94 |   double get_value() const
      |          ^~~~~~~~~
/home/redalexdad/GitHub/WalkingRobotSim/src/ros2_unitree_legged_controller/src/ros2_unitree_legged_control.cpp:216:27: warning: unused parameter ‘time’ [-Wunused-parameter]
  216 |       const rclcpp::Time &time, const rclcpp::Duration &period)
      |       ~~~~~~~~~~~~~~~~~~~~^~~~
/home/redalexdad/GitHub/WalkingRobotSim/src/ros2_unitree_legged_controller/src/ros2_unitree_legged_control.cpp: In member function ‘void ros2_unitree_legged_control::UnitreeLeggedController::getGains(double&, double&, double&, double&, double&)’:
/home/redalexdad/GitHub/WalkingRobotSim/src/ros2_unitree_legged_controller/src/ros2_unitree_legged_control.cpp:316:29: warning: ‘void control_toolbox::Pid::getGains(double&, double&, double&, double&, double&, bool&)’ is deprecated: Use get_gains() instead [-Wdeprecated-declarations]
  316 |     pid_controller_.getGains(p, i, d, i_max, i_min, dummy);
      |     ~~~~~~~~~~~~~~~~~~~~~~~~^~~~~~~~~~~~~~~~~~~~~~~~~~~~~~
/opt/ros/jazzy/include/control_toolbox/control_toolbox/pid.hpp:606:50: note: declared here
  606 |   [[deprecated("Use get_gains() instead")]] void getGains(
      |                                                  ^~~~~~~~
/home/redalexdad/GitHub/WalkingRobotSim/src/ros2_unitree_legged_controller/src/ros2_unitree_legged_control.cpp: In member function ‘void ros2_unitree_legged_control::UnitreeLeggedController::getGains(double&, double&, double&, double&, double&, bool&)’:
/home/redalexdad/GitHub/WalkingRobotSim/src/ros2_unitree_legged_controller/src/ros2_unitree_legged_control.cpp:321:29: warning: ‘void control_toolbox::Pid::getGains(double&, double&, double&, double&, double&, bool&)’ is deprecated: Use get_gains() instead [-Wdeprecated-declarations]
  321 |     pid_controller_.getGains(p, i, d, i_max, i_min, antiwindup);
      |     ~~~~~~~~~~~~~~~~~~~~~~~~^~~~~~~~~~~~~~~~~~~~~~~~~~~~~~~~~~~
/opt/ros/jazzy/include/control_toolbox/control_toolbox/pid.hpp:606:50: note: declared here
  606 |   [[deprecated("Use get_gains() instead")]] void getGains(
      |                                                  ^~~~~~~~
[100%] Linking CXX shared library libros2_unitree_legged_control.so
[100%] Built target ros2_unitree_legged_control
-- Install configuration: ""
-- Installing: /home/redalexdad/GitHub/WalkingRobotSim/install/ros2_unitree_legged_control/include/ros2_unitree_legged_control
-- Installing: /home/redalexdad/GitHub/WalkingRobotSim/install/ros2_unitree_legged_control/include/ros2_unitree_legged_control/ros2_unitree_legged_control_parameters.hpp
-- Installing: /home/redalexdad/GitHub/WalkingRobotSim/install/ros2_unitree_legged_control/share/ros2_unitree_legged_control/ros2_unitree_legged_control.xml
-- Up-to-date: /home/redalexdad/GitHub/WalkingRobotSim/install/ros2_unitree_legged_control/include/ros2_unitree_legged_control
-- Installing: /home/redalexdad/GitHub/WalkingRobotSim/install/ros2_unitree_legged_control/include/ros2_unitree_legged_control/ros2_unitree_legged_control
-- Installing: /home/redalexdad/GitHub/WalkingRobotSim/install/ros2_unitree_legged_control/include/ros2_unitree_legged_control/ros2_unitree_legged_control/ros2_unitree_legged_control.hpp
-- Installing: /home/redalexdad/GitHub/WalkingRobotSim/install/ros2_unitree_legged_control/include/ros2_unitree_legged_control/ros2_unitree_legged_control/visibility_control.h
-- Installing: /home/redalexdad/GitHub/WalkingRobotSim/install/ros2_unitree_legged_control/include/ros2_unitree_legged_control/ros2_unitree_legged_control/unitree_joint_control_tool.h
-- Installing: /home/redalexdad/GitHub/WalkingRobotSim/install/ros2_unitree_legged_control/lib/ros2_unitree_legged_control/libunitree_joint_control_tool.so
-- Installing: /home/redalexdad/GitHub/WalkingRobotSim/install/ros2_unitree_legged_control/lib/ros2_unitree_legged_control/libros2_unitree_legged_control.so
-- Set non-toolchain portion of runtime path of "/home/redalexdad/GitHub/WalkingRobotSim/install/ros2_unitree_legged_control/lib/ros2_unitree_legged_control/libros2_unitree_legged_control.so" to "/home/redalexdad/GitHub/WalkingRobotSim/install/ros2_unitree_legged_control/lib"
-- Installing: /home/redalexdad/GitHub/WalkingRobotSim/install/ros2_unitree_legged_control/share/ros2_unitree_legged_control/environment/library_path.sh
-- Installing: /home/redalexdad/GitHub/WalkingRobotSim/install/ros2_unitree_legged_control/share/ros2_unitree_legged_control/environment/library_path.dsv
-- Installing: /home/redalexdad/GitHub/WalkingRobotSim/install/ros2_unitree_legged_control/share/ament_index/resource_index/package_run_dependencies/ros2_unitree_legged_control
-- Installing: /home/redalexdad/GitHub/WalkingRobotSim/install/ros2_unitree_legged_control/share/ament_index/resource_index/parent_prefix_path/ros2_unitree_legged_control
-- Installing: /home/redalexdad/GitHub/WalkingRobotSim/install/ros2_unitree_legged_control/share/ros2_unitree_legged_control/environment/ament_prefix_path.sh
-- Installing: /home/redalexdad/GitHub/WalkingRobotSim/install/ros2_unitree_legged_control/share/ros2_unitree_legged_control/environment/ament_prefix_path.dsv
-- Installing: /home/redalexdad/GitHub/WalkingRobotSim/install/ros2_unitree_legged_control/share/ros2_unitree_legged_control/environment/path.sh
-- Installing: /home/redalexdad/GitHub/WalkingRobotSim/install/ros2_unitree_legged_control/share/ros2_unitree_legged_control/environment/path.dsv
-- Installing: /home/redalexdad/GitHub/WalkingRobotSim/install/ros2_unitree_legged_control/share/ros2_unitree_legged_control/local_setup.bash
-- Installing: /home/redalexdad/GitHub/WalkingRobotSim/install/ros2_unitree_legged_control/share/ros2_unitree_legged_control/local_setup.sh
-- Installing: /home/redalexdad/GitHub/WalkingRobotSim/install/ros2_unitree_legged_control/share/ros2_unitree_legged_control/local_setup.zsh
-- Installing: /home/redalexdad/GitHub/WalkingRobotSim/install/ros2_unitree_legged_control/share/ros2_unitree_legged_control/local_setup.dsv
-- Installing: /home/redalexdad/GitHub/WalkingRobotSim/install/ros2_unitree_legged_control/share/ros2_unitree_legged_control/package.dsv
-- Installing: /home/redalexdad/GitHub/WalkingRobotSim/install/ros2_unitree_legged_control/share/ament_index/resource_index/packages/ros2_unitree_legged_control
-- Installing: /home/redalexdad/GitHub/WalkingRobotSim/install/ros2_unitree_legged_control/share/ament_index/resource_index/controller_interface__pluginlib__plugin/ros2_unitree_legged_control
-- Installing: /home/redalexdad/GitHub/WalkingRobotSim/install/ros2_unitree_legged_control/share/ros2_unitree_legged_control/cmake/ros2_unitree_legged_controlExport.cmake
-- Installing: /home/redalexdad/GitHub/WalkingRobotSim/install/ros2_unitree_legged_control/share/ros2_unitree_legged_control/cmake/ros2_unitree_legged_controlExport-noconfig.cmake
-- Installing: /home/redalexdad/GitHub/WalkingRobotSim/install/ros2_unitree_legged_control/share/ros2_unitree_legged_control/cmake/ament_cmake_export_dependencies-extras.cmake
-- Installing: /home/redalexdad/GitHub/WalkingRobotSim/install/ros2_unitree_legged_control/share/ros2_unitree_legged_control/cmake/ament_cmake_export_targets-extras.cmake
-- Installing: /home/redalexdad/GitHub/WalkingRobotSim/install/ros2_unitree_legged_control/share/ros2_unitree_legged_control/cmake/ros2_unitree_legged_controlConfig.cmake
-- Installing: /home/redalexdad/GitHub/WalkingRobotSim/install/ros2_unitree_legged_control/share/ros2_unitree_legged_control/cmake/ros2_unitree_legged_controlConfig-version.cmake
-- Installing: /home/redalexdad/GitHub/WalkingRobotSim/install/ros2_unitree_legged_control/share/ros2_unitree_legged_control/package.xml
