[0.046s] Invoking command in '/home/redalexdad/GitHub/WalkingRobotSim/build/ros2_unitree_legged_control': CMAKE_PREFIX_PATH=/home/redalexdad/GitHub/WalkingRobotSim/install/ros2_unitree_legged_msgs:/home/redalexdad/GitHub/WalkingRobotSim/install/yolo_bringup:/home/redalexdad/GitHub/WalkingRobotSim/install/yolo_msgs:/home/redalexdad/GitHub/WalkingRobotSim/install/unitree_guide2:/home/redalexdad/GitHub/WalkingRobotSim/install/ros2_unitree_legged_control:/home/redalexdad/GitHub/WalkingRobotSim/install/ros2_gazebo:/home/redalexdad/GitHub/WalkingRobotSim/install/go2_description:/home/redalexdad/GitHub/WalkingRobotSim/install/go1_description:/usr/local/libtorch:/opt/unitree_robotics:/opt/ros/jazzy/opt/gz_sim_vendor:/opt/ros/jazzy/opt/gz_sensors_vendor:/opt/ros/jazzy/opt/gz_physics_vendor:/opt/ros/jazzy/opt/sdformat_vendor:/opt/ros/jazzy/opt/gz_gui_vendor:/opt/ros/jazzy/opt/gz_transport_vendor:/opt/ros/jazzy/opt/gz_rendering_vendor:/opt/ros/jazzy/opt/gz_plugin_vendor:/opt/ros/jazzy/opt/gz_fuel_tools_vendor:/opt/ros/jazzy/opt/gz_msgs_vendor:/opt/ros/jazzy/opt/gz_common_vendor:/opt/ros/jazzy/opt/gz_math_vendor:/opt/ros/jazzy/opt/gz_utils_vendor:/opt/ros/jazzy/opt/gz_tools_vendor:/opt/ros/jazzy/opt/gz_ogre_next_vendor:/opt/ros/jazzy/opt/gz_dartsim_vendor:/opt/ros/jazzy/opt/gz_cmake_vendor:/home/redalexdad/GitHub/WalkingRobotSim/install/ros2_yolo_recognition:/home/redalexdad/GitHub/WalkingRobotSim/install/ros2_odometry:/home/redalexdad/GitHub/WalkingRobotSim/install/ros2_navigation:/home/redalexdad/GitHub/WalkingRobotSim/install/ros2_cartography:/opt/ros/jazzy DEBUGINFOD_URLS=https://debuginfod.ubuntu.com LD_LIBRARY_PATH=/home/redalexdad/GitHub/WalkingRobotSim/install/ros2_unitree_legged_msgs/lib:/home/redalexdad/GitHub/WalkingRobotSim/install/yolo_msgs/lib:/home/redalexdad/GitHub/WalkingRobotSim/install/ros2_unitree_legged_control/lib:/opt/ros/jazzy/opt/gz_sim_vendor/lib:/opt/ros/jazzy/opt/gz_sensors_vendor/lib:/opt/ros/jazzy/opt/gz_physics_vendor/lib:/opt/ros/jazzy/opt/sdformat_vendor/lib:/opt/ros/jazzy/opt/rviz_ogre_vendor/lib:/opt/ros/jazzy/lib/x86_64-linux-gnu:/opt/ros/jazzy/opt/gz_gui_vendor/lib:/opt/ros/jazzy/opt/gz_transport_vendor/lib:/opt/ros/jazzy/opt/gz_rendering_vendor/lib:/opt/ros/jazzy/opt/gz_plugin_vendor/lib:/opt/ros/jazzy/opt/gz_fuel_tools_vendor/lib:/opt/ros/jazzy/opt/gz_msgs_vendor/lib:/opt/ros/jazzy/opt/gz_common_vendor/lib:/opt/ros/jazzy/opt/gz_math_vendor/lib:/opt/ros/jazzy/opt/gz_utils_vendor/lib:/opt/ros/jazzy/opt/gz_tools_vendor/lib:/opt/ros/jazzy/opt/gz_ogre_next_vendor/lib:/opt/ros/jazzy/opt/gz_dartsim_vendor/lib:/opt/ros/jazzy/opt/gz_cmake_vendor/lib:/opt/ros/jazzy/lib:/usr/local/cuda-12.9/lib64 PYTHONPATH=/home/redalexdad/GitHub/WalkingRobotSim/install/ros2_unitree_legged_msgs/lib/python3.12/site-packages:/home/redalexdad/GitHub/WalkingRobotSim/install/ros2_yolo_recognition/lib/python3.12/site-packages:/home/redalexdad/GitHub/WalkingRobotSim/install/yolo_msgs/lib/python3.12/site-packages:/home/redalexdad/GitHub/WalkingRobotSim/install/ros2_odometry/lib/python3.12/site-packages:/home/redalexdad/GitHub/WalkingRobotSim/install/ros2_navigation/lib/python3.12/site-packages:/home/redalexdad/GitHub/WalkingRobotSim/install/ros2_cartography/lib/python3.12/site-packages:/opt/ros/jazzy/lib/python3.12/site-packages /usr/bin/cmake /home/redalexdad/GitHub/WalkingRobotSim/src/ros2_unitree_legged_controller -DCMAKE_INSTALL_PREFIX=/home/redalexdad/GitHub/WalkingRobotSim/install/ros2_unitree_legged_control
[0.361s] -- The CXX compiler identification is GNU 13.3.0
[0.361s] -- Detecting CXX compiler ABI info
[0.361s] -- Detecting CXX compiler ABI info - done
[0.361s] -- Check for working CXX compiler: /usr/bin/c++ - skipped
[0.361s] -- Detecting CXX compile features
[0.361s] -- Detecting CXX compile features - done
[0.375s] -- Found ament_cmake: 2.5.4 (/opt/ros/jazzy/share/ament_cmake/cmake)
[0.618s] -- Found Python3: /usr/bin/python3 (found version "3.12.3") found components: Interpreter 
[0.845s] -- Found ros2_unitree_legged_msgs: 0.4.0 (/home/redalexdad/GitHub/WalkingRobotSim/install/ros2_unitree_legged_msgs/share/ros2_unitree_legged_msgs/cmake)
[0.937s] -- Found rosidl_generator_c: 4.6.6 (/opt/ros/jazzy/share/rosidl_generator_c/cmake)
[0.964s] -- Found rosidl_generator_cpp: 4.6.6 (/opt/ros/jazzy/share/rosidl_generator_cpp/cmake)
[0.996s] -- Using all available rosidl_typesupport_c: rosidl_typesupport_fastrtps_c;rosidl_typesupport_introspection_c
[1.030s] -- Using all available rosidl_typesupport_cpp: rosidl_typesupport_fastrtps_cpp;rosidl_typesupport_introspection_cpp
[1.053s] -- Found control_toolbox: 4.9.0 (/opt/ros/jazzy/share/control_toolbox/cmake)
[1.202s] -- Found rmw_implementation_cmake: 7.3.2 (/opt/ros/jazzy/share/rmw_implementation_cmake/cmake)
[1.210s] -- Found rmw_fastrtps_cpp: 8.4.3 (/opt/ros/jazzy/share/rmw_fastrtps_cpp/cmake)
[1.391s] -- Found OpenSSL: /usr/lib/x86_64-linux-gnu/libcrypto.so (found version "3.0.13")  
[1.422s] -- Found FastRTPS: /opt/ros/jazzy/include (Required is at least version "2.13") 
[1.457s] -- Using RMW implementation 'rmw_fastrtps_cpp' as default
[2.335s] -- Found eigen3_cmake_module: 0.3.0 (/opt/ros/jazzy/share/eigen3_cmake_module/cmake)
[2.336s] -- Found Eigen3: TRUE (found version "3.4.0") 
[2.336s] -- Ensuring Eigen3 include directory is part of orocos-kdl CMake target
[2.465s] -- Found urdf: 2.10.0 (/opt/ros/jazzy/share/urdf/cmake)
[2.497s] -- Found controller_interface: 4.39.2 (/opt/ros/jazzy/share/controller_interface/cmake)
[2.705s] -- Configuring done (2.6s)
[2.746s] -- Generating done (0.0s)
[2.752s] -- Build files have been written to: /home/redalexdad/GitHub/WalkingRobotSim/build/ros2_unitree_legged_control
[2.769s] Invoked command in '/home/redalexdad/GitHub/WalkingRobotSim/build/ros2_unitree_legged_control' returned '0': CMAKE_PREFIX_PATH=/home/redalexdad/GitHub/WalkingRobotSim/install/ros2_unitree_legged_msgs:/home/redalexdad/GitHub/WalkingRobotSim/install/yolo_bringup:/home/redalexdad/GitHub/WalkingRobotSim/install/yolo_msgs:/home/redalexdad/GitHub/WalkingRobotSim/install/unitree_guide2:/home/redalexdad/GitHub/WalkingRobotSim/install/ros2_unitree_legged_control:/home/redalexdad/GitHub/WalkingRobotSim/install/ros2_gazebo:/home/redalexdad/GitHub/WalkingRobotSim/install/go2_description:/home/redalexdad/GitHub/WalkingRobotSim/install/go1_description:/usr/local/libtorch:/opt/unitree_robotics:/opt/ros/jazzy/opt/gz_sim_vendor:/opt/ros/jazzy/opt/gz_sensors_vendor:/opt/ros/jazzy/opt/gz_physics_vendor:/opt/ros/jazzy/opt/sdformat_vendor:/opt/ros/jazzy/opt/gz_gui_vendor:/opt/ros/jazzy/opt/gz_transport_vendor:/opt/ros/jazzy/opt/gz_rendering_vendor:/opt/ros/jazzy/opt/gz_plugin_vendor:/opt/ros/jazzy/opt/gz_fuel_tools_vendor:/opt/ros/jazzy/opt/gz_msgs_vendor:/opt/ros/jazzy/opt/gz_common_vendor:/opt/ros/jazzy/opt/gz_math_vendor:/opt/ros/jazzy/opt/gz_utils_vendor:/opt/ros/jazzy/opt/gz_tools_vendor:/opt/ros/jazzy/opt/gz_ogre_next_vendor:/opt/ros/jazzy/opt/gz_dartsim_vendor:/opt/ros/jazzy/opt/gz_cmake_vendor:/home/redalexdad/GitHub/WalkingRobotSim/install/ros2_yolo_recognition:/home/redalexdad/GitHub/WalkingRobotSim/install/ros2_odometry:/home/redalexdad/GitHub/WalkingRobotSim/install/ros2_navigation:/home/redalexdad/GitHub/WalkingRobotSim/install/ros2_cartography:/opt/ros/jazzy DEBUGINFOD_URLS=https://debuginfod.ubuntu.com LD_LIBRARY_PATH=/home/redalexdad/GitHub/WalkingRobotSim/install/ros2_unitree_legged_msgs/lib:/home/redalexdad/GitHub/WalkingRobotSim/install/yolo_msgs/lib:/home/redalexdad/GitHub/WalkingRobotSim/install/ros2_unitree_legged_control/lib:/opt/ros/jazzy/opt/gz_sim_vendor/lib:/opt/ros/jazzy/opt/gz_sensors_vendor/lib:/opt/ros/jazzy/opt/gz_physics_vendor/lib:/opt/ros/jazzy/opt/sdformat_vendor/lib:/opt/ros/jazzy/opt/rviz_ogre_vendor/lib:/opt/ros/jazzy/lib/x86_64-linux-gnu:/opt/ros/jazzy/opt/gz_gui_vendor/lib:/opt/ros/jazzy/opt/gz_transport_vendor/lib:/opt/ros/jazzy/opt/gz_rendering_vendor/lib:/opt/ros/jazzy/opt/gz_plugin_vendor/lib:/opt/ros/jazzy/opt/gz_fuel_tools_vendor/lib:/opt/ros/jazzy/opt/gz_msgs_vendor/lib:/opt/ros/jazzy/opt/gz_common_vendor/lib:/opt/ros/jazzy/opt/gz_math_vendor/lib:/opt/ros/jazzy/opt/gz_utils_vendor/lib:/opt/ros/jazzy/opt/gz_tools_vendor/lib:/opt/ros/jazzy/opt/gz_ogre_next_vendor/lib:/opt/ros/jazzy/opt/gz_dartsim_vendor/lib:/opt/ros/jazzy/opt/gz_cmake_vendor/lib:/opt/ros/jazzy/lib:/usr/local/cuda-12.9/lib64 PYTHONPATH=/home/redalexdad/GitHub/WalkingRobotSim/install/ros2_unitree_legged_msgs/lib/python3.12/site-packages:/home/redalexdad/GitHub/WalkingRobotSim/install/ros2_yolo_recognition/lib/python3.12/site-packages:/home/redalexdad/GitHub/WalkingRobotSim/install/yolo_msgs/lib/python3.12/site-packages:/home/redalexdad/GitHub/WalkingRobotSim/install/ros2_odometry/lib/python3.12/site-packages:/home/redalexdad/GitHub/WalkingRobotSim/install/ros2_navigation/lib/python3.12/site-packages:/home/redalexdad/GitHub/WalkingRobotSim/install/ros2_cartography/lib/python3.12/site-packages:/opt/ros/jazzy/lib/python3.12/site-packages /usr/bin/cmake /home/redalexdad/GitHub/WalkingRobotSim/src/ros2_unitree_legged_controller -DCMAKE_INSTALL_PREFIX=/home/redalexdad/GitHub/WalkingRobotSim/install/ros2_unitree_legged_control
[2.771s] Invoking command in '/home/redalexdad/GitHub/WalkingRobotSim/build/ros2_unitree_legged_control': CMAKE_PREFIX_PATH=/home/redalexdad/GitHub/WalkingRobotSim/install/ros2_unitree_legged_msgs:/home/redalexdad/GitHub/WalkingRobotSim/install/yolo_bringup:/home/redalexdad/GitHub/WalkingRobotSim/install/yolo_msgs:/home/redalexdad/GitHub/WalkingRobotSim/install/unitree_guide2:/home/redalexdad/GitHub/WalkingRobotSim/install/ros2_unitree_legged_control:/home/redalexdad/GitHub/WalkingRobotSim/install/ros2_gazebo:/home/redalexdad/GitHub/WalkingRobotSim/install/go2_description:/home/redalexdad/GitHub/WalkingRobotSim/install/go1_description:/usr/local/libtorch:/opt/unitree_robotics:/opt/ros/jazzy/opt/gz_sim_vendor:/opt/ros/jazzy/opt/gz_sensors_vendor:/opt/ros/jazzy/opt/gz_physics_vendor:/opt/ros/jazzy/opt/sdformat_vendor:/opt/ros/jazzy/opt/gz_gui_vendor:/opt/ros/jazzy/opt/gz_transport_vendor:/opt/ros/jazzy/opt/gz_rendering_vendor:/opt/ros/jazzy/opt/gz_plugin_vendor:/opt/ros/jazzy/opt/gz_fuel_tools_vendor:/opt/ros/jazzy/opt/gz_msgs_vendor:/opt/ros/jazzy/opt/gz_common_vendor:/opt/ros/jazzy/opt/gz_math_vendor:/opt/ros/jazzy/opt/gz_utils_vendor:/opt/ros/jazzy/opt/gz_tools_vendor:/opt/ros/jazzy/opt/gz_ogre_next_vendor:/opt/ros/jazzy/opt/gz_dartsim_vendor:/opt/ros/jazzy/opt/gz_cmake_vendor:/home/redalexdad/GitHub/WalkingRobotSim/install/ros2_yolo_recognition:/home/redalexdad/GitHub/WalkingRobotSim/install/ros2_odometry:/home/redalexdad/GitHub/WalkingRobotSim/install/ros2_navigation:/home/redalexdad/GitHub/WalkingRobotSim/install/ros2_cartography:/opt/ros/jazzy DEBUGINFOD_URLS=https://debuginfod.ubuntu.com LD_LIBRARY_PATH=/home/redalexdad/GitHub/WalkingRobotSim/install/ros2_unitree_legged_msgs/lib:/home/redalexdad/GitHub/WalkingRobotSim/install/yolo_msgs/lib:/home/redalexdad/GitHub/WalkingRobotSim/install/ros2_unitree_legged_control/lib:/opt/ros/jazzy/opt/gz_sim_vendor/lib:/opt/ros/jazzy/opt/gz_sensors_vendor/lib:/opt/ros/jazzy/opt/gz_physics_vendor/lib:/opt/ros/jazzy/opt/sdformat_vendor/lib:/opt/ros/jazzy/opt/rviz_ogre_vendor/lib:/opt/ros/jazzy/lib/x86_64-linux-gnu:/opt/ros/jazzy/opt/gz_gui_vendor/lib:/opt/ros/jazzy/opt/gz_transport_vendor/lib:/opt/ros/jazzy/opt/gz_rendering_vendor/lib:/opt/ros/jazzy/opt/gz_plugin_vendor/lib:/opt/ros/jazzy/opt/gz_fuel_tools_vendor/lib:/opt/ros/jazzy/opt/gz_msgs_vendor/lib:/opt/ros/jazzy/opt/gz_common_vendor/lib:/opt/ros/jazzy/opt/gz_math_vendor/lib:/opt/ros/jazzy/opt/gz_utils_vendor/lib:/opt/ros/jazzy/opt/gz_tools_vendor/lib:/opt/ros/jazzy/opt/gz_ogre_next_vendor/lib:/opt/ros/jazzy/opt/gz_dartsim_vendor/lib:/opt/ros/jazzy/opt/gz_cmake_vendor/lib:/opt/ros/jazzy/lib:/usr/local/cuda-12.9/lib64 PYTHONPATH=/home/redalexdad/GitHub/WalkingRobotSim/install/ros2_unitree_legged_msgs/lib/python3.12/site-packages:/home/redalexdad/GitHub/WalkingRobotSim/install/ros2_yolo_recognition/lib/python3.12/site-packages:/home/redalexdad/GitHub/WalkingRobotSim/install/yolo_msgs/lib/python3.12/site-packages:/home/redalexdad/GitHub/WalkingRobotSim/install/ros2_odometry/lib/python3.12/site-packages:/home/redalexdad/GitHub/WalkingRobotSim/install/ros2_navigation/lib/python3.12/site-packages:/home/redalexdad/GitHub/WalkingRobotSim/install/ros2_cartography/lib/python3.12/site-packages:/opt/ros/jazzy/lib/python3.12/site-packages /usr/bin/cmake --build /home/redalexdad/GitHub/WalkingRobotSim/build/ros2_unitree_legged_control -- -j16 -l16
[2.868s] [ 25%] Running `/opt/ros/jazzy/bin/generate_parameter_library_cpp /home/redalexdad/GitHub/WalkingRobotSim/build/ros2_unitree_legged_control/include/ros2_unitree_legged_control/ros2_unitree_legged_control_parameters.hpp /home/redalexdad/GitHub/WalkingRobotSim/src/ros2_unitree_legged_controller/src/ros2_unitree_legged_control.yaml `
[4.070s] [ 50%] Creating deprecated header file /home/redalexdad/GitHub/WalkingRobotSim/build/ros2_unitree_legged_control/include/ros2_unitree_legged_control_parameters.hpp
[4.156s] [ 50%] Built target ros2_unitree_legged_control_parameters
[4.275s] [ 75%] Building CXX object CMakeFiles/ros2_unitree_legged_control.dir/src/ros2_unitree_legged_control.cpp.o
[12.715s] In file included from /home/redalexdad/GitHub/WalkingRobotSim/src/ros2_unitree_legged_controller/include/ros2_unitree_legged_control/ros2_unitree_legged_control.hpp:30,
[12.715s]                  from /home/redalexdad/GitHub/WalkingRobotSim/src/ros2_unitree_legged_controller/src/ros2_unitree_legged_control.cpp:21:
[12.717s] /home/redalexdad/GitHub/WalkingRobotSim/build/ros2_unitree_legged_control/include/ros2_unitree_legged_control_parameters.hpp:1:184: note: ‘#pragma message: #include "ros2_unitree_legged_control_parameters.hpp" is deprecated. Use #include <ros2_unitree_legged_control/ros2_unitree_legged_control_parameters.hpp> instead.’
[12.718s]     1 | #pragma message("#include \"ros2_unitree_legged_control_parameters.hpp\" is deprecated. Use #include <ros2_unitree_legged_control/ros2_unitree_legged_control_parameters.hpp> instead.")
[12.718s]       |                                                                                                                                                                                        ^
[13.951s] /home/redalexdad/GitHub/WalkingRobotSim/src/ros2_unitree_legged_controller/src/ros2_unitree_legged_control.cpp: In constructor ‘ros2_unitree_legged_control::UnitreeLeggedController::UnitreeLeggedController()’:
[13.951s] /home/redalexdad/GitHub/WalkingRobotSim/src/ros2_unitree_legged_controller/src/ros2_unitree_legged_control.cpp:32:111: warning: ‘control_toolbox::Pid::Pid(double, double, double, double, double, bool)’ is deprecated: Use constructor with AntiWindupStrategy only. [-Wdeprecated-declarations]
[13.951s]    32 |         joints_command_subscriber_(nullptr), rt_controller_state_publisher_(nullptr), state_publisher_(nullptr)
[13.951s]       |                                                                                                               ^
[13.952s] In file included from /home/redalexdad/GitHub/WalkingRobotSim/src/ros2_unitree_legged_controller/include/ros2_unitree_legged_control/ros2_unitree_legged_control.hpp:32:
[13.952s] /opt/ros/jazzy/include/control_toolbox/control_toolbox/pid.hpp:445:3: note: declared here
[13.952s]   445 |   Pid(
[13.952s]       |   ^~~
[13.987s] /home/redalexdad/GitHub/WalkingRobotSim/src/ros2_unitree_legged_controller/src/ros2_unitree_legged_control.cpp: In member function ‘virtual controller_interface::CallbackReturn ros2_unitree_legged_control::UnitreeLeggedController::on_configure(const rclcpp_lifecycle::State&)’:
[13.987s] /home/redalexdad/GitHub/WalkingRobotSim/src/ros2_unitree_legged_controller/src/ros2_unitree_legged_control.cpp:123:38: warning: unused parameter ‘previous_state’ [-Wunused-parameter]
[13.987s]   123 |       const rclcpp_lifecycle::State &previous_state)
[13.987s]       |       ~~~~~~~~~~~~~~~~~~~~~~~~~~~~~~~^~~~~~~~~~~~~~
[13.992s] /home/redalexdad/GitHub/WalkingRobotSim/src/ros2_unitree_legged_controller/src/ros2_unitree_legged_control.cpp: In member function ‘virtual controller_interface::CallbackReturn ros2_unitree_legged_control::UnitreeLeggedController::on_activate(const rclcpp_lifecycle::State&)’:
[13.992s] /home/redalexdad/GitHub/WalkingRobotSim/src/ros2_unitree_legged_controller/src/ros2_unitree_legged_control.cpp:192:54: warning: ‘double hardware_interface::LoanedStateInterface::get_value() const’ is deprecated: Use std::optional<T> get_optional() instead to retrieve the value. This method will be removed by the ROS 2 Kilted Kaiju release. [-Wdeprecated-declarations]
[13.993s]   192 |     double init_pose = state_interfaces_[0].get_value();
[13.993s]       |                        ~~~~~~~~~~~~~~~~~~~~~~~~~~~~~~^~
[14.001s] In file included from /opt/ros/jazzy/include/controller_interface/controller_interface/controller_interface_base.hpp:30,
[14.001s]                  from /opt/ros/jazzy/include/controller_interface/controller_interface/controller_interface.hpp:21,
[14.001s]                  from /home/redalexdad/GitHub/WalkingRobotSim/src/ros2_unitree_legged_controller/include/ros2_unitree_legged_control/ros2_unitree_legged_control.hpp:20:
[14.001s] /opt/ros/jazzy/include/hardware_interface/hardware_interface/loaned_state_interface.hpp:94:10: note: declared here
[14.001s]    94 |   double get_value() const
[14.001s]       |          ^~~~~~~~~
[14.002s] /home/redalexdad/GitHub/WalkingRobotSim/src/ros2_unitree_legged_controller/src/ros2_unitree_legged_control.cpp:169:38: warning: unused parameter ‘previous_state’ [-Wunused-parameter]
[14.002s]   169 |       const rclcpp_lifecycle::State &previous_state)
[14.002s]       |       ~~~~~~~~~~~~~~~~~~~~~~~~~~~~~~~^~~~~~~~~~~~~~
[14.002s] /home/redalexdad/GitHub/WalkingRobotSim/src/ros2_unitree_legged_controller/src/ros2_unitree_legged_control.cpp: In member function ‘virtual controller_interface::return_type ros2_unitree_legged_control::UnitreeLeggedController::update(const rclcpp::Time&, const rclcpp::Duration&)’:
[14.002s] /home/redalexdad/GitHub/WalkingRobotSim/src/ros2_unitree_legged_controller/src/ros2_unitree_legged_control.cpp:259:48: warning: ‘double hardware_interface::LoanedStateInterface::get_value() const’ is deprecated: Use std::optional<T> get_optional() instead to retrieve the value. This method will be removed by the ROS 2 Kilted Kaiju release. [-Wdeprecated-declarations]
[14.002s]   259 |     currentPos = state_interfaces_[0].get_value(); // Position state interface
[14.003s]       |                  ~~~~~~~~~~~~~~~~~~~~~~~~~~~~~~^~
[14.003s] /opt/ros/jazzy/include/hardware_interface/hardware_interface/loaned_state_interface.hpp:94:10: note: declared here
[14.003s]    94 |   double get_value() const
[14.003s]       |          ^~~~~~~~~
[14.009s] /home/redalexdad/GitHub/WalkingRobotSim/src/ros2_unitree_legged_controller/src/ros2_unitree_legged_control.cpp:273:37: warning: ignoring return value of ‘bool hardware_interface::LoanedCommandInterface::set_value(const T&, unsigned int) [with T = double]’, declared with attribute ‘nodiscard’ [-Wunused-result]
[14.009s]   273 |     command_interfaces_[0].set_value(calcTorque); // Send effort to joint
[14.009s]       |     ~~~~~~~~~~~~~~~~~~~~~~~~~~~~~~~~^~~~~~~~~~~~
[14.010s] In file included from /opt/ros/jazzy/include/controller_interface/controller_interface/controller_interface_base.hpp:29:
[14.010s] /opt/ros/jazzy/include/hardware_interface/hardware_interface/loaned_command_interface.hpp:113:22: note: declared here
[14.010s]   113 |   [[nodiscard]] bool set_value(const T & value, unsigned int max_tries = 10)
[14.010s]       |                      ^~~~~~~~~
[14.010s] /home/redalexdad/GitHub/WalkingRobotSim/src/ros2_unitree_legged_controller/src/ros2_unitree_legged_control.cpp:277:62: warning: ‘double hardware_interface::LoanedStateInterface::get_value() const’ is deprecated: Use std::optional<T> get_optional() instead to retrieve the value. This method will be removed by the ROS 2 Kilted Kaiju release. [-Wdeprecated-declarations]
[14.010s]   277 |     lastState.tau_est = (float)state_interfaces_[1].get_value(); // May cause issues? -> Possibly causing issues. Also check (float) conversion issues
[14.011s]       |                                ~~~~~~~~~~~~~~~~~~~~~~~~~~~~~~^~
[14.011s] /opt/ros/jazzy/include/hardware_interface/hardware_interface/loaned_state_interface.hpp:94:10: note: declared here
[14.011s]    94 |   double get_value() const
[14.011s]       |          ^~~~~~~~~
[14.011s] /home/redalexdad/GitHub/WalkingRobotSim/src/ros2_unitree_legged_controller/src/ros2_unitree_legged_control.cpp:216:27: warning: unused parameter ‘time’ [-Wunused-parameter]
[14.011s]   216 |       const rclcpp::Time &time, const rclcpp::Duration &period)
[14.011s]       |       ~~~~~~~~~~~~~~~~~~~~^~~~
[14.012s] /home/redalexdad/GitHub/WalkingRobotSim/src/ros2_unitree_legged_controller/src/ros2_unitree_legged_control.cpp: In member function ‘void ros2_unitree_legged_control::UnitreeLeggedController::getGains(double&, double&, double&, double&, double&)’:
[14.012s] /home/redalexdad/GitHub/WalkingRobotSim/src/ros2_unitree_legged_controller/src/ros2_unitree_legged_control.cpp:316:29: warning: ‘void control_toolbox::Pid::getGains(double&, double&, double&, double&, double&, bool&)’ is deprecated: Use get_gains() instead [-Wdeprecated-declarations]
[14.012s]   316 |     pid_controller_.getGains(p, i, d, i_max, i_min, dummy);
[14.012s]       |     ~~~~~~~~~~~~~~~~~~~~~~~~^~~~~~~~~~~~~~~~~~~~~~~~~~~~~~
[14.012s] /opt/ros/jazzy/include/control_toolbox/control_toolbox/pid.hpp:606:50: note: declared here
[14.012s]   606 |   [[deprecated("Use get_gains() instead")]] void getGains(
[14.016s]       |                                                  ^~~~~~~~
[14.016s] /home/redalexdad/GitHub/WalkingRobotSim/src/ros2_unitree_legged_controller/src/ros2_unitree_legged_control.cpp: In member function ‘void ros2_unitree_legged_control::UnitreeLeggedController::getGains(double&, double&, double&, double&, double&, bool&)’:
[14.016s] /home/redalexdad/GitHub/WalkingRobotSim/src/ros2_unitree_legged_controller/src/ros2_unitree_legged_control.cpp:321:29: warning: ‘void control_toolbox::Pid::getGains(double&, double&, double&, double&, double&, bool&)’ is deprecated: Use get_gains() instead [-Wdeprecated-declarations]
[14.016s]   321 |     pid_controller_.getGains(p, i, d, i_max, i_min, antiwindup);
[14.016s]       |     ~~~~~~~~~~~~~~~~~~~~~~~~^~~~~~~~~~~~~~~~~~~~~~~~~~~~~~~~~~~
[14.016s] /opt/ros/jazzy/include/control_toolbox/control_toolbox/pid.hpp:606:50: note: declared here
[14.017s]   606 |   [[deprecated("Use get_gains() instead")]] void getGains(
[14.017s]       |                                                  ^~~~~~~~
[22.543s] [100%] Linking CXX shared library libros2_unitree_legged_control.so
[23.476s] [100%] Built target ros2_unitree_legged_control
[23.493s] Invoked command in '/home/redalexdad/GitHub/WalkingRobotSim/build/ros2_unitree_legged_control' returned '0': CMAKE_PREFIX_PATH=/home/redalexdad/GitHub/WalkingRobotSim/install/ros2_unitree_legged_msgs:/home/redalexdad/GitHub/WalkingRobotSim/install/yolo_bringup:/home/redalexdad/GitHub/WalkingRobotSim/install/yolo_msgs:/home/redalexdad/GitHub/WalkingRobotSim/install/unitree_guide2:/home/redalexdad/GitHub/WalkingRobotSim/install/ros2_unitree_legged_control:/home/redalexdad/GitHub/WalkingRobotSim/install/ros2_gazebo:/home/redalexdad/GitHub/WalkingRobotSim/install/go2_description:/home/redalexdad/GitHub/WalkingRobotSim/install/go1_description:/usr/local/libtorch:/opt/unitree_robotics:/opt/ros/jazzy/opt/gz_sim_vendor:/opt/ros/jazzy/opt/gz_sensors_vendor:/opt/ros/jazzy/opt/gz_physics_vendor:/opt/ros/jazzy/opt/sdformat_vendor:/opt/ros/jazzy/opt/gz_gui_vendor:/opt/ros/jazzy/opt/gz_transport_vendor:/opt/ros/jazzy/opt/gz_rendering_vendor:/opt/ros/jazzy/opt/gz_plugin_vendor:/opt/ros/jazzy/opt/gz_fuel_tools_vendor:/opt/ros/jazzy/opt/gz_msgs_vendor:/opt/ros/jazzy/opt/gz_common_vendor:/opt/ros/jazzy/opt/gz_math_vendor:/opt/ros/jazzy/opt/gz_utils_vendor:/opt/ros/jazzy/opt/gz_tools_vendor:/opt/ros/jazzy/opt/gz_ogre_next_vendor:/opt/ros/jazzy/opt/gz_dartsim_vendor:/opt/ros/jazzy/opt/gz_cmake_vendor:/home/redalexdad/GitHub/WalkingRobotSim/install/ros2_yolo_recognition:/home/redalexdad/GitHub/WalkingRobotSim/install/ros2_odometry:/home/redalexdad/GitHub/WalkingRobotSim/install/ros2_navigation:/home/redalexdad/GitHub/WalkingRobotSim/install/ros2_cartography:/opt/ros/jazzy DEBUGINFOD_URLS=https://debuginfod.ubuntu.com LD_LIBRARY_PATH=/home/redalexdad/GitHub/WalkingRobotSim/install/ros2_unitree_legged_msgs/lib:/home/redalexdad/GitHub/WalkingRobotSim/install/yolo_msgs/lib:/home/redalexdad/GitHub/WalkingRobotSim/install/ros2_unitree_legged_control/lib:/opt/ros/jazzy/opt/gz_sim_vendor/lib:/opt/ros/jazzy/opt/gz_sensors_vendor/lib:/opt/ros/jazzy/opt/gz_physics_vendor/lib:/opt/ros/jazzy/opt/sdformat_vendor/lib:/opt/ros/jazzy/opt/rviz_ogre_vendor/lib:/opt/ros/jazzy/lib/x86_64-linux-gnu:/opt/ros/jazzy/opt/gz_gui_vendor/lib:/opt/ros/jazzy/opt/gz_transport_vendor/lib:/opt/ros/jazzy/opt/gz_rendering_vendor/lib:/opt/ros/jazzy/opt/gz_plugin_vendor/lib:/opt/ros/jazzy/opt/gz_fuel_tools_vendor/lib:/opt/ros/jazzy/opt/gz_msgs_vendor/lib:/opt/ros/jazzy/opt/gz_common_vendor/lib:/opt/ros/jazzy/opt/gz_math_vendor/lib:/opt/ros/jazzy/opt/gz_utils_vendor/lib:/opt/ros/jazzy/opt/gz_tools_vendor/lib:/opt/ros/jazzy/opt/gz_ogre_next_vendor/lib:/opt/ros/jazzy/opt/gz_dartsim_vendor/lib:/opt/ros/jazzy/opt/gz_cmake_vendor/lib:/opt/ros/jazzy/lib:/usr/local/cuda-12.9/lib64 PYTHONPATH=/home/redalexdad/GitHub/WalkingRobotSim/install/ros2_unitree_legged_msgs/lib/python3.12/site-packages:/home/redalexdad/GitHub/WalkingRobotSim/install/ros2_yolo_recognition/lib/python3.12/site-packages:/home/redalexdad/GitHub/WalkingRobotSim/install/yolo_msgs/lib/python3.12/site-packages:/home/redalexdad/GitHub/WalkingRobotSim/install/ros2_odometry/lib/python3.12/site-packages:/home/redalexdad/GitHub/WalkingRobotSim/install/ros2_navigation/lib/python3.12/site-packages:/home/redalexdad/GitHub/WalkingRobotSim/install/ros2_cartography/lib/python3.12/site-packages:/opt/ros/jazzy/lib/python3.12/site-packages /usr/bin/cmake --build /home/redalexdad/GitHub/WalkingRobotSim/build/ros2_unitree_legged_control -- -j16 -l16
[23.495s] Invoking command in '/home/redalexdad/GitHub/WalkingRobotSim/build/ros2_unitree_legged_control': CMAKE_PREFIX_PATH=/home/redalexdad/GitHub/WalkingRobotSim/install/ros2_unitree_legged_msgs:/home/redalexdad/GitHub/WalkingRobotSim/install/yolo_bringup:/home/redalexdad/GitHub/WalkingRobotSim/install/yolo_msgs:/home/redalexdad/GitHub/WalkingRobotSim/install/unitree_guide2:/home/redalexdad/GitHub/WalkingRobotSim/install/ros2_unitree_legged_control:/home/redalexdad/GitHub/WalkingRobotSim/install/ros2_gazebo:/home/redalexdad/GitHub/WalkingRobotSim/install/go2_description:/home/redalexdad/GitHub/WalkingRobotSim/install/go1_description:/usr/local/libtorch:/opt/unitree_robotics:/opt/ros/jazzy/opt/gz_sim_vendor:/opt/ros/jazzy/opt/gz_sensors_vendor:/opt/ros/jazzy/opt/gz_physics_vendor:/opt/ros/jazzy/opt/sdformat_vendor:/opt/ros/jazzy/opt/gz_gui_vendor:/opt/ros/jazzy/opt/gz_transport_vendor:/opt/ros/jazzy/opt/gz_rendering_vendor:/opt/ros/jazzy/opt/gz_plugin_vendor:/opt/ros/jazzy/opt/gz_fuel_tools_vendor:/opt/ros/jazzy/opt/gz_msgs_vendor:/opt/ros/jazzy/opt/gz_common_vendor:/opt/ros/jazzy/opt/gz_math_vendor:/opt/ros/jazzy/opt/gz_utils_vendor:/opt/ros/jazzy/opt/gz_tools_vendor:/opt/ros/jazzy/opt/gz_ogre_next_vendor:/opt/ros/jazzy/opt/gz_dartsim_vendor:/opt/ros/jazzy/opt/gz_cmake_vendor:/home/redalexdad/GitHub/WalkingRobotSim/install/ros2_yolo_recognition:/home/redalexdad/GitHub/WalkingRobotSim/install/ros2_odometry:/home/redalexdad/GitHub/WalkingRobotSim/install/ros2_navigation:/home/redalexdad/GitHub/WalkingRobotSim/install/ros2_cartography:/opt/ros/jazzy DEBUGINFOD_URLS=https://debuginfod.ubuntu.com LD_LIBRARY_PATH=/home/redalexdad/GitHub/WalkingRobotSim/install/ros2_unitree_legged_msgs/lib:/home/redalexdad/GitHub/WalkingRobotSim/install/yolo_msgs/lib:/home/redalexdad/GitHub/WalkingRobotSim/install/ros2_unitree_legged_control/lib:/opt/ros/jazzy/opt/gz_sim_vendor/lib:/opt/ros/jazzy/opt/gz_sensors_vendor/lib:/opt/ros/jazzy/opt/gz_physics_vendor/lib:/opt/ros/jazzy/opt/sdformat_vendor/lib:/opt/ros/jazzy/opt/rviz_ogre_vendor/lib:/opt/ros/jazzy/lib/x86_64-linux-gnu:/opt/ros/jazzy/opt/gz_gui_vendor/lib:/opt/ros/jazzy/opt/gz_transport_vendor/lib:/opt/ros/jazzy/opt/gz_rendering_vendor/lib:/opt/ros/jazzy/opt/gz_plugin_vendor/lib:/opt/ros/jazzy/opt/gz_fuel_tools_vendor/lib:/opt/ros/jazzy/opt/gz_msgs_vendor/lib:/opt/ros/jazzy/opt/gz_common_vendor/lib:/opt/ros/jazzy/opt/gz_math_vendor/lib:/opt/ros/jazzy/opt/gz_utils_vendor/lib:/opt/ros/jazzy/opt/gz_tools_vendor/lib:/opt/ros/jazzy/opt/gz_ogre_next_vendor/lib:/opt/ros/jazzy/opt/gz_dartsim_vendor/lib:/opt/ros/jazzy/opt/gz_cmake_vendor/lib:/opt/ros/jazzy/lib:/usr/local/cuda-12.9/lib64 PYTHONPATH=/home/redalexdad/GitHub/WalkingRobotSim/install/ros2_unitree_legged_msgs/lib/python3.12/site-packages:/home/redalexdad/GitHub/WalkingRobotSim/install/ros2_yolo_recognition/lib/python3.12/site-packages:/home/redalexdad/GitHub/WalkingRobotSim/install/yolo_msgs/lib/python3.12/site-packages:/home/redalexdad/GitHub/WalkingRobotSim/install/ros2_odometry/lib/python3.12/site-packages:/home/redalexdad/GitHub/WalkingRobotSim/install/ros2_navigation/lib/python3.12/site-packages:/home/redalexdad/GitHub/WalkingRobotSim/install/ros2_cartography/lib/python3.12/site-packages:/opt/ros/jazzy/lib/python3.12/site-packages /usr/bin/cmake --install /home/redalexdad/GitHub/WalkingRobotSim/build/ros2_unitree_legged_control
[23.506s] -- Install configuration: ""
[23.507s] -- Installing: /home/redalexdad/GitHub/WalkingRobotSim/install/ros2_unitree_legged_control/include/ros2_unitree_legged_control
[23.507s] -- Installing: /home/redalexdad/GitHub/WalkingRobotSim/install/ros2_unitree_legged_control/include/ros2_unitree_legged_control/ros2_unitree_legged_control_parameters.hpp
[23.507s] -- Installing: /home/redalexdad/GitHub/WalkingRobotSim/install/ros2_unitree_legged_control/share/ros2_unitree_legged_control/ros2_unitree_legged_control.xml
[23.507s] -- Up-to-date: /home/redalexdad/GitHub/WalkingRobotSim/install/ros2_unitree_legged_control/include/ros2_unitree_legged_control
[23.508s] -- Installing: /home/redalexdad/GitHub/WalkingRobotSim/install/ros2_unitree_legged_control/include/ros2_unitree_legged_control/ros2_unitree_legged_control
[23.508s] -- Installing: /home/redalexdad/GitHub/WalkingRobotSim/install/ros2_unitree_legged_control/include/ros2_unitree_legged_control/ros2_unitree_legged_control/ros2_unitree_legged_control.hpp
[23.508s] -- Installing: /home/redalexdad/GitHub/WalkingRobotSim/install/ros2_unitree_legged_control/include/ros2_unitree_legged_control/ros2_unitree_legged_control/visibility_control.h
[23.508s] -- Installing: /home/redalexdad/GitHub/WalkingRobotSim/install/ros2_unitree_legged_control/include/ros2_unitree_legged_control/ros2_unitree_legged_control/unitree_joint_control_tool.h
[23.509s] -- Installing: /home/redalexdad/GitHub/WalkingRobotSim/install/ros2_unitree_legged_control/lib/ros2_unitree_legged_control/libunitree_joint_control_tool.so
[23.509s] -- Installing: /home/redalexdad/GitHub/WalkingRobotSim/install/ros2_unitree_legged_control/lib/ros2_unitree_legged_control/libros2_unitree_legged_control.so
[23.515s] -- Set non-toolchain portion of runtime path of "/home/redalexdad/GitHub/WalkingRobotSim/install/ros2_unitree_legged_control/lib/ros2_unitree_legged_control/libros2_unitree_legged_control.so" to "/home/redalexdad/GitHub/WalkingRobotSim/install/ros2_unitree_legged_control/lib"
[23.515s] -- Installing: /home/redalexdad/GitHub/WalkingRobotSim/install/ros2_unitree_legged_control/share/ros2_unitree_legged_control/environment/library_path.sh
[23.516s] -- Installing: /home/redalexdad/GitHub/WalkingRobotSim/install/ros2_unitree_legged_control/share/ros2_unitree_legged_control/environment/library_path.dsv
[23.516s] -- Installing: /home/redalexdad/GitHub/WalkingRobotSim/install/ros2_unitree_legged_control/share/ament_index/resource_index/package_run_dependencies/ros2_unitree_legged_control
[23.516s] -- Installing: /home/redalexdad/GitHub/WalkingRobotSim/install/ros2_unitree_legged_control/share/ament_index/resource_index/parent_prefix_path/ros2_unitree_legged_control
[23.517s] -- Installing: /home/redalexdad/GitHub/WalkingRobotSim/install/ros2_unitree_legged_control/share/ros2_unitree_legged_control/environment/ament_prefix_path.sh
[23.517s] -- Installing: /home/redalexdad/GitHub/WalkingRobotSim/install/ros2_unitree_legged_control/share/ros2_unitree_legged_control/environment/ament_prefix_path.dsv
[23.517s] -- Installing: /home/redalexdad/GitHub/WalkingRobotSim/install/ros2_unitree_legged_control/share/ros2_unitree_legged_control/environment/path.sh
[23.517s] -- Installing: /home/redalexdad/GitHub/WalkingRobotSim/install/ros2_unitree_legged_control/share/ros2_unitree_legged_control/environment/path.dsv
[23.518s] -- Installing: /home/redalexdad/GitHub/WalkingRobotSim/install/ros2_unitree_legged_control/share/ros2_unitree_legged_control/local_setup.bash
[23.518s] -- Installing: /home/redalexdad/GitHub/WalkingRobotSim/install/ros2_unitree_legged_control/share/ros2_unitree_legged_control/local_setup.sh
[23.518s] -- Installing: /home/redalexdad/GitHub/WalkingRobotSim/install/ros2_unitree_legged_control/share/ros2_unitree_legged_control/local_setup.zsh
[23.518s] -- Installing: /home/redalexdad/GitHub/WalkingRobotSim/install/ros2_unitree_legged_control/share/ros2_unitree_legged_control/local_setup.dsv
[23.518s] -- Installing: /home/redalexdad/GitHub/WalkingRobotSim/install/ros2_unitree_legged_control/share/ros2_unitree_legged_control/package.dsv
[23.519s] -- Installing: /home/redalexdad/GitHub/WalkingRobotSim/install/ros2_unitree_legged_control/share/ament_index/resource_index/packages/ros2_unitree_legged_control
[23.519s] -- Installing: /home/redalexdad/GitHub/WalkingRobotSim/install/ros2_unitree_legged_control/share/ament_index/resource_index/controller_interface__pluginlib__plugin/ros2_unitree_legged_control
[23.519s] -- Installing: /home/redalexdad/GitHub/WalkingRobotSim/install/ros2_unitree_legged_control/share/ros2_unitree_legged_control/cmake/ros2_unitree_legged_controlExport.cmake
[23.519s] -- Installing: /home/redalexdad/GitHub/WalkingRobotSim/install/ros2_unitree_legged_control/share/ros2_unitree_legged_control/cmake/ros2_unitree_legged_controlExport-noconfig.cmake
[23.520s] -- Installing: /home/redalexdad/GitHub/WalkingRobotSim/install/ros2_unitree_legged_control/share/ros2_unitree_legged_control/cmake/ament_cmake_export_dependencies-extras.cmake
[23.520s] -- Installing: /home/redalexdad/GitHub/WalkingRobotSim/install/ros2_unitree_legged_control/share/ros2_unitree_legged_control/cmake/ament_cmake_export_targets-extras.cmake
[23.520s] -- Installing: /home/redalexdad/GitHub/WalkingRobotSim/install/ros2_unitree_legged_control/share/ros2_unitree_legged_control/cmake/ros2_unitree_legged_controlConfig.cmake
[23.520s] -- Installing: /home/redalexdad/GitHub/WalkingRobotSim/install/ros2_unitree_legged_control/share/ros2_unitree_legged_control/cmake/ros2_unitree_legged_controlConfig-version.cmake
[23.520s] -- Installing: /home/redalexdad/GitHub/WalkingRobotSim/install/ros2_unitree_legged_control/share/ros2_unitree_legged_control/package.xml
[23.522s] Invoked command in '/home/redalexdad/GitHub/WalkingRobotSim/build/ros2_unitree_legged_control' returned '0': CMAKE_PREFIX_PATH=/home/redalexdad/GitHub/WalkingRobotSim/install/ros2_unitree_legged_msgs:/home/redalexdad/GitHub/WalkingRobotSim/install/yolo_bringup:/home/redalexdad/GitHub/WalkingRobotSim/install/yolo_msgs:/home/redalexdad/GitHub/WalkingRobotSim/install/unitree_guide2:/home/redalexdad/GitHub/WalkingRobotSim/install/ros2_unitree_legged_control:/home/redalexdad/GitHub/WalkingRobotSim/install/ros2_gazebo:/home/redalexdad/GitHub/WalkingRobotSim/install/go2_description:/home/redalexdad/GitHub/WalkingRobotSim/install/go1_description:/usr/local/libtorch:/opt/unitree_robotics:/opt/ros/jazzy/opt/gz_sim_vendor:/opt/ros/jazzy/opt/gz_sensors_vendor:/opt/ros/jazzy/opt/gz_physics_vendor:/opt/ros/jazzy/opt/sdformat_vendor:/opt/ros/jazzy/opt/gz_gui_vendor:/opt/ros/jazzy/opt/gz_transport_vendor:/opt/ros/jazzy/opt/gz_rendering_vendor:/opt/ros/jazzy/opt/gz_plugin_vendor:/opt/ros/jazzy/opt/gz_fuel_tools_vendor:/opt/ros/jazzy/opt/gz_msgs_vendor:/opt/ros/jazzy/opt/gz_common_vendor:/opt/ros/jazzy/opt/gz_math_vendor:/opt/ros/jazzy/opt/gz_utils_vendor:/opt/ros/jazzy/opt/gz_tools_vendor:/opt/ros/jazzy/opt/gz_ogre_next_vendor:/opt/ros/jazzy/opt/gz_dartsim_vendor:/opt/ros/jazzy/opt/gz_cmake_vendor:/home/redalexdad/GitHub/WalkingRobotSim/install/ros2_yolo_recognition:/home/redalexdad/GitHub/WalkingRobotSim/install/ros2_odometry:/home/redalexdad/GitHub/WalkingRobotSim/install/ros2_navigation:/home/redalexdad/GitHub/WalkingRobotSim/install/ros2_cartography:/opt/ros/jazzy DEBUGINFOD_URLS=https://debuginfod.ubuntu.com LD_LIBRARY_PATH=/home/redalexdad/GitHub/WalkingRobotSim/install/ros2_unitree_legged_msgs/lib:/home/redalexdad/GitHub/WalkingRobotSim/install/yolo_msgs/lib:/home/redalexdad/GitHub/WalkingRobotSim/install/ros2_unitree_legged_control/lib:/opt/ros/jazzy/opt/gz_sim_vendor/lib:/opt/ros/jazzy/opt/gz_sensors_vendor/lib:/opt/ros/jazzy/opt/gz_physics_vendor/lib:/opt/ros/jazzy/opt/sdformat_vendor/lib:/opt/ros/jazzy/opt/rviz_ogre_vendor/lib:/opt/ros/jazzy/lib/x86_64-linux-gnu:/opt/ros/jazzy/opt/gz_gui_vendor/lib:/opt/ros/jazzy/opt/gz_transport_vendor/lib:/opt/ros/jazzy/opt/gz_rendering_vendor/lib:/opt/ros/jazzy/opt/gz_plugin_vendor/lib:/opt/ros/jazzy/opt/gz_fuel_tools_vendor/lib:/opt/ros/jazzy/opt/gz_msgs_vendor/lib:/opt/ros/jazzy/opt/gz_common_vendor/lib:/opt/ros/jazzy/opt/gz_math_vendor/lib:/opt/ros/jazzy/opt/gz_utils_vendor/lib:/opt/ros/jazzy/opt/gz_tools_vendor/lib:/opt/ros/jazzy/opt/gz_ogre_next_vendor/lib:/opt/ros/jazzy/opt/gz_dartsim_vendor/lib:/opt/ros/jazzy/opt/gz_cmake_vendor/lib:/opt/ros/jazzy/lib:/usr/local/cuda-12.9/lib64 PYTHONPATH=/home/redalexdad/GitHub/WalkingRobotSim/install/ros2_unitree_legged_msgs/lib/python3.12/site-packages:/home/redalexdad/GitHub/WalkingRobotSim/install/ros2_yolo_recognition/lib/python3.12/site-packages:/home/redalexdad/GitHub/WalkingRobotSim/install/yolo_msgs/lib/python3.12/site-packages:/home/redalexdad/GitHub/WalkingRobotSim/install/ros2_odometry/lib/python3.12/site-packages:/home/redalexdad/GitHub/WalkingRobotSim/install/ros2_navigation/lib/python3.12/site-packages:/home/redalexdad/GitHub/WalkingRobotSim/install/ros2_cartography/lib/python3.12/site-packages:/opt/ros/jazzy/lib/python3.12/site-packages /usr/bin/cmake --install /home/redalexdad/GitHub/WalkingRobotSim/build/ros2_unitree_legged_control
