[0.422s] Invoking command in '/home/redalexdad/GitHub/WalkingRobotSim/build/ros2_gazebo': CMAKE_PREFIX_PATH=${CMAKE_PREFIX_PATH}:/home/redalexdad/GitHub/WalkingRobotSim/install/ros2_yolo_recognition:/home/redalexdad/GitHub/WalkingRobotSim/install/ros2_odometry:/home/redalexdad/GitHub/WalkingRobotSim/install/ros2_navigation:/home/redalexdad/GitHub/WalkingRobotSim/install/ros2_cartography:/opt/ros/jazzy DEBUGINFOD_URLS=https://debuginfod.ubuntu.com /usr/bin/cmake --build /home/redalexdad/GitHub/WalkingRobotSim/build/ros2_gazebo -- -j16 -l16
[1.079s] Invoked command in '/home/redalexdad/GitHub/WalkingRobotSim/build/ros2_gazebo' returned '0': CMAKE_PREFIX_PATH=${CMAKE_PREFIX_PATH}:/home/redalexdad/GitHub/WalkingRobotSim/install/ros2_yolo_recognition:/home/redalexdad/GitHub/WalkingRobotSim/install/ros2_odometry:/home/redalexdad/GitHub/WalkingRobotSim/install/ros2_navigation:/home/redalexdad/GitHub/WalkingRobotSim/install/ros2_cartography:/opt/ros/jazzy DEBUGINFOD_URLS=https://debuginfod.ubuntu.com /usr/bin/cmake --build /home/redalexdad/GitHub/WalkingRobotSim/build/ros2_gazebo -- -j16 -l16
[1.081s] Invoking command in '/home/redalexdad/GitHub/WalkingRobotSim/build/ros2_gazebo': CMAKE_PREFIX_PATH=${CMAKE_PREFIX_PATH}:/home/redalexdad/GitHub/WalkingRobotSim/install/ros2_yolo_recognition:/home/redalexdad/GitHub/WalkingRobotSim/install/ros2_odometry:/home/redalexdad/GitHub/WalkingRobotSim/install/ros2_navigation:/home/redalexdad/GitHub/WalkingRobotSim/install/ros2_cartography:/opt/ros/jazzy DEBUGINFOD_URLS=https://debuginfod.ubuntu.com /usr/bin/cmake --install /home/redalexdad/GitHub/WalkingRobotSim/build/ros2_gazebo
[1.218s] -- Install configuration: ""
[1.218s] -- Up-to-date: /home/redalexdad/GitHub/WalkingRobotSim/install/ros2_gazebo/share/ros2_gazebo//launch
[1.219s] -- Installing: /home/redalexdad/GitHub/WalkingRobotSim/install/ros2_gazebo/share/ros2_gazebo//launch/go2_run.launch.py
[1.219s] -- Up-to-date: /home/redalexdad/GitHub/WalkingRobotSim/install/ros2_gazebo/share/ros2_gazebo//launch/go1_run.launch.py
[1.219s] -- Up-to-date: /home/redalexdad/GitHub/WalkingRobotSim/install/ros2_gazebo/share/ros2_gazebo//launch/test_go2_run.launch.py
[1.219s] -- Up-to-date: /home/redalexdad/GitHub/WalkingRobotSim/install/ros2_gazebo/share/ros2_gazebo//worlds
[1.219s] -- Up-to-date: /home/redalexdad/GitHub/WalkingRobotSim/install/ros2_gazebo/share/ros2_gazebo//worlds/test.sdf
[1.219s] -- Up-to-date: /home/redalexdad/GitHub/WalkingRobotSim/install/ros2_gazebo/share/ros2_gazebo//worlds/train_1.world
[1.219s] -- Up-to-date: /home/redalexdad/GitHub/WalkingRobotSim/install/ros2_gazebo/share/ros2_gazebo//worlds/turtlebot3_world.world
[1.219s] -- Up-to-date: /home/redalexdad/GitHub/WalkingRobotSim/install/ros2_gazebo/share/ros2_gazebo//worlds/building_editor_models
[1.219s] -- Up-to-date: /home/redalexdad/GitHub/WalkingRobotSim/install/ros2_gazebo/share/ros2_gazebo//worlds/building_editor_models/stairs
[1.220s] -- Up-to-date: /home/redalexdad/GitHub/WalkingRobotSim/install/ros2_gazebo/share/ros2_gazebo//worlds/building_editor_models/stairs/model.sdf
[1.220s] -- Up-to-date: /home/redalexdad/GitHub/WalkingRobotSim/install/ros2_gazebo/share/ros2_gazebo//worlds/building_editor_models/stairs/model.config
[1.220s] -- Up-to-date: /home/redalexdad/GitHub/WalkingRobotSim/install/ros2_gazebo/share/ros2_gazebo//worlds/train.world
[1.220s] -- Up-to-date: /home/redalexdad/GitHub/WalkingRobotSim/install/ros2_gazebo/share/ros2_gazebo//worlds/simple_rooms.world
[1.220s] -- Up-to-date: /home/redalexdad/GitHub/WalkingRobotSim/install/ros2_gazebo/share/ros2_gazebo//worlds/empty.world
[1.220s] -- Up-to-date: /home/redalexdad/GitHub/WalkingRobotSim/install/ros2_gazebo/share/ros2_gazebo//worlds/test_latest.world
[1.220s] -- Up-to-date: /home/redalexdad/GitHub/WalkingRobotSim/install/ros2_gazebo/share/ament_index/resource_index/package_run_dependencies/ros2_gazebo
[1.220s] -- Up-to-date: /home/redalexdad/GitHub/WalkingRobotSim/install/ros2_gazebo/share/ament_index/resource_index/parent_prefix_path/ros2_gazebo
[1.220s] -- Up-to-date: /home/redalexdad/GitHub/WalkingRobotSim/install/ros2_gazebo/share/ros2_gazebo/environment/ament_prefix_path.sh
[1.221s] -- Up-to-date: /home/redalexdad/GitHub/WalkingRobotSim/install/ros2_gazebo/share/ros2_gazebo/environment/ament_prefix_path.dsv
[1.221s] -- Up-to-date: /home/redalexdad/GitHub/WalkingRobotSim/install/ros2_gazebo/share/ros2_gazebo/environment/path.sh
[1.221s] -- Up-to-date: /home/redalexdad/GitHub/WalkingRobotSim/install/ros2_gazebo/share/ros2_gazebo/environment/path.dsv
[1.221s] -- Up-to-date: /home/redalexdad/GitHub/WalkingRobotSim/install/ros2_gazebo/share/ros2_gazebo/local_setup.bash
[1.221s] -- Up-to-date: /home/redalexdad/GitHub/WalkingRobotSim/install/ros2_gazebo/share/ros2_gazebo/local_setup.sh
[1.221s] -- Up-to-date: /home/redalexdad/GitHub/WalkingRobotSim/install/ros2_gazebo/share/ros2_gazebo/local_setup.zsh
[1.221s] -- Up-to-date: /home/redalexdad/GitHub/WalkingRobotSim/install/ros2_gazebo/share/ros2_gazebo/local_setup.dsv
[1.221s] -- Up-to-date: /home/redalexdad/GitHub/WalkingRobotSim/install/ros2_gazebo/share/ros2_gazebo/package.dsv
[1.221s] -- Up-to-date: /home/redalexdad/GitHub/WalkingRobotSim/install/ros2_gazebo/share/ament_index/resource_index/packages/ros2_gazebo
[1.221s] -- Up-to-date: /home/redalexdad/GitHub/WalkingRobotSim/install/ros2_gazebo/share/ros2_gazebo/cmake/ros2_gazeboConfig.cmake
[1.222s] -- Up-to-date: /home/redalexdad/GitHub/WalkingRobotSim/install/ros2_gazebo/share/ros2_gazebo/cmake/ros2_gazeboConfig-version.cmake
[1.222s] -- Up-to-date: /home/redalexdad/GitHub/WalkingRobotSim/install/ros2_gazebo/share/ros2_gazebo/package.xml
[1.240s] Invoked command in '/home/redalexdad/GitHub/WalkingRobotSim/build/ros2_gazebo' returned '0': CMAKE_PREFIX_PATH=${CMAKE_PREFIX_PATH}:/home/redalexdad/GitHub/WalkingRobotSim/install/ros2_yolo_recognition:/home/redalexdad/GitHub/WalkingRobotSim/install/ros2_odometry:/home/redalexdad/GitHub/WalkingRobotSim/install/ros2_navigation:/home/redalexdad/GitHub/WalkingRobotSim/install/ros2_cartography:/opt/ros/jazzy DEBUGINFOD_URLS=https://debuginfod.ubuntu.com /usr/bin/cmake --install /home/redalexdad/GitHub/WalkingRobotSim/build/ros2_gazebo
