[0.047s] Invoking command in '/home/redalexdad/GitHub/WalkingRobotSim/build/ros2_unitree_legged_msgs': CMAKE_PREFIX_PATH=${CMAKE_PREFIX_PATH}:/home/redalexdad/GitHub/WalkingRobotSim/install/ros2_yolo_recognition:/home/redalexdad/GitHub/WalkingRobotSim/install/ros2_odometry:/home/redalexdad/GitHub/WalkingRobotSim/install/ros2_navigation:/home/redalexdad/GitHub/WalkingRobotSim/install/ros2_cartography:/opt/ros/jazzy DEBUGINFOD_URLS=https://debuginfod.ubuntu.com /usr/bin/cmake /home/redalexdad/GitHub/WalkingRobotSim/src/ros2_unitree_legged_msgs -DCMAKE_INSTALL_PREFIX=/home/redalexdad/GitHub/WalkingRobotSim/install/ros2_unitree_legged_msgs
[0.708s] -- The C compiler identification is GNU 13.3.0
[0.708s] -- The CXX compiler identification is GNU 13.3.0
[0.708s] -- Detecting C compiler ABI info
[0.709s] -- Detecting C compiler ABI info - done
[0.709s] -- Check for working C compiler: /usr/bin/cc - skipped
[0.709s] -- Detecting C compile features
[0.709s] -- Detecting C compile features - done
[0.710s] -- Detecting CXX compiler ABI info
[0.710s] -- Detecting CXX compiler ABI info - done
[0.710s] -- Check for working CXX compiler: /usr/bin/c++ - skipped
[0.710s] -- Detecting CXX compile features
[0.711s] -- Detecting CXX compile features - done
[0.711s] -- Found ament_cmake: 2.5.4 (/opt/ros/jazzy/share/ament_cmake/cmake)
[1.044s] -- Found Python3: /usr/bin/python3 (found version "3.12.3") found components: Interpreter 
[1.044s] -- Found rosidl_default_generators: 1.6.0 (/opt/ros/jazzy/share/rosidl_default_generators/cmake)
[1.049s] -- Using all available rosidl_typesupport_c: rosidl_typesupport_fastrtps_c;rosidl_typesupport_introspection_c
[1.172s] -- Using all available rosidl_typesupport_cpp: rosidl_typesupport_fastrtps_cpp;rosidl_typesupport_introspection_cpp
[1.284s] -- Found rosidl_adapter: 4.6.6 (/opt/ros/jazzy/share/rosidl_adapter/cmake)
[2.323s] -- Found ament_cmake_ros: 0.12.0 (/opt/ros/jazzy/share/ament_cmake_ros/cmake)
[2.988s] -- Using all available rosidl_typesupport_c: rosidl_typesupport_fastrtps_c;rosidl_typesupport_introspection_c
[3.738s] -- Using all available rosidl_typesupport_cpp: rosidl_typesupport_fastrtps_cpp;rosidl_typesupport_introspection_cpp
[3.745s] -- Found python_cmake_module: 0.11.1 (/opt/ros/jazzy/share/python_cmake_module/cmake)
[3.937s] -- Found PythonExtra: /usr/bin/python3  
[4.537s] -- Found Python3: /usr/bin/python3 (found version "3.12.3") found components: Interpreter Development NumPy Development.Module Development.Embed 
[4.623s] -- Configuring done (4.6s)
[4.682s] -- Generating done (0.0s)
[4.696s] -- Build files have been written to: /home/redalexdad/GitHub/WalkingRobotSim/build/ros2_unitree_legged_msgs
[4.708s] Invoked command in '/home/redalexdad/GitHub/WalkingRobotSim/build/ros2_unitree_legged_msgs' returned '0': CMAKE_PREFIX_PATH=${CMAKE_PREFIX_PATH}:/home/redalexdad/GitHub/WalkingRobotSim/install/ros2_yolo_recognition:/home/redalexdad/GitHub/WalkingRobotSim/install/ros2_odometry:/home/redalexdad/GitHub/WalkingRobotSim/install/ros2_navigation:/home/redalexdad/GitHub/WalkingRobotSim/install/ros2_cartography:/opt/ros/jazzy DEBUGINFOD_URLS=https://debuginfod.ubuntu.com /usr/bin/cmake /home/redalexdad/GitHub/WalkingRobotSim/src/ros2_unitree_legged_msgs -DCMAKE_INSTALL_PREFIX=/home/redalexdad/GitHub/WalkingRobotSim/install/ros2_unitree_legged_msgs
[4.709s] Invoking command in '/home/redalexdad/GitHub/WalkingRobotSim/build/ros2_unitree_legged_msgs': CMAKE_PREFIX_PATH=${CMAKE_PREFIX_PATH}:/home/redalexdad/GitHub/WalkingRobotSim/install/ros2_yolo_recognition:/home/redalexdad/GitHub/WalkingRobotSim/install/ros2_odometry:/home/redalexdad/GitHub/WalkingRobotSim/install/ros2_navigation:/home/redalexdad/GitHub/WalkingRobotSim/install/ros2_cartography:/opt/ros/jazzy DEBUGINFOD_URLS=https://debuginfod.ubuntu.com /usr/bin/cmake --build /home/redalexdad/GitHub/WalkingRobotSim/build/ros2_unitree_legged_msgs -- -j16 -l16
[4.809s] [  1%] Generating type hashes for ROS interfaces
[4.811s] [  1%] Built target ament_cmake_python_copy_ros2_unitree_legged_msgs
[5.095s] running egg_info
[5.096s] creating ros2_unitree_legged_msgs.egg-info
[5.125s] writing ros2_unitree_legged_msgs.egg-info/PKG-INFO
[5.125s] writing dependency_links to ros2_unitree_legged_msgs.egg-info/dependency_links.txt
[5.125s] writing top-level names to ros2_unitree_legged_msgs.egg-info/top_level.txt
[5.125s] writing manifest file 'ros2_unitree_legged_msgs.egg-info/SOURCES.txt'
[5.214s] reading manifest file 'ros2_unitree_legged_msgs.egg-info/SOURCES.txt'
[5.214s] writing manifest file 'ros2_unitree_legged_msgs.egg-info/SOURCES.txt'
[5.266s] [  1%] Built target ament_cmake_python_build_ros2_unitree_legged_msgs_egg
[5.550s] [  1%] Built target ros2_unitree_legged_msgs__rosidl_generator_type_description
[5.572s] [  2%] Generating C code for ROS interfaces
[5.583s] [  2%] Generating C++ code for ROS interfaces
[6.860s] [  2%] Built target ros2_unitree_legged_msgs__cpp
[7.051s] [  2%] Building C object CMakeFiles/ros2_unitree_legged_msgs__rosidl_generator_c.dir/rosidl_generator_c/ros2_unitree_legged_msgs/msg/detail/motor_state__functions.c.o
[7.054s] [  3%] Building C object CMakeFiles/ros2_unitree_legged_msgs__rosidl_generator_c.dir/rosidl_generator_c/ros2_unitree_legged_msgs/msg/detail/bms_cmd__functions.c.o
[7.054s] [  4%] Building C object CMakeFiles/ros2_unitree_legged_msgs__rosidl_generator_c.dir/rosidl_generator_c/ros2_unitree_legged_msgs/msg/detail/motor_cmd__type_support.c.o
[7.057s] [  5%] Building C object CMakeFiles/ros2_unitree_legged_msgs__rosidl_generator_c.dir/rosidl_generator_c/ros2_unitree_legged_msgs/msg/detail/motor_state__description.c.o
[7.057s] [  6%] Building C object CMakeFiles/ros2_unitree_legged_msgs__rosidl_generator_c.dir/rosidl_generator_c/ros2_unitree_legged_msgs/msg/detail/motor_cmd__functions.c.o
[7.057s] [  7%] Building C object CMakeFiles/ros2_unitree_legged_msgs__rosidl_generator_c.dir/rosidl_generator_c/ros2_unitree_legged_msgs/msg/detail/motor_state__type_support.c.o
[7.058s] [  7%] Building C object CMakeFiles/ros2_unitree_legged_msgs__rosidl_generator_c.dir/rosidl_generator_c/ros2_unitree_legged_msgs/msg/detail/motor_cmd__description.c.o
[7.065s] [  8%] Building C object CMakeFiles/ros2_unitree_legged_msgs__rosidl_generator_c.dir/rosidl_generator_c/ros2_unitree_legged_msgs/msg/detail/bms_state__description.c.o
[7.066s] [  9%] Building C object CMakeFiles/ros2_unitree_legged_msgs__rosidl_generator_c.dir/rosidl_generator_c/ros2_unitree_legged_msgs/msg/detail/bms_state__type_support.c.o
[7.066s] [  9%] Building C object CMakeFiles/ros2_unitree_legged_msgs__rosidl_generator_c.dir/rosidl_generator_c/ros2_unitree_legged_msgs/msg/detail/bms_cmd__type_support.c.o
[7.073s] [ 10%] Building C object CMakeFiles/ros2_unitree_legged_msgs__rosidl_generator_c.dir/rosidl_generator_c/ros2_unitree_legged_msgs/msg/detail/cartesian__description.c.o
[7.073s] [ 10%] Building C object CMakeFiles/ros2_unitree_legged_msgs__rosidl_generator_c.dir/rosidl_generator_c/ros2_unitree_legged_msgs/msg/detail/bms_state__functions.c.o
[7.073s] [ 11%] Building C object CMakeFiles/ros2_unitree_legged_msgs__rosidl_generator_c.dir/rosidl_generator_c/ros2_unitree_legged_msgs/msg/detail/bms_cmd__description.c.o
[7.077s] [ 12%] Building C object CMakeFiles/ros2_unitree_legged_msgs__rosidl_generator_c.dir/rosidl_generator_c/ros2_unitree_legged_msgs/msg/detail/imu__description.c.o
[7.079s] [ 13%] Building C object CMakeFiles/ros2_unitree_legged_msgs__rosidl_generator_c.dir/rosidl_generator_c/ros2_unitree_legged_msgs/msg/detail/cartesian__functions.c.o
[7.083s] [ 14%] Building C object CMakeFiles/ros2_unitree_legged_msgs__rosidl_generator_c.dir/rosidl_generator_c/ros2_unitree_legged_msgs/msg/detail/cartesian__type_support.c.o
[7.135s] [ 15%] Building C object CMakeFiles/ros2_unitree_legged_msgs__rosidl_generator_c.dir/rosidl_generator_c/ros2_unitree_legged_msgs/msg/detail/led__description.c.o
[7.147s] [ 15%] Building C object CMakeFiles/ros2_unitree_legged_msgs__rosidl_generator_c.dir/rosidl_generator_c/ros2_unitree_legged_msgs/msg/detail/imu__functions.c.o
[7.157s] [ 16%] Building C object CMakeFiles/ros2_unitree_legged_msgs__rosidl_generator_c.dir/rosidl_generator_c/ros2_unitree_legged_msgs/msg/detail/imu__type_support.c.o
[7.164s] [ 17%] Building C object CMakeFiles/ros2_unitree_legged_msgs__rosidl_generator_c.dir/rosidl_generator_c/ros2_unitree_legged_msgs/msg/detail/led__functions.c.o
[7.166s] [ 18%] Building C object CMakeFiles/ros2_unitree_legged_msgs__rosidl_generator_c.dir/rosidl_generator_c/ros2_unitree_legged_msgs/msg/detail/low_cmd__functions.c.o
[7.170s] [ 18%] Building C object CMakeFiles/ros2_unitree_legged_msgs__rosidl_generator_c.dir/rosidl_generator_c/ros2_unitree_legged_msgs/msg/detail/led__type_support.c.o
[7.173s] [ 19%] Building C object CMakeFiles/ros2_unitree_legged_msgs__rosidl_generator_c.dir/rosidl_generator_c/ros2_unitree_legged_msgs/msg/detail/low_cmd__description.c.o
[7.175s] [ 20%] Building C object CMakeFiles/ros2_unitree_legged_msgs__rosidl_generator_c.dir/rosidl_generator_c/ros2_unitree_legged_msgs/msg/detail/low_cmd__type_support.c.o
[7.179s] [ 20%] Building C object CMakeFiles/ros2_unitree_legged_msgs__rosidl_generator_c.dir/rosidl_generator_c/ros2_unitree_legged_msgs/msg/detail/low_state__description.c.o
[7.184s] [ 21%] Building C object CMakeFiles/ros2_unitree_legged_msgs__rosidl_generator_c.dir/rosidl_generator_c/ros2_unitree_legged_msgs/msg/detail/low_state__functions.c.o
[7.192s] [ 22%] Building C object CMakeFiles/ros2_unitree_legged_msgs__rosidl_generator_c.dir/rosidl_generator_c/ros2_unitree_legged_msgs/msg/detail/high_cmd__description.c.o
[7.194s] [ 22%] Building C object CMakeFiles/ros2_unitree_legged_msgs__rosidl_generator_c.dir/rosidl_generator_c/ros2_unitree_legged_msgs/msg/detail/high_cmd__functions.c.o
[7.196s] [ 23%] Building C object CMakeFiles/ros2_unitree_legged_msgs__rosidl_generator_c.dir/rosidl_generator_c/ros2_unitree_legged_msgs/msg/detail/low_state__type_support.c.o
[7.210s] [ 24%] Building C object CMakeFiles/ros2_unitree_legged_msgs__rosidl_generator_c.dir/rosidl_generator_c/ros2_unitree_legged_msgs/msg/detail/high_cmd__type_support.c.o
[7.222s] [ 25%] Building C object CMakeFiles/ros2_unitree_legged_msgs__rosidl_generator_c.dir/rosidl_generator_c/ros2_unitree_legged_msgs/msg/detail/high_state__description.c.o
[7.225s] [ 26%] Building C object CMakeFiles/ros2_unitree_legged_msgs__rosidl_generator_c.dir/rosidl_generator_c/ros2_unitree_legged_msgs/msg/detail/high_state__functions.c.o
[7.253s] [ 26%] Building C object CMakeFiles/ros2_unitree_legged_msgs__rosidl_generator_c.dir/rosidl_generator_c/ros2_unitree_legged_msgs/msg/detail/high_state__type_support.c.o
[7.367s] [ 27%] Linking C shared library libros2_unitree_legged_msgs__rosidl_generator_c.so
[7.462s] [ 27%] Built target ros2_unitree_legged_msgs__rosidl_generator_c
[7.479s] [ 27%] Generating C++ type support dispatch for ROS interfaces
[7.481s] [ 28%] Generating C introspection for ROS interfaces
[7.481s] [ 28%] Generating C type support for eProsima Fast-RTPS
[7.482s] [ 29%] Generating C++ introspection for ROS interfaces
[7.484s] [ 30%] Generating C type support dispatch for ROS interfaces
[7.485s] [ 31%] Generating C++ type support for eProsima Fast-RTPS
[9.139s] [ 32%] Building CXX object CMakeFiles/ros2_unitree_legged_msgs__rosidl_typesupport_cpp.dir/rosidl_typesupport_cpp/ros2_unitree_legged_msgs/msg/imu__type_support.cpp.o
[9.139s] [ 32%] Building CXX object CMakeFiles/ros2_unitree_legged_msgs__rosidl_typesupport_cpp.dir/rosidl_typesupport_cpp/ros2_unitree_legged_msgs/msg/bms_state__type_support.cpp.o
[9.142s] [ 34%] Building CXX object CMakeFiles/ros2_unitree_legged_msgs__rosidl_typesupport_cpp.dir/rosidl_typesupport_cpp/ros2_unitree_legged_msgs/msg/cartesian__type_support.cpp.o
[9.148s] [ 35%] Building CXX object CMakeFiles/ros2_unitree_legged_msgs__rosidl_typesupport_cpp.dir/rosidl_typesupport_cpp/ros2_unitree_legged_msgs/msg/bms_cmd__type_support.cpp.o
[9.148s] [ 35%] Building CXX object CMakeFiles/ros2_unitree_legged_msgs__rosidl_typesupport_cpp.dir/rosidl_typesupport_cpp/ros2_unitree_legged_msgs/msg/motor_cmd__type_support.cpp.o
[9.151s] [ 35%] Building CXX object CMakeFiles/ros2_unitree_legged_msgs__rosidl_typesupport_cpp.dir/rosidl_typesupport_cpp/ros2_unitree_legged_msgs/msg/led__type_support.cpp.o
[9.153s] [ 36%] Building CXX object CMakeFiles/ros2_unitree_legged_msgs__rosidl_typesupport_cpp.dir/rosidl_typesupport_cpp/ros2_unitree_legged_msgs/msg/high_state__type_support.cpp.o
[9.158s] [ 36%] Building CXX object CMakeFiles/ros2_unitree_legged_msgs__rosidl_typesupport_cpp.dir/rosidl_typesupport_cpp/ros2_unitree_legged_msgs/msg/motor_state__type_support.cpp.o
[9.158s] [ 38%] Building CXX object CMakeFiles/ros2_unitree_legged_msgs__rosidl_typesupport_cpp.dir/rosidl_typesupport_cpp/ros2_unitree_legged_msgs/msg/low_cmd__type_support.cpp.o
[9.159s] [ 37%] Building CXX object CMakeFiles/ros2_unitree_legged_msgs__rosidl_typesupport_cpp.dir/rosidl_typesupport_cpp/ros2_unitree_legged_msgs/msg/low_state__type_support.cpp.o
[9.162s] [ 39%] Building CXX object CMakeFiles/ros2_unitree_legged_msgs__rosidl_typesupport_cpp.dir/rosidl_typesupport_cpp/ros2_unitree_legged_msgs/msg/high_cmd__type_support.cpp.o
[9.220s] [ 39%] Building CXX object CMakeFiles/ros2_unitree_legged_msgs__rosidl_typesupport_c.dir/rosidl_typesupport_c/ros2_unitree_legged_msgs/msg/motor_cmd__type_support.cpp.o
[9.383s] [ 40%] Building CXX object CMakeFiles/ros2_unitree_legged_msgs__rosidl_typesupport_c.dir/rosidl_typesupport_c/ros2_unitree_legged_msgs/msg/motor_state__type_support.cpp.o
[9.517s] [ 41%] Building CXX object CMakeFiles/ros2_unitree_legged_msgs__rosidl_typesupport_c.dir/rosidl_typesupport_c/ros2_unitree_legged_msgs/msg/bms_cmd__type_support.cpp.o
[9.684s] [ 42%] Building CXX object CMakeFiles/ros2_unitree_legged_msgs__rosidl_typesupport_c.dir/rosidl_typesupport_c/ros2_unitree_legged_msgs/msg/bms_state__type_support.cpp.o
[9.902s] [ 42%] Building CXX object CMakeFiles/ros2_unitree_legged_msgs__rosidl_typesupport_c.dir/rosidl_typesupport_c/ros2_unitree_legged_msgs/msg/cartesian__type_support.cpp.o
[9.993s] [ 43%] Building CXX object CMakeFiles/ros2_unitree_legged_msgs__rosidl_typesupport_c.dir/rosidl_typesupport_c/ros2_unitree_legged_msgs/msg/imu__type_support.cpp.o
[10.071s] [ 44%] Building CXX object CMakeFiles/ros2_unitree_legged_msgs__rosidl_typesupport_c.dir/rosidl_typesupport_c/ros2_unitree_legged_msgs/msg/led__type_support.cpp.o
[10.101s] [ 45%] Building CXX object CMakeFiles/ros2_unitree_legged_msgs__rosidl_typesupport_c.dir/rosidl_typesupport_c/ros2_unitree_legged_msgs/msg/low_cmd__type_support.cpp.o
[10.187s] [ 46%] Building CXX object CMakeFiles/ros2_unitree_legged_msgs__rosidl_typesupport_c.dir/rosidl_typesupport_c/ros2_unitree_legged_msgs/msg/high_cmd__type_support.cpp.o
[10.193s] [ 46%] Building CXX object CMakeFiles/ros2_unitree_legged_msgs__rosidl_typesupport_c.dir/rosidl_typesupport_c/ros2_unitree_legged_msgs/msg/low_state__type_support.cpp.o
[10.200s] [ 47%] Building CXX object CMakeFiles/ros2_unitree_legged_msgs__rosidl_typesupport_c.dir/rosidl_typesupport_c/ros2_unitree_legged_msgs/msg/high_state__type_support.cpp.o
[10.310s] [ 48%] Building CXX object CMakeFiles/ros2_unitree_legged_msgs__rosidl_typesupport_introspection_cpp.dir/rosidl_typesupport_introspection_cpp/ros2_unitree_legged_msgs/msg/detail/motor_cmd__type_support.cpp.o
[10.337s] [ 49%] Building CXX object CMakeFiles/ros2_unitree_legged_msgs__rosidl_typesupport_introspection_cpp.dir/rosidl_typesupport_introspection_cpp/ros2_unitree_legged_msgs/msg/detail/motor_state__type_support.cpp.o
[10.337s] [ 50%] Building CXX object CMakeFiles/ros2_unitree_legged_msgs__rosidl_typesupport_introspection_cpp.dir/rosidl_typesupport_introspection_cpp/ros2_unitree_legged_msgs/msg/detail/bms_state__type_support.cpp.o
[10.337s] [ 51%] Building CXX object CMakeFiles/ros2_unitree_legged_msgs__rosidl_typesupport_introspection_cpp.dir/rosidl_typesupport_introspection_cpp/ros2_unitree_legged_msgs/msg/detail/cartesian__type_support.cpp.o
[10.354s] [ 52%] Building CXX object CMakeFiles/ros2_unitree_legged_msgs__rosidl_typesupport_introspection_cpp.dir/rosidl_typesupport_introspection_cpp/ros2_unitree_legged_msgs/msg/detail/imu__type_support.cpp.o
[10.361s] [ 52%] Building CXX object CMakeFiles/ros2_unitree_legged_msgs__rosidl_typesupport_introspection_cpp.dir/rosidl_typesupport_introspection_cpp/ros2_unitree_legged_msgs/msg/detail/bms_cmd__type_support.cpp.o
[10.363s] [ 52%] Building CXX object CMakeFiles/ros2_unitree_legged_msgs__rosidl_typesupport_introspection_cpp.dir/rosidl_typesupport_introspection_cpp/ros2_unitree_legged_msgs/msg/detail/led__type_support.cpp.o
[10.365s] [ 53%] Building C object CMakeFiles/ros2_unitree_legged_msgs__rosidl_typesupport_introspection_c.dir/rosidl_typesupport_introspection_c/ros2_unitree_legged_msgs/msg/detail/motor_cmd__type_support.c.o
[10.378s] [ 54%] Linking CXX shared library libros2_unitree_legged_msgs__rosidl_typesupport_cpp.so
[10.378s] [ 55%] Building C object CMakeFiles/ros2_unitree_legged_msgs__rosidl_typesupport_introspection_c.dir/rosidl_typesupport_introspection_c/ros2_unitree_legged_msgs/msg/detail/motor_state__type_support.c.o
[10.390s] [ 56%] Building CXX object CMakeFiles/ros2_unitree_legged_msgs__rosidl_typesupport_introspection_cpp.dir/rosidl_typesupport_introspection_cpp/ros2_unitree_legged_msgs/msg/detail/low_cmd__type_support.cpp.o
[10.390s] [ 57%] Building C object CMakeFiles/ros2_unitree_legged_msgs__rosidl_typesupport_introspection_c.dir/rosidl_typesupport_introspection_c/ros2_unitree_legged_msgs/msg/detail/bms_cmd__type_support.c.o
[10.391s] [ 58%] Building CXX object CMakeFiles/ros2_unitree_legged_msgs__rosidl_typesupport_introspection_cpp.dir/rosidl_typesupport_introspection_cpp/ros2_unitree_legged_msgs/msg/detail/low_state__type_support.cpp.o
[10.412s] [ 59%] Linking CXX shared library libros2_unitree_legged_msgs__rosidl_typesupport_c.so
[10.449s] [ 60%] Building CXX object CMakeFiles/ros2_unitree_legged_msgs__rosidl_typesupport_fastrtps_c.dir/rosidl_typesupport_fastrtps_c/ros2_unitree_legged_msgs/msg/detail/motor_cmd__type_support_c.cpp.o
[10.482s] [ 60%] Building CXX object CMakeFiles/ros2_unitree_legged_msgs__rosidl_typesupport_fastrtps_cpp.dir/rosidl_typesupport_fastrtps_cpp/ros2_unitree_legged_msgs/msg/detail/dds_fastrtps/motor_cmd__type_support.cpp.o
[10.548s] [ 60%] Building C object CMakeFiles/ros2_unitree_legged_msgs__rosidl_typesupport_introspection_c.dir/rosidl_typesupport_introspection_c/ros2_unitree_legged_msgs/msg/detail/bms_state__type_support.c.o
[10.563s] [ 61%] Building C object CMakeFiles/ros2_unitree_legged_msgs__rosidl_typesupport_introspection_c.dir/rosidl_typesupport_introspection_c/ros2_unitree_legged_msgs/msg/detail/cartesian__type_support.c.o
[10.611s] [ 62%] Building C object CMakeFiles/ros2_unitree_legged_msgs__rosidl_typesupport_introspection_c.dir/rosidl_typesupport_introspection_c/ros2_unitree_legged_msgs/msg/detail/imu__type_support.c.o
[10.638s] [ 62%] Built target ros2_unitree_legged_msgs__rosidl_typesupport_cpp
[10.695s] [ 62%] Building CXX object CMakeFiles/ros2_unitree_legged_msgs__rosidl_typesupport_fastrtps_c.dir/rosidl_typesupport_fastrtps_c/ros2_unitree_legged_msgs/msg/detail/motor_state__type_support_c.cpp.o
[10.714s] [ 62%] Built target ros2_unitree_legged_msgs__rosidl_typesupport_c
[10.722s] [ 63%] Building C object CMakeFiles/ros2_unitree_legged_msgs__rosidl_typesupport_introspection_c.dir/rosidl_typesupport_introspection_c/ros2_unitree_legged_msgs/msg/detail/led__type_support.c.o
[10.765s] [ 63%] Building C object CMakeFiles/ros2_unitree_legged_msgs__rosidl_typesupport_introspection_c.dir/rosidl_typesupport_introspection_c/ros2_unitree_legged_msgs/msg/detail/low_cmd__type_support.c.o
[10.788s] [ 64%] Building CXX object CMakeFiles/ros2_unitree_legged_msgs__rosidl_typesupport_introspection_cpp.dir/rosidl_typesupport_introspection_cpp/ros2_unitree_legged_msgs/msg/detail/high_cmd__type_support.cpp.o
[10.870s] [ 65%] Building CXX object CMakeFiles/ros2_unitree_legged_msgs__rosidl_typesupport_fastrtps_cpp.dir/rosidl_typesupport_fastrtps_cpp/ros2_unitree_legged_msgs/msg/detail/dds_fastrtps/motor_state__type_support.cpp.o
[10.913s] [ 66%] Building CXX object CMakeFiles/ros2_unitree_legged_msgs__rosidl_typesupport_fastrtps_c.dir/rosidl_typesupport_fastrtps_c/ros2_unitree_legged_msgs/msg/detail/bms_cmd__type_support_c.cpp.o
[10.950s] [ 67%] Building C object CMakeFiles/ros2_unitree_legged_msgs__rosidl_typesupport_introspection_c.dir/rosidl_typesupport_introspection_c/ros2_unitree_legged_msgs/msg/detail/low_state__type_support.c.o
[11.150s] [ 67%] Building CXX object CMakeFiles/ros2_unitree_legged_msgs__rosidl_typesupport_introspection_cpp.dir/rosidl_typesupport_introspection_cpp/ros2_unitree_legged_msgs/msg/detail/high_state__type_support.cpp.o
[11.183s] [ 68%] Building C object CMakeFiles/ros2_unitree_legged_msgs__rosidl_typesupport_introspection_c.dir/rosidl_typesupport_introspection_c/ros2_unitree_legged_msgs/msg/detail/high_cmd__type_support.c.o
[11.277s] [ 69%] Building CXX object CMakeFiles/ros2_unitree_legged_msgs__rosidl_typesupport_fastrtps_c.dir/rosidl_typesupport_fastrtps_c/ros2_unitree_legged_msgs/msg/detail/bms_state__type_support_c.cpp.o
[11.285s] [ 70%] Building C object CMakeFiles/ros2_unitree_legged_msgs__rosidl_typesupport_introspection_c.dir/rosidl_typesupport_introspection_c/ros2_unitree_legged_msgs/msg/detail/high_state__type_support.c.o
[11.546s] [ 71%] Building CXX object CMakeFiles/ros2_unitree_legged_msgs__rosidl_typesupport_fastrtps_c.dir/rosidl_typesupport_fastrtps_c/ros2_unitree_legged_msgs/msg/detail/cartesian__type_support_c.cpp.o
[11.601s] [ 71%] Building CXX object CMakeFiles/ros2_unitree_legged_msgs__rosidl_typesupport_fastrtps_c.dir/rosidl_typesupport_fastrtps_c/ros2_unitree_legged_msgs/msg/detail/imu__type_support_c.cpp.o
[11.711s] [ 71%] Linking C shared library libros2_unitree_legged_msgs__rosidl_typesupport_introspection_c.so
[11.838s] [ 72%] Building CXX object CMakeFiles/ros2_unitree_legged_msgs__rosidl_typesupport_fastrtps_c.dir/rosidl_typesupport_fastrtps_c/ros2_unitree_legged_msgs/msg/detail/led__type_support_c.cpp.o
[11.841s] [ 73%] Building CXX object CMakeFiles/ros2_unitree_legged_msgs__rosidl_typesupport_fastrtps_c.dir/rosidl_typesupport_fastrtps_c/ros2_unitree_legged_msgs/msg/detail/low_cmd__type_support_c.cpp.o
[11.850s] [ 74%] Building CXX object CMakeFiles/ros2_unitree_legged_msgs__rosidl_typesupport_fastrtps_cpp.dir/rosidl_typesupport_fastrtps_cpp/ros2_unitree_legged_msgs/msg/detail/dds_fastrtps/bms_cmd__type_support.cpp.o
[11.925s] [ 74%] Built target ros2_unitree_legged_msgs__rosidl_typesupport_introspection_c
[11.997s] [ 75%] Building CXX object CMakeFiles/ros2_unitree_legged_msgs__rosidl_typesupport_fastrtps_cpp.dir/rosidl_typesupport_fastrtps_cpp/ros2_unitree_legged_msgs/msg/detail/dds_fastrtps/bms_state__type_support.cpp.o
[12.073s] [ 75%] Building CXX object CMakeFiles/ros2_unitree_legged_msgs__rosidl_typesupport_fastrtps_cpp.dir/rosidl_typesupport_fastrtps_cpp/ros2_unitree_legged_msgs/msg/detail/dds_fastrtps/cartesian__type_support.cpp.o
[12.169s] [ 76%] Building CXX object CMakeFiles/ros2_unitree_legged_msgs__rosidl_typesupport_fastrtps_c.dir/rosidl_typesupport_fastrtps_c/ros2_unitree_legged_msgs/msg/detail/low_state__type_support_c.cpp.o
[12.204s] [ 76%] Building CXX object CMakeFiles/ros2_unitree_legged_msgs__rosidl_typesupport_fastrtps_c.dir/rosidl_typesupport_fastrtps_c/ros2_unitree_legged_msgs/msg/detail/high_cmd__type_support_c.cpp.o
[12.371s] [ 77%] Building CXX object CMakeFiles/ros2_unitree_legged_msgs__rosidl_typesupport_fastrtps_c.dir/rosidl_typesupport_fastrtps_c/ros2_unitree_legged_msgs/msg/detail/high_state__type_support_c.cpp.o
[12.395s] [ 78%] Building CXX object CMakeFiles/ros2_unitree_legged_msgs__rosidl_typesupport_fastrtps_cpp.dir/rosidl_typesupport_fastrtps_cpp/ros2_unitree_legged_msgs/msg/detail/dds_fastrtps/imu__type_support.cpp.o
[13.110s] [ 79%] Building CXX object CMakeFiles/ros2_unitree_legged_msgs__rosidl_typesupport_fastrtps_cpp.dir/rosidl_typesupport_fastrtps_cpp/ros2_unitree_legged_msgs/msg/detail/dds_fastrtps/led__type_support.cpp.o
[13.253s] [ 80%] Building CXX object CMakeFiles/ros2_unitree_legged_msgs__rosidl_typesupport_fastrtps_cpp.dir/rosidl_typesupport_fastrtps_cpp/ros2_unitree_legged_msgs/msg/detail/dds_fastrtps/high_cmd__type_support.cpp.o
[13.265s] [ 80%] Building CXX object CMakeFiles/ros2_unitree_legged_msgs__rosidl_typesupport_fastrtps_cpp.dir/rosidl_typesupport_fastrtps_cpp/ros2_unitree_legged_msgs/msg/detail/dds_fastrtps/low_state__type_support.cpp.o
[13.281s] [ 81%] Building CXX object CMakeFiles/ros2_unitree_legged_msgs__rosidl_typesupport_fastrtps_cpp.dir/rosidl_typesupport_fastrtps_cpp/ros2_unitree_legged_msgs/msg/detail/dds_fastrtps/low_cmd__type_support.cpp.o
[13.357s] [ 82%] Building CXX object CMakeFiles/ros2_unitree_legged_msgs__rosidl_typesupport_fastrtps_cpp.dir/rosidl_typesupport_fastrtps_cpp/ros2_unitree_legged_msgs/msg/detail/dds_fastrtps/high_state__type_support.cpp.o
[13.368s] [ 83%] Linking CXX shared library libros2_unitree_legged_msgs__rosidl_typesupport_introspection_cpp.so
[13.973s] [ 83%] Built target ros2_unitree_legged_msgs__rosidl_typesupport_introspection_cpp
[14.878s] [ 84%] Linking CXX shared library libros2_unitree_legged_msgs__rosidl_typesupport_fastrtps_c.so
[15.024s] [ 84%] Built target ros2_unitree_legged_msgs__rosidl_typesupport_fastrtps_c
[15.240s] [ 85%] Linking CXX shared library libros2_unitree_legged_msgs__rosidl_typesupport_fastrtps_cpp.so
[15.389s] [ 85%] Built target ros2_unitree_legged_msgs__rosidl_typesupport_fastrtps_cpp
[15.426s] [ 85%] Built target ros2_unitree_legged_msgs
[15.456s] [ 86%] Generating Python code for ROS interfaces
[17.382s] [ 86%] Built target ros2_unitree_legged_msgs__py
[17.417s] [ 89%] Building C object CMakeFiles/ros2_unitree_legged_msgs__rosidl_generator_py.dir/rosidl_generator_py/ros2_unitree_legged_msgs/msg/_imu_s.c.o
[17.417s] [ 89%] Building C object CMakeFiles/ros2_unitree_legged_msgs__rosidl_generator_py.dir/rosidl_generator_py/ros2_unitree_legged_msgs/msg/_motor_cmd_s.c.o
[17.417s] [ 89%] Building C object CMakeFiles/ros2_unitree_legged_msgs__rosidl_generator_py.dir/rosidl_generator_py/ros2_unitree_legged_msgs/msg/_bms_state_s.c.o
[17.419s] [ 89%] Building C object CMakeFiles/ros2_unitree_legged_msgs__rosidl_generator_py.dir/rosidl_generator_py/ros2_unitree_legged_msgs/msg/_led_s.c.o
[17.423s] [ 89%] Building C object CMakeFiles/ros2_unitree_legged_msgs__rosidl_generator_py.dir/rosidl_generator_py/ros2_unitree_legged_msgs/msg/_bms_cmd_s.c.o
[17.424s] [ 90%] Building C object CMakeFiles/ros2_unitree_legged_msgs__rosidl_generator_py.dir/rosidl_generator_py/ros2_unitree_legged_msgs/msg/_motor_state_s.c.o
[17.426s] [ 91%] Building C object CMakeFiles/ros2_unitree_legged_msgs__rosidl_generator_py.dir/rosidl_generator_py/ros2_unitree_legged_msgs/msg/_cartesian_s.c.o
[17.433s] [ 92%] Building C object CMakeFiles/ros2_unitree_legged_msgs__rosidl_generator_py.dir/rosidl_generator_py/ros2_unitree_legged_msgs/msg/_low_cmd_s.c.o
[17.437s] [ 92%] Building C object CMakeFiles/ros2_unitree_legged_msgs__rosidl_generator_py.dir/rosidl_generator_py/ros2_unitree_legged_msgs/msg/_high_state_s.c.o
[17.441s] [ 93%] Building C object CMakeFiles/ros2_unitree_legged_msgs__rosidl_generator_py.dir/rosidl_generator_py/ros2_unitree_legged_msgs/msg/_low_state_s.c.o
[17.448s] [ 94%] Building C object CMakeFiles/ros2_unitree_legged_msgs__rosidl_generator_py.dir/rosidl_generator_py/ros2_unitree_legged_msgs/msg/_high_cmd_s.c.o
[17.847s] [ 95%] Linking C shared library libros2_unitree_legged_msgs__rosidl_generator_py.so
[17.934s] [ 95%] Built target ros2_unitree_legged_msgs__rosidl_generator_py
[17.964s] [ 97%] Building C object CMakeFiles/ros2_unitree_legged_msgs_s__rosidl_typesupport_fastrtps_c.dir/rosidl_generator_py/ros2_unitree_legged_msgs/_ros2_unitree_legged_msgs_s.ep.rosidl_typesupport_fastrtps_c.c.o
[17.964s] [ 97%] Building C object CMakeFiles/ros2_unitree_legged_msgs_s__rosidl_typesupport_c.dir/rosidl_generator_py/ros2_unitree_legged_msgs/_ros2_unitree_legged_msgs_s.ep.rosidl_typesupport_c.c.o
[17.964s] [ 97%] Building C object CMakeFiles/ros2_unitree_legged_msgs_s__rosidl_typesupport_introspection_c.dir/rosidl_generator_py/ros2_unitree_legged_msgs/_ros2_unitree_legged_msgs_s.ep.rosidl_typesupport_introspection_c.c.o
[18.109s] [ 98%] Linking C shared module rosidl_generator_py/ros2_unitree_legged_msgs/ros2_unitree_legged_msgs_s__rosidl_typesupport_introspection_c.so
[18.113s] [ 99%] Linking C shared module rosidl_generator_py/ros2_unitree_legged_msgs/ros2_unitree_legged_msgs_s__rosidl_typesupport_fastrtps_c.so
[18.114s] [100%] Linking C shared module rosidl_generator_py/ros2_unitree_legged_msgs/ros2_unitree_legged_msgs_s__rosidl_typesupport_c.so
[18.151s] [100%] Built target ros2_unitree_legged_msgs_s__rosidl_typesupport_introspection_c
[18.156s] [100%] Built target ros2_unitree_legged_msgs_s__rosidl_typesupport_fastrtps_c
[18.156s] [100%] Built target ros2_unitree_legged_msgs_s__rosidl_typesupport_c
[18.175s] Invoked command in '/home/redalexdad/GitHub/WalkingRobotSim/build/ros2_unitree_legged_msgs' returned '0': CMAKE_PREFIX_PATH=${CMAKE_PREFIX_PATH}:/home/redalexdad/GitHub/WalkingRobotSim/install/ros2_yolo_recognition:/home/redalexdad/GitHub/WalkingRobotSim/install/ros2_odometry:/home/redalexdad/GitHub/WalkingRobotSim/install/ros2_navigation:/home/redalexdad/GitHub/WalkingRobotSim/install/ros2_cartography:/opt/ros/jazzy DEBUGINFOD_URLS=https://debuginfod.ubuntu.com /usr/bin/cmake --build /home/redalexdad/GitHub/WalkingRobotSim/build/ros2_unitree_legged_msgs -- -j16 -l16
[18.176s] Invoking command in '/home/redalexdad/GitHub/WalkingRobotSim/build/ros2_unitree_legged_msgs': CMAKE_PREFIX_PATH=${CMAKE_PREFIX_PATH}:/home/redalexdad/GitHub/WalkingRobotSim/install/ros2_yolo_recognition:/home/redalexdad/GitHub/WalkingRobotSim/install/ros2_odometry:/home/redalexdad/GitHub/WalkingRobotSim/install/ros2_navigation:/home/redalexdad/GitHub/WalkingRobotSim/install/ros2_cartography:/opt/ros/jazzy DEBUGINFOD_URLS=https://debuginfod.ubuntu.com /usr/bin/cmake --install /home/redalexdad/GitHub/WalkingRobotSim/build/ros2_unitree_legged_msgs
[18.188s] -- Install configuration: ""
[18.188s] -- Installing: /home/redalexdad/GitHub/WalkingRobotSim/install/ros2_unitree_legged_msgs/share/ament_index/resource_index/rosidl_interfaces/ros2_unitree_legged_msgs
[18.189s] -- Installing: /home/redalexdad/GitHub/WalkingRobotSim/install/ros2_unitree_legged_msgs/share/ros2_unitree_legged_msgs/msg/MotorCmd.json
[18.189s] -- Installing: /home/redalexdad/GitHub/WalkingRobotSim/install/ros2_unitree_legged_msgs/share/ros2_unitree_legged_msgs/msg/MotorState.json
[18.189s] -- Installing: /home/redalexdad/GitHub/WalkingRobotSim/install/ros2_unitree_legged_msgs/share/ros2_unitree_legged_msgs/msg/BmsCmd.json
[18.189s] -- Installing: /home/redalexdad/GitHub/WalkingRobotSim/install/ros2_unitree_legged_msgs/share/ros2_unitree_legged_msgs/msg/BmsState.json
[18.189s] -- Installing: /home/redalexdad/GitHub/WalkingRobotSim/install/ros2_unitree_legged_msgs/share/ros2_unitree_legged_msgs/msg/Cartesian.json
[18.189s] -- Installing: /home/redalexdad/GitHub/WalkingRobotSim/install/ros2_unitree_legged_msgs/share/ros2_unitree_legged_msgs/msg/IMU.json
[18.190s] -- Installing: /home/redalexdad/GitHub/WalkingRobotSim/install/ros2_unitree_legged_msgs/share/ros2_unitree_legged_msgs/msg/LED.json
[18.190s] -- Installing: /home/redalexdad/GitHub/WalkingRobotSim/install/ros2_unitree_legged_msgs/share/ros2_unitree_legged_msgs/msg/LowCmd.json
[18.190s] -- Installing: /home/redalexdad/GitHub/WalkingRobotSim/install/ros2_unitree_legged_msgs/share/ros2_unitree_legged_msgs/msg/LowState.json
[18.190s] -- Installing: /home/redalexdad/GitHub/WalkingRobotSim/install/ros2_unitree_legged_msgs/share/ros2_unitree_legged_msgs/msg/HighCmd.json
[18.190s] -- Installing: /home/redalexdad/GitHub/WalkingRobotSim/install/ros2_unitree_legged_msgs/share/ros2_unitree_legged_msgs/msg/HighState.json
[18.190s] -- Installing: /home/redalexdad/GitHub/WalkingRobotSim/install/ros2_unitree_legged_msgs/include/ros2_unitree_legged_msgs/ros2_unitree_legged_msgs
[18.190s] -- Installing: /home/redalexdad/GitHub/WalkingRobotSim/install/ros2_unitree_legged_msgs/include/ros2_unitree_legged_msgs/ros2_unitree_legged_msgs/msg
[18.190s] -- Installing: /home/redalexdad/GitHub/WalkingRobotSim/install/ros2_unitree_legged_msgs/include/ros2_unitree_legged_msgs/ros2_unitree_legged_msgs/msg/motor_cmd.h
[18.191s] -- Installing: /home/redalexdad/GitHub/WalkingRobotSim/install/ros2_unitree_legged_msgs/include/ros2_unitree_legged_msgs/ros2_unitree_legged_msgs/msg/low_cmd.h
[18.191s] -- Installing: /home/redalexdad/GitHub/WalkingRobotSim/install/ros2_unitree_legged_msgs/include/ros2_unitree_legged_msgs/ros2_unitree_legged_msgs/msg/imu.h
[18.191s] -- Installing: /home/redalexdad/GitHub/WalkingRobotSim/install/ros2_unitree_legged_msgs/include/ros2_unitree_legged_msgs/ros2_unitree_legged_msgs/msg/bms_state.h
[18.191s] -- Installing: /home/redalexdad/GitHub/WalkingRobotSim/install/ros2_unitree_legged_msgs/include/ros2_unitree_legged_msgs/ros2_unitree_legged_msgs/msg/rosidl_generator_c__visibility_control.h
[18.191s] -- Installing: /home/redalexdad/GitHub/WalkingRobotSim/install/ros2_unitree_legged_msgs/include/ros2_unitree_legged_msgs/ros2_unitree_legged_msgs/msg/high_state.h
[18.192s] -- Installing: /home/redalexdad/GitHub/WalkingRobotSim/install/ros2_unitree_legged_msgs/include/ros2_unitree_legged_msgs/ros2_unitree_legged_msgs/msg/high_cmd.h
[18.192s] -- Installing: /home/redalexdad/GitHub/WalkingRobotSim/install/ros2_unitree_legged_msgs/include/ros2_unitree_legged_msgs/ros2_unitree_legged_msgs/msg/detail
[18.193s] -- Installing: /home/redalexdad/GitHub/WalkingRobotSim/install/ros2_unitree_legged_msgs/include/ros2_unitree_legged_msgs/ros2_unitree_legged_msgs/msg/detail/cartesian__functions.c
[18.193s] -- Installing: /home/redalexdad/GitHub/WalkingRobotSim/install/ros2_unitree_legged_msgs/include/ros2_unitree_legged_msgs/ros2_unitree_legged_msgs/msg/detail/motor_cmd__description.c
[18.193s] -- Installing: /home/redalexdad/GitHub/WalkingRobotSim/install/ros2_unitree_legged_msgs/include/ros2_unitree_legged_msgs/ros2_unitree_legged_msgs/msg/detail/bms_state__struct.h
[18.193s] -- Installing: /home/redalexdad/GitHub/WalkingRobotSim/install/ros2_unitree_legged_msgs/include/ros2_unitree_legged_msgs/ros2_unitree_legged_msgs/msg/detail/high_state__functions.h
[18.193s] -- Installing: /home/redalexdad/GitHub/WalkingRobotSim/install/ros2_unitree_legged_msgs/include/ros2_unitree_legged_msgs/ros2_unitree_legged_msgs/msg/detail/cartesian__type_support.c
[18.194s] -- Installing: /home/redalexdad/GitHub/WalkingRobotSim/install/ros2_unitree_legged_msgs/include/ros2_unitree_legged_msgs/ros2_unitree_legged_msgs/msg/detail/motor_cmd__type_support.h
[18.196s] -- Installing: /home/redalexdad/GitHub/WalkingRobotSim/install/ros2_unitree_legged_msgs/include/ros2_unitree_legged_msgs/ros2_unitree_legged_msgs/msg/detail/low_cmd__struct.h
[18.197s] -- Installing: /home/redalexdad/GitHub/WalkingRobotSim/install/ros2_unitree_legged_msgs/include/ros2_unitree_legged_msgs/ros2_unitree_legged_msgs/msg/detail/high_state__struct.h
[18.197s] -- Installing: /home/redalexdad/GitHub/WalkingRobotSim/install/ros2_unitree_legged_msgs/include/ros2_unitree_legged_msgs/ros2_unitree_legged_msgs/msg/detail/bms_cmd__type_support.h
[18.197s] -- Installing: /home/redalexdad/GitHub/WalkingRobotSim/install/ros2_unitree_legged_msgs/include/ros2_unitree_legged_msgs/ros2_unitree_legged_msgs/msg/detail/high_cmd__functions.c
[18.198s] -- Installing: /home/redalexdad/GitHub/WalkingRobotSim/install/ros2_unitree_legged_msgs/include/ros2_unitree_legged_msgs/ros2_unitree_legged_msgs/msg/detail/imu__struct.h
[18.198s] -- Installing: /home/redalexdad/GitHub/WalkingRobotSim/install/ros2_unitree_legged_msgs/include/ros2_unitree_legged_msgs/ros2_unitree_legged_msgs/msg/detail/motor_state__functions.h
[18.198s] -- Installing: /home/redalexdad/GitHub/WalkingRobotSim/install/ros2_unitree_legged_msgs/include/ros2_unitree_legged_msgs/ros2_unitree_legged_msgs/msg/detail/high_cmd__struct.h
[18.198s] -- Installing: /home/redalexdad/GitHub/WalkingRobotSim/install/ros2_unitree_legged_msgs/include/ros2_unitree_legged_msgs/ros2_unitree_legged_msgs/msg/detail/imu__type_support.c
[18.198s] -- Installing: /home/redalexdad/GitHub/WalkingRobotSim/install/ros2_unitree_legged_msgs/include/ros2_unitree_legged_msgs/ros2_unitree_legged_msgs/msg/detail/low_cmd__type_support.c
[18.199s] -- Installing: /home/redalexdad/GitHub/WalkingRobotSim/install/ros2_unitree_legged_msgs/include/ros2_unitree_legged_msgs/ros2_unitree_legged_msgs/msg/detail/led__functions.c
[18.199s] -- Installing: /home/redalexdad/GitHub/WalkingRobotSim/install/ros2_unitree_legged_msgs/include/ros2_unitree_legged_msgs/ros2_unitree_legged_msgs/msg/detail/bms_state__functions.c
[18.200s] -- Installing: /home/redalexdad/GitHub/WalkingRobotSim/install/ros2_unitree_legged_msgs/include/ros2_unitree_legged_msgs/ros2_unitree_legged_msgs/msg/detail/low_state__type_support.c
[18.200s] -- Installing: /home/redalexdad/GitHub/WalkingRobotSim/install/ros2_unitree_legged_msgs/include/ros2_unitree_legged_msgs/ros2_unitree_legged_msgs/msg/detail/high_cmd__functions.h
[18.200s] -- Installing: /home/redalexdad/GitHub/WalkingRobotSim/install/ros2_unitree_legged_msgs/include/ros2_unitree_legged_msgs/ros2_unitree_legged_msgs/msg/detail/cartesian__struct.h
[18.201s] -- Installing: /home/redalexdad/GitHub/WalkingRobotSim/install/ros2_unitree_legged_msgs/include/ros2_unitree_legged_msgs/ros2_unitree_legged_msgs/msg/detail/bms_cmd__functions.h
[18.201s] -- Installing: /home/redalexdad/GitHub/WalkingRobotSim/install/ros2_unitree_legged_msgs/include/ros2_unitree_legged_msgs/ros2_unitree_legged_msgs/msg/detail/low_cmd__functions.h
[18.202s] -- Installing: /home/redalexdad/GitHub/WalkingRobotSim/install/ros2_unitree_legged_msgs/include/ros2_unitree_legged_msgs/ros2_unitree_legged_msgs/msg/detail/low_cmd__functions.c
[18.202s] -- Installing: /home/redalexdad/GitHub/WalkingRobotSim/install/ros2_unitree_legged_msgs/include/ros2_unitree_legged_msgs/ros2_unitree_legged_msgs/msg/detail/imu__functions.c
[18.202s] -- Installing: /home/redalexdad/GitHub/WalkingRobotSim/install/ros2_unitree_legged_msgs/include/ros2_unitree_legged_msgs/ros2_unitree_legged_msgs/msg/detail/led__struct.h
[18.202s] -- Installing: /home/redalexdad/GitHub/WalkingRobotSim/install/ros2_unitree_legged_msgs/include/ros2_unitree_legged_msgs/ros2_unitree_legged_msgs/msg/detail/motor_state__type_support.h
[18.202s] -- Installing: /home/redalexdad/GitHub/WalkingRobotSim/install/ros2_unitree_legged_msgs/include/ros2_unitree_legged_msgs/ros2_unitree_legged_msgs/msg/detail/cartesian__description.c
[18.203s] -- Installing: /home/redalexdad/GitHub/WalkingRobotSim/install/ros2_unitree_legged_msgs/include/ros2_unitree_legged_msgs/ros2_unitree_legged_msgs/msg/detail/motor_state__type_support.c
[18.203s] -- Installing: /home/redalexdad/GitHub/WalkingRobotSim/install/ros2_unitree_legged_msgs/include/ros2_unitree_legged_msgs/ros2_unitree_legged_msgs/msg/detail/led__description.c
[18.203s] -- Installing: /home/redalexdad/GitHub/WalkingRobotSim/install/ros2_unitree_legged_msgs/include/ros2_unitree_legged_msgs/ros2_unitree_legged_msgs/msg/detail/low_state__functions.h
[18.203s] -- Installing: /home/redalexdad/GitHub/WalkingRobotSim/install/ros2_unitree_legged_msgs/include/ros2_unitree_legged_msgs/ros2_unitree_legged_msgs/msg/detail/led__type_support.c
[18.203s] -- Installing: /home/redalexdad/GitHub/WalkingRobotSim/install/ros2_unitree_legged_msgs/include/ros2_unitree_legged_msgs/ros2_unitree_legged_msgs/msg/detail/low_state__struct.h
[18.203s] -- Installing: /home/redalexdad/GitHub/WalkingRobotSim/install/ros2_unitree_legged_msgs/include/ros2_unitree_legged_msgs/ros2_unitree_legged_msgs/msg/detail/led__type_support.h
[18.204s] -- Installing: /home/redalexdad/GitHub/WalkingRobotSim/install/ros2_unitree_legged_msgs/include/ros2_unitree_legged_msgs/ros2_unitree_legged_msgs/msg/detail/high_state__type_support.h
[18.207s] -- Installing: /home/redalexdad/GitHub/WalkingRobotSim/install/ros2_unitree_legged_msgs/include/ros2_unitree_legged_msgs/ros2_unitree_legged_msgs/msg/detail/motor_cmd__functions.h
[18.208s] -- Installing: /home/redalexdad/GitHub/WalkingRobotSim/install/ros2_unitree_legged_msgs/include/ros2_unitree_legged_msgs/ros2_unitree_legged_msgs/msg/detail/imu__type_support.h
[18.209s] -- Installing: /home/redalexdad/GitHub/WalkingRobotSim/install/ros2_unitree_legged_msgs/include/ros2_unitree_legged_msgs/ros2_unitree_legged_msgs/msg/detail/low_state__functions.c
[18.212s] -- Installing: /home/redalexdad/GitHub/WalkingRobotSim/install/ros2_unitree_legged_msgs/include/ros2_unitree_legged_msgs/ros2_unitree_legged_msgs/msg/detail/imu__description.c
[18.212s] -- Installing: /home/redalexdad/GitHub/WalkingRobotSim/install/ros2_unitree_legged_msgs/include/ros2_unitree_legged_msgs/ros2_unitree_legged_msgs/msg/detail/low_cmd__description.c
[18.212s] -- Installing: /home/redalexdad/GitHub/WalkingRobotSim/install/ros2_unitree_legged_msgs/include/ros2_unitree_legged_msgs/ros2_unitree_legged_msgs/msg/detail/motor_cmd__type_support.c
[18.213s] -- Installing: /home/redalexdad/GitHub/WalkingRobotSim/install/ros2_unitree_legged_msgs/include/ros2_unitree_legged_msgs/ros2_unitree_legged_msgs/msg/detail/led__functions.h
[18.213s] -- Installing: /home/redalexdad/GitHub/WalkingRobotSim/install/ros2_unitree_legged_msgs/include/ros2_unitree_legged_msgs/ros2_unitree_legged_msgs/msg/detail/low_state__type_support.h
[18.213s] -- Installing: /home/redalexdad/GitHub/WalkingRobotSim/install/ros2_unitree_legged_msgs/include/ros2_unitree_legged_msgs/ros2_unitree_legged_msgs/msg/detail/low_state__description.c
[18.213s] -- Installing: /home/redalexdad/GitHub/WalkingRobotSim/install/ros2_unitree_legged_msgs/include/ros2_unitree_legged_msgs/ros2_unitree_legged_msgs/msg/detail/imu__functions.h
[18.215s] -- Installing: /home/redalexdad/GitHub/WalkingRobotSim/install/ros2_unitree_legged_msgs/include/ros2_unitree_legged_msgs/ros2_unitree_legged_msgs/msg/detail/high_state__description.c
[18.215s] -- Installing: /home/redalexdad/GitHub/WalkingRobotSim/install/ros2_unitree_legged_msgs/include/ros2_unitree_legged_msgs/ros2_unitree_legged_msgs/msg/detail/bms_cmd__description.c
[18.215s] -- Installing: /home/redalexdad/GitHub/WalkingRobotSim/install/ros2_unitree_legged_msgs/include/ros2_unitree_legged_msgs/ros2_unitree_legged_msgs/msg/detail/bms_cmd__functions.c
[18.216s] -- Installing: /home/redalexdad/GitHub/WalkingRobotSim/install/ros2_unitree_legged_msgs/include/ros2_unitree_legged_msgs/ros2_unitree_legged_msgs/msg/detail/bms_cmd__type_support.c
[18.216s] -- Installing: /home/redalexdad/GitHub/WalkingRobotSim/install/ros2_unitree_legged_msgs/include/ros2_unitree_legged_msgs/ros2_unitree_legged_msgs/msg/detail/low_cmd__type_support.h
[18.216s] -- Installing: /home/redalexdad/GitHub/WalkingRobotSim/install/ros2_unitree_legged_msgs/include/ros2_unitree_legged_msgs/ros2_unitree_legged_msgs/msg/detail/bms_state__functions.h
[18.216s] -- Installing: /home/redalexdad/GitHub/WalkingRobotSim/install/ros2_unitree_legged_msgs/include/ros2_unitree_legged_msgs/ros2_unitree_legged_msgs/msg/detail/bms_state__description.c
[18.217s] -- Installing: /home/redalexdad/GitHub/WalkingRobotSim/install/ros2_unitree_legged_msgs/include/ros2_unitree_legged_msgs/ros2_unitree_legged_msgs/msg/detail/high_cmd__type_support.h
[18.217s] -- Installing: /home/redalexdad/GitHub/WalkingRobotSim/install/ros2_unitree_legged_msgs/include/ros2_unitree_legged_msgs/ros2_unitree_legged_msgs/msg/detail/high_state__functions.c
[18.217s] -- Installing: /home/redalexdad/GitHub/WalkingRobotSim/install/ros2_unitree_legged_msgs/include/ros2_unitree_legged_msgs/ros2_unitree_legged_msgs/msg/detail/high_state__type_support.c
[18.217s] -- Installing: /home/redalexdad/GitHub/WalkingRobotSim/install/ros2_unitree_legged_msgs/include/ros2_unitree_legged_msgs/ros2_unitree_legged_msgs/msg/detail/high_cmd__type_support.c
[18.217s] -- Installing: /home/redalexdad/GitHub/WalkingRobotSim/install/ros2_unitree_legged_msgs/include/ros2_unitree_legged_msgs/ros2_unitree_legged_msgs/msg/detail/motor_cmd__functions.c
[18.217s] -- Installing: /home/redalexdad/GitHub/WalkingRobotSim/install/ros2_unitree_legged_msgs/include/ros2_unitree_legged_msgs/ros2_unitree_legged_msgs/msg/detail/motor_state__struct.h
[18.218s] -- Installing: /home/redalexdad/GitHub/WalkingRobotSim/install/ros2_unitree_legged_msgs/include/ros2_unitree_legged_msgs/ros2_unitree_legged_msgs/msg/detail/motor_state__description.c
[18.218s] -- Installing: /home/redalexdad/GitHub/WalkingRobotSim/install/ros2_unitree_legged_msgs/include/ros2_unitree_legged_msgs/ros2_unitree_legged_msgs/msg/detail/bms_state__type_support.c
[18.220s] -- Installing: /home/redalexdad/GitHub/WalkingRobotSim/install/ros2_unitree_legged_msgs/include/ros2_unitree_legged_msgs/ros2_unitree_legged_msgs/msg/detail/bms_state__type_support.h
[18.221s] -- Installing: /home/redalexdad/GitHub/WalkingRobotSim/install/ros2_unitree_legged_msgs/include/ros2_unitree_legged_msgs/ros2_unitree_legged_msgs/msg/detail/high_cmd__description.c
[18.222s] -- Installing: /home/redalexdad/GitHub/WalkingRobotSim/install/ros2_unitree_legged_msgs/include/ros2_unitree_legged_msgs/ros2_unitree_legged_msgs/msg/detail/bms_cmd__struct.h
[18.222s] -- Installing: /home/redalexdad/GitHub/WalkingRobotSim/install/ros2_unitree_legged_msgs/include/ros2_unitree_legged_msgs/ros2_unitree_legged_msgs/msg/detail/motor_cmd__struct.h
[18.222s] -- Installing: /home/redalexdad/GitHub/WalkingRobotSim/install/ros2_unitree_legged_msgs/include/ros2_unitree_legged_msgs/ros2_unitree_legged_msgs/msg/detail/motor_state__functions.c
[18.223s] -- Installing: /home/redalexdad/GitHub/WalkingRobotSim/install/ros2_unitree_legged_msgs/include/ros2_unitree_legged_msgs/ros2_unitree_legged_msgs/msg/detail/cartesian__type_support.h
[18.223s] -- Installing: /home/redalexdad/GitHub/WalkingRobotSim/install/ros2_unitree_legged_msgs/include/ros2_unitree_legged_msgs/ros2_unitree_legged_msgs/msg/detail/cartesian__functions.h
[18.223s] -- Installing: /home/redalexdad/GitHub/WalkingRobotSim/install/ros2_unitree_legged_msgs/include/ros2_unitree_legged_msgs/ros2_unitree_legged_msgs/msg/led.h
[18.224s] -- Installing: /home/redalexdad/GitHub/WalkingRobotSim/install/ros2_unitree_legged_msgs/include/ros2_unitree_legged_msgs/ros2_unitree_legged_msgs/msg/low_state.h
[18.224s] -- Installing: /home/redalexdad/GitHub/WalkingRobotSim/install/ros2_unitree_legged_msgs/include/ros2_unitree_legged_msgs/ros2_unitree_legged_msgs/msg/cartesian.h
[18.225s] -- Installing: /home/redalexdad/GitHub/WalkingRobotSim/install/ros2_unitree_legged_msgs/include/ros2_unitree_legged_msgs/ros2_unitree_legged_msgs/msg/bms_cmd.h
[18.225s] -- Installing: /home/redalexdad/GitHub/WalkingRobotSim/install/ros2_unitree_legged_msgs/include/ros2_unitree_legged_msgs/ros2_unitree_legged_msgs/msg/motor_state.h
[18.225s] -- Installing: /home/redalexdad/GitHub/WalkingRobotSim/install/ros2_unitree_legged_msgs/share/ros2_unitree_legged_msgs/environment/library_path.sh
[18.225s] -- Installing: /home/redalexdad/GitHub/WalkingRobotSim/install/ros2_unitree_legged_msgs/share/ros2_unitree_legged_msgs/environment/library_path.dsv
[18.225s] -- Installing: /home/redalexdad/GitHub/WalkingRobotSim/install/ros2_unitree_legged_msgs/lib/libros2_unitree_legged_msgs__rosidl_generator_c.so
[18.226s] -- Set non-toolchain portion of runtime path of "/home/redalexdad/GitHub/WalkingRobotSim/install/ros2_unitree_legged_msgs/lib/libros2_unitree_legged_msgs__rosidl_generator_c.so" to ""
[18.226s] -- Up-to-date: /home/redalexdad/GitHub/WalkingRobotSim/install/ros2_unitree_legged_msgs/include/ros2_unitree_legged_msgs/ros2_unitree_legged_msgs
[18.226s] -- Up-to-date: /home/redalexdad/GitHub/WalkingRobotSim/install/ros2_unitree_legged_msgs/include/ros2_unitree_legged_msgs/ros2_unitree_legged_msgs/msg
[18.226s] -- Installing: /home/redalexdad/GitHub/WalkingRobotSim/install/ros2_unitree_legged_msgs/include/ros2_unitree_legged_msgs/ros2_unitree_legged_msgs/msg/rosidl_typesupport_fastrtps_c__visibility_control.h
[18.226s] -- Up-to-date: /home/redalexdad/GitHub/WalkingRobotSim/install/ros2_unitree_legged_msgs/include/ros2_unitree_legged_msgs/ros2_unitree_legged_msgs/msg/detail
[18.226s] -- Installing: /home/redalexdad/GitHub/WalkingRobotSim/install/ros2_unitree_legged_msgs/include/ros2_unitree_legged_msgs/ros2_unitree_legged_msgs/msg/detail/bms_cmd__rosidl_typesupport_fastrtps_c.h
[18.227s] -- Installing: /home/redalexdad/GitHub/WalkingRobotSim/install/ros2_unitree_legged_msgs/include/ros2_unitree_legged_msgs/ros2_unitree_legged_msgs/msg/detail/low_state__rosidl_typesupport_fastrtps_c.h
[18.227s] -- Installing: /home/redalexdad/GitHub/WalkingRobotSim/install/ros2_unitree_legged_msgs/include/ros2_unitree_legged_msgs/ros2_unitree_legged_msgs/msg/detail/high_state__rosidl_typesupport_fastrtps_c.h
[18.232s] -- Installing: /home/redalexdad/GitHub/WalkingRobotSim/install/ros2_unitree_legged_msgs/include/ros2_unitree_legged_msgs/ros2_unitree_legged_msgs/msg/detail/cartesian__rosidl_typesupport_fastrtps_c.h
[18.232s] -- Installing: /home/redalexdad/GitHub/WalkingRobotSim/install/ros2_unitree_legged_msgs/include/ros2_unitree_legged_msgs/ros2_unitree_legged_msgs/msg/detail/bms_state__rosidl_typesupport_fastrtps_c.h
[18.233s] -- Installing: /home/redalexdad/GitHub/WalkingRobotSim/install/ros2_unitree_legged_msgs/include/ros2_unitree_legged_msgs/ros2_unitree_legged_msgs/msg/detail/led__rosidl_typesupport_fastrtps_c.h
[18.234s] -- Installing: /home/redalexdad/GitHub/WalkingRobotSim/install/ros2_unitree_legged_msgs/include/ros2_unitree_legged_msgs/ros2_unitree_legged_msgs/msg/detail/imu__rosidl_typesupport_fastrtps_c.h
[18.235s] -- Installing: /home/redalexdad/GitHub/WalkingRobotSim/install/ros2_unitree_legged_msgs/include/ros2_unitree_legged_msgs/ros2_unitree_legged_msgs/msg/detail/low_cmd__rosidl_typesupport_fastrtps_c.h
[18.237s] -- Installing: /home/redalexdad/GitHub/WalkingRobotSim/install/ros2_unitree_legged_msgs/include/ros2_unitree_legged_msgs/ros2_unitree_legged_msgs/msg/detail/motor_state__rosidl_typesupport_fastrtps_c.h
[18.237s] -- Installing: /home/redalexdad/GitHub/WalkingRobotSim/install/ros2_unitree_legged_msgs/include/ros2_unitree_legged_msgs/ros2_unitree_legged_msgs/msg/detail/motor_cmd__rosidl_typesupport_fastrtps_c.h
[18.237s] -- Installing: /home/redalexdad/GitHub/WalkingRobotSim/install/ros2_unitree_legged_msgs/include/ros2_unitree_legged_msgs/ros2_unitree_legged_msgs/msg/detail/high_cmd__rosidl_typesupport_fastrtps_c.h
[18.238s] -- Installing: /home/redalexdad/GitHub/WalkingRobotSim/install/ros2_unitree_legged_msgs/lib/libros2_unitree_legged_msgs__rosidl_typesupport_fastrtps_c.so
[18.239s] -- Set non-toolchain portion of runtime path of "/home/redalexdad/GitHub/WalkingRobotSim/install/ros2_unitree_legged_msgs/lib/libros2_unitree_legged_msgs__rosidl_typesupport_fastrtps_c.so" to ""
[18.239s] -- Up-to-date: /home/redalexdad/GitHub/WalkingRobotSim/install/ros2_unitree_legged_msgs/include/ros2_unitree_legged_msgs/ros2_unitree_legged_msgs
[18.239s] -- Up-to-date: /home/redalexdad/GitHub/WalkingRobotSim/install/ros2_unitree_legged_msgs/include/ros2_unitree_legged_msgs/ros2_unitree_legged_msgs/msg
[18.239s] -- Installing: /home/redalexdad/GitHub/WalkingRobotSim/install/ros2_unitree_legged_msgs/include/ros2_unitree_legged_msgs/ros2_unitree_legged_msgs/msg/rosidl_typesupport_introspection_c__visibility_control.h
[18.240s] -- Up-to-date: /home/redalexdad/GitHub/WalkingRobotSim/install/ros2_unitree_legged_msgs/include/ros2_unitree_legged_msgs/ros2_unitree_legged_msgs/msg/detail
[18.240s] -- Installing: /home/redalexdad/GitHub/WalkingRobotSim/install/ros2_unitree_legged_msgs/include/ros2_unitree_legged_msgs/ros2_unitree_legged_msgs/msg/detail/cartesian__type_support.c
[18.241s] -- Installing: /home/redalexdad/GitHub/WalkingRobotSim/install/ros2_unitree_legged_msgs/include/ros2_unitree_legged_msgs/ros2_unitree_legged_msgs/msg/detail/imu__type_support.c
[18.245s] -- Installing: /home/redalexdad/GitHub/WalkingRobotSim/install/ros2_unitree_legged_msgs/include/ros2_unitree_legged_msgs/ros2_unitree_legged_msgs/msg/detail/low_cmd__type_support.c
[18.245s] -- Installing: /home/redalexdad/GitHub/WalkingRobotSim/install/ros2_unitree_legged_msgs/include/ros2_unitree_legged_msgs/ros2_unitree_legged_msgs/msg/detail/low_state__type_support.c
[18.245s] -- Installing: /home/redalexdad/GitHub/WalkingRobotSim/install/ros2_unitree_legged_msgs/include/ros2_unitree_legged_msgs/ros2_unitree_legged_msgs/msg/detail/low_state__rosidl_typesupport_introspection_c.h
[18.245s] -- Installing: /home/redalexdad/GitHub/WalkingRobotSim/install/ros2_unitree_legged_msgs/include/ros2_unitree_legged_msgs/ros2_unitree_legged_msgs/msg/detail/low_cmd__rosidl_typesupport_introspection_c.h
[18.246s] -- Installing: /home/redalexdad/GitHub/WalkingRobotSim/install/ros2_unitree_legged_msgs/include/ros2_unitree_legged_msgs/ros2_unitree_legged_msgs/msg/detail/motor_cmd__rosidl_typesupport_introspection_c.h
[18.246s] -- Installing: /home/redalexdad/GitHub/WalkingRobotSim/install/ros2_unitree_legged_msgs/include/ros2_unitree_legged_msgs/ros2_unitree_legged_msgs/msg/detail/motor_state__type_support.c
[18.246s] -- Installing: /home/redalexdad/GitHub/WalkingRobotSim/install/ros2_unitree_legged_msgs/include/ros2_unitree_legged_msgs/ros2_unitree_legged_msgs/msg/detail/led__type_support.c
[18.246s] -- Installing: /home/redalexdad/GitHub/WalkingRobotSim/install/ros2_unitree_legged_msgs/include/ros2_unitree_legged_msgs/ros2_unitree_legged_msgs/msg/detail/motor_cmd__type_support.c
[18.247s] -- Installing: /home/redalexdad/GitHub/WalkingRobotSim/install/ros2_unitree_legged_msgs/include/ros2_unitree_legged_msgs/ros2_unitree_legged_msgs/msg/detail/high_cmd__rosidl_typesupport_introspection_c.h
[18.247s] -- Installing: /home/redalexdad/GitHub/WalkingRobotSim/install/ros2_unitree_legged_msgs/include/ros2_unitree_legged_msgs/ros2_unitree_legged_msgs/msg/detail/imu__rosidl_typesupport_introspection_c.h
[18.247s] -- Installing: /home/redalexdad/GitHub/WalkingRobotSim/install/ros2_unitree_legged_msgs/include/ros2_unitree_legged_msgs/ros2_unitree_legged_msgs/msg/detail/bms_state__rosidl_typesupport_introspection_c.h
[18.248s] -- Installing: /home/redalexdad/GitHub/WalkingRobotSim/install/ros2_unitree_legged_msgs/include/ros2_unitree_legged_msgs/ros2_unitree_legged_msgs/msg/detail/bms_cmd__type_support.c
[18.248s] -- Installing: /home/redalexdad/GitHub/WalkingRobotSim/install/ros2_unitree_legged_msgs/include/ros2_unitree_legged_msgs/ros2_unitree_legged_msgs/msg/detail/high_state__rosidl_typesupport_introspection_c.h
[18.248s] -- Installing: /home/redalexdad/GitHub/WalkingRobotSim/install/ros2_unitree_legged_msgs/include/ros2_unitree_legged_msgs/ros2_unitree_legged_msgs/msg/detail/motor_state__rosidl_typesupport_introspection_c.h
[18.249s] -- Installing: /home/redalexdad/GitHub/WalkingRobotSim/install/ros2_unitree_legged_msgs/include/ros2_unitree_legged_msgs/ros2_unitree_legged_msgs/msg/detail/bms_cmd__rosidl_typesupport_introspection_c.h
[18.249s] -- Installing: /home/redalexdad/GitHub/WalkingRobotSim/install/ros2_unitree_legged_msgs/include/ros2_unitree_legged_msgs/ros2_unitree_legged_msgs/msg/detail/high_state__type_support.c
[18.249s] -- Installing: /home/redalexdad/GitHub/WalkingRobotSim/install/ros2_unitree_legged_msgs/include/ros2_unitree_legged_msgs/ros2_unitree_legged_msgs/msg/detail/high_cmd__type_support.c
[18.251s] -- Installing: /home/redalexdad/GitHub/WalkingRobotSim/install/ros2_unitree_legged_msgs/include/ros2_unitree_legged_msgs/ros2_unitree_legged_msgs/msg/detail/bms_state__type_support.c
[18.252s] -- Installing: /home/redalexdad/GitHub/WalkingRobotSim/install/ros2_unitree_legged_msgs/include/ros2_unitree_legged_msgs/ros2_unitree_legged_msgs/msg/detail/led__rosidl_typesupport_introspection_c.h
[18.252s] -- Installing: /home/redalexdad/GitHub/WalkingRobotSim/install/ros2_unitree_legged_msgs/include/ros2_unitree_legged_msgs/ros2_unitree_legged_msgs/msg/detail/cartesian__rosidl_typesupport_introspection_c.h
[18.252s] -- Installing: /home/redalexdad/GitHub/WalkingRobotSim/install/ros2_unitree_legged_msgs/lib/libros2_unitree_legged_msgs__rosidl_typesupport_introspection_c.so
[18.253s] -- Set non-toolchain portion of runtime path of "/home/redalexdad/GitHub/WalkingRobotSim/install/ros2_unitree_legged_msgs/lib/libros2_unitree_legged_msgs__rosidl_typesupport_introspection_c.so" to ""
[18.253s] -- Installing: /home/redalexdad/GitHub/WalkingRobotSim/install/ros2_unitree_legged_msgs/lib/libros2_unitree_legged_msgs__rosidl_typesupport_c.so
[18.253s] -- Set non-toolchain portion of runtime path of "/home/redalexdad/GitHub/WalkingRobotSim/install/ros2_unitree_legged_msgs/lib/libros2_unitree_legged_msgs__rosidl_typesupport_c.so" to ""
[18.253s] -- Up-to-date: /home/redalexdad/GitHub/WalkingRobotSim/install/ros2_unitree_legged_msgs/include/ros2_unitree_legged_msgs/ros2_unitree_legged_msgs
[18.253s] -- Up-to-date: /home/redalexdad/GitHub/WalkingRobotSim/install/ros2_unitree_legged_msgs/include/ros2_unitree_legged_msgs/ros2_unitree_legged_msgs/msg
[18.253s] -- Installing: /home/redalexdad/GitHub/WalkingRobotSim/install/ros2_unitree_legged_msgs/include/ros2_unitree_legged_msgs/ros2_unitree_legged_msgs/msg/cartesian.hpp
[18.253s] -- Installing: /home/redalexdad/GitHub/WalkingRobotSim/install/ros2_unitree_legged_msgs/include/ros2_unitree_legged_msgs/ros2_unitree_legged_msgs/msg/rosidl_generator_cpp__visibility_control.hpp
[18.254s] -- Installing: /home/redalexdad/GitHub/WalkingRobotSim/install/ros2_unitree_legged_msgs/include/ros2_unitree_legged_msgs/ros2_unitree_legged_msgs/msg/high_cmd.hpp
[18.254s] -- Installing: /home/redalexdad/GitHub/WalkingRobotSim/install/ros2_unitree_legged_msgs/include/ros2_unitree_legged_msgs/ros2_unitree_legged_msgs/msg/bms_cmd.hpp
[18.254s] -- Installing: /home/redalexdad/GitHub/WalkingRobotSim/install/ros2_unitree_legged_msgs/include/ros2_unitree_legged_msgs/ros2_unitree_legged_msgs/msg/motor_state.hpp
[18.254s] -- Installing: /home/redalexdad/GitHub/WalkingRobotSim/install/ros2_unitree_legged_msgs/include/ros2_unitree_legged_msgs/ros2_unitree_legged_msgs/msg/motor_cmd.hpp
[18.254s] -- Installing: /home/redalexdad/GitHub/WalkingRobotSim/install/ros2_unitree_legged_msgs/include/ros2_unitree_legged_msgs/ros2_unitree_legged_msgs/msg/high_state.hpp
[18.255s] -- Installing: /home/redalexdad/GitHub/WalkingRobotSim/install/ros2_unitree_legged_msgs/include/ros2_unitree_legged_msgs/ros2_unitree_legged_msgs/msg/led.hpp
[18.255s] -- Installing: /home/redalexdad/GitHub/WalkingRobotSim/install/ros2_unitree_legged_msgs/include/ros2_unitree_legged_msgs/ros2_unitree_legged_msgs/msg/bms_state.hpp
[18.255s] -- Installing: /home/redalexdad/GitHub/WalkingRobotSim/install/ros2_unitree_legged_msgs/include/ros2_unitree_legged_msgs/ros2_unitree_legged_msgs/msg/imu.hpp
[18.255s] -- Up-to-date: /home/redalexdad/GitHub/WalkingRobotSim/install/ros2_unitree_legged_msgs/include/ros2_unitree_legged_msgs/ros2_unitree_legged_msgs/msg/detail
[18.255s] -- Installing: /home/redalexdad/GitHub/WalkingRobotSim/install/ros2_unitree_legged_msgs/include/ros2_unitree_legged_msgs/ros2_unitree_legged_msgs/msg/detail/imu__builder.hpp
[18.255s] -- Installing: /home/redalexdad/GitHub/WalkingRobotSim/install/ros2_unitree_legged_msgs/include/ros2_unitree_legged_msgs/ros2_unitree_legged_msgs/msg/detail/cartesian__traits.hpp
[18.255s] -- Installing: /home/redalexdad/GitHub/WalkingRobotSim/install/ros2_unitree_legged_msgs/include/ros2_unitree_legged_msgs/ros2_unitree_legged_msgs/msg/detail/high_state__struct.hpp
[18.256s] -- Installing: /home/redalexdad/GitHub/WalkingRobotSim/install/ros2_unitree_legged_msgs/include/ros2_unitree_legged_msgs/ros2_unitree_legged_msgs/msg/detail/bms_state__traits.hpp
[18.256s] -- Installing: /home/redalexdad/GitHub/WalkingRobotSim/install/ros2_unitree_legged_msgs/include/ros2_unitree_legged_msgs/ros2_unitree_legged_msgs/msg/detail/low_cmd__traits.hpp
[18.256s] -- Installing: /home/redalexdad/GitHub/WalkingRobotSim/install/ros2_unitree_legged_msgs/include/ros2_unitree_legged_msgs/ros2_unitree_legged_msgs/msg/detail/cartesian__builder.hpp
[18.256s] -- Installing: /home/redalexdad/GitHub/WalkingRobotSim/install/ros2_unitree_legged_msgs/include/ros2_unitree_legged_msgs/ros2_unitree_legged_msgs/msg/detail/high_cmd__struct.hpp
[18.256s] -- Installing: /home/redalexdad/GitHub/WalkingRobotSim/install/ros2_unitree_legged_msgs/include/ros2_unitree_legged_msgs/ros2_unitree_legged_msgs/msg/detail/motor_state__type_support.hpp
[18.256s] -- Installing: /home/redalexdad/GitHub/WalkingRobotSim/install/ros2_unitree_legged_msgs/include/ros2_unitree_legged_msgs/ros2_unitree_legged_msgs/msg/detail/low_cmd__type_support.hpp
[18.257s] -- Installing: /home/redalexdad/GitHub/WalkingRobotSim/install/ros2_unitree_legged_msgs/include/ros2_unitree_legged_msgs/ros2_unitree_legged_msgs/msg/detail/bms_state__builder.hpp
[18.258s] -- Installing: /home/redalexdad/GitHub/WalkingRobotSim/install/ros2_unitree_legged_msgs/include/ros2_unitree_legged_msgs/ros2_unitree_legged_msgs/msg/detail/led__struct.hpp
[18.258s] -- Installing: /home/redalexdad/GitHub/WalkingRobotSim/install/ros2_unitree_legged_msgs/include/ros2_unitree_legged_msgs/ros2_unitree_legged_msgs/msg/detail/motor_state__traits.hpp
[18.258s] -- Installing: /home/redalexdad/GitHub/WalkingRobotSim/install/ros2_unitree_legged_msgs/include/ros2_unitree_legged_msgs/ros2_unitree_legged_msgs/msg/detail/high_state__builder.hpp
[18.258s] -- Installing: /home/redalexdad/GitHub/WalkingRobotSim/install/ros2_unitree_legged_msgs/include/ros2_unitree_legged_msgs/ros2_unitree_legged_msgs/msg/detail/low_state__type_support.hpp
[18.258s] -- Installing: /home/redalexdad/GitHub/WalkingRobotSim/install/ros2_unitree_legged_msgs/include/ros2_unitree_legged_msgs/ros2_unitree_legged_msgs/msg/detail/high_cmd__builder.hpp
[18.258s] -- Installing: /home/redalexdad/GitHub/WalkingRobotSim/install/ros2_unitree_legged_msgs/include/ros2_unitree_legged_msgs/ros2_unitree_legged_msgs/msg/detail/imu__traits.hpp
[18.258s] -- Installing: /home/redalexdad/GitHub/WalkingRobotSim/install/ros2_unitree_legged_msgs/include/ros2_unitree_legged_msgs/ros2_unitree_legged_msgs/msg/detail/motor_cmd__traits.hpp
[18.258s] -- Installing: /home/redalexdad/GitHub/WalkingRobotSim/install/ros2_unitree_legged_msgs/include/ros2_unitree_legged_msgs/ros2_unitree_legged_msgs/msg/detail/bms_state__struct.hpp
[18.258s] -- Installing: /home/redalexdad/GitHub/WalkingRobotSim/install/ros2_unitree_legged_msgs/include/ros2_unitree_legged_msgs/ros2_unitree_legged_msgs/msg/detail/motor_state__builder.hpp
[18.258s] -- Installing: /home/redalexdad/GitHub/WalkingRobotSim/install/ros2_unitree_legged_msgs/include/ros2_unitree_legged_msgs/ros2_unitree_legged_msgs/msg/detail/bms_cmd__builder.hpp
[18.259s] -- Installing: /home/redalexdad/GitHub/WalkingRobotSim/install/ros2_unitree_legged_msgs/include/ros2_unitree_legged_msgs/ros2_unitree_legged_msgs/msg/detail/low_cmd__builder.hpp
[18.259s] -- Installing: /home/redalexdad/GitHub/WalkingRobotSim/install/ros2_unitree_legged_msgs/include/ros2_unitree_legged_msgs/ros2_unitree_legged_msgs/msg/detail/led__traits.hpp
[18.259s] -- Installing: /home/redalexdad/GitHub/WalkingRobotSim/install/ros2_unitree_legged_msgs/include/ros2_unitree_legged_msgs/ros2_unitree_legged_msgs/msg/detail/bms_cmd__traits.hpp
[18.259s] -- Installing: /home/redalexdad/GitHub/WalkingRobotSim/install/ros2_unitree_legged_msgs/include/ros2_unitree_legged_msgs/ros2_unitree_legged_msgs/msg/detail/motor_cmd__builder.hpp
[18.259s] -- Installing: /home/redalexdad/GitHub/WalkingRobotSim/install/ros2_unitree_legged_msgs/include/ros2_unitree_legged_msgs/ros2_unitree_legged_msgs/msg/detail/imu__struct.hpp
[18.259s] -- Installing: /home/redalexdad/GitHub/WalkingRobotSim/install/ros2_unitree_legged_msgs/include/ros2_unitree_legged_msgs/ros2_unitree_legged_msgs/msg/detail/motor_state__struct.hpp
[18.259s] -- Installing: /home/redalexdad/GitHub/WalkingRobotSim/install/ros2_unitree_legged_msgs/include/ros2_unitree_legged_msgs/ros2_unitree_legged_msgs/msg/detail/motor_cmd__struct.hpp
[18.259s] -- Installing: /home/redalexdad/GitHub/WalkingRobotSim/install/ros2_unitree_legged_msgs/include/ros2_unitree_legged_msgs/ros2_unitree_legged_msgs/msg/detail/imu__type_support.hpp
[18.259s] -- Installing: /home/redalexdad/GitHub/WalkingRobotSim/install/ros2_unitree_legged_msgs/include/ros2_unitree_legged_msgs/ros2_unitree_legged_msgs/msg/detail/led__builder.hpp
[18.259s] -- Installing: /home/redalexdad/GitHub/WalkingRobotSim/install/ros2_unitree_legged_msgs/include/ros2_unitree_legged_msgs/ros2_unitree_legged_msgs/msg/detail/bms_cmd__struct.hpp
[18.260s] -- Installing: /home/redalexdad/GitHub/WalkingRobotSim/install/ros2_unitree_legged_msgs/include/ros2_unitree_legged_msgs/ros2_unitree_legged_msgs/msg/detail/bms_state__type_support.hpp
[18.260s] -- Installing: /home/redalexdad/GitHub/WalkingRobotSim/install/ros2_unitree_legged_msgs/include/ros2_unitree_legged_msgs/ros2_unitree_legged_msgs/msg/detail/high_cmd__type_support.hpp
[18.260s] -- Installing: /home/redalexdad/GitHub/WalkingRobotSim/install/ros2_unitree_legged_msgs/include/ros2_unitree_legged_msgs/ros2_unitree_legged_msgs/msg/detail/bms_cmd__type_support.hpp
[18.260s] -- Installing: /home/redalexdad/GitHub/WalkingRobotSim/install/ros2_unitree_legged_msgs/include/ros2_unitree_legged_msgs/ros2_unitree_legged_msgs/msg/detail/high_cmd__traits.hpp
[18.260s] -- Installing: /home/redalexdad/GitHub/WalkingRobotSim/install/ros2_unitree_legged_msgs/include/ros2_unitree_legged_msgs/ros2_unitree_legged_msgs/msg/detail/low_state__traits.hpp
[18.261s] -- Installing: /home/redalexdad/GitHub/WalkingRobotSim/install/ros2_unitree_legged_msgs/include/ros2_unitree_legged_msgs/ros2_unitree_legged_msgs/msg/detail/cartesian__type_support.hpp
[18.261s] -- Installing: /home/redalexdad/GitHub/WalkingRobotSim/install/ros2_unitree_legged_msgs/include/ros2_unitree_legged_msgs/ros2_unitree_legged_msgs/msg/detail/motor_cmd__type_support.hpp
[18.261s] -- Installing: /home/redalexdad/GitHub/WalkingRobotSim/install/ros2_unitree_legged_msgs/include/ros2_unitree_legged_msgs/ros2_unitree_legged_msgs/msg/detail/led__type_support.hpp
[18.261s] -- Installing: /home/redalexdad/GitHub/WalkingRobotSim/install/ros2_unitree_legged_msgs/include/ros2_unitree_legged_msgs/ros2_unitree_legged_msgs/msg/detail/high_state__traits.hpp
[18.261s] -- Installing: /home/redalexdad/GitHub/WalkingRobotSim/install/ros2_unitree_legged_msgs/include/ros2_unitree_legged_msgs/ros2_unitree_legged_msgs/msg/detail/cartesian__struct.hpp
[18.261s] -- Installing: /home/redalexdad/GitHub/WalkingRobotSim/install/ros2_unitree_legged_msgs/include/ros2_unitree_legged_msgs/ros2_unitree_legged_msgs/msg/detail/low_cmd__struct.hpp
[18.261s] -- Installing: /home/redalexdad/GitHub/WalkingRobotSim/install/ros2_unitree_legged_msgs/include/ros2_unitree_legged_msgs/ros2_unitree_legged_msgs/msg/detail/low_state__builder.hpp
[18.262s] -- Installing: /home/redalexdad/GitHub/WalkingRobotSim/install/ros2_unitree_legged_msgs/include/ros2_unitree_legged_msgs/ros2_unitree_legged_msgs/msg/detail/low_state__struct.hpp
[18.262s] -- Installing: /home/redalexdad/GitHub/WalkingRobotSim/install/ros2_unitree_legged_msgs/include/ros2_unitree_legged_msgs/ros2_unitree_legged_msgs/msg/detail/high_state__type_support.hpp
[18.262s] -- Installing: /home/redalexdad/GitHub/WalkingRobotSim/install/ros2_unitree_legged_msgs/include/ros2_unitree_legged_msgs/ros2_unitree_legged_msgs/msg/low_state.hpp
[18.262s] -- Installing: /home/redalexdad/GitHub/WalkingRobotSim/install/ros2_unitree_legged_msgs/include/ros2_unitree_legged_msgs/ros2_unitree_legged_msgs/msg/low_cmd.hpp
[18.262s] -- Up-to-date: /home/redalexdad/GitHub/WalkingRobotSim/install/ros2_unitree_legged_msgs/include/ros2_unitree_legged_msgs/ros2_unitree_legged_msgs
[18.263s] -- Up-to-date: /home/redalexdad/GitHub/WalkingRobotSim/install/ros2_unitree_legged_msgs/include/ros2_unitree_legged_msgs/ros2_unitree_legged_msgs/msg
[18.263s] -- Installing: /home/redalexdad/GitHub/WalkingRobotSim/install/ros2_unitree_legged_msgs/include/ros2_unitree_legged_msgs/ros2_unitree_legged_msgs/msg/rosidl_typesupport_fastrtps_cpp__visibility_control.h
[18.263s] -- Up-to-date: /home/redalexdad/GitHub/WalkingRobotSim/install/ros2_unitree_legged_msgs/include/ros2_unitree_legged_msgs/ros2_unitree_legged_msgs/msg/detail
[18.263s] -- Installing: /home/redalexdad/GitHub/WalkingRobotSim/install/ros2_unitree_legged_msgs/include/ros2_unitree_legged_msgs/ros2_unitree_legged_msgs/msg/detail/low_cmd__rosidl_typesupport_fastrtps_cpp.hpp
[18.263s] -- Installing: /home/redalexdad/GitHub/WalkingRobotSim/install/ros2_unitree_legged_msgs/include/ros2_unitree_legged_msgs/ros2_unitree_legged_msgs/msg/detail/motor_cmd__rosidl_typesupport_fastrtps_cpp.hpp
[18.263s] -- Installing: /home/redalexdad/GitHub/WalkingRobotSim/install/ros2_unitree_legged_msgs/include/ros2_unitree_legged_msgs/ros2_unitree_legged_msgs/msg/detail/led__rosidl_typesupport_fastrtps_cpp.hpp
[18.264s] -- Installing: /home/redalexdad/GitHub/WalkingRobotSim/install/ros2_unitree_legged_msgs/include/ros2_unitree_legged_msgs/ros2_unitree_legged_msgs/msg/detail/motor_state__rosidl_typesupport_fastrtps_cpp.hpp
[18.264s] -- Installing: /home/redalexdad/GitHub/WalkingRobotSim/install/ros2_unitree_legged_msgs/include/ros2_unitree_legged_msgs/ros2_unitree_legged_msgs/msg/detail/bms_state__rosidl_typesupport_fastrtps_cpp.hpp
[18.264s] -- Installing: /home/redalexdad/GitHub/WalkingRobotSim/install/ros2_unitree_legged_msgs/include/ros2_unitree_legged_msgs/ros2_unitree_legged_msgs/msg/detail/imu__rosidl_typesupport_fastrtps_cpp.hpp
[18.264s] -- Installing: /home/redalexdad/GitHub/WalkingRobotSim/install/ros2_unitree_legged_msgs/include/ros2_unitree_legged_msgs/ros2_unitree_legged_msgs/msg/detail/cartesian__rosidl_typesupport_fastrtps_cpp.hpp
[18.264s] -- Installing: /home/redalexdad/GitHub/WalkingRobotSim/install/ros2_unitree_legged_msgs/include/ros2_unitree_legged_msgs/ros2_unitree_legged_msgs/msg/detail/high_state__rosidl_typesupport_fastrtps_cpp.hpp
[18.264s] -- Installing: /home/redalexdad/GitHub/WalkingRobotSim/install/ros2_unitree_legged_msgs/include/ros2_unitree_legged_msgs/ros2_unitree_legged_msgs/msg/detail/dds_fastrtps
[18.264s] -- Installing: /home/redalexdad/GitHub/WalkingRobotSim/install/ros2_unitree_legged_msgs/include/ros2_unitree_legged_msgs/ros2_unitree_legged_msgs/msg/detail/low_state__rosidl_typesupport_fastrtps_cpp.hpp
[18.264s] -- Installing: /home/redalexdad/GitHub/WalkingRobotSim/install/ros2_unitree_legged_msgs/include/ros2_unitree_legged_msgs/ros2_unitree_legged_msgs/msg/detail/bms_cmd__rosidl_typesupport_fastrtps_cpp.hpp
[18.265s] -- Installing: /home/redalexdad/GitHub/WalkingRobotSim/install/ros2_unitree_legged_msgs/include/ros2_unitree_legged_msgs/ros2_unitree_legged_msgs/msg/detail/high_cmd__rosidl_typesupport_fastrtps_cpp.hpp
[18.265s] -- Installing: /home/redalexdad/GitHub/WalkingRobotSim/install/ros2_unitree_legged_msgs/lib/libros2_unitree_legged_msgs__rosidl_typesupport_fastrtps_cpp.so
[18.265s] -- Set non-toolchain portion of runtime path of "/home/redalexdad/GitHub/WalkingRobotSim/install/ros2_unitree_legged_msgs/lib/libros2_unitree_legged_msgs__rosidl_typesupport_fastrtps_cpp.so" to ""
[18.265s] -- Up-to-date: /home/redalexdad/GitHub/WalkingRobotSim/install/ros2_unitree_legged_msgs/include/ros2_unitree_legged_msgs/ros2_unitree_legged_msgs
[18.265s] -- Up-to-date: /home/redalexdad/GitHub/WalkingRobotSim/install/ros2_unitree_legged_msgs/include/ros2_unitree_legged_msgs/ros2_unitree_legged_msgs/msg
[18.265s] -- Up-to-date: /home/redalexdad/GitHub/WalkingRobotSim/install/ros2_unitree_legged_msgs/include/ros2_unitree_legged_msgs/ros2_unitree_legged_msgs/msg/detail
[18.266s] -- Installing: /home/redalexdad/GitHub/WalkingRobotSim/install/ros2_unitree_legged_msgs/include/ros2_unitree_legged_msgs/ros2_unitree_legged_msgs/msg/detail/motor_state__type_support.cpp
[18.266s] -- Installing: /home/redalexdad/GitHub/WalkingRobotSim/install/ros2_unitree_legged_msgs/include/ros2_unitree_legged_msgs/ros2_unitree_legged_msgs/msg/detail/low_state__type_support.cpp
[18.266s] -- Installing: /home/redalexdad/GitHub/WalkingRobotSim/install/ros2_unitree_legged_msgs/include/ros2_unitree_legged_msgs/ros2_unitree_legged_msgs/msg/detail/cartesian__type_support.cpp
[18.266s] -- Installing: /home/redalexdad/GitHub/WalkingRobotSim/install/ros2_unitree_legged_msgs/include/ros2_unitree_legged_msgs/ros2_unitree_legged_msgs/msg/detail/led__type_support.cpp
[18.266s] -- Installing: /home/redalexdad/GitHub/WalkingRobotSim/install/ros2_unitree_legged_msgs/include/ros2_unitree_legged_msgs/ros2_unitree_legged_msgs/msg/detail/high_state__rosidl_typesupport_introspection_cpp.hpp
[18.266s] -- Installing: /home/redalexdad/GitHub/WalkingRobotSim/install/ros2_unitree_legged_msgs/include/ros2_unitree_legged_msgs/ros2_unitree_legged_msgs/msg/detail/cartesian__rosidl_typesupport_introspection_cpp.hpp
[18.266s] -- Installing: /home/redalexdad/GitHub/WalkingRobotSim/install/ros2_unitree_legged_msgs/include/ros2_unitree_legged_msgs/ros2_unitree_legged_msgs/msg/detail/bms_cmd__rosidl_typesupport_introspection_cpp.hpp
[18.267s] -- Installing: /home/redalexdad/GitHub/WalkingRobotSim/install/ros2_unitree_legged_msgs/include/ros2_unitree_legged_msgs/ros2_unitree_legged_msgs/msg/detail/motor_state__rosidl_typesupport_introspection_cpp.hpp
[18.267s] -- Installing: /home/redalexdad/GitHub/WalkingRobotSim/install/ros2_unitree_legged_msgs/include/ros2_unitree_legged_msgs/ros2_unitree_legged_msgs/msg/detail/imu__rosidl_typesupport_introspection_cpp.hpp
[18.267s] -- Installing: /home/redalexdad/GitHub/WalkingRobotSim/install/ros2_unitree_legged_msgs/include/ros2_unitree_legged_msgs/ros2_unitree_legged_msgs/msg/detail/bms_cmd__type_support.cpp
[18.267s] -- Installing: /home/redalexdad/GitHub/WalkingRobotSim/install/ros2_unitree_legged_msgs/include/ros2_unitree_legged_msgs/ros2_unitree_legged_msgs/msg/detail/high_cmd__rosidl_typesupport_introspection_cpp.hpp
[18.267s] -- Installing: /home/redalexdad/GitHub/WalkingRobotSim/install/ros2_unitree_legged_msgs/include/ros2_unitree_legged_msgs/ros2_unitree_legged_msgs/msg/detail/motor_cmd__rosidl_typesupport_introspection_cpp.hpp
[18.267s] -- Installing: /home/redalexdad/GitHub/WalkingRobotSim/install/ros2_unitree_legged_msgs/include/ros2_unitree_legged_msgs/ros2_unitree_legged_msgs/msg/detail/bms_state__type_support.cpp
[18.267s] -- Installing: /home/redalexdad/GitHub/WalkingRobotSim/install/ros2_unitree_legged_msgs/include/ros2_unitree_legged_msgs/ros2_unitree_legged_msgs/msg/detail/low_cmd__type_support.cpp
[18.269s] -- Installing: /home/redalexdad/GitHub/WalkingRobotSim/install/ros2_unitree_legged_msgs/include/ros2_unitree_legged_msgs/ros2_unitree_legged_msgs/msg/detail/motor_cmd__type_support.cpp
[18.269s] -- Installing: /home/redalexdad/GitHub/WalkingRobotSim/install/ros2_unitree_legged_msgs/include/ros2_unitree_legged_msgs/ros2_unitree_legged_msgs/msg/detail/low_cmd__rosidl_typesupport_introspection_cpp.hpp
[18.269s] -- Installing: /home/redalexdad/GitHub/WalkingRobotSim/install/ros2_unitree_legged_msgs/include/ros2_unitree_legged_msgs/ros2_unitree_legged_msgs/msg/detail/high_state__type_support.cpp
[18.269s] -- Installing: /home/redalexdad/GitHub/WalkingRobotSim/install/ros2_unitree_legged_msgs/include/ros2_unitree_legged_msgs/ros2_unitree_legged_msgs/msg/detail/led__rosidl_typesupport_introspection_cpp.hpp
[18.269s] -- Installing: /home/redalexdad/GitHub/WalkingRobotSim/install/ros2_unitree_legged_msgs/include/ros2_unitree_legged_msgs/ros2_unitree_legged_msgs/msg/detail/bms_state__rosidl_typesupport_introspection_cpp.hpp
[18.269s] -- Installing: /home/redalexdad/GitHub/WalkingRobotSim/install/ros2_unitree_legged_msgs/include/ros2_unitree_legged_msgs/ros2_unitree_legged_msgs/msg/detail/imu__type_support.cpp
[18.269s] -- Installing: /home/redalexdad/GitHub/WalkingRobotSim/install/ros2_unitree_legged_msgs/include/ros2_unitree_legged_msgs/ros2_unitree_legged_msgs/msg/detail/high_cmd__type_support.cpp
[18.269s] -- Installing: /home/redalexdad/GitHub/WalkingRobotSim/install/ros2_unitree_legged_msgs/include/ros2_unitree_legged_msgs/ros2_unitree_legged_msgs/msg/detail/low_state__rosidl_typesupport_introspection_cpp.hpp
[18.269s] -- Installing: /home/redalexdad/GitHub/WalkingRobotSim/install/ros2_unitree_legged_msgs/lib/libros2_unitree_legged_msgs__rosidl_typesupport_introspection_cpp.so
[18.270s] -- Set non-toolchain portion of runtime path of "/home/redalexdad/GitHub/WalkingRobotSim/install/ros2_unitree_legged_msgs/lib/libros2_unitree_legged_msgs__rosidl_typesupport_introspection_cpp.so" to ""
[18.270s] -- Installing: /home/redalexdad/GitHub/WalkingRobotSim/install/ros2_unitree_legged_msgs/lib/libros2_unitree_legged_msgs__rosidl_typesupport_cpp.so
[18.270s] -- Set non-toolchain portion of runtime path of "/home/redalexdad/GitHub/WalkingRobotSim/install/ros2_unitree_legged_msgs/lib/libros2_unitree_legged_msgs__rosidl_typesupport_cpp.so" to ""
[18.270s] -- Installing: /home/redalexdad/GitHub/WalkingRobotSim/install/ros2_unitree_legged_msgs/share/ros2_unitree_legged_msgs/environment/pythonpath.sh
[18.270s] -- Installing: /home/redalexdad/GitHub/WalkingRobotSim/install/ros2_unitree_legged_msgs/share/ros2_unitree_legged_msgs/environment/pythonpath.dsv
[18.271s] -- Installing: /home/redalexdad/GitHub/WalkingRobotSim/install/ros2_unitree_legged_msgs/lib/python3.12/site-packages/ros2_unitree_legged_msgs-0.4.0-py3.12.egg-info
[18.271s] -- Installing: /home/redalexdad/GitHub/WalkingRobotSim/install/ros2_unitree_legged_msgs/lib/python3.12/site-packages/ros2_unitree_legged_msgs-0.4.0-py3.12.egg-info/PKG-INFO
[18.271s] -- Installing: /home/redalexdad/GitHub/WalkingRobotSim/install/ros2_unitree_legged_msgs/lib/python3.12/site-packages/ros2_unitree_legged_msgs-0.4.0-py3.12.egg-info/SOURCES.txt
[18.271s] -- Installing: /home/redalexdad/GitHub/WalkingRobotSim/install/ros2_unitree_legged_msgs/lib/python3.12/site-packages/ros2_unitree_legged_msgs-0.4.0-py3.12.egg-info/top_level.txt
[18.271s] -- Installing: /home/redalexdad/GitHub/WalkingRobotSim/install/ros2_unitree_legged_msgs/lib/python3.12/site-packages/ros2_unitree_legged_msgs-0.4.0-py3.12.egg-info/dependency_links.txt
[18.271s] -- Installing: /home/redalexdad/GitHub/WalkingRobotSim/install/ros2_unitree_legged_msgs/lib/python3.12/site-packages/ros2_unitree_legged_msgs
[18.271s] -- Installing: /home/redalexdad/GitHub/WalkingRobotSim/install/ros2_unitree_legged_msgs/lib/python3.12/site-packages/ros2_unitree_legged_msgs/msg
[18.271s] -- Installing: /home/redalexdad/GitHub/WalkingRobotSim/install/ros2_unitree_legged_msgs/lib/python3.12/site-packages/ros2_unitree_legged_msgs/msg/_bms_state.py
[18.272s] -- Installing: /home/redalexdad/GitHub/WalkingRobotSim/install/ros2_unitree_legged_msgs/lib/python3.12/site-packages/ros2_unitree_legged_msgs/msg/_low_state_s.c
[18.272s] -- Installing: /home/redalexdad/GitHub/WalkingRobotSim/install/ros2_unitree_legged_msgs/lib/python3.12/site-packages/ros2_unitree_legged_msgs/msg/_cartesian_s.c
[18.272s] -- Installing: /home/redalexdad/GitHub/WalkingRobotSim/install/ros2_unitree_legged_msgs/lib/python3.12/site-packages/ros2_unitree_legged_msgs/msg/__init__.py
[18.272s] -- Installing: /home/redalexdad/GitHub/WalkingRobotSim/install/ros2_unitree_legged_msgs/lib/python3.12/site-packages/ros2_unitree_legged_msgs/msg/_high_state_s.c
[18.273s] -- Installing: /home/redalexdad/GitHub/WalkingRobotSim/install/ros2_unitree_legged_msgs/lib/python3.12/site-packages/ros2_unitree_legged_msgs/msg/_low_state.py
[18.273s] -- Installing: /home/redalexdad/GitHub/WalkingRobotSim/install/ros2_unitree_legged_msgs/lib/python3.12/site-packages/ros2_unitree_legged_msgs/msg/_imu_s.c
[18.273s] -- Installing: /home/redalexdad/GitHub/WalkingRobotSim/install/ros2_unitree_legged_msgs/lib/python3.12/site-packages/ros2_unitree_legged_msgs/msg/_imu.py
[18.273s] -- Installing: /home/redalexdad/GitHub/WalkingRobotSim/install/ros2_unitree_legged_msgs/lib/python3.12/site-packages/ros2_unitree_legged_msgs/msg/_high_cmd.py
[18.273s] -- Installing: /home/redalexdad/GitHub/WalkingRobotSim/install/ros2_unitree_legged_msgs/lib/python3.12/site-packages/ros2_unitree_legged_msgs/msg/_high_state.py
[18.273s] -- Installing: /home/redalexdad/GitHub/WalkingRobotSim/install/ros2_unitree_legged_msgs/lib/python3.12/site-packages/ros2_unitree_legged_msgs/msg/_bms_cmd.py
[18.273s] -- Installing: /home/redalexdad/GitHub/WalkingRobotSim/install/ros2_unitree_legged_msgs/lib/python3.12/site-packages/ros2_unitree_legged_msgs/msg/_low_cmd.py
[18.273s] -- Installing: /home/redalexdad/GitHub/WalkingRobotSim/install/ros2_unitree_legged_msgs/lib/python3.12/site-packages/ros2_unitree_legged_msgs/msg/_bms_state_s.c
[18.273s] -- Installing: /home/redalexdad/GitHub/WalkingRobotSim/install/ros2_unitree_legged_msgs/lib/python3.12/site-packages/ros2_unitree_legged_msgs/msg/_motor_cmd_s.c
[18.273s] -- Installing: /home/redalexdad/GitHub/WalkingRobotSim/install/ros2_unitree_legged_msgs/lib/python3.12/site-packages/ros2_unitree_legged_msgs/msg/_high_cmd_s.c
[18.274s] -- Installing: /home/redalexdad/GitHub/WalkingRobotSim/install/ros2_unitree_legged_msgs/lib/python3.12/site-packages/ros2_unitree_legged_msgs/msg/_led_s.c
[18.274s] -- Installing: /home/redalexdad/GitHub/WalkingRobotSim/install/ros2_unitree_legged_msgs/lib/python3.12/site-packages/ros2_unitree_legged_msgs/msg/_motor_cmd.py
[18.274s] -- Installing: /home/redalexdad/GitHub/WalkingRobotSim/install/ros2_unitree_legged_msgs/lib/python3.12/site-packages/ros2_unitree_legged_msgs/msg/_cartesian.py
[18.275s] -- Installing: /home/redalexdad/GitHub/WalkingRobotSim/install/ros2_unitree_legged_msgs/lib/python3.12/site-packages/ros2_unitree_legged_msgs/msg/_led.py
[18.275s] -- Installing: /home/redalexdad/GitHub/WalkingRobotSim/install/ros2_unitree_legged_msgs/lib/python3.12/site-packages/ros2_unitree_legged_msgs/msg/_motor_state.py
[18.275s] -- Installing: /home/redalexdad/GitHub/WalkingRobotSim/install/ros2_unitree_legged_msgs/lib/python3.12/site-packages/ros2_unitree_legged_msgs/msg/_motor_state_s.c
[18.275s] -- Installing: /home/redalexdad/GitHub/WalkingRobotSim/install/ros2_unitree_legged_msgs/lib/python3.12/site-packages/ros2_unitree_legged_msgs/msg/_low_cmd_s.c
[18.275s] -- Installing: /home/redalexdad/GitHub/WalkingRobotSim/install/ros2_unitree_legged_msgs/lib/python3.12/site-packages/ros2_unitree_legged_msgs/msg/_bms_cmd_s.c
[18.275s] -- Installing: /home/redalexdad/GitHub/WalkingRobotSim/install/ros2_unitree_legged_msgs/lib/python3.12/site-packages/ros2_unitree_legged_msgs/__init__.py
[18.275s] -- Installing: /home/redalexdad/GitHub/WalkingRobotSim/install/ros2_unitree_legged_msgs/lib/python3.12/site-packages/ros2_unitree_legged_msgs/_ros2_unitree_legged_msgs_s.ep.rosidl_typesupport_introspection_c.c
[18.275s] -- Installing: /home/redalexdad/GitHub/WalkingRobotSim/install/ros2_unitree_legged_msgs/lib/python3.12/site-packages/ros2_unitree_legged_msgs/ros2_unitree_legged_msgs_s__rosidl_typesupport_fastrtps_c.so
[18.276s] -- Installing: /home/redalexdad/GitHub/WalkingRobotSim/install/ros2_unitree_legged_msgs/lib/python3.12/site-packages/ros2_unitree_legged_msgs/_ros2_unitree_legged_msgs_s.ep.rosidl_typesupport_fastrtps_c.c
[18.276s] -- Installing: /home/redalexdad/GitHub/WalkingRobotSim/install/ros2_unitree_legged_msgs/lib/python3.12/site-packages/ros2_unitree_legged_msgs/ros2_unitree_legged_msgs_s__rosidl_typesupport_introspection_c.so
[18.276s] -- Installing: /home/redalexdad/GitHub/WalkingRobotSim/install/ros2_unitree_legged_msgs/lib/python3.12/site-packages/ros2_unitree_legged_msgs/ros2_unitree_legged_msgs_s__rosidl_typesupport_c.so
[18.276s] -- Installing: /home/redalexdad/GitHub/WalkingRobotSim/install/ros2_unitree_legged_msgs/lib/python3.12/site-packages/ros2_unitree_legged_msgs/_ros2_unitree_legged_msgs_s.ep.rosidl_typesupport_c.c
[18.315s] Listing '/home/redalexdad/GitHub/WalkingRobotSim/install/ros2_unitree_legged_msgs/lib/python3.12/site-packages/ros2_unitree_legged_msgs'...
[18.315s] Compiling '/home/redalexdad/GitHub/WalkingRobotSim/install/ros2_unitree_legged_msgs/lib/python3.12/site-packages/ros2_unitree_legged_msgs/__init__.py'...
[18.315s] Listing '/home/redalexdad/GitHub/WalkingRobotSim/install/ros2_unitree_legged_msgs/lib/python3.12/site-packages/ros2_unitree_legged_msgs/msg'...
[18.315s] Compiling '/home/redalexdad/GitHub/WalkingRobotSim/install/ros2_unitree_legged_msgs/lib/python3.12/site-packages/ros2_unitree_legged_msgs/msg/__init__.py'...
[18.315s] Compiling '/home/redalexdad/GitHub/WalkingRobotSim/install/ros2_unitree_legged_msgs/lib/python3.12/site-packages/ros2_unitree_legged_msgs/msg/_bms_cmd.py'...
[18.315s] Compiling '/home/redalexdad/GitHub/WalkingRobotSim/install/ros2_unitree_legged_msgs/lib/python3.12/site-packages/ros2_unitree_legged_msgs/msg/_bms_state.py'...
[18.315s] Compiling '/home/redalexdad/GitHub/WalkingRobotSim/install/ros2_unitree_legged_msgs/lib/python3.12/site-packages/ros2_unitree_legged_msgs/msg/_cartesian.py'...
[18.315s] Compiling '/home/redalexdad/GitHub/WalkingRobotSim/install/ros2_unitree_legged_msgs/lib/python3.12/site-packages/ros2_unitree_legged_msgs/msg/_high_cmd.py'...
[18.315s] Compiling '/home/redalexdad/GitHub/WalkingRobotSim/install/ros2_unitree_legged_msgs/lib/python3.12/site-packages/ros2_unitree_legged_msgs/msg/_high_state.py'...
[18.315s] Compiling '/home/redalexdad/GitHub/WalkingRobotSim/install/ros2_unitree_legged_msgs/lib/python3.12/site-packages/ros2_unitree_legged_msgs/msg/_imu.py'...
[18.315s] Compiling '/home/redalexdad/GitHub/WalkingRobotSim/install/ros2_unitree_legged_msgs/lib/python3.12/site-packages/ros2_unitree_legged_msgs/msg/_led.py'...
[18.315s] Compiling '/home/redalexdad/GitHub/WalkingRobotSim/install/ros2_unitree_legged_msgs/lib/python3.12/site-packages/ros2_unitree_legged_msgs/msg/_low_cmd.py'...
[18.316s] Compiling '/home/redalexdad/GitHub/WalkingRobotSim/install/ros2_unitree_legged_msgs/lib/python3.12/site-packages/ros2_unitree_legged_msgs/msg/_low_state.py'...
[18.316s] Compiling '/home/redalexdad/GitHub/WalkingRobotSim/install/ros2_unitree_legged_msgs/lib/python3.12/site-packages/ros2_unitree_legged_msgs/msg/_motor_cmd.py'...
[18.316s] Compiling '/home/redalexdad/GitHub/WalkingRobotSim/install/ros2_unitree_legged_msgs/lib/python3.12/site-packages/ros2_unitree_legged_msgs/msg/_motor_state.py'...
[18.322s] -- Installing: /home/redalexdad/GitHub/WalkingRobotSim/install/ros2_unitree_legged_msgs/lib/python3.12/site-packages/ros2_unitree_legged_msgs/ros2_unitree_legged_msgs_s__rosidl_typesupport_fastrtps_c.so
[18.324s] -- Set non-toolchain portion of runtime path of "/home/redalexdad/GitHub/WalkingRobotSim/install/ros2_unitree_legged_msgs/lib/python3.12/site-packages/ros2_unitree_legged_msgs/ros2_unitree_legged_msgs_s__rosidl_typesupport_fastrtps_c.so" to ""
[18.324s] -- Installing: /home/redalexdad/GitHub/WalkingRobotSim/install/ros2_unitree_legged_msgs/lib/python3.12/site-packages/ros2_unitree_legged_msgs/ros2_unitree_legged_msgs_s__rosidl_typesupport_introspection_c.so
[18.325s] -- Set non-toolchain portion of runtime path of "/home/redalexdad/GitHub/WalkingRobotSim/install/ros2_unitree_legged_msgs/lib/python3.12/site-packages/ros2_unitree_legged_msgs/ros2_unitree_legged_msgs_s__rosidl_typesupport_introspection_c.so" to ""
[18.325s] -- Installing: /home/redalexdad/GitHub/WalkingRobotSim/install/ros2_unitree_legged_msgs/lib/python3.12/site-packages/ros2_unitree_legged_msgs/ros2_unitree_legged_msgs_s__rosidl_typesupport_c.so
[18.325s] -- Set non-toolchain portion of runtime path of "/home/redalexdad/GitHub/WalkingRobotSim/install/ros2_unitree_legged_msgs/lib/python3.12/site-packages/ros2_unitree_legged_msgs/ros2_unitree_legged_msgs_s__rosidl_typesupport_c.so" to ""
[18.326s] -- Installing: /home/redalexdad/GitHub/WalkingRobotSim/install/ros2_unitree_legged_msgs/lib/libros2_unitree_legged_msgs__rosidl_generator_py.so
[18.326s] -- Set non-toolchain portion of runtime path of "/home/redalexdad/GitHub/WalkingRobotSim/install/ros2_unitree_legged_msgs/lib/libros2_unitree_legged_msgs__rosidl_generator_py.so" to ""
[18.326s] -- Installing: /home/redalexdad/GitHub/WalkingRobotSim/install/ros2_unitree_legged_msgs/share/ros2_unitree_legged_msgs/msg/MotorCmd.idl
[18.327s] -- Installing: /home/redalexdad/GitHub/WalkingRobotSim/install/ros2_unitree_legged_msgs/share/ros2_unitree_legged_msgs/msg/MotorState.idl
[18.327s] -- Installing: /home/redalexdad/GitHub/WalkingRobotSim/install/ros2_unitree_legged_msgs/share/ros2_unitree_legged_msgs/msg/BmsCmd.idl
[18.327s] -- Installing: /home/redalexdad/GitHub/WalkingRobotSim/install/ros2_unitree_legged_msgs/share/ros2_unitree_legged_msgs/msg/BmsState.idl
[18.327s] -- Installing: /home/redalexdad/GitHub/WalkingRobotSim/install/ros2_unitree_legged_msgs/share/ros2_unitree_legged_msgs/msg/Cartesian.idl
[18.327s] -- Installing: /home/redalexdad/GitHub/WalkingRobotSim/install/ros2_unitree_legged_msgs/share/ros2_unitree_legged_msgs/msg/IMU.idl
[18.327s] -- Installing: /home/redalexdad/GitHub/WalkingRobotSim/install/ros2_unitree_legged_msgs/share/ros2_unitree_legged_msgs/msg/LED.idl
[18.328s] -- Installing: /home/redalexdad/GitHub/WalkingRobotSim/install/ros2_unitree_legged_msgs/share/ros2_unitree_legged_msgs/msg/LowCmd.idl
[18.328s] -- Installing: /home/redalexdad/GitHub/WalkingRobotSim/install/ros2_unitree_legged_msgs/share/ros2_unitree_legged_msgs/msg/LowState.idl
[18.328s] -- Installing: /home/redalexdad/GitHub/WalkingRobotSim/install/ros2_unitree_legged_msgs/share/ros2_unitree_legged_msgs/msg/HighCmd.idl
[18.328s] -- Installing: /home/redalexdad/GitHub/WalkingRobotSim/install/ros2_unitree_legged_msgs/share/ros2_unitree_legged_msgs/msg/HighState.idl
[18.328s] -- Installing: /home/redalexdad/GitHub/WalkingRobotSim/install/ros2_unitree_legged_msgs/share/ros2_unitree_legged_msgs/msg/MotorCmd.msg
[18.329s] -- Installing: /home/redalexdad/GitHub/WalkingRobotSim/install/ros2_unitree_legged_msgs/share/ros2_unitree_legged_msgs/msg/MotorState.msg
[18.329s] -- Installing: /home/redalexdad/GitHub/WalkingRobotSim/install/ros2_unitree_legged_msgs/share/ros2_unitree_legged_msgs/msg/BmsCmd.msg
[18.329s] -- Installing: /home/redalexdad/GitHub/WalkingRobotSim/install/ros2_unitree_legged_msgs/share/ros2_unitree_legged_msgs/msg/BmsState.msg
[18.329s] -- Installing: /home/redalexdad/GitHub/WalkingRobotSim/install/ros2_unitree_legged_msgs/share/ros2_unitree_legged_msgs/msg/Cartesian.msg
[18.329s] -- Installing: /home/redalexdad/GitHub/WalkingRobotSim/install/ros2_unitree_legged_msgs/share/ros2_unitree_legged_msgs/msg/IMU.msg
[18.329s] -- Installing: /home/redalexdad/GitHub/WalkingRobotSim/install/ros2_unitree_legged_msgs/share/ros2_unitree_legged_msgs/msg/LED.msg
[18.330s] -- Installing: /home/redalexdad/GitHub/WalkingRobotSim/install/ros2_unitree_legged_msgs/share/ros2_unitree_legged_msgs/msg/LowCmd.msg
[18.330s] -- Installing: /home/redalexdad/GitHub/WalkingRobotSim/install/ros2_unitree_legged_msgs/share/ros2_unitree_legged_msgs/msg/LowState.msg
[18.330s] -- Installing: /home/redalexdad/GitHub/WalkingRobotSim/install/ros2_unitree_legged_msgs/share/ros2_unitree_legged_msgs/msg/HighCmd.msg
[18.330s] -- Installing: /home/redalexdad/GitHub/WalkingRobotSim/install/ros2_unitree_legged_msgs/share/ros2_unitree_legged_msgs/msg/HighState.msg
[18.331s] -- Installing: /home/redalexdad/GitHub/WalkingRobotSim/install/ros2_unitree_legged_msgs/share/ament_index/resource_index/package_run_dependencies/ros2_unitree_legged_msgs
[18.331s] -- Installing: /home/redalexdad/GitHub/WalkingRobotSim/install/ros2_unitree_legged_msgs/share/ament_index/resource_index/parent_prefix_path/ros2_unitree_legged_msgs
[18.332s] -- Installing: /home/redalexdad/GitHub/WalkingRobotSim/install/ros2_unitree_legged_msgs/share/ros2_unitree_legged_msgs/environment/ament_prefix_path.sh
[18.332s] -- Installing: /home/redalexdad/GitHub/WalkingRobotSim/install/ros2_unitree_legged_msgs/share/ros2_unitree_legged_msgs/environment/ament_prefix_path.dsv
[18.332s] -- Installing: /home/redalexdad/GitHub/WalkingRobotSim/install/ros2_unitree_legged_msgs/share/ros2_unitree_legged_msgs/environment/path.sh
[18.332s] -- Installing: /home/redalexdad/GitHub/WalkingRobotSim/install/ros2_unitree_legged_msgs/share/ros2_unitree_legged_msgs/environment/path.dsv
[18.332s] -- Installing: /home/redalexdad/GitHub/WalkingRobotSim/install/ros2_unitree_legged_msgs/share/ros2_unitree_legged_msgs/local_setup.bash
[18.333s] -- Installing: /home/redalexdad/GitHub/WalkingRobotSim/install/ros2_unitree_legged_msgs/share/ros2_unitree_legged_msgs/local_setup.sh
[18.333s] -- Installing: /home/redalexdad/GitHub/WalkingRobotSim/install/ros2_unitree_legged_msgs/share/ros2_unitree_legged_msgs/local_setup.zsh
[18.333s] -- Installing: /home/redalexdad/GitHub/WalkingRobotSim/install/ros2_unitree_legged_msgs/share/ros2_unitree_legged_msgs/local_setup.dsv
[18.333s] -- Installing: /home/redalexdad/GitHub/WalkingRobotSim/install/ros2_unitree_legged_msgs/share/ros2_unitree_legged_msgs/package.dsv
[18.334s] -- Installing: /home/redalexdad/GitHub/WalkingRobotSim/install/ros2_unitree_legged_msgs/share/ament_index/resource_index/packages/ros2_unitree_legged_msgs
[18.334s] -- Installing: /home/redalexdad/GitHub/WalkingRobotSim/install/ros2_unitree_legged_msgs/share/ros2_unitree_legged_msgs/cmake/export_ros2_unitree_legged_msgs__rosidl_generator_cExport.cmake
[18.335s] -- Installing: /home/redalexdad/GitHub/WalkingRobotSim/install/ros2_unitree_legged_msgs/share/ros2_unitree_legged_msgs/cmake/export_ros2_unitree_legged_msgs__rosidl_generator_cExport-noconfig.cmake
[18.335s] -- Installing: /home/redalexdad/GitHub/WalkingRobotSim/install/ros2_unitree_legged_msgs/share/ros2_unitree_legged_msgs/cmake/export_ros2_unitree_legged_msgs__rosidl_typesupport_fastrtps_cExport.cmake
[18.335s] -- Installing: /home/redalexdad/GitHub/WalkingRobotSim/install/ros2_unitree_legged_msgs/share/ros2_unitree_legged_msgs/cmake/export_ros2_unitree_legged_msgs__rosidl_typesupport_fastrtps_cExport-noconfig.cmake
[18.335s] -- Installing: /home/redalexdad/GitHub/WalkingRobotSim/install/ros2_unitree_legged_msgs/share/ros2_unitree_legged_msgs/cmake/ros2_unitree_legged_msgs__rosidl_typesupport_introspection_cExport.cmake
[18.336s] -- Installing: /home/redalexdad/GitHub/WalkingRobotSim/install/ros2_unitree_legged_msgs/share/ros2_unitree_legged_msgs/cmake/ros2_unitree_legged_msgs__rosidl_typesupport_introspection_cExport-noconfig.cmake
[18.336s] -- Installing: /home/redalexdad/GitHub/WalkingRobotSim/install/ros2_unitree_legged_msgs/share/ros2_unitree_legged_msgs/cmake/ros2_unitree_legged_msgs__rosidl_typesupport_cExport.cmake
[18.336s] -- Installing: /home/redalexdad/GitHub/WalkingRobotSim/install/ros2_unitree_legged_msgs/share/ros2_unitree_legged_msgs/cmake/ros2_unitree_legged_msgs__rosidl_typesupport_cExport-noconfig.cmake
[18.337s] -- Installing: /home/redalexdad/GitHub/WalkingRobotSim/install/ros2_unitree_legged_msgs/share/ros2_unitree_legged_msgs/cmake/export_ros2_unitree_legged_msgs__rosidl_generator_cppExport.cmake
[18.337s] -- Installing: /home/redalexdad/GitHub/WalkingRobotSim/install/ros2_unitree_legged_msgs/share/ros2_unitree_legged_msgs/cmake/export_ros2_unitree_legged_msgs__rosidl_typesupport_fastrtps_cppExport.cmake
[18.337s] -- Installing: /home/redalexdad/GitHub/WalkingRobotSim/install/ros2_unitree_legged_msgs/share/ros2_unitree_legged_msgs/cmake/export_ros2_unitree_legged_msgs__rosidl_typesupport_fastrtps_cppExport-noconfig.cmake
[18.337s] -- Installing: /home/redalexdad/GitHub/WalkingRobotSim/install/ros2_unitree_legged_msgs/share/ros2_unitree_legged_msgs/cmake/ros2_unitree_legged_msgs__rosidl_typesupport_introspection_cppExport.cmake
[18.338s] -- Installing: /home/redalexdad/GitHub/WalkingRobotSim/install/ros2_unitree_legged_msgs/share/ros2_unitree_legged_msgs/cmake/ros2_unitree_legged_msgs__rosidl_typesupport_introspection_cppExport-noconfig.cmake
[18.339s] -- Installing: /home/redalexdad/GitHub/WalkingRobotSim/install/ros2_unitree_legged_msgs/share/ros2_unitree_legged_msgs/cmake/ros2_unitree_legged_msgs__rosidl_typesupport_cppExport.cmake
[18.339s] -- Installing: /home/redalexdad/GitHub/WalkingRobotSim/install/ros2_unitree_legged_msgs/share/ros2_unitree_legged_msgs/cmake/ros2_unitree_legged_msgs__rosidl_typesupport_cppExport-noconfig.cmake
[18.339s] -- Installing: /home/redalexdad/GitHub/WalkingRobotSim/install/ros2_unitree_legged_msgs/share/ros2_unitree_legged_msgs/cmake/export_ros2_unitree_legged_msgs__rosidl_generator_pyExport.cmake
[18.339s] -- Installing: /home/redalexdad/GitHub/WalkingRobotSim/install/ros2_unitree_legged_msgs/share/ros2_unitree_legged_msgs/cmake/export_ros2_unitree_legged_msgs__rosidl_generator_pyExport-noconfig.cmake
[18.339s] -- Installing: /home/redalexdad/GitHub/WalkingRobotSim/install/ros2_unitree_legged_msgs/share/ros2_unitree_legged_msgs/cmake/rosidl_cmake-extras.cmake
[18.339s] -- Installing: /home/redalexdad/GitHub/WalkingRobotSim/install/ros2_unitree_legged_msgs/share/ros2_unitree_legged_msgs/cmake/ament_cmake_export_include_directories-extras.cmake
[18.339s] -- Installing: /home/redalexdad/GitHub/WalkingRobotSim/install/ros2_unitree_legged_msgs/share/ros2_unitree_legged_msgs/cmake/ament_cmake_export_libraries-extras.cmake
[18.340s] -- Installing: /home/redalexdad/GitHub/WalkingRobotSim/install/ros2_unitree_legged_msgs/share/ros2_unitree_legged_msgs/cmake/ament_cmake_export_targets-extras.cmake
[18.340s] -- Installing: /home/redalexdad/GitHub/WalkingRobotSim/install/ros2_unitree_legged_msgs/share/ros2_unitree_legged_msgs/cmake/rosidl_cmake_export_typesupport_targets-extras.cmake
[18.340s] -- Installing: /home/redalexdad/GitHub/WalkingRobotSim/install/ros2_unitree_legged_msgs/share/ros2_unitree_legged_msgs/cmake/ament_cmake_export_dependencies-extras.cmake
[18.340s] -- Installing: /home/redalexdad/GitHub/WalkingRobotSim/install/ros2_unitree_legged_msgs/share/ros2_unitree_legged_msgs/cmake/rosidl_cmake_export_typesupport_libraries-extras.cmake
[18.340s] -- Installing: /home/redalexdad/GitHub/WalkingRobotSim/install/ros2_unitree_legged_msgs/share/ros2_unitree_legged_msgs/cmake/ros2_unitree_legged_msgsConfig.cmake
[18.341s] -- Installing: /home/redalexdad/GitHub/WalkingRobotSim/install/ros2_unitree_legged_msgs/share/ros2_unitree_legged_msgs/cmake/ros2_unitree_legged_msgsConfig-version.cmake
[18.341s] -- Installing: /home/redalexdad/GitHub/WalkingRobotSim/install/ros2_unitree_legged_msgs/share/ros2_unitree_legged_msgs/package.xml
[18.344s] Invoked command in '/home/redalexdad/GitHub/WalkingRobotSim/build/ros2_unitree_legged_msgs' returned '0': CMAKE_PREFIX_PATH=${CMAKE_PREFIX_PATH}:/home/redalexdad/GitHub/WalkingRobotSim/install/ros2_yolo_recognition:/home/redalexdad/GitHub/WalkingRobotSim/install/ros2_odometry:/home/redalexdad/GitHub/WalkingRobotSim/install/ros2_navigation:/home/redalexdad/GitHub/WalkingRobotSim/install/ros2_cartography:/opt/ros/jazzy DEBUGINFOD_URLS=https://debuginfod.ubuntu.com /usr/bin/cmake --install /home/redalexdad/GitHub/WalkingRobotSim/build/ros2_unitree_legged_msgs
