running egg_info
creating ../../build/ros2_navigation/ros2_navigation.egg-info
writing ../../build/ros2_navigation/ros2_navigation.egg-info/PKG-INFO
writing dependency_links to ../../build/ros2_navigation/ros2_navigation.egg-info/dependency_links.txt
writing requirements to ../../build/ros2_navigation/ros2_navigation.egg-info/requires.txt
writing top-level names to ../../build/ros2_navigation/ros2_navigation.egg-info/top_level.txt
writing manifest file '../../build/ros2_navigation/ros2_navigation.egg-info/SOURCES.txt'
reading manifest file '../../build/ros2_navigation/ros2_navigation.egg-info/SOURCES.txt'
writing manifest file '../../build/ros2_navigation/ros2_navigation.egg-info/SOURCES.txt'
running build
running build_py
creating /home/redalexdad/GitHub/WalkingRobotSim/build/ros2_navigation/build
creating /home/redalexdad/GitHub/WalkingRobotSim/build/ros2_navigation/build/lib
creating /home/redalexdad/GitHub/WalkingRobotSim/build/ros2_navigation/build/lib/ros2_navigation
copying ros2_navigation/__init__.py -> /home/redalexdad/GitHub/WalkingRobotSim/build/ros2_navigation/build/lib/ros2_navigation
running install
running install_lib
creating /home/redalexdad/GitHub/WalkingRobotSim/install/ros2_navigation/lib/python3.12/site-packages/ros2_navigation
copying /home/redalexdad/GitHub/WalkingRobotSim/build/ros2_navigation/build/lib/ros2_navigation/__init__.py -> /home/redalexdad/GitHub/WalkingRobotSim/install/ros2_navigation/lib/python3.12/site-packages/ros2_navigation
byte-compiling /home/redalexdad/GitHub/WalkingRobotSim/install/ros2_navigation/lib/python3.12/site-packages/ros2_navigation/__init__.py to __init__.cpython-312.pyc
running install_data
creating /home/redalexdad/GitHub/WalkingRobotSim/install/ros2_navigation/share/ament_index
creating /home/redalexdad/GitHub/WalkingRobotSim/install/ros2_navigation/share/ament_index/resource_index
creating /home/redalexdad/GitHub/WalkingRobotSim/install/ros2_navigation/share/ament_index/resource_index/packages
copying resource/ros2_navigation -> /home/redalexdad/GitHub/WalkingRobotSim/install/ros2_navigation/share/ament_index/resource_index/packages
copying package.xml -> /home/redalexdad/GitHub/WalkingRobotSim/install/ros2_navigation/share/ros2_navigation
creating /home/redalexdad/GitHub/WalkingRobotSim/install/ros2_navigation/share/ros2_navigation/params
copying params/navigation2.yaml -> /home/redalexdad/GitHub/WalkingRobotSim/install/ros2_navigation/share/ros2_navigation/params
copying params/navigation.yaml -> /home/redalexdad/GitHub/WalkingRobotSim/install/ros2_navigation/share/ros2_navigation/params
copying params/slam.yaml -> /home/redalexdad/GitHub/WalkingRobotSim/install/ros2_navigation/share/ros2_navigation/params
creating /home/redalexdad/GitHub/WalkingRobotSim/install/ros2_navigation/share/ros2_navigation/launch
copying launch/navigation2.launch.py -> /home/redalexdad/GitHub/WalkingRobotSim/install/ros2_navigation/share/ros2_navigation/launch
copying launch/navigation_slam.launch.py -> /home/redalexdad/GitHub/WalkingRobotSim/install/ros2_navigation/share/ros2_navigation/launch
copying launch/navigation.launch.py -> /home/redalexdad/GitHub/WalkingRobotSim/install/ros2_navigation/share/ros2_navigation/launch
creating /home/redalexdad/GitHub/WalkingRobotSim/install/ros2_navigation/share/ros2_navigation/rviz
copying rviz/navigation2.rviz -> /home/redalexdad/GitHub/WalkingRobotSim/install/ros2_navigation/share/ros2_navigation/rviz
copying rviz/navigation.rviz -> /home/redalexdad/GitHub/WalkingRobotSim/install/ros2_navigation/share/ros2_navigation/rviz
creating /home/redalexdad/GitHub/WalkingRobotSim/install/ros2_navigation/share/ros2_navigation/xml
copying xml/go1_bt.xml -> /home/redalexdad/GitHub/WalkingRobotSim/install/ros2_navigation/share/ros2_navigation/xml
copying xml/bb.xml -> /home/redalexdad/GitHub/WalkingRobotSim/install/ros2_navigation/share/ros2_navigation/xml
creating /home/redalexdad/GitHub/WalkingRobotSim/install/ros2_navigation/share/ros2_navigation/maps
creating /home/redalexdad/GitHub/WalkingRobotSim/install/ros2_navigation/share/ros2_navigation/maps/train_001
copying maps/train_001/map.yaml -> /home/redalexdad/GitHub/WalkingRobotSim/install/ros2_navigation/share/ros2_navigation/maps/train_001
copying maps/train_001/map.pgm -> /home/redalexdad/GitHub/WalkingRobotSim/install/ros2_navigation/share/ros2_navigation/maps/train_001
creating /home/redalexdad/GitHub/WalkingRobotSim/install/ros2_navigation/share/ros2_navigation/maps/playground
copying maps/playground/playground.pgm -> /home/redalexdad/GitHub/WalkingRobotSim/install/ros2_navigation/share/ros2_navigation/maps/playground
copying maps/playground/playground.yaml -> /home/redalexdad/GitHub/WalkingRobotSim/install/ros2_navigation/share/ros2_navigation/maps/playground
creating /home/redalexdad/GitHub/WalkingRobotSim/install/ros2_navigation/share/ros2_navigation/maps/map_001
copying maps/map_001/map.yaml -> /home/redalexdad/GitHub/WalkingRobotSim/install/ros2_navigation/share/ros2_navigation/maps/map_001
copying maps/map_001/map.pgm -> /home/redalexdad/GitHub/WalkingRobotSim/install/ros2_navigation/share/ros2_navigation/maps/map_001
running install_egg_info
Copying ../../build/ros2_navigation/ros2_navigation.egg-info to /home/redalexdad/GitHub/WalkingRobotSim/install/ros2_navigation/lib/python3.12/site-packages/ros2_navigation-0.0.0-py3.12.egg-info
running install_scripts
writing list of installed files to '/home/redalexdad/GitHub/WalkingRobotSim/build/ros2_navigation/install.log'
