[0.063s] Invoking command in '/home/redalexdad/GitHub/WalkingRobotSim/build/ros2_unitree_legged_msgs': CMAKE_PREFIX_PATH=${CMAKE_PREFIX_PATH}:/home/redalexdad/GitHub/WalkingRobotSim/install/ros2_yolo_recognition:/home/redalexdad/GitHub/WalkingRobotSim/install/ros2_odometry:/home/redalexdad/GitHub/WalkingRobotSim/install/ros2_navigation:/home/redalexdad/GitHub/WalkingRobotSim/install/ros2_cartography:/opt/ros/jazzy DEBUGINFOD_URLS=https://debuginfod.ubuntu.com /usr/bin/cmake --build /home/redalexdad/GitHub/WalkingRobotSim/build/ros2_unitree_legged_msgs -- -j16 -l16
[0.769s] [  1%] Built target ros2_unitree_legged_msgs__rosidl_generator_type_description
[0.769s] [  1%] Built target ament_cmake_python_copy_ros2_unitree_legged_msgs
[0.769s] [  1%] Built target ros2_unitree_legged_msgs__cpp
[0.769s] [ 27%] Built target ros2_unitree_legged_msgs__rosidl_generator_c
[0.770s] [ 37%] Built target ros2_unitree_legged_msgs__rosidl_typesupport_c
[0.770s] [ 46%] Built target ros2_unitree_legged_msgs__rosidl_typesupport_introspection_c
[0.770s] [ 56%] Built target ros2_unitree_legged_msgs__rosidl_typesupport_introspection_cpp
[0.770s] [ 66%] Built target ros2_unitree_legged_msgs__rosidl_typesupport_fastrtps_c
[0.771s] [ 75%] Built target ros2_unitree_legged_msgs__rosidl_typesupport_cpp
[0.771s] [ 85%] Built target ros2_unitree_legged_msgs__rosidl_typesupport_fastrtps_cpp
[0.771s] [ 85%] Built target ros2_unitree_legged_msgs
[0.771s] [ 86%] Built target ros2_unitree_legged_msgs__py
[0.771s] [ 95%] Built target ros2_unitree_legged_msgs__rosidl_generator_py
[0.771s] [ 98%] Built target ros2_unitree_legged_msgs_s__rosidl_typesupport_fastrtps_c
[0.772s] [ 98%] Built target ros2_unitree_legged_msgs_s__rosidl_typesupport_c
[0.772s] [100%] Built target ros2_unitree_legged_msgs_s__rosidl_typesupport_introspection_c
[0.772s] running egg_info
[0.772s] writing ros2_unitree_legged_msgs.egg-info/PKG-INFO
[0.773s] writing dependency_links to ros2_unitree_legged_msgs.egg-info/dependency_links.txt
[0.773s] writing top-level names to ros2_unitree_legged_msgs.egg-info/top_level.txt
[0.773s] reading manifest file 'ros2_unitree_legged_msgs.egg-info/SOURCES.txt'
[0.774s] writing manifest file 'ros2_unitree_legged_msgs.egg-info/SOURCES.txt'
[0.774s] [100%] Built target ament_cmake_python_build_ros2_unitree_legged_msgs_egg
[1.073s] Invoked command in '/home/redalexdad/GitHub/WalkingRobotSim/build/ros2_unitree_legged_msgs' returned '0': CMAKE_PREFIX_PATH=${CMAKE_PREFIX_PATH}:/home/redalexdad/GitHub/WalkingRobotSim/install/ros2_yolo_recognition:/home/redalexdad/GitHub/WalkingRobotSim/install/ros2_odometry:/home/redalexdad/GitHub/WalkingRobotSim/install/ros2_navigation:/home/redalexdad/GitHub/WalkingRobotSim/install/ros2_cartography:/opt/ros/jazzy DEBUGINFOD_URLS=https://debuginfod.ubuntu.com /usr/bin/cmake --build /home/redalexdad/GitHub/WalkingRobotSim/build/ros2_unitree_legged_msgs -- -j16 -l16
[1.104s] Invoking command in '/home/redalexdad/GitHub/WalkingRobotSim/build/ros2_unitree_legged_msgs': CMAKE_PREFIX_PATH=${CMAKE_PREFIX_PATH}:/home/redalexdad/GitHub/WalkingRobotSim/install/ros2_yolo_recognition:/home/redalexdad/GitHub/WalkingRobotSim/install/ros2_odometry:/home/redalexdad/GitHub/WalkingRobotSim/install/ros2_navigation:/home/redalexdad/GitHub/WalkingRobotSim/install/ros2_cartography:/opt/ros/jazzy DEBUGINFOD_URLS=https://debuginfod.ubuntu.com /usr/bin/cmake --install /home/redalexdad/GitHub/WalkingRobotSim/build/ros2_unitree_legged_msgs
[1.175s] -- Install configuration: ""
[1.175s] -- Up-to-date: /home/redalexdad/GitHub/WalkingRobotSim/install/ros2_unitree_legged_msgs/share/ament_index/resource_index/rosidl_interfaces/ros2_unitree_legged_msgs
[1.175s] -- Up-to-date: /home/redalexdad/GitHub/WalkingRobotSim/install/ros2_unitree_legged_msgs/share/ros2_unitree_legged_msgs/msg/MotorCmd.json
[1.175s] -- Up-to-date: /home/redalexdad/GitHub/WalkingRobotSim/install/ros2_unitree_legged_msgs/share/ros2_unitree_legged_msgs/msg/MotorState.json
[1.175s] -- Up-to-date: /home/redalexdad/GitHub/WalkingRobotSim/install/ros2_unitree_legged_msgs/share/ros2_unitree_legged_msgs/msg/BmsCmd.json
[1.175s] -- Up-to-date: /home/redalexdad/GitHub/WalkingRobotSim/install/ros2_unitree_legged_msgs/share/ros2_unitree_legged_msgs/msg/BmsState.json
[1.176s] -- Up-to-date: /home/redalexdad/GitHub/WalkingRobotSim/install/ros2_unitree_legged_msgs/share/ros2_unitree_legged_msgs/msg/Cartesian.json
[1.176s] -- Up-to-date: /home/redalexdad/GitHub/WalkingRobotSim/install/ros2_unitree_legged_msgs/share/ros2_unitree_legged_msgs/msg/IMU.json
[1.176s] -- Up-to-date: /home/redalexdad/GitHub/WalkingRobotSim/install/ros2_unitree_legged_msgs/share/ros2_unitree_legged_msgs/msg/LED.json
[1.176s] -- Up-to-date: /home/redalexdad/GitHub/WalkingRobotSim/install/ros2_unitree_legged_msgs/share/ros2_unitree_legged_msgs/msg/LowCmd.json
[1.176s] -- Up-to-date: /home/redalexdad/GitHub/WalkingRobotSim/install/ros2_unitree_legged_msgs/share/ros2_unitree_legged_msgs/msg/LowState.json
[1.176s] -- Up-to-date: /home/redalexdad/GitHub/WalkingRobotSim/install/ros2_unitree_legged_msgs/share/ros2_unitree_legged_msgs/msg/HighCmd.json
[1.176s] -- Up-to-date: /home/redalexdad/GitHub/WalkingRobotSim/install/ros2_unitree_legged_msgs/share/ros2_unitree_legged_msgs/msg/HighState.json
[1.176s] -- Up-to-date: /home/redalexdad/GitHub/WalkingRobotSim/install/ros2_unitree_legged_msgs/include/ros2_unitree_legged_msgs/ros2_unitree_legged_msgs
[1.176s] -- Up-to-date: /home/redalexdad/GitHub/WalkingRobotSim/install/ros2_unitree_legged_msgs/include/ros2_unitree_legged_msgs/ros2_unitree_legged_msgs/msg
[1.176s] -- Up-to-date: /home/redalexdad/GitHub/WalkingRobotSim/install/ros2_unitree_legged_msgs/include/ros2_unitree_legged_msgs/ros2_unitree_legged_msgs/msg/motor_cmd.h
[1.177s] -- Up-to-date: /home/redalexdad/GitHub/WalkingRobotSim/install/ros2_unitree_legged_msgs/include/ros2_unitree_legged_msgs/ros2_unitree_legged_msgs/msg/low_cmd.h
[1.177s] -- Up-to-date: /home/redalexdad/GitHub/WalkingRobotSim/install/ros2_unitree_legged_msgs/include/ros2_unitree_legged_msgs/ros2_unitree_legged_msgs/msg/imu.h
[1.177s] -- Up-to-date: /home/redalexdad/GitHub/WalkingRobotSim/install/ros2_unitree_legged_msgs/include/ros2_unitree_legged_msgs/ros2_unitree_legged_msgs/msg/bms_state.h
[1.177s] -- Up-to-date: /home/redalexdad/GitHub/WalkingRobotSim/install/ros2_unitree_legged_msgs/include/ros2_unitree_legged_msgs/ros2_unitree_legged_msgs/msg/rosidl_generator_c__visibility_control.h
[1.177s] -- Up-to-date: /home/redalexdad/GitHub/WalkingRobotSim/install/ros2_unitree_legged_msgs/include/ros2_unitree_legged_msgs/ros2_unitree_legged_msgs/msg/high_state.h
[1.177s] -- Up-to-date: /home/redalexdad/GitHub/WalkingRobotSim/install/ros2_unitree_legged_msgs/include/ros2_unitree_legged_msgs/ros2_unitree_legged_msgs/msg/high_cmd.h
[1.177s] -- Up-to-date: /home/redalexdad/GitHub/WalkingRobotSim/install/ros2_unitree_legged_msgs/include/ros2_unitree_legged_msgs/ros2_unitree_legged_msgs/msg/detail
[1.177s] -- Up-to-date: /home/redalexdad/GitHub/WalkingRobotSim/install/ros2_unitree_legged_msgs/include/ros2_unitree_legged_msgs/ros2_unitree_legged_msgs/msg/detail/cartesian__functions.c
[1.177s] -- Up-to-date: /home/redalexdad/GitHub/WalkingRobotSim/install/ros2_unitree_legged_msgs/include/ros2_unitree_legged_msgs/ros2_unitree_legged_msgs/msg/detail/motor_cmd__description.c
[1.177s] -- Up-to-date: /home/redalexdad/GitHub/WalkingRobotSim/install/ros2_unitree_legged_msgs/include/ros2_unitree_legged_msgs/ros2_unitree_legged_msgs/msg/detail/bms_state__struct.h
[1.177s] -- Up-to-date: /home/redalexdad/GitHub/WalkingRobotSim/install/ros2_unitree_legged_msgs/include/ros2_unitree_legged_msgs/ros2_unitree_legged_msgs/msg/detail/high_state__functions.h
[1.178s] -- Installing: /home/redalexdad/GitHub/WalkingRobotSim/install/ros2_unitree_legged_msgs/include/ros2_unitree_legged_msgs/ros2_unitree_legged_msgs/msg/detail/cartesian__type_support.c
[1.178s] -- Up-to-date: /home/redalexdad/GitHub/WalkingRobotSim/install/ros2_unitree_legged_msgs/include/ros2_unitree_legged_msgs/ros2_unitree_legged_msgs/msg/detail/motor_cmd__type_support.h
[1.178s] -- Up-to-date: /home/redalexdad/GitHub/WalkingRobotSim/install/ros2_unitree_legged_msgs/include/ros2_unitree_legged_msgs/ros2_unitree_legged_msgs/msg/detail/low_cmd__struct.h
[1.178s] -- Up-to-date: /home/redalexdad/GitHub/WalkingRobotSim/install/ros2_unitree_legged_msgs/include/ros2_unitree_legged_msgs/ros2_unitree_legged_msgs/msg/detail/high_state__struct.h
[1.178s] -- Up-to-date: /home/redalexdad/GitHub/WalkingRobotSim/install/ros2_unitree_legged_msgs/include/ros2_unitree_legged_msgs/ros2_unitree_legged_msgs/msg/detail/bms_cmd__type_support.h
[1.178s] -- Up-to-date: /home/redalexdad/GitHub/WalkingRobotSim/install/ros2_unitree_legged_msgs/include/ros2_unitree_legged_msgs/ros2_unitree_legged_msgs/msg/detail/high_cmd__functions.c
[1.178s] -- Up-to-date: /home/redalexdad/GitHub/WalkingRobotSim/install/ros2_unitree_legged_msgs/include/ros2_unitree_legged_msgs/ros2_unitree_legged_msgs/msg/detail/imu__struct.h
[1.178s] -- Up-to-date: /home/redalexdad/GitHub/WalkingRobotSim/install/ros2_unitree_legged_msgs/include/ros2_unitree_legged_msgs/ros2_unitree_legged_msgs/msg/detail/motor_state__functions.h
[1.178s] -- Up-to-date: /home/redalexdad/GitHub/WalkingRobotSim/install/ros2_unitree_legged_msgs/include/ros2_unitree_legged_msgs/ros2_unitree_legged_msgs/msg/detail/high_cmd__struct.h
[1.179s] -- Installing: /home/redalexdad/GitHub/WalkingRobotSim/install/ros2_unitree_legged_msgs/include/ros2_unitree_legged_msgs/ros2_unitree_legged_msgs/msg/detail/imu__type_support.c
[1.179s] -- Installing: /home/redalexdad/GitHub/WalkingRobotSim/install/ros2_unitree_legged_msgs/include/ros2_unitree_legged_msgs/ros2_unitree_legged_msgs/msg/detail/low_cmd__type_support.c
[1.179s] -- Up-to-date: /home/redalexdad/GitHub/WalkingRobotSim/install/ros2_unitree_legged_msgs/include/ros2_unitree_legged_msgs/ros2_unitree_legged_msgs/msg/detail/led__functions.c
[1.179s] -- Up-to-date: /home/redalexdad/GitHub/WalkingRobotSim/install/ros2_unitree_legged_msgs/include/ros2_unitree_legged_msgs/ros2_unitree_legged_msgs/msg/detail/bms_state__functions.c
[1.179s] -- Installing: /home/redalexdad/GitHub/WalkingRobotSim/install/ros2_unitree_legged_msgs/include/ros2_unitree_legged_msgs/ros2_unitree_legged_msgs/msg/detail/low_state__type_support.c
[1.179s] -- Up-to-date: /home/redalexdad/GitHub/WalkingRobotSim/install/ros2_unitree_legged_msgs/include/ros2_unitree_legged_msgs/ros2_unitree_legged_msgs/msg/detail/high_cmd__functions.h
[1.179s] -- Up-to-date: /home/redalexdad/GitHub/WalkingRobotSim/install/ros2_unitree_legged_msgs/include/ros2_unitree_legged_msgs/ros2_unitree_legged_msgs/msg/detail/cartesian__struct.h
[1.179s] -- Up-to-date: /home/redalexdad/GitHub/WalkingRobotSim/install/ros2_unitree_legged_msgs/include/ros2_unitree_legged_msgs/ros2_unitree_legged_msgs/msg/detail/bms_cmd__functions.h
[1.179s] -- Up-to-date: /home/redalexdad/GitHub/WalkingRobotSim/install/ros2_unitree_legged_msgs/include/ros2_unitree_legged_msgs/ros2_unitree_legged_msgs/msg/detail/low_cmd__functions.h
[1.179s] -- Up-to-date: /home/redalexdad/GitHub/WalkingRobotSim/install/ros2_unitree_legged_msgs/include/ros2_unitree_legged_msgs/ros2_unitree_legged_msgs/msg/detail/low_cmd__functions.c
[1.179s] -- Up-to-date: /home/redalexdad/GitHub/WalkingRobotSim/install/ros2_unitree_legged_msgs/include/ros2_unitree_legged_msgs/ros2_unitree_legged_msgs/msg/detail/imu__functions.c
[1.180s] -- Up-to-date: /home/redalexdad/GitHub/WalkingRobotSim/install/ros2_unitree_legged_msgs/include/ros2_unitree_legged_msgs/ros2_unitree_legged_msgs/msg/detail/led__struct.h
[1.180s] -- Up-to-date: /home/redalexdad/GitHub/WalkingRobotSim/install/ros2_unitree_legged_msgs/include/ros2_unitree_legged_msgs/ros2_unitree_legged_msgs/msg/detail/motor_state__type_support.h
[1.180s] -- Up-to-date: /home/redalexdad/GitHub/WalkingRobotSim/install/ros2_unitree_legged_msgs/include/ros2_unitree_legged_msgs/ros2_unitree_legged_msgs/msg/detail/cartesian__description.c
[1.180s] -- Installing: /home/redalexdad/GitHub/WalkingRobotSim/install/ros2_unitree_legged_msgs/include/ros2_unitree_legged_msgs/ros2_unitree_legged_msgs/msg/detail/motor_state__type_support.c
[1.180s] -- Up-to-date: /home/redalexdad/GitHub/WalkingRobotSim/install/ros2_unitree_legged_msgs/include/ros2_unitree_legged_msgs/ros2_unitree_legged_msgs/msg/detail/led__description.c
[1.180s] -- Up-to-date: /home/redalexdad/GitHub/WalkingRobotSim/install/ros2_unitree_legged_msgs/include/ros2_unitree_legged_msgs/ros2_unitree_legged_msgs/msg/detail/low_state__functions.h
[1.180s] -- Installing: /home/redalexdad/GitHub/WalkingRobotSim/install/ros2_unitree_legged_msgs/include/ros2_unitree_legged_msgs/ros2_unitree_legged_msgs/msg/detail/led__type_support.c
[1.180s] -- Up-to-date: /home/redalexdad/GitHub/WalkingRobotSim/install/ros2_unitree_legged_msgs/include/ros2_unitree_legged_msgs/ros2_unitree_legged_msgs/msg/detail/low_state__struct.h
[1.180s] -- Up-to-date: /home/redalexdad/GitHub/WalkingRobotSim/install/ros2_unitree_legged_msgs/include/ros2_unitree_legged_msgs/ros2_unitree_legged_msgs/msg/detail/led__type_support.h
[1.180s] -- Up-to-date: /home/redalexdad/GitHub/WalkingRobotSim/install/ros2_unitree_legged_msgs/include/ros2_unitree_legged_msgs/ros2_unitree_legged_msgs/msg/detail/high_state__type_support.h
[1.181s] -- Up-to-date: /home/redalexdad/GitHub/WalkingRobotSim/install/ros2_unitree_legged_msgs/include/ros2_unitree_legged_msgs/ros2_unitree_legged_msgs/msg/detail/motor_cmd__functions.h
[1.181s] -- Up-to-date: /home/redalexdad/GitHub/WalkingRobotSim/install/ros2_unitree_legged_msgs/include/ros2_unitree_legged_msgs/ros2_unitree_legged_msgs/msg/detail/imu__type_support.h
[1.181s] -- Up-to-date: /home/redalexdad/GitHub/WalkingRobotSim/install/ros2_unitree_legged_msgs/include/ros2_unitree_legged_msgs/ros2_unitree_legged_msgs/msg/detail/low_state__functions.c
[1.181s] -- Up-to-date: /home/redalexdad/GitHub/WalkingRobotSim/install/ros2_unitree_legged_msgs/include/ros2_unitree_legged_msgs/ros2_unitree_legged_msgs/msg/detail/imu__description.c
[1.181s] -- Up-to-date: /home/redalexdad/GitHub/WalkingRobotSim/install/ros2_unitree_legged_msgs/include/ros2_unitree_legged_msgs/ros2_unitree_legged_msgs/msg/detail/low_cmd__description.c
[1.181s] -- Installing: /home/redalexdad/GitHub/WalkingRobotSim/install/ros2_unitree_legged_msgs/include/ros2_unitree_legged_msgs/ros2_unitree_legged_msgs/msg/detail/motor_cmd__type_support.c
[1.181s] -- Up-to-date: /home/redalexdad/GitHub/WalkingRobotSim/install/ros2_unitree_legged_msgs/include/ros2_unitree_legged_msgs/ros2_unitree_legged_msgs/msg/detail/led__functions.h
[1.182s] -- Up-to-date: /home/redalexdad/GitHub/WalkingRobotSim/install/ros2_unitree_legged_msgs/include/ros2_unitree_legged_msgs/ros2_unitree_legged_msgs/msg/detail/low_state__type_support.h
[1.182s] -- Up-to-date: /home/redalexdad/GitHub/WalkingRobotSim/install/ros2_unitree_legged_msgs/include/ros2_unitree_legged_msgs/ros2_unitree_legged_msgs/msg/detail/low_state__description.c
[1.182s] -- Up-to-date: /home/redalexdad/GitHub/WalkingRobotSim/install/ros2_unitree_legged_msgs/include/ros2_unitree_legged_msgs/ros2_unitree_legged_msgs/msg/detail/imu__functions.h
[1.182s] -- Up-to-date: /home/redalexdad/GitHub/WalkingRobotSim/install/ros2_unitree_legged_msgs/include/ros2_unitree_legged_msgs/ros2_unitree_legged_msgs/msg/detail/high_state__description.c
[1.182s] -- Up-to-date: /home/redalexdad/GitHub/WalkingRobotSim/install/ros2_unitree_legged_msgs/include/ros2_unitree_legged_msgs/ros2_unitree_legged_msgs/msg/detail/bms_cmd__description.c
[1.182s] -- Up-to-date: /home/redalexdad/GitHub/WalkingRobotSim/install/ros2_unitree_legged_msgs/include/ros2_unitree_legged_msgs/ros2_unitree_legged_msgs/msg/detail/bms_cmd__functions.c
[1.182s] -- Installing: /home/redalexdad/GitHub/WalkingRobotSim/install/ros2_unitree_legged_msgs/include/ros2_unitree_legged_msgs/ros2_unitree_legged_msgs/msg/detail/bms_cmd__type_support.c
[1.183s] -- Up-to-date: /home/redalexdad/GitHub/WalkingRobotSim/install/ros2_unitree_legged_msgs/include/ros2_unitree_legged_msgs/ros2_unitree_legged_msgs/msg/detail/low_cmd__type_support.h
[1.183s] -- Up-to-date: /home/redalexdad/GitHub/WalkingRobotSim/install/ros2_unitree_legged_msgs/include/ros2_unitree_legged_msgs/ros2_unitree_legged_msgs/msg/detail/bms_state__functions.h
[1.188s] -- Up-to-date: /home/redalexdad/GitHub/WalkingRobotSim/install/ros2_unitree_legged_msgs/include/ros2_unitree_legged_msgs/ros2_unitree_legged_msgs/msg/detail/bms_state__description.c
[1.188s] -- Up-to-date: /home/redalexdad/GitHub/WalkingRobotSim/install/ros2_unitree_legged_msgs/include/ros2_unitree_legged_msgs/ros2_unitree_legged_msgs/msg/detail/high_cmd__type_support.h
[1.188s] -- Up-to-date: /home/redalexdad/GitHub/WalkingRobotSim/install/ros2_unitree_legged_msgs/include/ros2_unitree_legged_msgs/ros2_unitree_legged_msgs/msg/detail/high_state__functions.c
[1.188s] -- Installing: /home/redalexdad/GitHub/WalkingRobotSim/install/ros2_unitree_legged_msgs/include/ros2_unitree_legged_msgs/ros2_unitree_legged_msgs/msg/detail/high_state__type_support.c
[1.188s] -- Installing: /home/redalexdad/GitHub/WalkingRobotSim/install/ros2_unitree_legged_msgs/include/ros2_unitree_legged_msgs/ros2_unitree_legged_msgs/msg/detail/high_cmd__type_support.c
[1.188s] -- Up-to-date: /home/redalexdad/GitHub/WalkingRobotSim/install/ros2_unitree_legged_msgs/include/ros2_unitree_legged_msgs/ros2_unitree_legged_msgs/msg/detail/motor_cmd__functions.c
[1.188s] -- Up-to-date: /home/redalexdad/GitHub/WalkingRobotSim/install/ros2_unitree_legged_msgs/include/ros2_unitree_legged_msgs/ros2_unitree_legged_msgs/msg/detail/motor_state__struct.h
[1.188s] -- Up-to-date: /home/redalexdad/GitHub/WalkingRobotSim/install/ros2_unitree_legged_msgs/include/ros2_unitree_legged_msgs/ros2_unitree_legged_msgs/msg/detail/motor_state__description.c
[1.188s] -- Installing: /home/redalexdad/GitHub/WalkingRobotSim/install/ros2_unitree_legged_msgs/include/ros2_unitree_legged_msgs/ros2_unitree_legged_msgs/msg/detail/bms_state__type_support.c
[1.189s] -- Up-to-date: /home/redalexdad/GitHub/WalkingRobotSim/install/ros2_unitree_legged_msgs/include/ros2_unitree_legged_msgs/ros2_unitree_legged_msgs/msg/detail/bms_state__type_support.h
[1.189s] -- Up-to-date: /home/redalexdad/GitHub/WalkingRobotSim/install/ros2_unitree_legged_msgs/include/ros2_unitree_legged_msgs/ros2_unitree_legged_msgs/msg/detail/high_cmd__description.c
[1.189s] -- Up-to-date: /home/redalexdad/GitHub/WalkingRobotSim/install/ros2_unitree_legged_msgs/include/ros2_unitree_legged_msgs/ros2_unitree_legged_msgs/msg/detail/bms_cmd__struct.h
[1.189s] -- Up-to-date: /home/redalexdad/GitHub/WalkingRobotSim/install/ros2_unitree_legged_msgs/include/ros2_unitree_legged_msgs/ros2_unitree_legged_msgs/msg/detail/motor_cmd__struct.h
[1.189s] -- Up-to-date: /home/redalexdad/GitHub/WalkingRobotSim/install/ros2_unitree_legged_msgs/include/ros2_unitree_legged_msgs/ros2_unitree_legged_msgs/msg/detail/motor_state__functions.c
[1.189s] -- Up-to-date: /home/redalexdad/GitHub/WalkingRobotSim/install/ros2_unitree_legged_msgs/include/ros2_unitree_legged_msgs/ros2_unitree_legged_msgs/msg/detail/cartesian__type_support.h
[1.189s] -- Up-to-date: /home/redalexdad/GitHub/WalkingRobotSim/install/ros2_unitree_legged_msgs/include/ros2_unitree_legged_msgs/ros2_unitree_legged_msgs/msg/detail/cartesian__functions.h
[1.189s] -- Up-to-date: /home/redalexdad/GitHub/WalkingRobotSim/install/ros2_unitree_legged_msgs/include/ros2_unitree_legged_msgs/ros2_unitree_legged_msgs/msg/led.h
[1.189s] -- Up-to-date: /home/redalexdad/GitHub/WalkingRobotSim/install/ros2_unitree_legged_msgs/include/ros2_unitree_legged_msgs/ros2_unitree_legged_msgs/msg/low_state.h
[1.189s] -- Up-to-date: /home/redalexdad/GitHub/WalkingRobotSim/install/ros2_unitree_legged_msgs/include/ros2_unitree_legged_msgs/ros2_unitree_legged_msgs/msg/cartesian.h
[1.190s] -- Up-to-date: /home/redalexdad/GitHub/WalkingRobotSim/install/ros2_unitree_legged_msgs/include/ros2_unitree_legged_msgs/ros2_unitree_legged_msgs/msg/bms_cmd.h
[1.190s] -- Up-to-date: /home/redalexdad/GitHub/WalkingRobotSim/install/ros2_unitree_legged_msgs/include/ros2_unitree_legged_msgs/ros2_unitree_legged_msgs/msg/motor_state.h
[1.190s] -- Up-to-date: /home/redalexdad/GitHub/WalkingRobotSim/install/ros2_unitree_legged_msgs/share/ros2_unitree_legged_msgs/environment/library_path.sh
[1.190s] -- Up-to-date: /home/redalexdad/GitHub/WalkingRobotSim/install/ros2_unitree_legged_msgs/share/ros2_unitree_legged_msgs/environment/library_path.dsv
[1.190s] -- Up-to-date: /home/redalexdad/GitHub/WalkingRobotSim/install/ros2_unitree_legged_msgs/lib/libros2_unitree_legged_msgs__rosidl_generator_c.so
[1.190s] -- Up-to-date: /home/redalexdad/GitHub/WalkingRobotSim/install/ros2_unitree_legged_msgs/include/ros2_unitree_legged_msgs/ros2_unitree_legged_msgs
[1.190s] -- Up-to-date: /home/redalexdad/GitHub/WalkingRobotSim/install/ros2_unitree_legged_msgs/include/ros2_unitree_legged_msgs/ros2_unitree_legged_msgs/msg
[1.190s] -- Up-to-date: /home/redalexdad/GitHub/WalkingRobotSim/install/ros2_unitree_legged_msgs/include/ros2_unitree_legged_msgs/ros2_unitree_legged_msgs/msg/rosidl_typesupport_fastrtps_c__visibility_control.h
[1.190s] -- Up-to-date: /home/redalexdad/GitHub/WalkingRobotSim/install/ros2_unitree_legged_msgs/include/ros2_unitree_legged_msgs/ros2_unitree_legged_msgs/msg/detail
[1.190s] -- Up-to-date: /home/redalexdad/GitHub/WalkingRobotSim/install/ros2_unitree_legged_msgs/include/ros2_unitree_legged_msgs/ros2_unitree_legged_msgs/msg/detail/bms_cmd__rosidl_typesupport_fastrtps_c.h
[1.191s] -- Up-to-date: /home/redalexdad/GitHub/WalkingRobotSim/install/ros2_unitree_legged_msgs/include/ros2_unitree_legged_msgs/ros2_unitree_legged_msgs/msg/detail/low_state__rosidl_typesupport_fastrtps_c.h
[1.191s] -- Up-to-date: /home/redalexdad/GitHub/WalkingRobotSim/install/ros2_unitree_legged_msgs/include/ros2_unitree_legged_msgs/ros2_unitree_legged_msgs/msg/detail/high_state__rosidl_typesupport_fastrtps_c.h
[1.191s] -- Up-to-date: /home/redalexdad/GitHub/WalkingRobotSim/install/ros2_unitree_legged_msgs/include/ros2_unitree_legged_msgs/ros2_unitree_legged_msgs/msg/detail/cartesian__rosidl_typesupport_fastrtps_c.h
[1.191s] -- Up-to-date: /home/redalexdad/GitHub/WalkingRobotSim/install/ros2_unitree_legged_msgs/include/ros2_unitree_legged_msgs/ros2_unitree_legged_msgs/msg/detail/bms_state__rosidl_typesupport_fastrtps_c.h
[1.191s] -- Up-to-date: /home/redalexdad/GitHub/WalkingRobotSim/install/ros2_unitree_legged_msgs/include/ros2_unitree_legged_msgs/ros2_unitree_legged_msgs/msg/detail/led__rosidl_typesupport_fastrtps_c.h
[1.191s] -- Up-to-date: /home/redalexdad/GitHub/WalkingRobotSim/install/ros2_unitree_legged_msgs/include/ros2_unitree_legged_msgs/ros2_unitree_legged_msgs/msg/detail/imu__rosidl_typesupport_fastrtps_c.h
[1.191s] -- Up-to-date: /home/redalexdad/GitHub/WalkingRobotSim/install/ros2_unitree_legged_msgs/include/ros2_unitree_legged_msgs/ros2_unitree_legged_msgs/msg/detail/low_cmd__rosidl_typesupport_fastrtps_c.h
[1.191s] -- Up-to-date: /home/redalexdad/GitHub/WalkingRobotSim/install/ros2_unitree_legged_msgs/include/ros2_unitree_legged_msgs/ros2_unitree_legged_msgs/msg/detail/motor_state__rosidl_typesupport_fastrtps_c.h
[1.191s] -- Up-to-date: /home/redalexdad/GitHub/WalkingRobotSim/install/ros2_unitree_legged_msgs/include/ros2_unitree_legged_msgs/ros2_unitree_legged_msgs/msg/detail/motor_cmd__rosidl_typesupport_fastrtps_c.h
[1.191s] -- Up-to-date: /home/redalexdad/GitHub/WalkingRobotSim/install/ros2_unitree_legged_msgs/include/ros2_unitree_legged_msgs/ros2_unitree_legged_msgs/msg/detail/high_cmd__rosidl_typesupport_fastrtps_c.h
[1.192s] -- Up-to-date: /home/redalexdad/GitHub/WalkingRobotSim/install/ros2_unitree_legged_msgs/lib/libros2_unitree_legged_msgs__rosidl_typesupport_fastrtps_c.so
[1.192s] -- Up-to-date: /home/redalexdad/GitHub/WalkingRobotSim/install/ros2_unitree_legged_msgs/include/ros2_unitree_legged_msgs/ros2_unitree_legged_msgs
[1.192s] -- Up-to-date: /home/redalexdad/GitHub/WalkingRobotSim/install/ros2_unitree_legged_msgs/include/ros2_unitree_legged_msgs/ros2_unitree_legged_msgs/msg
[1.192s] -- Up-to-date: /home/redalexdad/GitHub/WalkingRobotSim/install/ros2_unitree_legged_msgs/include/ros2_unitree_legged_msgs/ros2_unitree_legged_msgs/msg/rosidl_typesupport_introspection_c__visibility_control.h
[1.192s] -- Up-to-date: /home/redalexdad/GitHub/WalkingRobotSim/install/ros2_unitree_legged_msgs/include/ros2_unitree_legged_msgs/ros2_unitree_legged_msgs/msg/detail
[1.192s] -- Installing: /home/redalexdad/GitHub/WalkingRobotSim/install/ros2_unitree_legged_msgs/include/ros2_unitree_legged_msgs/ros2_unitree_legged_msgs/msg/detail/cartesian__type_support.c
[1.192s] -- Installing: /home/redalexdad/GitHub/WalkingRobotSim/install/ros2_unitree_legged_msgs/include/ros2_unitree_legged_msgs/ros2_unitree_legged_msgs/msg/detail/imu__type_support.c
[1.192s] -- Installing: /home/redalexdad/GitHub/WalkingRobotSim/install/ros2_unitree_legged_msgs/include/ros2_unitree_legged_msgs/ros2_unitree_legged_msgs/msg/detail/low_cmd__type_support.c
[1.192s] -- Installing: /home/redalexdad/GitHub/WalkingRobotSim/install/ros2_unitree_legged_msgs/include/ros2_unitree_legged_msgs/ros2_unitree_legged_msgs/msg/detail/low_state__type_support.c
[1.192s] -- Up-to-date: /home/redalexdad/GitHub/WalkingRobotSim/install/ros2_unitree_legged_msgs/include/ros2_unitree_legged_msgs/ros2_unitree_legged_msgs/msg/detail/low_state__rosidl_typesupport_introspection_c.h
[1.193s] -- Up-to-date: /home/redalexdad/GitHub/WalkingRobotSim/install/ros2_unitree_legged_msgs/include/ros2_unitree_legged_msgs/ros2_unitree_legged_msgs/msg/detail/low_cmd__rosidl_typesupport_introspection_c.h
[1.193s] -- Up-to-date: /home/redalexdad/GitHub/WalkingRobotSim/install/ros2_unitree_legged_msgs/include/ros2_unitree_legged_msgs/ros2_unitree_legged_msgs/msg/detail/motor_cmd__rosidl_typesupport_introspection_c.h
[1.193s] -- Installing: /home/redalexdad/GitHub/WalkingRobotSim/install/ros2_unitree_legged_msgs/include/ros2_unitree_legged_msgs/ros2_unitree_legged_msgs/msg/detail/motor_state__type_support.c
[1.203s] -- Installing: /home/redalexdad/GitHub/WalkingRobotSim/install/ros2_unitree_legged_msgs/include/ros2_unitree_legged_msgs/ros2_unitree_legged_msgs/msg/detail/led__type_support.c
[1.203s] -- Installing: /home/redalexdad/GitHub/WalkingRobotSim/install/ros2_unitree_legged_msgs/include/ros2_unitree_legged_msgs/ros2_unitree_legged_msgs/msg/detail/motor_cmd__type_support.c
[1.203s] -- Up-to-date: /home/redalexdad/GitHub/WalkingRobotSim/install/ros2_unitree_legged_msgs/include/ros2_unitree_legged_msgs/ros2_unitree_legged_msgs/msg/detail/high_cmd__rosidl_typesupport_introspection_c.h
[1.203s] -- Up-to-date: /home/redalexdad/GitHub/WalkingRobotSim/install/ros2_unitree_legged_msgs/include/ros2_unitree_legged_msgs/ros2_unitree_legged_msgs/msg/detail/imu__rosidl_typesupport_introspection_c.h
[1.203s] -- Up-to-date: /home/redalexdad/GitHub/WalkingRobotSim/install/ros2_unitree_legged_msgs/include/ros2_unitree_legged_msgs/ros2_unitree_legged_msgs/msg/detail/bms_state__rosidl_typesupport_introspection_c.h
[1.203s] -- Installing: /home/redalexdad/GitHub/WalkingRobotSim/install/ros2_unitree_legged_msgs/include/ros2_unitree_legged_msgs/ros2_unitree_legged_msgs/msg/detail/bms_cmd__type_support.c
[1.204s] -- Up-to-date: /home/redalexdad/GitHub/WalkingRobotSim/install/ros2_unitree_legged_msgs/include/ros2_unitree_legged_msgs/ros2_unitree_legged_msgs/msg/detail/high_state__rosidl_typesupport_introspection_c.h
[1.204s] -- Up-to-date: /home/redalexdad/GitHub/WalkingRobotSim/install/ros2_unitree_legged_msgs/include/ros2_unitree_legged_msgs/ros2_unitree_legged_msgs/msg/detail/motor_state__rosidl_typesupport_introspection_c.h
[1.204s] -- Up-to-date: /home/redalexdad/GitHub/WalkingRobotSim/install/ros2_unitree_legged_msgs/include/ros2_unitree_legged_msgs/ros2_unitree_legged_msgs/msg/detail/bms_cmd__rosidl_typesupport_introspection_c.h
[1.204s] -- Installing: /home/redalexdad/GitHub/WalkingRobotSim/install/ros2_unitree_legged_msgs/include/ros2_unitree_legged_msgs/ros2_unitree_legged_msgs/msg/detail/high_state__type_support.c
[1.232s] -- Installing: /home/redalexdad/GitHub/WalkingRobotSim/install/ros2_unitree_legged_msgs/include/ros2_unitree_legged_msgs/ros2_unitree_legged_msgs/msg/detail/high_cmd__type_support.c
[1.232s] -- Installing: /home/redalexdad/GitHub/WalkingRobotSim/install/ros2_unitree_legged_msgs/include/ros2_unitree_legged_msgs/ros2_unitree_legged_msgs/msg/detail/bms_state__type_support.c
[1.232s] -- Up-to-date: /home/redalexdad/GitHub/WalkingRobotSim/install/ros2_unitree_legged_msgs/include/ros2_unitree_legged_msgs/ros2_unitree_legged_msgs/msg/detail/led__rosidl_typesupport_introspection_c.h
[1.232s] -- Up-to-date: /home/redalexdad/GitHub/WalkingRobotSim/install/ros2_unitree_legged_msgs/include/ros2_unitree_legged_msgs/ros2_unitree_legged_msgs/msg/detail/cartesian__rosidl_typesupport_introspection_c.h
[1.232s] -- Up-to-date: /home/redalexdad/GitHub/WalkingRobotSim/install/ros2_unitree_legged_msgs/lib/libros2_unitree_legged_msgs__rosidl_typesupport_introspection_c.so
[1.232s] -- Up-to-date: /home/redalexdad/GitHub/WalkingRobotSim/install/ros2_unitree_legged_msgs/lib/libros2_unitree_legged_msgs__rosidl_typesupport_c.so
[1.233s] -- Up-to-date: /home/redalexdad/GitHub/WalkingRobotSim/install/ros2_unitree_legged_msgs/include/ros2_unitree_legged_msgs/ros2_unitree_legged_msgs
[1.233s] -- Up-to-date: /home/redalexdad/GitHub/WalkingRobotSim/install/ros2_unitree_legged_msgs/include/ros2_unitree_legged_msgs/ros2_unitree_legged_msgs/msg
[1.233s] -- Up-to-date: /home/redalexdad/GitHub/WalkingRobotSim/install/ros2_unitree_legged_msgs/include/ros2_unitree_legged_msgs/ros2_unitree_legged_msgs/msg/cartesian.hpp
[1.233s] -- Up-to-date: /home/redalexdad/GitHub/WalkingRobotSim/install/ros2_unitree_legged_msgs/include/ros2_unitree_legged_msgs/ros2_unitree_legged_msgs/msg/rosidl_generator_cpp__visibility_control.hpp
[1.233s] -- Up-to-date: /home/redalexdad/GitHub/WalkingRobotSim/install/ros2_unitree_legged_msgs/include/ros2_unitree_legged_msgs/ros2_unitree_legged_msgs/msg/high_cmd.hpp
[1.233s] -- Up-to-date: /home/redalexdad/GitHub/WalkingRobotSim/install/ros2_unitree_legged_msgs/include/ros2_unitree_legged_msgs/ros2_unitree_legged_msgs/msg/bms_cmd.hpp
[1.233s] -- Up-to-date: /home/redalexdad/GitHub/WalkingRobotSim/install/ros2_unitree_legged_msgs/include/ros2_unitree_legged_msgs/ros2_unitree_legged_msgs/msg/motor_state.hpp
[1.233s] -- Up-to-date: /home/redalexdad/GitHub/WalkingRobotSim/install/ros2_unitree_legged_msgs/include/ros2_unitree_legged_msgs/ros2_unitree_legged_msgs/msg/motor_cmd.hpp
[1.233s] -- Up-to-date: /home/redalexdad/GitHub/WalkingRobotSim/install/ros2_unitree_legged_msgs/include/ros2_unitree_legged_msgs/ros2_unitree_legged_msgs/msg/high_state.hpp
[1.234s] -- Up-to-date: /home/redalexdad/GitHub/WalkingRobotSim/install/ros2_unitree_legged_msgs/include/ros2_unitree_legged_msgs/ros2_unitree_legged_msgs/msg/led.hpp
[1.234s] -- Up-to-date: /home/redalexdad/GitHub/WalkingRobotSim/install/ros2_unitree_legged_msgs/include/ros2_unitree_legged_msgs/ros2_unitree_legged_msgs/msg/bms_state.hpp
[1.234s] -- Up-to-date: /home/redalexdad/GitHub/WalkingRobotSim/install/ros2_unitree_legged_msgs/include/ros2_unitree_legged_msgs/ros2_unitree_legged_msgs/msg/imu.hpp
[1.234s] -- Up-to-date: /home/redalexdad/GitHub/WalkingRobotSim/install/ros2_unitree_legged_msgs/include/ros2_unitree_legged_msgs/ros2_unitree_legged_msgs/msg/detail
[1.234s] -- Up-to-date: /home/redalexdad/GitHub/WalkingRobotSim/install/ros2_unitree_legged_msgs/include/ros2_unitree_legged_msgs/ros2_unitree_legged_msgs/msg/detail/imu__builder.hpp
[1.234s] -- Up-to-date: /home/redalexdad/GitHub/WalkingRobotSim/install/ros2_unitree_legged_msgs/include/ros2_unitree_legged_msgs/ros2_unitree_legged_msgs/msg/detail/cartesian__traits.hpp
[1.234s] -- Up-to-date: /home/redalexdad/GitHub/WalkingRobotSim/install/ros2_unitree_legged_msgs/include/ros2_unitree_legged_msgs/ros2_unitree_legged_msgs/msg/detail/high_state__struct.hpp
[1.234s] -- Up-to-date: /home/redalexdad/GitHub/WalkingRobotSim/install/ros2_unitree_legged_msgs/include/ros2_unitree_legged_msgs/ros2_unitree_legged_msgs/msg/detail/bms_state__traits.hpp
[1.234s] -- Up-to-date: /home/redalexdad/GitHub/WalkingRobotSim/install/ros2_unitree_legged_msgs/include/ros2_unitree_legged_msgs/ros2_unitree_legged_msgs/msg/detail/low_cmd__traits.hpp
[1.235s] -- Up-to-date: /home/redalexdad/GitHub/WalkingRobotSim/install/ros2_unitree_legged_msgs/include/ros2_unitree_legged_msgs/ros2_unitree_legged_msgs/msg/detail/cartesian__builder.hpp
[1.235s] -- Up-to-date: /home/redalexdad/GitHub/WalkingRobotSim/install/ros2_unitree_legged_msgs/include/ros2_unitree_legged_msgs/ros2_unitree_legged_msgs/msg/detail/high_cmd__struct.hpp
[1.235s] -- Up-to-date: /home/redalexdad/GitHub/WalkingRobotSim/install/ros2_unitree_legged_msgs/include/ros2_unitree_legged_msgs/ros2_unitree_legged_msgs/msg/detail/motor_state__type_support.hpp
[1.235s] -- Up-to-date: /home/redalexdad/GitHub/WalkingRobotSim/install/ros2_unitree_legged_msgs/include/ros2_unitree_legged_msgs/ros2_unitree_legged_msgs/msg/detail/low_cmd__type_support.hpp
[1.235s] -- Up-to-date: /home/redalexdad/GitHub/WalkingRobotSim/install/ros2_unitree_legged_msgs/include/ros2_unitree_legged_msgs/ros2_unitree_legged_msgs/msg/detail/bms_state__builder.hpp
[1.235s] -- Up-to-date: /home/redalexdad/GitHub/WalkingRobotSim/install/ros2_unitree_legged_msgs/include/ros2_unitree_legged_msgs/ros2_unitree_legged_msgs/msg/detail/led__struct.hpp
[1.235s] -- Up-to-date: /home/redalexdad/GitHub/WalkingRobotSim/install/ros2_unitree_legged_msgs/include/ros2_unitree_legged_msgs/ros2_unitree_legged_msgs/msg/detail/motor_state__traits.hpp
[1.235s] -- Up-to-date: /home/redalexdad/GitHub/WalkingRobotSim/install/ros2_unitree_legged_msgs/include/ros2_unitree_legged_msgs/ros2_unitree_legged_msgs/msg/detail/high_state__builder.hpp
[1.235s] -- Up-to-date: /home/redalexdad/GitHub/WalkingRobotSim/install/ros2_unitree_legged_msgs/include/ros2_unitree_legged_msgs/ros2_unitree_legged_msgs/msg/detail/low_state__type_support.hpp
[1.235s] -- Up-to-date: /home/redalexdad/GitHub/WalkingRobotSim/install/ros2_unitree_legged_msgs/include/ros2_unitree_legged_msgs/ros2_unitree_legged_msgs/msg/detail/high_cmd__builder.hpp
[1.236s] -- Up-to-date: /home/redalexdad/GitHub/WalkingRobotSim/install/ros2_unitree_legged_msgs/include/ros2_unitree_legged_msgs/ros2_unitree_legged_msgs/msg/detail/imu__traits.hpp
[1.236s] -- Up-to-date: /home/redalexdad/GitHub/WalkingRobotSim/install/ros2_unitree_legged_msgs/include/ros2_unitree_legged_msgs/ros2_unitree_legged_msgs/msg/detail/motor_cmd__traits.hpp
[1.236s] -- Up-to-date: /home/redalexdad/GitHub/WalkingRobotSim/install/ros2_unitree_legged_msgs/include/ros2_unitree_legged_msgs/ros2_unitree_legged_msgs/msg/detail/bms_state__struct.hpp
[1.236s] -- Up-to-date: /home/redalexdad/GitHub/WalkingRobotSim/install/ros2_unitree_legged_msgs/include/ros2_unitree_legged_msgs/ros2_unitree_legged_msgs/msg/detail/motor_state__builder.hpp
[1.236s] -- Up-to-date: /home/redalexdad/GitHub/WalkingRobotSim/install/ros2_unitree_legged_msgs/include/ros2_unitree_legged_msgs/ros2_unitree_legged_msgs/msg/detail/bms_cmd__builder.hpp
[1.236s] -- Up-to-date: /home/redalexdad/GitHub/WalkingRobotSim/install/ros2_unitree_legged_msgs/include/ros2_unitree_legged_msgs/ros2_unitree_legged_msgs/msg/detail/low_cmd__builder.hpp
[1.236s] -- Up-to-date: /home/redalexdad/GitHub/WalkingRobotSim/install/ros2_unitree_legged_msgs/include/ros2_unitree_legged_msgs/ros2_unitree_legged_msgs/msg/detail/led__traits.hpp
[1.236s] -- Up-to-date: /home/redalexdad/GitHub/WalkingRobotSim/install/ros2_unitree_legged_msgs/include/ros2_unitree_legged_msgs/ros2_unitree_legged_msgs/msg/detail/bms_cmd__traits.hpp
[1.236s] -- Up-to-date: /home/redalexdad/GitHub/WalkingRobotSim/install/ros2_unitree_legged_msgs/include/ros2_unitree_legged_msgs/ros2_unitree_legged_msgs/msg/detail/motor_cmd__builder.hpp
[1.237s] -- Up-to-date: /home/redalexdad/GitHub/WalkingRobotSim/install/ros2_unitree_legged_msgs/include/ros2_unitree_legged_msgs/ros2_unitree_legged_msgs/msg/detail/imu__struct.hpp
[1.237s] -- Up-to-date: /home/redalexdad/GitHub/WalkingRobotSim/install/ros2_unitree_legged_msgs/include/ros2_unitree_legged_msgs/ros2_unitree_legged_msgs/msg/detail/motor_state__struct.hpp
[1.237s] -- Up-to-date: /home/redalexdad/GitHub/WalkingRobotSim/install/ros2_unitree_legged_msgs/include/ros2_unitree_legged_msgs/ros2_unitree_legged_msgs/msg/detail/motor_cmd__struct.hpp
[1.237s] -- Up-to-date: /home/redalexdad/GitHub/WalkingRobotSim/install/ros2_unitree_legged_msgs/include/ros2_unitree_legged_msgs/ros2_unitree_legged_msgs/msg/detail/imu__type_support.hpp
[1.237s] -- Up-to-date: /home/redalexdad/GitHub/WalkingRobotSim/install/ros2_unitree_legged_msgs/include/ros2_unitree_legged_msgs/ros2_unitree_legged_msgs/msg/detail/led__builder.hpp
[1.237s] -- Up-to-date: /home/redalexdad/GitHub/WalkingRobotSim/install/ros2_unitree_legged_msgs/include/ros2_unitree_legged_msgs/ros2_unitree_legged_msgs/msg/detail/bms_cmd__struct.hpp
[1.237s] -- Up-to-date: /home/redalexdad/GitHub/WalkingRobotSim/install/ros2_unitree_legged_msgs/include/ros2_unitree_legged_msgs/ros2_unitree_legged_msgs/msg/detail/bms_state__type_support.hpp
[1.237s] -- Up-to-date: /home/redalexdad/GitHub/WalkingRobotSim/install/ros2_unitree_legged_msgs/include/ros2_unitree_legged_msgs/ros2_unitree_legged_msgs/msg/detail/high_cmd__type_support.hpp
[1.237s] -- Up-to-date: /home/redalexdad/GitHub/WalkingRobotSim/install/ros2_unitree_legged_msgs/include/ros2_unitree_legged_msgs/ros2_unitree_legged_msgs/msg/detail/bms_cmd__type_support.hpp
[1.238s] -- Up-to-date: /home/redalexdad/GitHub/WalkingRobotSim/install/ros2_unitree_legged_msgs/include/ros2_unitree_legged_msgs/ros2_unitree_legged_msgs/msg/detail/high_cmd__traits.hpp
[1.238s] -- Up-to-date: /home/redalexdad/GitHub/WalkingRobotSim/install/ros2_unitree_legged_msgs/include/ros2_unitree_legged_msgs/ros2_unitree_legged_msgs/msg/detail/low_state__traits.hpp
[1.238s] -- Up-to-date: /home/redalexdad/GitHub/WalkingRobotSim/install/ros2_unitree_legged_msgs/include/ros2_unitree_legged_msgs/ros2_unitree_legged_msgs/msg/detail/cartesian__type_support.hpp
[1.238s] -- Up-to-date: /home/redalexdad/GitHub/WalkingRobotSim/install/ros2_unitree_legged_msgs/include/ros2_unitree_legged_msgs/ros2_unitree_legged_msgs/msg/detail/motor_cmd__type_support.hpp
[1.238s] -- Up-to-date: /home/redalexdad/GitHub/WalkingRobotSim/install/ros2_unitree_legged_msgs/include/ros2_unitree_legged_msgs/ros2_unitree_legged_msgs/msg/detail/led__type_support.hpp
[1.238s] -- Up-to-date: /home/redalexdad/GitHub/WalkingRobotSim/install/ros2_unitree_legged_msgs/include/ros2_unitree_legged_msgs/ros2_unitree_legged_msgs/msg/detail/high_state__traits.hpp
[1.238s] -- Up-to-date: /home/redalexdad/GitHub/WalkingRobotSim/install/ros2_unitree_legged_msgs/include/ros2_unitree_legged_msgs/ros2_unitree_legged_msgs/msg/detail/cartesian__struct.hpp
[1.238s] -- Up-to-date: /home/redalexdad/GitHub/WalkingRobotSim/install/ros2_unitree_legged_msgs/include/ros2_unitree_legged_msgs/ros2_unitree_legged_msgs/msg/detail/low_cmd__struct.hpp
[1.238s] -- Up-to-date: /home/redalexdad/GitHub/WalkingRobotSim/install/ros2_unitree_legged_msgs/include/ros2_unitree_legged_msgs/ros2_unitree_legged_msgs/msg/detail/low_state__builder.hpp
[1.239s] -- Up-to-date: /home/redalexdad/GitHub/WalkingRobotSim/install/ros2_unitree_legged_msgs/include/ros2_unitree_legged_msgs/ros2_unitree_legged_msgs/msg/detail/low_state__struct.hpp
[1.239s] -- Up-to-date: /home/redalexdad/GitHub/WalkingRobotSim/install/ros2_unitree_legged_msgs/include/ros2_unitree_legged_msgs/ros2_unitree_legged_msgs/msg/detail/high_state__type_support.hpp
[1.239s] -- Up-to-date: /home/redalexdad/GitHub/WalkingRobotSim/install/ros2_unitree_legged_msgs/include/ros2_unitree_legged_msgs/ros2_unitree_legged_msgs/msg/low_state.hpp
[1.239s] -- Up-to-date: /home/redalexdad/GitHub/WalkingRobotSim/install/ros2_unitree_legged_msgs/include/ros2_unitree_legged_msgs/ros2_unitree_legged_msgs/msg/low_cmd.hpp
[1.239s] -- Up-to-date: /home/redalexdad/GitHub/WalkingRobotSim/install/ros2_unitree_legged_msgs/include/ros2_unitree_legged_msgs/ros2_unitree_legged_msgs
[1.239s] -- Up-to-date: /home/redalexdad/GitHub/WalkingRobotSim/install/ros2_unitree_legged_msgs/include/ros2_unitree_legged_msgs/ros2_unitree_legged_msgs/msg
[1.239s] -- Up-to-date: /home/redalexdad/GitHub/WalkingRobotSim/install/ros2_unitree_legged_msgs/include/ros2_unitree_legged_msgs/ros2_unitree_legged_msgs/msg/rosidl_typesupport_fastrtps_cpp__visibility_control.h
[1.239s] -- Up-to-date: /home/redalexdad/GitHub/WalkingRobotSim/install/ros2_unitree_legged_msgs/include/ros2_unitree_legged_msgs/ros2_unitree_legged_msgs/msg/detail
[1.239s] -- Up-to-date: /home/redalexdad/GitHub/WalkingRobotSim/install/ros2_unitree_legged_msgs/include/ros2_unitree_legged_msgs/ros2_unitree_legged_msgs/msg/detail/low_cmd__rosidl_typesupport_fastrtps_cpp.hpp
[1.240s] -- Up-to-date: /home/redalexdad/GitHub/WalkingRobotSim/install/ros2_unitree_legged_msgs/include/ros2_unitree_legged_msgs/ros2_unitree_legged_msgs/msg/detail/motor_cmd__rosidl_typesupport_fastrtps_cpp.hpp
[1.240s] -- Up-to-date: /home/redalexdad/GitHub/WalkingRobotSim/install/ros2_unitree_legged_msgs/include/ros2_unitree_legged_msgs/ros2_unitree_legged_msgs/msg/detail/led__rosidl_typesupport_fastrtps_cpp.hpp
[1.240s] -- Up-to-date: /home/redalexdad/GitHub/WalkingRobotSim/install/ros2_unitree_legged_msgs/include/ros2_unitree_legged_msgs/ros2_unitree_legged_msgs/msg/detail/motor_state__rosidl_typesupport_fastrtps_cpp.hpp
[1.240s] -- Up-to-date: /home/redalexdad/GitHub/WalkingRobotSim/install/ros2_unitree_legged_msgs/include/ros2_unitree_legged_msgs/ros2_unitree_legged_msgs/msg/detail/bms_state__rosidl_typesupport_fastrtps_cpp.hpp
[1.240s] -- Up-to-date: /home/redalexdad/GitHub/WalkingRobotSim/install/ros2_unitree_legged_msgs/include/ros2_unitree_legged_msgs/ros2_unitree_legged_msgs/msg/detail/imu__rosidl_typesupport_fastrtps_cpp.hpp
[1.240s] -- Up-to-date: /home/redalexdad/GitHub/WalkingRobotSim/install/ros2_unitree_legged_msgs/include/ros2_unitree_legged_msgs/ros2_unitree_legged_msgs/msg/detail/cartesian__rosidl_typesupport_fastrtps_cpp.hpp
[1.240s] -- Up-to-date: /home/redalexdad/GitHub/WalkingRobotSim/install/ros2_unitree_legged_msgs/include/ros2_unitree_legged_msgs/ros2_unitree_legged_msgs/msg/detail/high_state__rosidl_typesupport_fastrtps_cpp.hpp
[1.240s] -- Up-to-date: /home/redalexdad/GitHub/WalkingRobotSim/install/ros2_unitree_legged_msgs/include/ros2_unitree_legged_msgs/ros2_unitree_legged_msgs/msg/detail/dds_fastrtps
[1.240s] -- Up-to-date: /home/redalexdad/GitHub/WalkingRobotSim/install/ros2_unitree_legged_msgs/include/ros2_unitree_legged_msgs/ros2_unitree_legged_msgs/msg/detail/low_state__rosidl_typesupport_fastrtps_cpp.hpp
[1.241s] -- Up-to-date: /home/redalexdad/GitHub/WalkingRobotSim/install/ros2_unitree_legged_msgs/include/ros2_unitree_legged_msgs/ros2_unitree_legged_msgs/msg/detail/bms_cmd__rosidl_typesupport_fastrtps_cpp.hpp
[1.241s] -- Up-to-date: /home/redalexdad/GitHub/WalkingRobotSim/install/ros2_unitree_legged_msgs/include/ros2_unitree_legged_msgs/ros2_unitree_legged_msgs/msg/detail/high_cmd__rosidl_typesupport_fastrtps_cpp.hpp
[1.241s] -- Up-to-date: /home/redalexdad/GitHub/WalkingRobotSim/install/ros2_unitree_legged_msgs/lib/libros2_unitree_legged_msgs__rosidl_typesupport_fastrtps_cpp.so
[1.241s] -- Up-to-date: /home/redalexdad/GitHub/WalkingRobotSim/install/ros2_unitree_legged_msgs/include/ros2_unitree_legged_msgs/ros2_unitree_legged_msgs
[1.241s] -- Up-to-date: /home/redalexdad/GitHub/WalkingRobotSim/install/ros2_unitree_legged_msgs/include/ros2_unitree_legged_msgs/ros2_unitree_legged_msgs/msg
[1.241s] -- Up-to-date: /home/redalexdad/GitHub/WalkingRobotSim/install/ros2_unitree_legged_msgs/include/ros2_unitree_legged_msgs/ros2_unitree_legged_msgs/msg/detail
[1.241s] -- Up-to-date: /home/redalexdad/GitHub/WalkingRobotSim/install/ros2_unitree_legged_msgs/include/ros2_unitree_legged_msgs/ros2_unitree_legged_msgs/msg/detail/motor_state__type_support.cpp
[1.241s] -- Up-to-date: /home/redalexdad/GitHub/WalkingRobotSim/install/ros2_unitree_legged_msgs/include/ros2_unitree_legged_msgs/ros2_unitree_legged_msgs/msg/detail/low_state__type_support.cpp
[1.241s] -- Up-to-date: /home/redalexdad/GitHub/WalkingRobotSim/install/ros2_unitree_legged_msgs/include/ros2_unitree_legged_msgs/ros2_unitree_legged_msgs/msg/detail/cartesian__type_support.cpp
[1.242s] -- Up-to-date: /home/redalexdad/GitHub/WalkingRobotSim/install/ros2_unitree_legged_msgs/include/ros2_unitree_legged_msgs/ros2_unitree_legged_msgs/msg/detail/led__type_support.cpp
[1.242s] -- Up-to-date: /home/redalexdad/GitHub/WalkingRobotSim/install/ros2_unitree_legged_msgs/include/ros2_unitree_legged_msgs/ros2_unitree_legged_msgs/msg/detail/high_state__rosidl_typesupport_introspection_cpp.hpp
[1.242s] -- Up-to-date: /home/redalexdad/GitHub/WalkingRobotSim/install/ros2_unitree_legged_msgs/include/ros2_unitree_legged_msgs/ros2_unitree_legged_msgs/msg/detail/cartesian__rosidl_typesupport_introspection_cpp.hpp
[1.242s] -- Up-to-date: /home/redalexdad/GitHub/WalkingRobotSim/install/ros2_unitree_legged_msgs/include/ros2_unitree_legged_msgs/ros2_unitree_legged_msgs/msg/detail/bms_cmd__rosidl_typesupport_introspection_cpp.hpp
[1.242s] -- Up-to-date: /home/redalexdad/GitHub/WalkingRobotSim/install/ros2_unitree_legged_msgs/include/ros2_unitree_legged_msgs/ros2_unitree_legged_msgs/msg/detail/motor_state__rosidl_typesupport_introspection_cpp.hpp
[1.242s] -- Up-to-date: /home/redalexdad/GitHub/WalkingRobotSim/install/ros2_unitree_legged_msgs/include/ros2_unitree_legged_msgs/ros2_unitree_legged_msgs/msg/detail/imu__rosidl_typesupport_introspection_cpp.hpp
[1.242s] -- Up-to-date: /home/redalexdad/GitHub/WalkingRobotSim/install/ros2_unitree_legged_msgs/include/ros2_unitree_legged_msgs/ros2_unitree_legged_msgs/msg/detail/bms_cmd__type_support.cpp
[1.242s] -- Up-to-date: /home/redalexdad/GitHub/WalkingRobotSim/install/ros2_unitree_legged_msgs/include/ros2_unitree_legged_msgs/ros2_unitree_legged_msgs/msg/detail/high_cmd__rosidl_typesupport_introspection_cpp.hpp
[1.242s] -- Up-to-date: /home/redalexdad/GitHub/WalkingRobotSim/install/ros2_unitree_legged_msgs/include/ros2_unitree_legged_msgs/ros2_unitree_legged_msgs/msg/detail/motor_cmd__rosidl_typesupport_introspection_cpp.hpp
[1.243s] -- Up-to-date: /home/redalexdad/GitHub/WalkingRobotSim/install/ros2_unitree_legged_msgs/include/ros2_unitree_legged_msgs/ros2_unitree_legged_msgs/msg/detail/bms_state__type_support.cpp
[1.243s] -- Up-to-date: /home/redalexdad/GitHub/WalkingRobotSim/install/ros2_unitree_legged_msgs/include/ros2_unitree_legged_msgs/ros2_unitree_legged_msgs/msg/detail/low_cmd__type_support.cpp
[1.243s] -- Up-to-date: /home/redalexdad/GitHub/WalkingRobotSim/install/ros2_unitree_legged_msgs/include/ros2_unitree_legged_msgs/ros2_unitree_legged_msgs/msg/detail/motor_cmd__type_support.cpp
[1.243s] -- Up-to-date: /home/redalexdad/GitHub/WalkingRobotSim/install/ros2_unitree_legged_msgs/include/ros2_unitree_legged_msgs/ros2_unitree_legged_msgs/msg/detail/low_cmd__rosidl_typesupport_introspection_cpp.hpp
[1.243s] -- Up-to-date: /home/redalexdad/GitHub/WalkingRobotSim/install/ros2_unitree_legged_msgs/include/ros2_unitree_legged_msgs/ros2_unitree_legged_msgs/msg/detail/high_state__type_support.cpp
[1.243s] -- Up-to-date: /home/redalexdad/GitHub/WalkingRobotSim/install/ros2_unitree_legged_msgs/include/ros2_unitree_legged_msgs/ros2_unitree_legged_msgs/msg/detail/led__rosidl_typesupport_introspection_cpp.hpp
[1.243s] -- Up-to-date: /home/redalexdad/GitHub/WalkingRobotSim/install/ros2_unitree_legged_msgs/include/ros2_unitree_legged_msgs/ros2_unitree_legged_msgs/msg/detail/bms_state__rosidl_typesupport_introspection_cpp.hpp
[1.243s] -- Up-to-date: /home/redalexdad/GitHub/WalkingRobotSim/install/ros2_unitree_legged_msgs/include/ros2_unitree_legged_msgs/ros2_unitree_legged_msgs/msg/detail/imu__type_support.cpp
[1.243s] -- Up-to-date: /home/redalexdad/GitHub/WalkingRobotSim/install/ros2_unitree_legged_msgs/include/ros2_unitree_legged_msgs/ros2_unitree_legged_msgs/msg/detail/high_cmd__type_support.cpp
[1.244s] -- Up-to-date: /home/redalexdad/GitHub/WalkingRobotSim/install/ros2_unitree_legged_msgs/include/ros2_unitree_legged_msgs/ros2_unitree_legged_msgs/msg/detail/low_state__rosidl_typesupport_introspection_cpp.hpp
[1.244s] -- Up-to-date: /home/redalexdad/GitHub/WalkingRobotSim/install/ros2_unitree_legged_msgs/lib/libros2_unitree_legged_msgs__rosidl_typesupport_introspection_cpp.so
[1.244s] -- Up-to-date: /home/redalexdad/GitHub/WalkingRobotSim/install/ros2_unitree_legged_msgs/lib/libros2_unitree_legged_msgs__rosidl_typesupport_cpp.so
[1.244s] -- Up-to-date: /home/redalexdad/GitHub/WalkingRobotSim/install/ros2_unitree_legged_msgs/share/ros2_unitree_legged_msgs/environment/pythonpath.sh
[1.244s] -- Up-to-date: /home/redalexdad/GitHub/WalkingRobotSim/install/ros2_unitree_legged_msgs/share/ros2_unitree_legged_msgs/environment/pythonpath.dsv
[1.244s] -- Up-to-date: /home/redalexdad/GitHub/WalkingRobotSim/install/ros2_unitree_legged_msgs/lib/python3.12/site-packages/ros2_unitree_legged_msgs-0.4.0-py3.12.egg-info
[1.244s] -- Installing: /home/redalexdad/GitHub/WalkingRobotSim/install/ros2_unitree_legged_msgs/lib/python3.12/site-packages/ros2_unitree_legged_msgs-0.4.0-py3.12.egg-info/PKG-INFO
[1.244s] -- Installing: /home/redalexdad/GitHub/WalkingRobotSim/install/ros2_unitree_legged_msgs/lib/python3.12/site-packages/ros2_unitree_legged_msgs-0.4.0-py3.12.egg-info/SOURCES.txt
[1.245s] -- Installing: /home/redalexdad/GitHub/WalkingRobotSim/install/ros2_unitree_legged_msgs/lib/python3.12/site-packages/ros2_unitree_legged_msgs-0.4.0-py3.12.egg-info/top_level.txt
[1.245s] -- Installing: /home/redalexdad/GitHub/WalkingRobotSim/install/ros2_unitree_legged_msgs/lib/python3.12/site-packages/ros2_unitree_legged_msgs-0.4.0-py3.12.egg-info/dependency_links.txt
[1.245s] -- Up-to-date: /home/redalexdad/GitHub/WalkingRobotSim/install/ros2_unitree_legged_msgs/lib/python3.12/site-packages/ros2_unitree_legged_msgs
[1.245s] -- Up-to-date: /home/redalexdad/GitHub/WalkingRobotSim/install/ros2_unitree_legged_msgs/lib/python3.12/site-packages/ros2_unitree_legged_msgs/msg
[1.245s] -- Up-to-date: /home/redalexdad/GitHub/WalkingRobotSim/install/ros2_unitree_legged_msgs/lib/python3.12/site-packages/ros2_unitree_legged_msgs/msg/_bms_state.py
[1.245s] -- Up-to-date: /home/redalexdad/GitHub/WalkingRobotSim/install/ros2_unitree_legged_msgs/lib/python3.12/site-packages/ros2_unitree_legged_msgs/msg/_low_state_s.c
[1.245s] -- Up-to-date: /home/redalexdad/GitHub/WalkingRobotSim/install/ros2_unitree_legged_msgs/lib/python3.12/site-packages/ros2_unitree_legged_msgs/msg/_cartesian_s.c
[1.245s] -- Up-to-date: /home/redalexdad/GitHub/WalkingRobotSim/install/ros2_unitree_legged_msgs/lib/python3.12/site-packages/ros2_unitree_legged_msgs/msg/__init__.py
[1.245s] -- Up-to-date: /home/redalexdad/GitHub/WalkingRobotSim/install/ros2_unitree_legged_msgs/lib/python3.12/site-packages/ros2_unitree_legged_msgs/msg/_high_state_s.c
[1.246s] -- Up-to-date: /home/redalexdad/GitHub/WalkingRobotSim/install/ros2_unitree_legged_msgs/lib/python3.12/site-packages/ros2_unitree_legged_msgs/msg/_low_state.py
[1.246s] -- Up-to-date: /home/redalexdad/GitHub/WalkingRobotSim/install/ros2_unitree_legged_msgs/lib/python3.12/site-packages/ros2_unitree_legged_msgs/msg/_imu_s.c
[1.246s] -- Up-to-date: /home/redalexdad/GitHub/WalkingRobotSim/install/ros2_unitree_legged_msgs/lib/python3.12/site-packages/ros2_unitree_legged_msgs/msg/_imu.py
[1.246s] -- Up-to-date: /home/redalexdad/GitHub/WalkingRobotSim/install/ros2_unitree_legged_msgs/lib/python3.12/site-packages/ros2_unitree_legged_msgs/msg/_high_cmd.py
[1.246s] -- Up-to-date: /home/redalexdad/GitHub/WalkingRobotSim/install/ros2_unitree_legged_msgs/lib/python3.12/site-packages/ros2_unitree_legged_msgs/msg/_high_state.py
[1.246s] -- Up-to-date: /home/redalexdad/GitHub/WalkingRobotSim/install/ros2_unitree_legged_msgs/lib/python3.12/site-packages/ros2_unitree_legged_msgs/msg/_bms_cmd.py
[1.246s] -- Up-to-date: /home/redalexdad/GitHub/WalkingRobotSim/install/ros2_unitree_legged_msgs/lib/python3.12/site-packages/ros2_unitree_legged_msgs/msg/_low_cmd.py
[1.246s] -- Up-to-date: /home/redalexdad/GitHub/WalkingRobotSim/install/ros2_unitree_legged_msgs/lib/python3.12/site-packages/ros2_unitree_legged_msgs/msg/_bms_state_s.c
[1.246s] -- Up-to-date: /home/redalexdad/GitHub/WalkingRobotSim/install/ros2_unitree_legged_msgs/lib/python3.12/site-packages/ros2_unitree_legged_msgs/msg/_motor_cmd_s.c
[1.246s] -- Up-to-date: /home/redalexdad/GitHub/WalkingRobotSim/install/ros2_unitree_legged_msgs/lib/python3.12/site-packages/ros2_unitree_legged_msgs/msg/_high_cmd_s.c
[1.247s] -- Up-to-date: /home/redalexdad/GitHub/WalkingRobotSim/install/ros2_unitree_legged_msgs/lib/python3.12/site-packages/ros2_unitree_legged_msgs/msg/_led_s.c
[1.247s] -- Up-to-date: /home/redalexdad/GitHub/WalkingRobotSim/install/ros2_unitree_legged_msgs/lib/python3.12/site-packages/ros2_unitree_legged_msgs/msg/_motor_cmd.py
[1.247s] -- Up-to-date: /home/redalexdad/GitHub/WalkingRobotSim/install/ros2_unitree_legged_msgs/lib/python3.12/site-packages/ros2_unitree_legged_msgs/msg/_cartesian.py
[1.247s] -- Up-to-date: /home/redalexdad/GitHub/WalkingRobotSim/install/ros2_unitree_legged_msgs/lib/python3.12/site-packages/ros2_unitree_legged_msgs/msg/_led.py
[1.247s] -- Up-to-date: /home/redalexdad/GitHub/WalkingRobotSim/install/ros2_unitree_legged_msgs/lib/python3.12/site-packages/ros2_unitree_legged_msgs/msg/_motor_state.py
[1.247s] -- Up-to-date: /home/redalexdad/GitHub/WalkingRobotSim/install/ros2_unitree_legged_msgs/lib/python3.12/site-packages/ros2_unitree_legged_msgs/msg/_motor_state_s.c
[1.247s] -- Up-to-date: /home/redalexdad/GitHub/WalkingRobotSim/install/ros2_unitree_legged_msgs/lib/python3.12/site-packages/ros2_unitree_legged_msgs/msg/_low_cmd_s.c
[1.247s] -- Up-to-date: /home/redalexdad/GitHub/WalkingRobotSim/install/ros2_unitree_legged_msgs/lib/python3.12/site-packages/ros2_unitree_legged_msgs/msg/_bms_cmd_s.c
[1.247s] -- Up-to-date: /home/redalexdad/GitHub/WalkingRobotSim/install/ros2_unitree_legged_msgs/lib/python3.12/site-packages/ros2_unitree_legged_msgs/__init__.py
[1.248s] -- Up-to-date: /home/redalexdad/GitHub/WalkingRobotSim/install/ros2_unitree_legged_msgs/lib/python3.12/site-packages/ros2_unitree_legged_msgs/_ros2_unitree_legged_msgs_s.ep.rosidl_typesupport_introspection_c.c
[1.248s] -- Up-to-date: /home/redalexdad/GitHub/WalkingRobotSim/install/ros2_unitree_legged_msgs/lib/python3.12/site-packages/ros2_unitree_legged_msgs/ros2_unitree_legged_msgs_s__rosidl_typesupport_fastrtps_c.so
[1.248s] -- Up-to-date: /home/redalexdad/GitHub/WalkingRobotSim/install/ros2_unitree_legged_msgs/lib/python3.12/site-packages/ros2_unitree_legged_msgs/_ros2_unitree_legged_msgs_s.ep.rosidl_typesupport_fastrtps_c.c
[1.248s] -- Up-to-date: /home/redalexdad/GitHub/WalkingRobotSim/install/ros2_unitree_legged_msgs/lib/python3.12/site-packages/ros2_unitree_legged_msgs/ros2_unitree_legged_msgs_s__rosidl_typesupport_introspection_c.so
[1.248s] -- Up-to-date: /home/redalexdad/GitHub/WalkingRobotSim/install/ros2_unitree_legged_msgs/lib/python3.12/site-packages/ros2_unitree_legged_msgs/ros2_unitree_legged_msgs_s__rosidl_typesupport_c.so
[1.248s] -- Up-to-date: /home/redalexdad/GitHub/WalkingRobotSim/install/ros2_unitree_legged_msgs/lib/python3.12/site-packages/ros2_unitree_legged_msgs/_ros2_unitree_legged_msgs_s.ep.rosidl_typesupport_c.c
[1.248s] Listing '/home/redalexdad/GitHub/WalkingRobotSim/install/ros2_unitree_legged_msgs/lib/python3.12/site-packages/ros2_unitree_legged_msgs'...
[1.248s] Listing '/home/redalexdad/GitHub/WalkingRobotSim/install/ros2_unitree_legged_msgs/lib/python3.12/site-packages/ros2_unitree_legged_msgs/msg'...
[1.258s] -- Up-to-date: /home/redalexdad/GitHub/WalkingRobotSim/install/ros2_unitree_legged_msgs/lib/python3.12/site-packages/ros2_unitree_legged_msgs/ros2_unitree_legged_msgs_s__rosidl_typesupport_fastrtps_c.so
[1.258s] -- Up-to-date: /home/redalexdad/GitHub/WalkingRobotSim/install/ros2_unitree_legged_msgs/lib/python3.12/site-packages/ros2_unitree_legged_msgs/ros2_unitree_legged_msgs_s__rosidl_typesupport_introspection_c.so
[1.258s] -- Up-to-date: /home/redalexdad/GitHub/WalkingRobotSim/install/ros2_unitree_legged_msgs/lib/python3.12/site-packages/ros2_unitree_legged_msgs/ros2_unitree_legged_msgs_s__rosidl_typesupport_c.so
[1.258s] -- Up-to-date: /home/redalexdad/GitHub/WalkingRobotSim/install/ros2_unitree_legged_msgs/lib/libros2_unitree_legged_msgs__rosidl_generator_py.so
[1.259s] -- Up-to-date: /home/redalexdad/GitHub/WalkingRobotSim/install/ros2_unitree_legged_msgs/share/ros2_unitree_legged_msgs/msg/MotorCmd.idl
[1.259s] -- Up-to-date: /home/redalexdad/GitHub/WalkingRobotSim/install/ros2_unitree_legged_msgs/share/ros2_unitree_legged_msgs/msg/MotorState.idl
[1.259s] -- Up-to-date: /home/redalexdad/GitHub/WalkingRobotSim/install/ros2_unitree_legged_msgs/share/ros2_unitree_legged_msgs/msg/BmsCmd.idl
[1.259s] -- Up-to-date: /home/redalexdad/GitHub/WalkingRobotSim/install/ros2_unitree_legged_msgs/share/ros2_unitree_legged_msgs/msg/BmsState.idl
[1.259s] -- Up-to-date: /home/redalexdad/GitHub/WalkingRobotSim/install/ros2_unitree_legged_msgs/share/ros2_unitree_legged_msgs/msg/Cartesian.idl
[1.259s] -- Up-to-date: /home/redalexdad/GitHub/WalkingRobotSim/install/ros2_unitree_legged_msgs/share/ros2_unitree_legged_msgs/msg/IMU.idl
[1.259s] -- Up-to-date: /home/redalexdad/GitHub/WalkingRobotSim/install/ros2_unitree_legged_msgs/share/ros2_unitree_legged_msgs/msg/LED.idl
[1.259s] -- Up-to-date: /home/redalexdad/GitHub/WalkingRobotSim/install/ros2_unitree_legged_msgs/share/ros2_unitree_legged_msgs/msg/LowCmd.idl
[1.259s] -- Up-to-date: /home/redalexdad/GitHub/WalkingRobotSim/install/ros2_unitree_legged_msgs/share/ros2_unitree_legged_msgs/msg/LowState.idl
[1.260s] -- Up-to-date: /home/redalexdad/GitHub/WalkingRobotSim/install/ros2_unitree_legged_msgs/share/ros2_unitree_legged_msgs/msg/HighCmd.idl
[1.260s] -- Up-to-date: /home/redalexdad/GitHub/WalkingRobotSim/install/ros2_unitree_legged_msgs/share/ros2_unitree_legged_msgs/msg/HighState.idl
[1.260s] -- Up-to-date: /home/redalexdad/GitHub/WalkingRobotSim/install/ros2_unitree_legged_msgs/share/ros2_unitree_legged_msgs/msg/MotorCmd.msg
[1.260s] -- Up-to-date: /home/redalexdad/GitHub/WalkingRobotSim/install/ros2_unitree_legged_msgs/share/ros2_unitree_legged_msgs/msg/MotorState.msg
[1.260s] -- Up-to-date: /home/redalexdad/GitHub/WalkingRobotSim/install/ros2_unitree_legged_msgs/share/ros2_unitree_legged_msgs/msg/BmsCmd.msg
[1.260s] -- Up-to-date: /home/redalexdad/GitHub/WalkingRobotSim/install/ros2_unitree_legged_msgs/share/ros2_unitree_legged_msgs/msg/BmsState.msg
[1.260s] -- Up-to-date: /home/redalexdad/GitHub/WalkingRobotSim/install/ros2_unitree_legged_msgs/share/ros2_unitree_legged_msgs/msg/Cartesian.msg
[1.260s] -- Up-to-date: /home/redalexdad/GitHub/WalkingRobotSim/install/ros2_unitree_legged_msgs/share/ros2_unitree_legged_msgs/msg/IMU.msg
[1.260s] -- Up-to-date: /home/redalexdad/GitHub/WalkingRobotSim/install/ros2_unitree_legged_msgs/share/ros2_unitree_legged_msgs/msg/LED.msg
[1.261s] -- Up-to-date: /home/redalexdad/GitHub/WalkingRobotSim/install/ros2_unitree_legged_msgs/share/ros2_unitree_legged_msgs/msg/LowCmd.msg
[1.261s] -- Up-to-date: /home/redalexdad/GitHub/WalkingRobotSim/install/ros2_unitree_legged_msgs/share/ros2_unitree_legged_msgs/msg/LowState.msg
[1.261s] -- Up-to-date: /home/redalexdad/GitHub/WalkingRobotSim/install/ros2_unitree_legged_msgs/share/ros2_unitree_legged_msgs/msg/HighCmd.msg
[1.290s] -- Up-to-date: /home/redalexdad/GitHub/WalkingRobotSim/install/ros2_unitree_legged_msgs/share/ros2_unitree_legged_msgs/msg/HighState.msg
[1.290s] -- Up-to-date: /home/redalexdad/GitHub/WalkingRobotSim/install/ros2_unitree_legged_msgs/share/ament_index/resource_index/package_run_dependencies/ros2_unitree_legged_msgs
[1.290s] -- Up-to-date: /home/redalexdad/GitHub/WalkingRobotSim/install/ros2_unitree_legged_msgs/share/ament_index/resource_index/parent_prefix_path/ros2_unitree_legged_msgs
[1.290s] -- Up-to-date: /home/redalexdad/GitHub/WalkingRobotSim/install/ros2_unitree_legged_msgs/share/ros2_unitree_legged_msgs/environment/ament_prefix_path.sh
[1.290s] -- Up-to-date: /home/redalexdad/GitHub/WalkingRobotSim/install/ros2_unitree_legged_msgs/share/ros2_unitree_legged_msgs/environment/ament_prefix_path.dsv
[1.291s] -- Up-to-date: /home/redalexdad/GitHub/WalkingRobotSim/install/ros2_unitree_legged_msgs/share/ros2_unitree_legged_msgs/environment/path.sh
[1.291s] -- Up-to-date: /home/redalexdad/GitHub/WalkingRobotSim/install/ros2_unitree_legged_msgs/share/ros2_unitree_legged_msgs/environment/path.dsv
[1.291s] -- Up-to-date: /home/redalexdad/GitHub/WalkingRobotSim/install/ros2_unitree_legged_msgs/share/ros2_unitree_legged_msgs/local_setup.bash
[1.291s] -- Up-to-date: /home/redalexdad/GitHub/WalkingRobotSim/install/ros2_unitree_legged_msgs/share/ros2_unitree_legged_msgs/local_setup.sh
[1.292s] -- Up-to-date: /home/redalexdad/GitHub/WalkingRobotSim/install/ros2_unitree_legged_msgs/share/ros2_unitree_legged_msgs/local_setup.zsh
[1.292s] -- Up-to-date: /home/redalexdad/GitHub/WalkingRobotSim/install/ros2_unitree_legged_msgs/share/ros2_unitree_legged_msgs/local_setup.dsv
[1.292s] -- Installing: /home/redalexdad/GitHub/WalkingRobotSim/install/ros2_unitree_legged_msgs/share/ros2_unitree_legged_msgs/package.dsv
[1.292s] -- Up-to-date: /home/redalexdad/GitHub/WalkingRobotSim/install/ros2_unitree_legged_msgs/share/ament_index/resource_index/packages/ros2_unitree_legged_msgs
[1.292s] -- Up-to-date: /home/redalexdad/GitHub/WalkingRobotSim/install/ros2_unitree_legged_msgs/share/ros2_unitree_legged_msgs/cmake/export_ros2_unitree_legged_msgs__rosidl_generator_cExport.cmake
[1.292s] -- Up-to-date: /home/redalexdad/GitHub/WalkingRobotSim/install/ros2_unitree_legged_msgs/share/ros2_unitree_legged_msgs/cmake/export_ros2_unitree_legged_msgs__rosidl_generator_cExport-noconfig.cmake
[1.293s] -- Up-to-date: /home/redalexdad/GitHub/WalkingRobotSim/install/ros2_unitree_legged_msgs/share/ros2_unitree_legged_msgs/cmake/export_ros2_unitree_legged_msgs__rosidl_typesupport_fastrtps_cExport.cmake
[1.293s] -- Up-to-date: /home/redalexdad/GitHub/WalkingRobotSim/install/ros2_unitree_legged_msgs/share/ros2_unitree_legged_msgs/cmake/export_ros2_unitree_legged_msgs__rosidl_typesupport_fastrtps_cExport-noconfig.cmake
[1.293s] -- Up-to-date: /home/redalexdad/GitHub/WalkingRobotSim/install/ros2_unitree_legged_msgs/share/ros2_unitree_legged_msgs/cmake/ros2_unitree_legged_msgs__rosidl_typesupport_introspection_cExport.cmake
[1.293s] -- Up-to-date: /home/redalexdad/GitHub/WalkingRobotSim/install/ros2_unitree_legged_msgs/share/ros2_unitree_legged_msgs/cmake/ros2_unitree_legged_msgs__rosidl_typesupport_introspection_cExport-noconfig.cmake
[1.293s] -- Up-to-date: /home/redalexdad/GitHub/WalkingRobotSim/install/ros2_unitree_legged_msgs/share/ros2_unitree_legged_msgs/cmake/ros2_unitree_legged_msgs__rosidl_typesupport_cExport.cmake
[1.293s] -- Up-to-date: /home/redalexdad/GitHub/WalkingRobotSim/install/ros2_unitree_legged_msgs/share/ros2_unitree_legged_msgs/cmake/ros2_unitree_legged_msgs__rosidl_typesupport_cExport-noconfig.cmake
[1.294s] -- Up-to-date: /home/redalexdad/GitHub/WalkingRobotSim/install/ros2_unitree_legged_msgs/share/ros2_unitree_legged_msgs/cmake/export_ros2_unitree_legged_msgs__rosidl_generator_cppExport.cmake
[1.294s] -- Up-to-date: /home/redalexdad/GitHub/WalkingRobotSim/install/ros2_unitree_legged_msgs/share/ros2_unitree_legged_msgs/cmake/export_ros2_unitree_legged_msgs__rosidl_typesupport_fastrtps_cppExport.cmake
[1.294s] -- Up-to-date: /home/redalexdad/GitHub/WalkingRobotSim/install/ros2_unitree_legged_msgs/share/ros2_unitree_legged_msgs/cmake/export_ros2_unitree_legged_msgs__rosidl_typesupport_fastrtps_cppExport-noconfig.cmake
[1.294s] -- Up-to-date: /home/redalexdad/GitHub/WalkingRobotSim/install/ros2_unitree_legged_msgs/share/ros2_unitree_legged_msgs/cmake/ros2_unitree_legged_msgs__rosidl_typesupport_introspection_cppExport.cmake
[1.294s] -- Up-to-date: /home/redalexdad/GitHub/WalkingRobotSim/install/ros2_unitree_legged_msgs/share/ros2_unitree_legged_msgs/cmake/ros2_unitree_legged_msgs__rosidl_typesupport_introspection_cppExport-noconfig.cmake
[1.295s] -- Up-to-date: /home/redalexdad/GitHub/WalkingRobotSim/install/ros2_unitree_legged_msgs/share/ros2_unitree_legged_msgs/cmake/ros2_unitree_legged_msgs__rosidl_typesupport_cppExport.cmake
[1.295s] -- Up-to-date: /home/redalexdad/GitHub/WalkingRobotSim/install/ros2_unitree_legged_msgs/share/ros2_unitree_legged_msgs/cmake/ros2_unitree_legged_msgs__rosidl_typesupport_cppExport-noconfig.cmake
[1.295s] -- Up-to-date: /home/redalexdad/GitHub/WalkingRobotSim/install/ros2_unitree_legged_msgs/share/ros2_unitree_legged_msgs/cmake/export_ros2_unitree_legged_msgs__rosidl_generator_pyExport.cmake
[1.295s] -- Up-to-date: /home/redalexdad/GitHub/WalkingRobotSim/install/ros2_unitree_legged_msgs/share/ros2_unitree_legged_msgs/cmake/export_ros2_unitree_legged_msgs__rosidl_generator_pyExport-noconfig.cmake
[1.295s] -- Up-to-date: /home/redalexdad/GitHub/WalkingRobotSim/install/ros2_unitree_legged_msgs/share/ros2_unitree_legged_msgs/cmake/rosidl_cmake-extras.cmake
[1.296s] -- Up-to-date: /home/redalexdad/GitHub/WalkingRobotSim/install/ros2_unitree_legged_msgs/share/ros2_unitree_legged_msgs/cmake/ament_cmake_export_include_directories-extras.cmake
[1.296s] -- Up-to-date: /home/redalexdad/GitHub/WalkingRobotSim/install/ros2_unitree_legged_msgs/share/ros2_unitree_legged_msgs/cmake/ament_cmake_export_libraries-extras.cmake
[1.296s] -- Up-to-date: /home/redalexdad/GitHub/WalkingRobotSim/install/ros2_unitree_legged_msgs/share/ros2_unitree_legged_msgs/cmake/ament_cmake_export_targets-extras.cmake
[1.296s] -- Up-to-date: /home/redalexdad/GitHub/WalkingRobotSim/install/ros2_unitree_legged_msgs/share/ros2_unitree_legged_msgs/cmake/rosidl_cmake_export_typesupport_targets-extras.cmake
[1.296s] -- Up-to-date: /home/redalexdad/GitHub/WalkingRobotSim/install/ros2_unitree_legged_msgs/share/ros2_unitree_legged_msgs/cmake/ament_cmake_export_dependencies-extras.cmake
[1.296s] -- Up-to-date: /home/redalexdad/GitHub/WalkingRobotSim/install/ros2_unitree_legged_msgs/share/ros2_unitree_legged_msgs/cmake/rosidl_cmake_export_typesupport_libraries-extras.cmake
[1.297s] -- Up-to-date: /home/redalexdad/GitHub/WalkingRobotSim/install/ros2_unitree_legged_msgs/share/ros2_unitree_legged_msgs/cmake/ros2_unitree_legged_msgsConfig.cmake
[1.297s] -- Up-to-date: /home/redalexdad/GitHub/WalkingRobotSim/install/ros2_unitree_legged_msgs/share/ros2_unitree_legged_msgs/cmake/ros2_unitree_legged_msgsConfig-version.cmake
[1.297s] -- Up-to-date: /home/redalexdad/GitHub/WalkingRobotSim/install/ros2_unitree_legged_msgs/share/ros2_unitree_legged_msgs/package.xml
[1.308s] Invoked command in '/home/redalexdad/GitHub/WalkingRobotSim/build/ros2_unitree_legged_msgs' returned '0': CMAKE_PREFIX_PATH=${CMAKE_PREFIX_PATH}:/home/redalexdad/GitHub/WalkingRobotSim/install/ros2_yolo_recognition:/home/redalexdad/GitHub/WalkingRobotSim/install/ros2_odometry:/home/redalexdad/GitHub/WalkingRobotSim/install/ros2_navigation:/home/redalexdad/GitHub/WalkingRobotSim/install/ros2_cartography:/opt/ros/jazzy DEBUGINFOD_URLS=https://debuginfod.ubuntu.com /usr/bin/cmake --install /home/redalexdad/GitHub/WalkingRobotSim/build/ros2_unitree_legged_msgs
