[0.345s] Invoking command in '/home/redalexdad/GitHub/WalkingRobotSim/build/ros2_gazebo': CMAKE_PREFIX_PATH=${CMAKE_PREFIX_PATH}:/home/redalexdad/GitHub/WalkingRobotSim/install/ros2_yolo_recognition:/home/redalexdad/GitHub/WalkingRobotSim/install/ros2_odometry:/home/redalexdad/GitHub/WalkingRobotSim/install/ros2_navigation:/home/redalexdad/GitHub/WalkingRobotSim/install/ros2_cartography:/opt/ros/jazzy DEBUGINFOD_URLS=https://debuginfod.ubuntu.com /usr/bin/cmake /home/redalexdad/GitHub/WalkingRobotSim/src/ros2_gazebo -DCMAKE_INSTALL_PREFIX=/home/redalexdad/GitHub/WalkingRobotSim/install/ros2_gazebo
[0.688s] -- The C compiler identification is GNU 13.3.0
[0.688s] -- The CXX compiler identification is GNU 13.3.0
[0.688s] -- Detecting C compiler ABI info
[0.688s] -- Detecting C compiler ABI info - done
[0.688s] -- Check for working C compiler: /usr/bin/cc - skipped
[0.689s] -- Detecting C compile features
[0.689s] -- Detecting C compile features - done
[1.014s] -- Detecting CXX compiler ABI info
[1.014s] -- Detecting CXX compiler ABI info - done
[1.015s] -- Check for working CXX compiler: /usr/bin/c++ - skipped
[1.015s] -- Detecting CXX compile features
[1.015s] -- Detecting CXX compile features - done
[1.016s] -- Found ament_cmake: 2.5.4 (/opt/ros/jazzy/share/ament_cmake/cmake)
[1.117s] -- Found Python3: /usr/bin/python3 (found version "3.12.3") found components: Interpreter 
[1.346s] -- Found rclpy: 7.1.6 (/opt/ros/jazzy/share/rclpy/cmake)
[1.353s] -- Found imu_sensor_broadcaster: 4.34.0 (/opt/ros/jazzy/share/imu_sensor_broadcaster/cmake)
[1.481s] -- Found rosidl_generator_c: 4.6.6 (/opt/ros/jazzy/share/rosidl_generator_c/cmake)
[1.515s] -- Found rosidl_generator_cpp: 4.6.6 (/opt/ros/jazzy/share/rosidl_generator_cpp/cmake)
[1.550s] -- Using all available rosidl_typesupport_c: rosidl_typesupport_fastrtps_c;rosidl_typesupport_introspection_c
[1.591s] -- Using all available rosidl_typesupport_cpp: rosidl_typesupport_fastrtps_cpp;rosidl_typesupport_introspection_cpp
[1.752s] -- Found rmw_implementation_cmake: 7.3.2 (/opt/ros/jazzy/share/rmw_implementation_cmake/cmake)
[1.761s] -- Found rmw_fastrtps_cpp: 8.4.3 (/opt/ros/jazzy/share/rmw_fastrtps_cpp/cmake)
[1.945s] -- Found OpenSSL: /usr/lib/x86_64-linux-gnu/libcrypto.so (found version "3.0.13")  
[1.990s] -- Found FastRTPS: /opt/ros/jazzy/include (Required is at least version "2.13") 
[2.037s] -- Using RMW implementation 'rmw_fastrtps_cpp' as default
[2.890s] -- Found rosidl_default_generators: 1.6.0 (/opt/ros/jazzy/share/rosidl_default_generators/cmake)
[2.925s] -- Found rosidl_adapter: 4.6.6 (/opt/ros/jazzy/share/rosidl_adapter/cmake)
[2.934s] -- Found ament_lint_auto: 0.17.3 (/opt/ros/jazzy/share/ament_lint_auto/cmake)
[3.102s] -- Added test 'flake8' to check Python code syntax and style conventions
[3.102s] -- Configured 'flake8' exclude dirs and/or files: 
[3.102s] -- Added test 'lint_cmake' to check CMake code style
[3.102s] -- Added test 'pep257' to check Python code against some of the docstring style conventions in PEP 257
[3.105s] -- Added test 'xmllint' to check XML markup files
[3.108s] -- Configuring done (2.8s)
[3.115s] -- Generating done (0.0s)
[3.118s] -- Build files have been written to: /home/redalexdad/GitHub/WalkingRobotSim/build/ros2_gazebo
[3.138s] Invoked command in '/home/redalexdad/GitHub/WalkingRobotSim/build/ros2_gazebo' returned '0': CMAKE_PREFIX_PATH=${CMAKE_PREFIX_PATH}:/home/redalexdad/GitHub/WalkingRobotSim/install/ros2_yolo_recognition:/home/redalexdad/GitHub/WalkingRobotSim/install/ros2_odometry:/home/redalexdad/GitHub/WalkingRobotSim/install/ros2_navigation:/home/redalexdad/GitHub/WalkingRobotSim/install/ros2_cartography:/opt/ros/jazzy DEBUGINFOD_URLS=https://debuginfod.ubuntu.com /usr/bin/cmake /home/redalexdad/GitHub/WalkingRobotSim/src/ros2_gazebo -DCMAKE_INSTALL_PREFIX=/home/redalexdad/GitHub/WalkingRobotSim/install/ros2_gazebo
[3.140s] Invoking command in '/home/redalexdad/GitHub/WalkingRobotSim/build/ros2_gazebo': CMAKE_PREFIX_PATH=${CMAKE_PREFIX_PATH}:/home/redalexdad/GitHub/WalkingRobotSim/install/ros2_yolo_recognition:/home/redalexdad/GitHub/WalkingRobotSim/install/ros2_odometry:/home/redalexdad/GitHub/WalkingRobotSim/install/ros2_navigation:/home/redalexdad/GitHub/WalkingRobotSim/install/ros2_cartography:/opt/ros/jazzy DEBUGINFOD_URLS=https://debuginfod.ubuntu.com /usr/bin/cmake --build /home/redalexdad/GitHub/WalkingRobotSim/build/ros2_gazebo -- -j16 -l16
[3.230s] Invoked command in '/home/redalexdad/GitHub/WalkingRobotSim/build/ros2_gazebo' returned '0': CMAKE_PREFIX_PATH=${CMAKE_PREFIX_PATH}:/home/redalexdad/GitHub/WalkingRobotSim/install/ros2_yolo_recognition:/home/redalexdad/GitHub/WalkingRobotSim/install/ros2_odometry:/home/redalexdad/GitHub/WalkingRobotSim/install/ros2_navigation:/home/redalexdad/GitHub/WalkingRobotSim/install/ros2_cartography:/opt/ros/jazzy DEBUGINFOD_URLS=https://debuginfod.ubuntu.com /usr/bin/cmake --build /home/redalexdad/GitHub/WalkingRobotSim/build/ros2_gazebo -- -j16 -l16
[3.231s] Invoking command in '/home/redalexdad/GitHub/WalkingRobotSim/build/ros2_gazebo': CMAKE_PREFIX_PATH=${CMAKE_PREFIX_PATH}:/home/redalexdad/GitHub/WalkingRobotSim/install/ros2_yolo_recognition:/home/redalexdad/GitHub/WalkingRobotSim/install/ros2_odometry:/home/redalexdad/GitHub/WalkingRobotSim/install/ros2_navigation:/home/redalexdad/GitHub/WalkingRobotSim/install/ros2_cartography:/opt/ros/jazzy DEBUGINFOD_URLS=https://debuginfod.ubuntu.com /usr/bin/cmake --install /home/redalexdad/GitHub/WalkingRobotSim/build/ros2_gazebo
[3.242s] -- Install configuration: ""
[3.242s] -- Installing: /home/redalexdad/GitHub/WalkingRobotSim/install/ros2_gazebo/share/ros2_gazebo//launch
[3.243s] -- Installing: /home/redalexdad/GitHub/WalkingRobotSim/install/ros2_gazebo/share/ros2_gazebo//launch/go2_run.launch.py
[3.243s] -- Installing: /home/redalexdad/GitHub/WalkingRobotSim/install/ros2_gazebo/share/ros2_gazebo//launch/go1_run.launch.py
[3.243s] -- Installing: /home/redalexdad/GitHub/WalkingRobotSim/install/ros2_gazebo/share/ros2_gazebo//launch/test_go2_run.launch.py
[3.243s] -- Installing: /home/redalexdad/GitHub/WalkingRobotSim/install/ros2_gazebo/share/ros2_gazebo//worlds
[3.243s] -- Installing: /home/redalexdad/GitHub/WalkingRobotSim/install/ros2_gazebo/share/ros2_gazebo//worlds/test.sdf
[3.243s] -- Installing: /home/redalexdad/GitHub/WalkingRobotSim/install/ros2_gazebo/share/ros2_gazebo//worlds/train_1.world
[3.243s] -- Installing: /home/redalexdad/GitHub/WalkingRobotSim/install/ros2_gazebo/share/ros2_gazebo//worlds/turtlebot3_world.world
[3.243s] -- Installing: /home/redalexdad/GitHub/WalkingRobotSim/install/ros2_gazebo/share/ros2_gazebo//worlds/building_editor_models
[3.244s] -- Installing: /home/redalexdad/GitHub/WalkingRobotSim/install/ros2_gazebo/share/ros2_gazebo//worlds/building_editor_models/stairs
[3.244s] -- Installing: /home/redalexdad/GitHub/WalkingRobotSim/install/ros2_gazebo/share/ros2_gazebo//worlds/building_editor_models/stairs/model.sdf
[3.244s] -- Installing: /home/redalexdad/GitHub/WalkingRobotSim/install/ros2_gazebo/share/ros2_gazebo//worlds/building_editor_models/stairs/model.config
[3.244s] -- Installing: /home/redalexdad/GitHub/WalkingRobotSim/install/ros2_gazebo/share/ros2_gazebo//worlds/train.world
[3.244s] -- Installing: /home/redalexdad/GitHub/WalkingRobotSim/install/ros2_gazebo/share/ros2_gazebo//worlds/simple_rooms.world
[3.244s] -- Installing: /home/redalexdad/GitHub/WalkingRobotSim/install/ros2_gazebo/share/ros2_gazebo//worlds/empty.world
[3.244s] -- Installing: /home/redalexdad/GitHub/WalkingRobotSim/install/ros2_gazebo/share/ros2_gazebo//worlds/test_latest.world
[3.245s] -- Installing: /home/redalexdad/GitHub/WalkingRobotSim/install/ros2_gazebo/share/ament_index/resource_index/package_run_dependencies/ros2_gazebo
[3.245s] -- Installing: /home/redalexdad/GitHub/WalkingRobotSim/install/ros2_gazebo/share/ament_index/resource_index/parent_prefix_path/ros2_gazebo
[3.245s] -- Installing: /home/redalexdad/GitHub/WalkingRobotSim/install/ros2_gazebo/share/ros2_gazebo/environment/ament_prefix_path.sh
[3.245s] -- Installing: /home/redalexdad/GitHub/WalkingRobotSim/install/ros2_gazebo/share/ros2_gazebo/environment/ament_prefix_path.dsv
[3.246s] -- Installing: /home/redalexdad/GitHub/WalkingRobotSim/install/ros2_gazebo/share/ros2_gazebo/environment/path.sh
[3.246s] -- Installing: /home/redalexdad/GitHub/WalkingRobotSim/install/ros2_gazebo/share/ros2_gazebo/environment/path.dsv
[3.246s] -- Installing: /home/redalexdad/GitHub/WalkingRobotSim/install/ros2_gazebo/share/ros2_gazebo/local_setup.bash
[3.246s] -- Installing: /home/redalexdad/GitHub/WalkingRobotSim/install/ros2_gazebo/share/ros2_gazebo/local_setup.sh
[3.246s] -- Installing: /home/redalexdad/GitHub/WalkingRobotSim/install/ros2_gazebo/share/ros2_gazebo/local_setup.zsh
[3.246s] -- Installing: /home/redalexdad/GitHub/WalkingRobotSim/install/ros2_gazebo/share/ros2_gazebo/local_setup.dsv
[3.247s] -- Installing: /home/redalexdad/GitHub/WalkingRobotSim/install/ros2_gazebo/share/ros2_gazebo/package.dsv
[3.247s] -- Installing: /home/redalexdad/GitHub/WalkingRobotSim/install/ros2_gazebo/share/ament_index/resource_index/packages/ros2_gazebo
[3.247s] -- Installing: /home/redalexdad/GitHub/WalkingRobotSim/install/ros2_gazebo/share/ros2_gazebo/cmake/ros2_gazeboConfig.cmake
[3.247s] -- Installing: /home/redalexdad/GitHub/WalkingRobotSim/install/ros2_gazebo/share/ros2_gazebo/cmake/ros2_gazeboConfig-version.cmake
[3.248s] -- Installing: /home/redalexdad/GitHub/WalkingRobotSim/install/ros2_gazebo/share/ros2_gazebo/package.xml
[3.250s] Invoked command in '/home/redalexdad/GitHub/WalkingRobotSim/build/ros2_gazebo' returned '0': CMAKE_PREFIX_PATH=${CMAKE_PREFIX_PATH}:/home/redalexdad/GitHub/WalkingRobotSim/install/ros2_yolo_recognition:/home/redalexdad/GitHub/WalkingRobotSim/install/ros2_odometry:/home/redalexdad/GitHub/WalkingRobotSim/install/ros2_navigation:/home/redalexdad/GitHub/WalkingRobotSim/install/ros2_cartography:/opt/ros/jazzy DEBUGINFOD_URLS=https://debuginfod.ubuntu.com /usr/bin/cmake --install /home/redalexdad/GitHub/WalkingRobotSim/build/ros2_gazebo
