-- The C compiler identification is GNU 13.3.0
-- The CXX compiler identification is GNU 13.3.0
-- Detecting C compiler ABI info
-- Detecting C compiler ABI info - done
-- Check for working C compiler: /usr/bin/cc - skipped
-- Detecting C compile features
-- Detecting C compile features - done
-- Detecting CXX compiler ABI info
-- Detecting CXX compiler ABI info - done
-- Check for working CXX compiler: /usr/bin/c++ - skipped
-- Detecting CXX compile features
-- Detecting CXX compile features - done
-- Found ament_cmake: 2.5.4 (/opt/ros/jazzy/share/ament_cmake/cmake)
-- Found Python3: /usr/bin/python3 (found version "3.12.3") found components: Interpreter 
-- Found rosidl_default_generators: 1.6.0 (/opt/ros/jazzy/share/rosidl_default_generators/cmake)
-- Using all available rosidl_typesupport_c: rosidl_typesupport_fastrtps_c;rosidl_typesupport_introspection_c
-- Using all available rosidl_typesupport_cpp: rosidl_typesupport_fastrtps_cpp;rosidl_typesupport_introspection_cpp
-- Found rosidl_adapter: 4.6.6 (/opt/ros/jazzy/share/rosidl_adapter/cmake)
-- Found std_msgs: 5.3.6 (/opt/ros/jazzy/share/std_msgs/cmake)
-- Found geometry_msgs: 5.3.6 (/opt/ros/jazzy/share/geometry_msgs/cmake)
-- Found ament_cmake_ros: 0.12.0 (/opt/ros/jazzy/share/ament_cmake_ros/cmake)
-- Using all available rosidl_typesupport_c: rosidl_typesupport_fastrtps_c;rosidl_typesupport_introspection_c
-- Using all available rosidl_typesupport_cpp: rosidl_typesupport_fastrtps_cpp;rosidl_typesupport_introspection_cpp
-- Found python_cmake_module: 0.11.1 (/opt/ros/jazzy/share/python_cmake_module/cmake)
-- Found PythonExtra: /usr/bin/python3  
-- Found Python3: /usr/bin/python3 (found version "3.12.3") found components: Interpreter Development NumPy Development.Module Development.Embed 
-- Configuring done (5.1s)
-- Generating done (0.1s)
-- Build files have been written to: /home/redalexdad/GitHub/WalkingRobotSim/build/yolo_msgs
[  0%] Generating type hashes for ROS interfaces
[  0%] Built target ament_cmake_python_copy_yolo_msgs
running egg_info
creating yolo_msgs.egg-info
writing yolo_msgs.egg-info/PKG-INFO
writing dependency_links to yolo_msgs.egg-info/dependency_links.txt
writing top-level names to yolo_msgs.egg-info/top_level.txt
writing manifest file 'yolo_msgs.egg-info/SOURCES.txt'
reading manifest file 'yolo_msgs.egg-info/SOURCES.txt'
writing manifest file 'yolo_msgs.egg-info/SOURCES.txt'
[  0%] Built target ament_cmake_python_build_yolo_msgs_egg
[  0%] Built target yolo_msgs__rosidl_generator_type_description
[  0%] Generating C code for ROS interfaces
[  0%] Generating C++ code for ROS interfaces
[  0%] Built target yolo_msgs__cpp
[  1%] Building C object CMakeFiles/yolo_msgs__rosidl_generator_c.dir/rosidl_generator_c/yolo_msgs/msg/detail/point2_d__description.c.o
[  1%] Building C object CMakeFiles/yolo_msgs__rosidl_generator_c.dir/rosidl_generator_c/yolo_msgs/msg/detail/point2_d__type_support.c.o
[  2%] Building C object CMakeFiles/yolo_msgs__rosidl_generator_c.dir/rosidl_generator_c/yolo_msgs/msg/detail/vector2__type_support.c.o
[  2%] Building C object CMakeFiles/yolo_msgs__rosidl_generator_c.dir/rosidl_generator_c/yolo_msgs/msg/detail/pose2_d__description.c.o
[  3%] Building C object CMakeFiles/yolo_msgs__rosidl_generator_c.dir/rosidl_generator_c/yolo_msgs/msg/detail/vector2__functions.c.o
[  4%] Building C object CMakeFiles/yolo_msgs__rosidl_generator_c.dir/rosidl_generator_c/yolo_msgs/msg/detail/vector2__description.c.o
[  4%] Building C object CMakeFiles/yolo_msgs__rosidl_generator_c.dir/rosidl_generator_c/yolo_msgs/msg/detail/pose2_d__type_support.c.o
[  5%] Building C object CMakeFiles/yolo_msgs__rosidl_generator_c.dir/rosidl_generator_c/yolo_msgs/msg/detail/point2_d__functions.c.o
[  6%] Building C object CMakeFiles/yolo_msgs__rosidl_generator_c.dir/rosidl_generator_c/yolo_msgs/msg/detail/pose2_d__functions.c.o
[  7%] Building C object CMakeFiles/yolo_msgs__rosidl_generator_c.dir/rosidl_generator_c/yolo_msgs/msg/detail/bounding_box2_d__description.c.o
[  8%] Building C object CMakeFiles/yolo_msgs__rosidl_generator_c.dir/rosidl_generator_c/yolo_msgs/msg/detail/bounding_box2_d__functions.c.o
[  8%] Building C object CMakeFiles/yolo_msgs__rosidl_generator_c.dir/rosidl_generator_c/yolo_msgs/msg/detail/bounding_box2_d__type_support.c.o
[  9%] Building C object CMakeFiles/yolo_msgs__rosidl_generator_c.dir/rosidl_generator_c/yolo_msgs/msg/detail/bounding_box3_d__description.c.o
[ 10%] Building C object CMakeFiles/yolo_msgs__rosidl_generator_c.dir/rosidl_generator_c/yolo_msgs/msg/detail/mask__description.c.o
[ 11%] Building C object CMakeFiles/yolo_msgs__rosidl_generator_c.dir/rosidl_generator_c/yolo_msgs/msg/detail/bounding_box3_d__functions.c.o
[ 11%] Building C object CMakeFiles/yolo_msgs__rosidl_generator_c.dir/rosidl_generator_c/yolo_msgs/msg/detail/bounding_box3_d__type_support.c.o
[ 11%] Building C object CMakeFiles/yolo_msgs__rosidl_generator_c.dir/rosidl_generator_c/yolo_msgs/msg/detail/mask__functions.c.o
[ 12%] Building C object CMakeFiles/yolo_msgs__rosidl_generator_c.dir/rosidl_generator_c/yolo_msgs/msg/detail/mask__type_support.c.o
[ 13%] Building C object CMakeFiles/yolo_msgs__rosidl_generator_c.dir/rosidl_generator_c/yolo_msgs/msg/detail/key_point2_d__description.c.o
[ 13%] Building C object CMakeFiles/yolo_msgs__rosidl_generator_c.dir/rosidl_generator_c/yolo_msgs/msg/detail/key_point2_d__functions.c.o
[ 14%] Building C object CMakeFiles/yolo_msgs__rosidl_generator_c.dir/rosidl_generator_c/yolo_msgs/msg/detail/key_point2_d__type_support.c.o
[ 14%] Building C object CMakeFiles/yolo_msgs__rosidl_generator_c.dir/rosidl_generator_c/yolo_msgs/msg/detail/key_point2_d_array__functions.c.o
[ 15%] Building C object CMakeFiles/yolo_msgs__rosidl_generator_c.dir/rosidl_generator_c/yolo_msgs/msg/detail/key_point2_d_array__description.c.o
[ 15%] Building C object CMakeFiles/yolo_msgs__rosidl_generator_c.dir/rosidl_generator_c/yolo_msgs/msg/detail/key_point3_d__functions.c.o
[ 16%] Building C object CMakeFiles/yolo_msgs__rosidl_generator_c.dir/rosidl_generator_c/yolo_msgs/msg/detail/key_point2_d_array__type_support.c.o
[ 17%] Building C object CMakeFiles/yolo_msgs__rosidl_generator_c.dir/rosidl_generator_c/yolo_msgs/msg/detail/key_point3_d__description.c.o
[ 18%] Building C object CMakeFiles/yolo_msgs__rosidl_generator_c.dir/rosidl_generator_c/yolo_msgs/msg/detail/key_point3_d__type_support.c.o
[ 19%] Building C object CMakeFiles/yolo_msgs__rosidl_generator_c.dir/rosidl_generator_c/yolo_msgs/msg/detail/key_point3_d_array__description.c.o
[ 19%] Building C object CMakeFiles/yolo_msgs__rosidl_generator_c.dir/rosidl_generator_c/yolo_msgs/msg/detail/detection__functions.c.o
[ 20%] Building C object CMakeFiles/yolo_msgs__rosidl_generator_c.dir/rosidl_generator_c/yolo_msgs/msg/detail/key_point3_d_array__type_support.c.o
[ 20%] Building C object CMakeFiles/yolo_msgs__rosidl_generator_c.dir/rosidl_generator_c/yolo_msgs/msg/detail/key_point3_d_array__functions.c.o
[ 21%] Building C object CMakeFiles/yolo_msgs__rosidl_generator_c.dir/rosidl_generator_c/yolo_msgs/msg/detail/detection__description.c.o
[ 22%] Building C object CMakeFiles/yolo_msgs__rosidl_generator_c.dir/rosidl_generator_c/yolo_msgs/msg/detail/detection__type_support.c.o
[ 23%] Building C object CMakeFiles/yolo_msgs__rosidl_generator_c.dir/rosidl_generator_c/yolo_msgs/msg/detail/detection_array__description.c.o
[ 24%] Building C object CMakeFiles/yolo_msgs__rosidl_generator_c.dir/rosidl_generator_c/yolo_msgs/msg/detail/detection_array__type_support.c.o
[ 24%] Building C object CMakeFiles/yolo_msgs__rosidl_generator_c.dir/rosidl_generator_c/yolo_msgs/srv/detail/set_classes__description.c.o
[ 24%] Building C object CMakeFiles/yolo_msgs__rosidl_generator_c.dir/rosidl_generator_c/yolo_msgs/msg/detail/detection_array__functions.c.o
[ 25%] Building C object CMakeFiles/yolo_msgs__rosidl_generator_c.dir/rosidl_generator_c/yolo_msgs/srv/detail/set_classes__type_support.c.o
[ 26%] Building C object CMakeFiles/yolo_msgs__rosidl_generator_c.dir/rosidl_generator_c/yolo_msgs/srv/detail/set_classes__functions.c.o
[ 26%] Linking C shared library libyolo_msgs__rosidl_generator_c.so
[ 26%] Built target yolo_msgs__rosidl_generator_c
[ 27%] Generating C type support for eProsima Fast-RTPS
[ 27%] Generating C introspection for ROS interfaces
[ 28%] Generating C++ type support dispatch for ROS interfaces
[ 29%] Generating C type support dispatch for ROS interfaces
[ 30%] Generating C++ type support for eProsima Fast-RTPS
[ 31%] Generating C++ introspection for ROS interfaces
[ 32%] Building CXX object CMakeFiles/yolo_msgs__rosidl_typesupport_cpp.dir/rosidl_typesupport_cpp/yolo_msgs/msg/vector2__type_support.cpp.o
[ 32%] Building CXX object CMakeFiles/yolo_msgs__rosidl_typesupport_cpp.dir/rosidl_typesupport_cpp/yolo_msgs/msg/point2_d__type_support.cpp.o
[ 33%] Building CXX object CMakeFiles/yolo_msgs__rosidl_typesupport_cpp.dir/rosidl_typesupport_cpp/yolo_msgs/msg/pose2_d__type_support.cpp.o
[ 34%] Building CXX object CMakeFiles/yolo_msgs__rosidl_typesupport_cpp.dir/rosidl_typesupport_cpp/yolo_msgs/msg/bounding_box3_d__type_support.cpp.o
[ 33%] Building CXX object CMakeFiles/yolo_msgs__rosidl_typesupport_cpp.dir/rosidl_typesupport_cpp/yolo_msgs/msg/bounding_box2_d__type_support.cpp.o
[ 34%] Building CXX object CMakeFiles/yolo_msgs__rosidl_typesupport_cpp.dir/rosidl_typesupport_cpp/yolo_msgs/msg/mask__type_support.cpp.o
[ 35%] Building CXX object CMakeFiles/yolo_msgs__rosidl_typesupport_cpp.dir/rosidl_typesupport_cpp/yolo_msgs/msg/key_point2_d__type_support.cpp.o
[ 36%] Building CXX object CMakeFiles/yolo_msgs__rosidl_typesupport_cpp.dir/rosidl_typesupport_cpp/yolo_msgs/msg/key_point2_d_array__type_support.cpp.o
[ 36%] Building CXX object CMakeFiles/yolo_msgs__rosidl_typesupport_cpp.dir/rosidl_typesupport_cpp/yolo_msgs/msg/key_point3_d__type_support.cpp.o
[ 37%] Building CXX object CMakeFiles/yolo_msgs__rosidl_typesupport_cpp.dir/rosidl_typesupport_cpp/yolo_msgs/msg/key_point3_d_array__type_support.cpp.o
[ 38%] Building CXX object CMakeFiles/yolo_msgs__rosidl_typesupport_cpp.dir/rosidl_typesupport_cpp/yolo_msgs/msg/detection__type_support.cpp.o
[ 38%] Building C object CMakeFiles/yolo_msgs__rosidl_typesupport_introspection_c.dir/rosidl_typesupport_introspection_c/yolo_msgs/msg/detail/point2_d__type_support.c.o
[ 39%] Building C object CMakeFiles/yolo_msgs__rosidl_typesupport_introspection_c.dir/rosidl_typesupport_introspection_c/yolo_msgs/msg/detail/vector2__type_support.c.o
[ 40%] Building C object CMakeFiles/yolo_msgs__rosidl_typesupport_introspection_c.dir/rosidl_typesupport_introspection_c/yolo_msgs/msg/detail/pose2_d__type_support.c.o
[ 40%] Building CXX object CMakeFiles/yolo_msgs__rosidl_typesupport_c.dir/rosidl_typesupport_c/yolo_msgs/msg/point2_d__type_support.cpp.o
[ 40%] Building C object CMakeFiles/yolo_msgs__rosidl_typesupport_introspection_c.dir/rosidl_typesupport_introspection_c/yolo_msgs/msg/detail/bounding_box2_d__type_support.c.o
[ 40%] Building CXX object CMakeFiles/yolo_msgs__rosidl_typesupport_cpp.dir/rosidl_typesupport_cpp/yolo_msgs/msg/detection_array__type_support.cpp.o
[ 41%] Building CXX object CMakeFiles/yolo_msgs__rosidl_typesupport_c.dir/rosidl_typesupport_c/yolo_msgs/msg/vector2__type_support.cpp.o
[ 42%] Building C object CMakeFiles/yolo_msgs__rosidl_typesupport_introspection_c.dir/rosidl_typesupport_introspection_c/yolo_msgs/msg/detail/bounding_box3_d__type_support.c.o
[ 44%] Building CXX object CMakeFiles/yolo_msgs__rosidl_typesupport_c.dir/rosidl_typesupport_c/yolo_msgs/msg/pose2_d__type_support.cpp.o
[ 44%] Building C object CMakeFiles/yolo_msgs__rosidl_typesupport_introspection_c.dir/rosidl_typesupport_introspection_c/yolo_msgs/msg/detail/mask__type_support.c.o
[ 44%] Building C object CMakeFiles/yolo_msgs__rosidl_typesupport_introspection_c.dir/rosidl_typesupport_introspection_c/yolo_msgs/msg/detail/key_point2_d__type_support.c.o
[ 45%] Building C object CMakeFiles/yolo_msgs__rosidl_typesupport_introspection_c.dir/rosidl_typesupport_introspection_c/yolo_msgs/msg/detail/key_point2_d_array__type_support.c.o
[ 45%] Building CXX object CMakeFiles/yolo_msgs__rosidl_typesupport_c.dir/rosidl_typesupport_c/yolo_msgs/msg/bounding_box2_d__type_support.cpp.o
[ 46%] Building CXX object CMakeFiles/yolo_msgs__rosidl_typesupport_cpp.dir/rosidl_typesupport_cpp/yolo_msgs/srv/set_classes__type_support.cpp.o
[ 47%] Building C object CMakeFiles/yolo_msgs__rosidl_typesupport_introspection_c.dir/rosidl_typesupport_introspection_c/yolo_msgs/msg/detail/key_point3_d__type_support.c.o
[ 48%] Building CXX object CMakeFiles/yolo_msgs__rosidl_typesupport_c.dir/rosidl_typesupport_c/yolo_msgs/msg/bounding_box3_d__type_support.cpp.o
[ 48%] Building C object CMakeFiles/yolo_msgs__rosidl_typesupport_introspection_c.dir/rosidl_typesupport_introspection_c/yolo_msgs/msg/detail/key_point3_d_array__type_support.c.o
[ 49%] Building C object CMakeFiles/yolo_msgs__rosidl_typesupport_introspection_c.dir/rosidl_typesupport_introspection_c/yolo_msgs/msg/detail/detection__type_support.c.o
[ 50%] Building C object CMakeFiles/yolo_msgs__rosidl_typesupport_introspection_c.dir/rosidl_typesupport_introspection_c/yolo_msgs/msg/detail/detection_array__type_support.c.o
[ 51%] Building CXX object CMakeFiles/yolo_msgs__rosidl_typesupport_c.dir/rosidl_typesupport_c/yolo_msgs/msg/mask__type_support.cpp.o
[ 51%] Building CXX object CMakeFiles/yolo_msgs__rosidl_typesupport_c.dir/rosidl_typesupport_c/yolo_msgs/msg/key_point2_d__type_support.cpp.o
[ 52%] Building CXX object CMakeFiles/yolo_msgs__rosidl_typesupport_c.dir/rosidl_typesupport_c/yolo_msgs/msg/key_point2_d_array__type_support.cpp.o
[ 52%] Building C object CMakeFiles/yolo_msgs__rosidl_typesupport_introspection_c.dir/rosidl_typesupport_introspection_c/yolo_msgs/srv/detail/set_classes__type_support.c.o
[ 53%] Building CXX object CMakeFiles/yolo_msgs__rosidl_typesupport_c.dir/rosidl_typesupport_c/yolo_msgs/msg/key_point3_d__type_support.cpp.o
[ 53%] Building CXX object CMakeFiles/yolo_msgs__rosidl_typesupport_c.dir/rosidl_typesupport_c/yolo_msgs/msg/key_point3_d_array__type_support.cpp.o
[ 54%] Building CXX object CMakeFiles/yolo_msgs__rosidl_typesupport_c.dir/rosidl_typesupport_c/yolo_msgs/msg/detection__type_support.cpp.o
[ 54%] Building CXX object CMakeFiles/yolo_msgs__rosidl_typesupport_c.dir/rosidl_typesupport_c/yolo_msgs/srv/set_classes__type_support.cpp.o
[ 55%] Building CXX object CMakeFiles/yolo_msgs__rosidl_typesupport_c.dir/rosidl_typesupport_c/yolo_msgs/msg/detection_array__type_support.cpp.o
[ 55%] Building CXX object CMakeFiles/yolo_msgs__rosidl_typesupport_introspection_cpp.dir/rosidl_typesupport_introspection_cpp/yolo_msgs/msg/detail/point2_d__type_support.cpp.o
[ 56%] Linking C shared library libyolo_msgs__rosidl_typesupport_introspection_c.so
[ 56%] Building CXX object CMakeFiles/yolo_msgs__rosidl_typesupport_introspection_cpp.dir/rosidl_typesupport_introspection_cpp/yolo_msgs/msg/detail/pose2_d__type_support.cpp.o
[ 57%] Building CXX object CMakeFiles/yolo_msgs__rosidl_typesupport_introspection_cpp.dir/rosidl_typesupport_introspection_cpp/yolo_msgs/msg/detail/vector2__type_support.cpp.o
[ 58%] Building CXX object CMakeFiles/yolo_msgs__rosidl_typesupport_introspection_cpp.dir/rosidl_typesupport_introspection_cpp/yolo_msgs/msg/detail/bounding_box2_d__type_support.cpp.o
[ 59%] Building CXX object CMakeFiles/yolo_msgs__rosidl_typesupport_introspection_cpp.dir/rosidl_typesupport_introspection_cpp/yolo_msgs/msg/detail/bounding_box3_d__type_support.cpp.o
[ 59%] Building CXX object CMakeFiles/yolo_msgs__rosidl_typesupport_introspection_cpp.dir/rosidl_typesupport_introspection_cpp/yolo_msgs/msg/detail/mask__type_support.cpp.o
[ 60%] Building CXX object CMakeFiles/yolo_msgs__rosidl_typesupport_introspection_cpp.dir/rosidl_typesupport_introspection_cpp/yolo_msgs/msg/detail/key_point2_d__type_support.cpp.o
[ 61%] Building CXX object CMakeFiles/yolo_msgs__rosidl_typesupport_introspection_cpp.dir/rosidl_typesupport_introspection_cpp/yolo_msgs/msg/detail/key_point2_d_array__type_support.cpp.o
[ 61%] Building CXX object CMakeFiles/yolo_msgs__rosidl_typesupport_introspection_cpp.dir/rosidl_typesupport_introspection_cpp/yolo_msgs/msg/detail/key_point3_d__type_support.cpp.o
[ 62%] Building CXX object CMakeFiles/yolo_msgs__rosidl_typesupport_introspection_cpp.dir/rosidl_typesupport_introspection_cpp/yolo_msgs/msg/detail/key_point3_d_array__type_support.cpp.o
[ 63%] Linking CXX shared library libyolo_msgs__rosidl_typesupport_c.so
[ 64%] Building CXX object CMakeFiles/yolo_msgs__rosidl_typesupport_fastrtps_c.dir/rosidl_typesupport_fastrtps_c/yolo_msgs/msg/detail/point2_d__type_support_c.cpp.o
[ 64%] Built target yolo_msgs__rosidl_typesupport_introspection_c
[ 65%] Building CXX object CMakeFiles/yolo_msgs__rosidl_typesupport_fastrtps_cpp.dir/rosidl_typesupport_fastrtps_cpp/yolo_msgs/msg/detail/dds_fastrtps/point2_d__type_support.cpp.o
[ 65%] Building CXX object CMakeFiles/yolo_msgs__rosidl_typesupport_fastrtps_cpp.dir/rosidl_typesupport_fastrtps_cpp/yolo_msgs/msg/detail/dds_fastrtps/vector2__type_support.cpp.o
[ 65%] Built target yolo_msgs__rosidl_typesupport_c
[ 66%] Building CXX object CMakeFiles/yolo_msgs__rosidl_typesupport_fastrtps_c.dir/rosidl_typesupport_fastrtps_c/yolo_msgs/msg/detail/vector2__type_support_c.cpp.o
[ 67%] Building CXX object CMakeFiles/yolo_msgs__rosidl_typesupport_fastrtps_cpp.dir/rosidl_typesupport_fastrtps_cpp/yolo_msgs/msg/detail/dds_fastrtps/pose2_d__type_support.cpp.o
[ 68%] Building CXX object CMakeFiles/yolo_msgs__rosidl_typesupport_fastrtps_cpp.dir/rosidl_typesupport_fastrtps_cpp/yolo_msgs/msg/detail/dds_fastrtps/bounding_box2_d__type_support.cpp.o
[ 68%] Building CXX object CMakeFiles/yolo_msgs__rosidl_typesupport_fastrtps_c.dir/rosidl_typesupport_fastrtps_c/yolo_msgs/msg/detail/pose2_d__type_support_c.cpp.o
[ 68%] Building CXX object CMakeFiles/yolo_msgs__rosidl_typesupport_fastrtps_cpp.dir/rosidl_typesupport_fastrtps_cpp/yolo_msgs/msg/detail/dds_fastrtps/bounding_box3_d__type_support.cpp.o
[ 69%] Building CXX object CMakeFiles/yolo_msgs__rosidl_typesupport_fastrtps_c.dir/rosidl_typesupport_fastrtps_c/yolo_msgs/msg/detail/bounding_box2_d__type_support_c.cpp.o
[ 70%] Building CXX object CMakeFiles/yolo_msgs__rosidl_typesupport_fastrtps_cpp.dir/rosidl_typesupport_fastrtps_cpp/yolo_msgs/msg/detail/dds_fastrtps/mask__type_support.cpp.o
[ 71%] Linking CXX shared library libyolo_msgs__rosidl_typesupport_cpp.so
[ 72%] Building CXX object CMakeFiles/yolo_msgs__rosidl_typesupport_fastrtps_c.dir/rosidl_typesupport_fastrtps_c/yolo_msgs/msg/detail/bounding_box3_d__type_support_c.cpp.o
[ 73%] Building CXX object CMakeFiles/yolo_msgs__rosidl_typesupport_introspection_cpp.dir/rosidl_typesupport_introspection_cpp/yolo_msgs/msg/detail/detection__type_support.cpp.o
[ 74%] Building CXX object CMakeFiles/yolo_msgs__rosidl_typesupport_fastrtps_cpp.dir/rosidl_typesupport_fastrtps_cpp/yolo_msgs/msg/detail/dds_fastrtps/key_point2_d__type_support.cpp.o
[ 74%] Building CXX object CMakeFiles/yolo_msgs__rosidl_typesupport_fastrtps_cpp.dir/rosidl_typesupport_fastrtps_cpp/yolo_msgs/msg/detail/dds_fastrtps/key_point2_d_array__type_support.cpp.o
[ 74%] Building CXX object CMakeFiles/yolo_msgs__rosidl_typesupport_fastrtps_c.dir/rosidl_typesupport_fastrtps_c/yolo_msgs/msg/detail/mask__type_support_c.cpp.o
[ 74%] Building CXX object CMakeFiles/yolo_msgs__rosidl_typesupport_introspection_cpp.dir/rosidl_typesupport_introspection_cpp/yolo_msgs/msg/detail/detection_array__type_support.cpp.o
[ 74%] Built target yolo_msgs__rosidl_typesupport_cpp
[ 75%] Building CXX object CMakeFiles/yolo_msgs__rosidl_typesupport_fastrtps_cpp.dir/rosidl_typesupport_fastrtps_cpp/yolo_msgs/msg/detail/dds_fastrtps/key_point3_d__type_support.cpp.o
[ 76%] Building CXX object CMakeFiles/yolo_msgs__rosidl_typesupport_introspection_cpp.dir/rosidl_typesupport_introspection_cpp/yolo_msgs/srv/detail/set_classes__type_support.cpp.o
[ 77%] Building CXX object CMakeFiles/yolo_msgs__rosidl_typesupport_fastrtps_c.dir/rosidl_typesupport_fastrtps_c/yolo_msgs/msg/detail/key_point2_d__type_support_c.cpp.o
[ 78%] Building CXX object CMakeFiles/yolo_msgs__rosidl_typesupport_fastrtps_cpp.dir/rosidl_typesupport_fastrtps_cpp/yolo_msgs/msg/detail/dds_fastrtps/key_point3_d_array__type_support.cpp.o
[ 78%] Building CXX object CMakeFiles/yolo_msgs__rosidl_typesupport_fastrtps_c.dir/rosidl_typesupport_fastrtps_c/yolo_msgs/msg/detail/key_point2_d_array__type_support_c.cpp.o
[ 78%] Building CXX object CMakeFiles/yolo_msgs__rosidl_typesupport_fastrtps_cpp.dir/rosidl_typesupport_fastrtps_cpp/yolo_msgs/msg/detail/dds_fastrtps/detection__type_support.cpp.o
[ 79%] Building CXX object CMakeFiles/yolo_msgs__rosidl_typesupport_fastrtps_c.dir/rosidl_typesupport_fastrtps_c/yolo_msgs/msg/detail/key_point3_d__type_support_c.cpp.o
[ 80%] Building CXX object CMakeFiles/yolo_msgs__rosidl_typesupport_fastrtps_c.dir/rosidl_typesupport_fastrtps_c/yolo_msgs/msg/detail/key_point3_d_array__type_support_c.cpp.o
[ 80%] Building CXX object CMakeFiles/yolo_msgs__rosidl_typesupport_fastrtps_c.dir/rosidl_typesupport_fastrtps_c/yolo_msgs/msg/detail/detection__type_support_c.cpp.o
[ 81%] Building CXX object CMakeFiles/yolo_msgs__rosidl_typesupport_fastrtps_cpp.dir/rosidl_typesupport_fastrtps_cpp/yolo_msgs/msg/detail/dds_fastrtps/detection_array__type_support.cpp.o
[ 82%] Building CXX object CMakeFiles/yolo_msgs__rosidl_typesupport_fastrtps_c.dir/rosidl_typesupport_fastrtps_c/yolo_msgs/msg/detail/detection_array__type_support_c.cpp.o
[ 82%] Building CXX object CMakeFiles/yolo_msgs__rosidl_typesupport_fastrtps_cpp.dir/rosidl_typesupport_fastrtps_cpp/yolo_msgs/srv/detail/dds_fastrtps/set_classes__type_support.cpp.o
[ 83%] Building CXX object CMakeFiles/yolo_msgs__rosidl_typesupport_fastrtps_c.dir/rosidl_typesupport_fastrtps_c/yolo_msgs/srv/detail/set_classes__type_support_c.cpp.o
[ 84%] Linking CXX shared library libyolo_msgs__rosidl_typesupport_introspection_cpp.so
[ 84%] Built target yolo_msgs__rosidl_typesupport_introspection_cpp
[ 84%] Linking CXX shared library libyolo_msgs__rosidl_typesupport_fastrtps_c.so
[ 84%] Built target yolo_msgs__rosidl_typesupport_fastrtps_c
[ 85%] Linking CXX shared library libyolo_msgs__rosidl_typesupport_fastrtps_cpp.so
[ 85%] Built target yolo_msgs__rosidl_typesupport_fastrtps_cpp
[ 85%] Built target yolo_msgs
[ 86%] Generating Python code for ROS interfaces
[ 86%] Built target yolo_msgs__py
[ 87%] Building C object CMakeFiles/yolo_msgs__rosidl_generator_py.dir/rosidl_generator_py/yolo_msgs/msg/_vector2_s.c.o
[ 88%] Building C object CMakeFiles/yolo_msgs__rosidl_generator_py.dir/rosidl_generator_py/yolo_msgs/msg/_key_point3_d_array_s.c.o
[ 88%] Building C object CMakeFiles/yolo_msgs__rosidl_generator_py.dir/rosidl_generator_py/yolo_msgs/msg/_pose2_d_s.c.o
[ 90%] Building C object CMakeFiles/yolo_msgs__rosidl_generator_py.dir/rosidl_generator_py/yolo_msgs/msg/_key_point2_d_s.c.o
[ 90%] Building C object CMakeFiles/yolo_msgs__rosidl_generator_py.dir/rosidl_generator_py/yolo_msgs/msg/_bounding_box2_d_s.c.o
[ 91%] Building C object CMakeFiles/yolo_msgs__rosidl_generator_py.dir/rosidl_generator_py/yolo_msgs/msg/_bounding_box3_d_s.c.o
[ 91%] Building C object CMakeFiles/yolo_msgs__rosidl_generator_py.dir/rosidl_generator_py/yolo_msgs/msg/_mask_s.c.o
[ 92%] Building C object CMakeFiles/yolo_msgs__rosidl_generator_py.dir/rosidl_generator_py/yolo_msgs/msg/_detection_s.c.o
[ 93%] Building C object CMakeFiles/yolo_msgs__rosidl_generator_py.dir/rosidl_generator_py/yolo_msgs/msg/_point2_d_s.c.o
[ 94%] Building C object CMakeFiles/yolo_msgs__rosidl_generator_py.dir/rosidl_generator_py/yolo_msgs/msg/_key_point2_d_array_s.c.o
[ 94%] Building C object CMakeFiles/yolo_msgs__rosidl_generator_py.dir/rosidl_generator_py/yolo_msgs/msg/_key_point3_d_s.c.o
[ 94%] Building C object CMakeFiles/yolo_msgs__rosidl_generator_py.dir/rosidl_generator_py/yolo_msgs/msg/_detection_array_s.c.o
[ 95%] Building C object CMakeFiles/yolo_msgs__rosidl_generator_py.dir/rosidl_generator_py/yolo_msgs/srv/_set_classes_s.c.o
[ 96%] Linking C shared library libyolo_msgs__rosidl_generator_py.so
[ 96%] Built target yolo_msgs__rosidl_generator_py
[ 98%] Building C object CMakeFiles/yolo_msgs_s__rosidl_typesupport_introspection_c.dir/rosidl_generator_py/yolo_msgs/_yolo_msgs_s.ep.rosidl_typesupport_introspection_c.c.o
[ 98%] Building C object CMakeFiles/yolo_msgs_s__rosidl_typesupport_fastrtps_c.dir/rosidl_generator_py/yolo_msgs/_yolo_msgs_s.ep.rosidl_typesupport_fastrtps_c.c.o
[ 98%] Building C object CMakeFiles/yolo_msgs_s__rosidl_typesupport_c.dir/rosidl_generator_py/yolo_msgs/_yolo_msgs_s.ep.rosidl_typesupport_c.c.o
[100%] Linking C shared module rosidl_generator_py/yolo_msgs/yolo_msgs_s__rosidl_typesupport_introspection_c.so
[100%] Linking C shared module rosidl_generator_py/yolo_msgs/yolo_msgs_s__rosidl_typesupport_c.so
[100%] Linking C shared module rosidl_generator_py/yolo_msgs/yolo_msgs_s__rosidl_typesupport_fastrtps_c.so
[100%] Built target yolo_msgs_s__rosidl_typesupport_c
[100%] Built target yolo_msgs_s__rosidl_typesupport_introspection_c
[100%] Built target yolo_msgs_s__rosidl_typesupport_fastrtps_c
-- Install configuration: ""
-- Installing: /home/redalexdad/GitHub/WalkingRobotSim/install/yolo_msgs/share/ament_index/resource_index/rosidl_interfaces/yolo_msgs
-- Installing: /home/redalexdad/GitHub/WalkingRobotSim/install/yolo_msgs/share/yolo_msgs/msg/Point2D.json
-- Installing: /home/redalexdad/GitHub/WalkingRobotSim/install/yolo_msgs/share/yolo_msgs/msg/Vector2.json
-- Installing: /home/redalexdad/GitHub/WalkingRobotSim/install/yolo_msgs/share/yolo_msgs/msg/Pose2D.json
-- Installing: /home/redalexdad/GitHub/WalkingRobotSim/install/yolo_msgs/share/yolo_msgs/msg/BoundingBox2D.json
-- Installing: /home/redalexdad/GitHub/WalkingRobotSim/install/yolo_msgs/share/yolo_msgs/msg/BoundingBox3D.json
-- Installing: /home/redalexdad/GitHub/WalkingRobotSim/install/yolo_msgs/share/yolo_msgs/msg/Mask.json
-- Installing: /home/redalexdad/GitHub/WalkingRobotSim/install/yolo_msgs/share/yolo_msgs/msg/KeyPoint2D.json
-- Installing: /home/redalexdad/GitHub/WalkingRobotSim/install/yolo_msgs/share/yolo_msgs/msg/KeyPoint2DArray.json
-- Installing: /home/redalexdad/GitHub/WalkingRobotSim/install/yolo_msgs/share/yolo_msgs/msg/KeyPoint3D.json
-- Installing: /home/redalexdad/GitHub/WalkingRobotSim/install/yolo_msgs/share/yolo_msgs/msg/KeyPoint3DArray.json
-- Installing: /home/redalexdad/GitHub/WalkingRobotSim/install/yolo_msgs/share/yolo_msgs/msg/Detection.json
-- Installing: /home/redalexdad/GitHub/WalkingRobotSim/install/yolo_msgs/share/yolo_msgs/msg/DetectionArray.json
-- Installing: /home/redalexdad/GitHub/WalkingRobotSim/install/yolo_msgs/share/yolo_msgs/srv/SetClasses.json
-- Installing: /home/redalexdad/GitHub/WalkingRobotSim/install/yolo_msgs/include/yolo_msgs/yolo_msgs
-- Installing: /home/redalexdad/GitHub/WalkingRobotSim/install/yolo_msgs/include/yolo_msgs/yolo_msgs/msg
-- Installing: /home/redalexdad/GitHub/WalkingRobotSim/install/yolo_msgs/include/yolo_msgs/yolo_msgs/msg/vector2.h
-- Installing: /home/redalexdad/GitHub/WalkingRobotSim/install/yolo_msgs/include/yolo_msgs/yolo_msgs/msg/detection_array.h
-- Installing: /home/redalexdad/GitHub/WalkingRobotSim/install/yolo_msgs/include/yolo_msgs/yolo_msgs/msg/rosidl_generator_c__visibility_control.h
-- Installing: /home/redalexdad/GitHub/WalkingRobotSim/install/yolo_msgs/include/yolo_msgs/yolo_msgs/msg/point2_d.h
-- Installing: /home/redalexdad/GitHub/WalkingRobotSim/install/yolo_msgs/include/yolo_msgs/yolo_msgs/msg/key_point3_d_array.h
-- Installing: /home/redalexdad/GitHub/WalkingRobotSim/install/yolo_msgs/include/yolo_msgs/yolo_msgs/msg/detection.h
-- Installing: /home/redalexdad/GitHub/WalkingRobotSim/install/yolo_msgs/include/yolo_msgs/yolo_msgs/msg/bounding_box3_d.h
-- Installing: /home/redalexdad/GitHub/WalkingRobotSim/install/yolo_msgs/include/yolo_msgs/yolo_msgs/msg/key_point2_d.h
-- Installing: /home/redalexdad/GitHub/WalkingRobotSim/install/yolo_msgs/include/yolo_msgs/yolo_msgs/msg/mask.h
-- Installing: /home/redalexdad/GitHub/WalkingRobotSim/install/yolo_msgs/include/yolo_msgs/yolo_msgs/msg/key_point3_d.h
-- Installing: /home/redalexdad/GitHub/WalkingRobotSim/install/yolo_msgs/include/yolo_msgs/yolo_msgs/msg/bounding_box2_d.h
-- Installing: /home/redalexdad/GitHub/WalkingRobotSim/install/yolo_msgs/include/yolo_msgs/yolo_msgs/msg/detail
-- Installing: /home/redalexdad/GitHub/WalkingRobotSim/install/yolo_msgs/include/yolo_msgs/yolo_msgs/msg/detail/detection_array__description.c
-- Installing: /home/redalexdad/GitHub/WalkingRobotSim/install/yolo_msgs/include/yolo_msgs/yolo_msgs/msg/detail/key_point3_d__type_support.c
-- Installing: /home/redalexdad/GitHub/WalkingRobotSim/install/yolo_msgs/include/yolo_msgs/yolo_msgs/msg/detail/pose2_d__functions.h
-- Installing: /home/redalexdad/GitHub/WalkingRobotSim/install/yolo_msgs/include/yolo_msgs/yolo_msgs/msg/detail/key_point2_d__description.c
-- Installing: /home/redalexdad/GitHub/WalkingRobotSim/install/yolo_msgs/include/yolo_msgs/yolo_msgs/msg/detail/key_point2_d__functions.c
-- Installing: /home/redalexdad/GitHub/WalkingRobotSim/install/yolo_msgs/include/yolo_msgs/yolo_msgs/msg/detail/key_point3_d_array__struct.h
-- Installing: /home/redalexdad/GitHub/WalkingRobotSim/install/yolo_msgs/include/yolo_msgs/yolo_msgs/msg/detail/detection__functions.h
-- Installing: /home/redalexdad/GitHub/WalkingRobotSim/install/yolo_msgs/include/yolo_msgs/yolo_msgs/msg/detail/vector2__type_support.h
-- Installing: /home/redalexdad/GitHub/WalkingRobotSim/install/yolo_msgs/include/yolo_msgs/yolo_msgs/msg/detail/bounding_box3_d__functions.c
-- Installing: /home/redalexdad/GitHub/WalkingRobotSim/install/yolo_msgs/include/yolo_msgs/yolo_msgs/msg/detail/bounding_box2_d__functions.c
-- Installing: /home/redalexdad/GitHub/WalkingRobotSim/install/yolo_msgs/include/yolo_msgs/yolo_msgs/msg/detail/detection_array__struct.h
-- Installing: /home/redalexdad/GitHub/WalkingRobotSim/install/yolo_msgs/include/yolo_msgs/yolo_msgs/msg/detail/pose2_d__type_support.h
-- Installing: /home/redalexdad/GitHub/WalkingRobotSim/install/yolo_msgs/include/yolo_msgs/yolo_msgs/msg/detail/key_point3_d_array__description.c
-- Installing: /home/redalexdad/GitHub/WalkingRobotSim/install/yolo_msgs/include/yolo_msgs/yolo_msgs/msg/detail/key_point3_d__type_support.h
-- Installing: /home/redalexdad/GitHub/WalkingRobotSim/install/yolo_msgs/include/yolo_msgs/yolo_msgs/msg/detail/vector2__functions.h
-- Installing: /home/redalexdad/GitHub/WalkingRobotSim/install/yolo_msgs/include/yolo_msgs/yolo_msgs/msg/detail/bounding_box3_d__type_support.h
-- Installing: /home/redalexdad/GitHub/WalkingRobotSim/install/yolo_msgs/include/yolo_msgs/yolo_msgs/msg/detail/mask__functions.c
-- Installing: /home/redalexdad/GitHub/WalkingRobotSim/install/yolo_msgs/include/yolo_msgs/yolo_msgs/msg/detail/mask__type_support.c
-- Installing: /home/redalexdad/GitHub/WalkingRobotSim/install/yolo_msgs/include/yolo_msgs/yolo_msgs/msg/detail/detection__type_support.h
-- Installing: /home/redalexdad/GitHub/WalkingRobotSim/install/yolo_msgs/include/yolo_msgs/yolo_msgs/msg/detail/vector2__struct.h
-- Installing: /home/redalexdad/GitHub/WalkingRobotSim/install/yolo_msgs/include/yolo_msgs/yolo_msgs/msg/detail/bounding_box2_d__struct.h
-- Installing: /home/redalexdad/GitHub/WalkingRobotSim/install/yolo_msgs/include/yolo_msgs/yolo_msgs/msg/detail/bounding_box3_d__description.c
-- Installing: /home/redalexdad/GitHub/WalkingRobotSim/install/yolo_msgs/include/yolo_msgs/yolo_msgs/msg/detail/bounding_box2_d__functions.h
-- Installing: /home/redalexdad/GitHub/WalkingRobotSim/install/yolo_msgs/include/yolo_msgs/yolo_msgs/msg/detail/key_point3_d__functions.c
-- Installing: /home/redalexdad/GitHub/WalkingRobotSim/install/yolo_msgs/include/yolo_msgs/yolo_msgs/msg/detail/vector2__description.c
-- Installing: /home/redalexdad/GitHub/WalkingRobotSim/install/yolo_msgs/include/yolo_msgs/yolo_msgs/msg/detail/detection_array__functions.h
-- Installing: /home/redalexdad/GitHub/WalkingRobotSim/install/yolo_msgs/include/yolo_msgs/yolo_msgs/msg/detail/key_point3_d__description.c
-- Installing: /home/redalexdad/GitHub/WalkingRobotSim/install/yolo_msgs/include/yolo_msgs/yolo_msgs/msg/detail/key_point2_d_array__struct.h
-- Installing: /home/redalexdad/GitHub/WalkingRobotSim/install/yolo_msgs/include/yolo_msgs/yolo_msgs/msg/detail/key_point2_d_array__type_support.h
-- Installing: /home/redalexdad/GitHub/WalkingRobotSim/install/yolo_msgs/include/yolo_msgs/yolo_msgs/msg/detail/point2_d__functions.c
-- Installing: /home/redalexdad/GitHub/WalkingRobotSim/install/yolo_msgs/include/yolo_msgs/yolo_msgs/msg/detail/key_point3_d__functions.h
-- Installing: /home/redalexdad/GitHub/WalkingRobotSim/install/yolo_msgs/include/yolo_msgs/yolo_msgs/msg/detail/key_point3_d_array__type_support.h
-- Installing: /home/redalexdad/GitHub/WalkingRobotSim/install/yolo_msgs/include/yolo_msgs/yolo_msgs/msg/detail/key_point2_d__type_support.h
-- Installing: /home/redalexdad/GitHub/WalkingRobotSim/install/yolo_msgs/include/yolo_msgs/yolo_msgs/msg/detail/mask__type_support.h
-- Installing: /home/redalexdad/GitHub/WalkingRobotSim/install/yolo_msgs/include/yolo_msgs/yolo_msgs/msg/detail/detection__type_support.c
-- Installing: /home/redalexdad/GitHub/WalkingRobotSim/install/yolo_msgs/include/yolo_msgs/yolo_msgs/msg/detail/point2_d__functions.h
-- Installing: /home/redalexdad/GitHub/WalkingRobotSim/install/yolo_msgs/include/yolo_msgs/yolo_msgs/msg/detail/key_point3_d__struct.h
-- Installing: /home/redalexdad/GitHub/WalkingRobotSim/install/yolo_msgs/include/yolo_msgs/yolo_msgs/msg/detail/mask__description.c
-- Installing: /home/redalexdad/GitHub/WalkingRobotSim/install/yolo_msgs/include/yolo_msgs/yolo_msgs/msg/detail/vector2__functions.c
-- Installing: /home/redalexdad/GitHub/WalkingRobotSim/install/yolo_msgs/include/yolo_msgs/yolo_msgs/msg/detail/pose2_d__description.c
-- Installing: /home/redalexdad/GitHub/WalkingRobotSim/install/yolo_msgs/include/yolo_msgs/yolo_msgs/msg/detail/vector2__type_support.c
-- Installing: /home/redalexdad/GitHub/WalkingRobotSim/install/yolo_msgs/include/yolo_msgs/yolo_msgs/msg/detail/key_point2_d__struct.h
-- Installing: /home/redalexdad/GitHub/WalkingRobotSim/install/yolo_msgs/include/yolo_msgs/yolo_msgs/msg/detail/point2_d__description.c
-- Installing: /home/redalexdad/GitHub/WalkingRobotSim/install/yolo_msgs/include/yolo_msgs/yolo_msgs/msg/detail/bounding_box3_d__functions.h
-- Installing: /home/redalexdad/GitHub/WalkingRobotSim/install/yolo_msgs/include/yolo_msgs/yolo_msgs/msg/detail/key_point3_d_array__functions.h
-- Installing: /home/redalexdad/GitHub/WalkingRobotSim/install/yolo_msgs/include/yolo_msgs/yolo_msgs/msg/detail/pose2_d__type_support.c
-- Installing: /home/redalexdad/GitHub/WalkingRobotSim/install/yolo_msgs/include/yolo_msgs/yolo_msgs/msg/detail/bounding_box2_d__description.c
-- Installing: /home/redalexdad/GitHub/WalkingRobotSim/install/yolo_msgs/include/yolo_msgs/yolo_msgs/msg/detail/key_point3_d_array__type_support.c
-- Installing: /home/redalexdad/GitHub/WalkingRobotSim/install/yolo_msgs/include/yolo_msgs/yolo_msgs/msg/detail/key_point2_d_array__functions.c
-- Installing: /home/redalexdad/GitHub/WalkingRobotSim/install/yolo_msgs/include/yolo_msgs/yolo_msgs/msg/detail/bounding_box3_d__type_support.c
-- Installing: /home/redalexdad/GitHub/WalkingRobotSim/install/yolo_msgs/include/yolo_msgs/yolo_msgs/msg/detail/detection__functions.c
-- Installing: /home/redalexdad/GitHub/WalkingRobotSim/install/yolo_msgs/include/yolo_msgs/yolo_msgs/msg/detail/detection_array__type_support.c
-- Installing: /home/redalexdad/GitHub/WalkingRobotSim/install/yolo_msgs/include/yolo_msgs/yolo_msgs/msg/detail/mask__struct.h
-- Installing: /home/redalexdad/GitHub/WalkingRobotSim/install/yolo_msgs/include/yolo_msgs/yolo_msgs/msg/detail/key_point3_d_array__functions.c
-- Installing: /home/redalexdad/GitHub/WalkingRobotSim/install/yolo_msgs/include/yolo_msgs/yolo_msgs/msg/detail/pose2_d__functions.c
-- Installing: /home/redalexdad/GitHub/WalkingRobotSim/install/yolo_msgs/include/yolo_msgs/yolo_msgs/msg/detail/key_point2_d_array__type_support.c
-- Installing: /home/redalexdad/GitHub/WalkingRobotSim/install/yolo_msgs/include/yolo_msgs/yolo_msgs/msg/detail/key_point2_d_array__description.c
-- Installing: /home/redalexdad/GitHub/WalkingRobotSim/install/yolo_msgs/include/yolo_msgs/yolo_msgs/msg/detail/mask__functions.h
-- Installing: /home/redalexdad/GitHub/WalkingRobotSim/install/yolo_msgs/include/yolo_msgs/yolo_msgs/msg/detail/key_point2_d__type_support.c
-- Installing: /home/redalexdad/GitHub/WalkingRobotSim/install/yolo_msgs/include/yolo_msgs/yolo_msgs/msg/detail/point2_d__struct.h
-- Installing: /home/redalexdad/GitHub/WalkingRobotSim/install/yolo_msgs/include/yolo_msgs/yolo_msgs/msg/detail/bounding_box2_d__type_support.h
-- Installing: /home/redalexdad/GitHub/WalkingRobotSim/install/yolo_msgs/include/yolo_msgs/yolo_msgs/msg/detail/key_point2_d__functions.h
-- Installing: /home/redalexdad/GitHub/WalkingRobotSim/install/yolo_msgs/include/yolo_msgs/yolo_msgs/msg/detail/detection__struct.h
-- Installing: /home/redalexdad/GitHub/WalkingRobotSim/install/yolo_msgs/include/yolo_msgs/yolo_msgs/msg/detail/bounding_box2_d__type_support.c
-- Installing: /home/redalexdad/GitHub/WalkingRobotSim/install/yolo_msgs/include/yolo_msgs/yolo_msgs/msg/detail/detection_array__type_support.h
-- Installing: /home/redalexdad/GitHub/WalkingRobotSim/install/yolo_msgs/include/yolo_msgs/yolo_msgs/msg/detail/detection__description.c
-- Installing: /home/redalexdad/GitHub/WalkingRobotSim/install/yolo_msgs/include/yolo_msgs/yolo_msgs/msg/detail/key_point2_d_array__functions.h
-- Installing: /home/redalexdad/GitHub/WalkingRobotSim/install/yolo_msgs/include/yolo_msgs/yolo_msgs/msg/detail/detection_array__functions.c
-- Installing: /home/redalexdad/GitHub/WalkingRobotSim/install/yolo_msgs/include/yolo_msgs/yolo_msgs/msg/detail/pose2_d__struct.h
-- Installing: /home/redalexdad/GitHub/WalkingRobotSim/install/yolo_msgs/include/yolo_msgs/yolo_msgs/msg/detail/bounding_box3_d__struct.h
-- Installing: /home/redalexdad/GitHub/WalkingRobotSim/install/yolo_msgs/include/yolo_msgs/yolo_msgs/msg/detail/point2_d__type_support.c
-- Installing: /home/redalexdad/GitHub/WalkingRobotSim/install/yolo_msgs/include/yolo_msgs/yolo_msgs/msg/detail/point2_d__type_support.h
-- Installing: /home/redalexdad/GitHub/WalkingRobotSim/install/yolo_msgs/include/yolo_msgs/yolo_msgs/msg/pose2_d.h
-- Installing: /home/redalexdad/GitHub/WalkingRobotSim/install/yolo_msgs/include/yolo_msgs/yolo_msgs/msg/key_point2_d_array.h
-- Installing: /home/redalexdad/GitHub/WalkingRobotSim/install/yolo_msgs/include/yolo_msgs/yolo_msgs/srv
-- Installing: /home/redalexdad/GitHub/WalkingRobotSim/install/yolo_msgs/include/yolo_msgs/yolo_msgs/srv/set_classes.h
-- Installing: /home/redalexdad/GitHub/WalkingRobotSim/install/yolo_msgs/include/yolo_msgs/yolo_msgs/srv/detail
-- Installing: /home/redalexdad/GitHub/WalkingRobotSim/install/yolo_msgs/include/yolo_msgs/yolo_msgs/srv/detail/set_classes__functions.c
-- Installing: /home/redalexdad/GitHub/WalkingRobotSim/install/yolo_msgs/include/yolo_msgs/yolo_msgs/srv/detail/set_classes__type_support.c
-- Installing: /home/redalexdad/GitHub/WalkingRobotSim/install/yolo_msgs/include/yolo_msgs/yolo_msgs/srv/detail/set_classes__description.c
-- Installing: /home/redalexdad/GitHub/WalkingRobotSim/install/yolo_msgs/include/yolo_msgs/yolo_msgs/srv/detail/set_classes__struct.h
-- Installing: /home/redalexdad/GitHub/WalkingRobotSim/install/yolo_msgs/include/yolo_msgs/yolo_msgs/srv/detail/set_classes__type_support.h
-- Installing: /home/redalexdad/GitHub/WalkingRobotSim/install/yolo_msgs/include/yolo_msgs/yolo_msgs/srv/detail/set_classes__functions.h
-- Installing: /home/redalexdad/GitHub/WalkingRobotSim/install/yolo_msgs/share/yolo_msgs/environment/library_path.sh
-- Installing: /home/redalexdad/GitHub/WalkingRobotSim/install/yolo_msgs/share/yolo_msgs/environment/library_path.dsv
-- Installing: /home/redalexdad/GitHub/WalkingRobotSim/install/yolo_msgs/lib/libyolo_msgs__rosidl_generator_c.so
-- Set non-toolchain portion of runtime path of "/home/redalexdad/GitHub/WalkingRobotSim/install/yolo_msgs/lib/libyolo_msgs__rosidl_generator_c.so" to ""
-- Up-to-date: /home/redalexdad/GitHub/WalkingRobotSim/install/yolo_msgs/include/yolo_msgs/yolo_msgs
-- Up-to-date: /home/redalexdad/GitHub/WalkingRobotSim/install/yolo_msgs/include/yolo_msgs/yolo_msgs/msg
-- Installing: /home/redalexdad/GitHub/WalkingRobotSim/install/yolo_msgs/include/yolo_msgs/yolo_msgs/msg/rosidl_typesupport_fastrtps_c__visibility_control.h
-- Up-to-date: /home/redalexdad/GitHub/WalkingRobotSim/install/yolo_msgs/include/yolo_msgs/yolo_msgs/msg/detail
-- Installing: /home/redalexdad/GitHub/WalkingRobotSim/install/yolo_msgs/include/yolo_msgs/yolo_msgs/msg/detail/mask__rosidl_typesupport_fastrtps_c.h
-- Installing: /home/redalexdad/GitHub/WalkingRobotSim/install/yolo_msgs/include/yolo_msgs/yolo_msgs/msg/detail/vector2__rosidl_typesupport_fastrtps_c.h
-- Installing: /home/redalexdad/GitHub/WalkingRobotSim/install/yolo_msgs/include/yolo_msgs/yolo_msgs/msg/detail/key_point2_d_array__rosidl_typesupport_fastrtps_c.h
-- Installing: /home/redalexdad/GitHub/WalkingRobotSim/install/yolo_msgs/include/yolo_msgs/yolo_msgs/msg/detail/key_point3_d_array__rosidl_typesupport_fastrtps_c.h
-- Installing: /home/redalexdad/GitHub/WalkingRobotSim/install/yolo_msgs/include/yolo_msgs/yolo_msgs/msg/detail/key_point2_d__rosidl_typesupport_fastrtps_c.h
-- Installing: /home/redalexdad/GitHub/WalkingRobotSim/install/yolo_msgs/include/yolo_msgs/yolo_msgs/msg/detail/detection__rosidl_typesupport_fastrtps_c.h
-- Installing: /home/redalexdad/GitHub/WalkingRobotSim/install/yolo_msgs/include/yolo_msgs/yolo_msgs/msg/detail/pose2_d__rosidl_typesupport_fastrtps_c.h
-- Installing: /home/redalexdad/GitHub/WalkingRobotSim/install/yolo_msgs/include/yolo_msgs/yolo_msgs/msg/detail/detection_array__rosidl_typesupport_fastrtps_c.h
-- Installing: /home/redalexdad/GitHub/WalkingRobotSim/install/yolo_msgs/include/yolo_msgs/yolo_msgs/msg/detail/point2_d__rosidl_typesupport_fastrtps_c.h
-- Installing: /home/redalexdad/GitHub/WalkingRobotSim/install/yolo_msgs/include/yolo_msgs/yolo_msgs/msg/detail/bounding_box3_d__rosidl_typesupport_fastrtps_c.h
-- Installing: /home/redalexdad/GitHub/WalkingRobotSim/install/yolo_msgs/include/yolo_msgs/yolo_msgs/msg/detail/bounding_box2_d__rosidl_typesupport_fastrtps_c.h
-- Installing: /home/redalexdad/GitHub/WalkingRobotSim/install/yolo_msgs/include/yolo_msgs/yolo_msgs/msg/detail/key_point3_d__rosidl_typesupport_fastrtps_c.h
-- Up-to-date: /home/redalexdad/GitHub/WalkingRobotSim/install/yolo_msgs/include/yolo_msgs/yolo_msgs/srv
-- Up-to-date: /home/redalexdad/GitHub/WalkingRobotSim/install/yolo_msgs/include/yolo_msgs/yolo_msgs/srv/detail
-- Installing: /home/redalexdad/GitHub/WalkingRobotSim/install/yolo_msgs/include/yolo_msgs/yolo_msgs/srv/detail/set_classes__rosidl_typesupport_fastrtps_c.h
-- Installing: /home/redalexdad/GitHub/WalkingRobotSim/install/yolo_msgs/lib/libyolo_msgs__rosidl_typesupport_fastrtps_c.so
-- Set non-toolchain portion of runtime path of "/home/redalexdad/GitHub/WalkingRobotSim/install/yolo_msgs/lib/libyolo_msgs__rosidl_typesupport_fastrtps_c.so" to ""
-- Up-to-date: /home/redalexdad/GitHub/WalkingRobotSim/install/yolo_msgs/include/yolo_msgs/yolo_msgs
-- Up-to-date: /home/redalexdad/GitHub/WalkingRobotSim/install/yolo_msgs/include/yolo_msgs/yolo_msgs/msg
-- Installing: /home/redalexdad/GitHub/WalkingRobotSim/install/yolo_msgs/include/yolo_msgs/yolo_msgs/msg/rosidl_typesupport_introspection_c__visibility_control.h
-- Up-to-date: /home/redalexdad/GitHub/WalkingRobotSim/install/yolo_msgs/include/yolo_msgs/yolo_msgs/msg/detail
-- Installing: /home/redalexdad/GitHub/WalkingRobotSim/install/yolo_msgs/include/yolo_msgs/yolo_msgs/msg/detail/detection_array__rosidl_typesupport_introspection_c.h
-- Installing: /home/redalexdad/GitHub/WalkingRobotSim/install/yolo_msgs/include/yolo_msgs/yolo_msgs/msg/detail/key_point3_d__type_support.c
-- Installing: /home/redalexdad/GitHub/WalkingRobotSim/install/yolo_msgs/include/yolo_msgs/yolo_msgs/msg/detail/pose2_d__rosidl_typesupport_introspection_c.h
-- Installing: /home/redalexdad/GitHub/WalkingRobotSim/install/yolo_msgs/include/yolo_msgs/yolo_msgs/msg/detail/bounding_box2_d__rosidl_typesupport_introspection_c.h
-- Installing: /home/redalexdad/GitHub/WalkingRobotSim/install/yolo_msgs/include/yolo_msgs/yolo_msgs/msg/detail/detection__rosidl_typesupport_introspection_c.h
-- Installing: /home/redalexdad/GitHub/WalkingRobotSim/install/yolo_msgs/include/yolo_msgs/yolo_msgs/msg/detail/key_point2_d_array__rosidl_typesupport_introspection_c.h
-- Installing: /home/redalexdad/GitHub/WalkingRobotSim/install/yolo_msgs/include/yolo_msgs/yolo_msgs/msg/detail/mask__type_support.c
-- Installing: /home/redalexdad/GitHub/WalkingRobotSim/install/yolo_msgs/include/yolo_msgs/yolo_msgs/msg/detail/key_point3_d__rosidl_typesupport_introspection_c.h
-- Installing: /home/redalexdad/GitHub/WalkingRobotSim/install/yolo_msgs/include/yolo_msgs/yolo_msgs/msg/detail/mask__rosidl_typesupport_introspection_c.h
-- Installing: /home/redalexdad/GitHub/WalkingRobotSim/install/yolo_msgs/include/yolo_msgs/yolo_msgs/msg/detail/bounding_box3_d__rosidl_typesupport_introspection_c.h
-- Installing: /home/redalexdad/GitHub/WalkingRobotSim/install/yolo_msgs/include/yolo_msgs/yolo_msgs/msg/detail/detection__type_support.c
-- Installing: /home/redalexdad/GitHub/WalkingRobotSim/install/yolo_msgs/include/yolo_msgs/yolo_msgs/msg/detail/vector2__type_support.c
-- Installing: /home/redalexdad/GitHub/WalkingRobotSim/install/yolo_msgs/include/yolo_msgs/yolo_msgs/msg/detail/pose2_d__type_support.c
-- Installing: /home/redalexdad/GitHub/WalkingRobotSim/install/yolo_msgs/include/yolo_msgs/yolo_msgs/msg/detail/key_point3_d_array__type_support.c
-- Installing: /home/redalexdad/GitHub/WalkingRobotSim/install/yolo_msgs/include/yolo_msgs/yolo_msgs/msg/detail/bounding_box3_d__type_support.c
-- Installing: /home/redalexdad/GitHub/WalkingRobotSim/install/yolo_msgs/include/yolo_msgs/yolo_msgs/msg/detail/key_point2_d__rosidl_typesupport_introspection_c.h
-- Installing: /home/redalexdad/GitHub/WalkingRobotSim/install/yolo_msgs/include/yolo_msgs/yolo_msgs/msg/detail/key_point3_d_array__rosidl_typesupport_introspection_c.h
-- Installing: /home/redalexdad/GitHub/WalkingRobotSim/install/yolo_msgs/include/yolo_msgs/yolo_msgs/msg/detail/detection_array__type_support.c
-- Installing: /home/redalexdad/GitHub/WalkingRobotSim/install/yolo_msgs/include/yolo_msgs/yolo_msgs/msg/detail/key_point2_d_array__type_support.c
-- Installing: /home/redalexdad/GitHub/WalkingRobotSim/install/yolo_msgs/include/yolo_msgs/yolo_msgs/msg/detail/key_point2_d__type_support.c
-- Installing: /home/redalexdad/GitHub/WalkingRobotSim/install/yolo_msgs/include/yolo_msgs/yolo_msgs/msg/detail/bounding_box2_d__type_support.c
-- Installing: /home/redalexdad/GitHub/WalkingRobotSim/install/yolo_msgs/include/yolo_msgs/yolo_msgs/msg/detail/vector2__rosidl_typesupport_introspection_c.h
-- Installing: /home/redalexdad/GitHub/WalkingRobotSim/install/yolo_msgs/include/yolo_msgs/yolo_msgs/msg/detail/point2_d__type_support.c
-- Installing: /home/redalexdad/GitHub/WalkingRobotSim/install/yolo_msgs/include/yolo_msgs/yolo_msgs/msg/detail/point2_d__rosidl_typesupport_introspection_c.h
-- Up-to-date: /home/redalexdad/GitHub/WalkingRobotSim/install/yolo_msgs/include/yolo_msgs/yolo_msgs/srv
-- Up-to-date: /home/redalexdad/GitHub/WalkingRobotSim/install/yolo_msgs/include/yolo_msgs/yolo_msgs/srv/detail
-- Installing: /home/redalexdad/GitHub/WalkingRobotSim/install/yolo_msgs/include/yolo_msgs/yolo_msgs/srv/detail/set_classes__type_support.c
-- Installing: /home/redalexdad/GitHub/WalkingRobotSim/install/yolo_msgs/include/yolo_msgs/yolo_msgs/srv/detail/set_classes__rosidl_typesupport_introspection_c.h
-- Installing: /home/redalexdad/GitHub/WalkingRobotSim/install/yolo_msgs/lib/libyolo_msgs__rosidl_typesupport_introspection_c.so
-- Set non-toolchain portion of runtime path of "/home/redalexdad/GitHub/WalkingRobotSim/install/yolo_msgs/lib/libyolo_msgs__rosidl_typesupport_introspection_c.so" to ""
-- Installing: /home/redalexdad/GitHub/WalkingRobotSim/install/yolo_msgs/lib/libyolo_msgs__rosidl_typesupport_c.so
-- Set non-toolchain portion of runtime path of "/home/redalexdad/GitHub/WalkingRobotSim/install/yolo_msgs/lib/libyolo_msgs__rosidl_typesupport_c.so" to ""
-- Up-to-date: /home/redalexdad/GitHub/WalkingRobotSim/install/yolo_msgs/include/yolo_msgs/yolo_msgs
-- Up-to-date: /home/redalexdad/GitHub/WalkingRobotSim/install/yolo_msgs/include/yolo_msgs/yolo_msgs/msg
-- Installing: /home/redalexdad/GitHub/WalkingRobotSim/install/yolo_msgs/include/yolo_msgs/yolo_msgs/msg/bounding_box2_d.hpp
-- Installing: /home/redalexdad/GitHub/WalkingRobotSim/install/yolo_msgs/include/yolo_msgs/yolo_msgs/msg/rosidl_generator_cpp__visibility_control.hpp
-- Installing: /home/redalexdad/GitHub/WalkingRobotSim/install/yolo_msgs/include/yolo_msgs/yolo_msgs/msg/key_point3_d_array.hpp
-- Installing: /home/redalexdad/GitHub/WalkingRobotSim/install/yolo_msgs/include/yolo_msgs/yolo_msgs/msg/bounding_box3_d.hpp
-- Installing: /home/redalexdad/GitHub/WalkingRobotSim/install/yolo_msgs/include/yolo_msgs/yolo_msgs/msg/pose2_d.hpp
-- Installing: /home/redalexdad/GitHub/WalkingRobotSim/install/yolo_msgs/include/yolo_msgs/yolo_msgs/msg/detection_array.hpp
-- Installing: /home/redalexdad/GitHub/WalkingRobotSim/install/yolo_msgs/include/yolo_msgs/yolo_msgs/msg/point2_d.hpp
-- Installing: /home/redalexdad/GitHub/WalkingRobotSim/install/yolo_msgs/include/yolo_msgs/yolo_msgs/msg/detection.hpp
-- Installing: /home/redalexdad/GitHub/WalkingRobotSim/install/yolo_msgs/include/yolo_msgs/yolo_msgs/msg/key_point3_d.hpp
-- Installing: /home/redalexdad/GitHub/WalkingRobotSim/install/yolo_msgs/include/yolo_msgs/yolo_msgs/msg/mask.hpp
-- Installing: /home/redalexdad/GitHub/WalkingRobotSim/install/yolo_msgs/include/yolo_msgs/yolo_msgs/msg/key_point2_d.hpp
-- Up-to-date: /home/redalexdad/GitHub/WalkingRobotSim/install/yolo_msgs/include/yolo_msgs/yolo_msgs/msg/detail
-- Installing: /home/redalexdad/GitHub/WalkingRobotSim/install/yolo_msgs/include/yolo_msgs/yolo_msgs/msg/detail/mask__type_support.hpp
-- Installing: /home/redalexdad/GitHub/WalkingRobotSim/install/yolo_msgs/include/yolo_msgs/yolo_msgs/msg/detail/pose2_d__type_support.hpp
-- Installing: /home/redalexdad/GitHub/WalkingRobotSim/install/yolo_msgs/include/yolo_msgs/yolo_msgs/msg/detail/point2_d__traits.hpp
-- Installing: /home/redalexdad/GitHub/WalkingRobotSim/install/yolo_msgs/include/yolo_msgs/yolo_msgs/msg/detail/mask__builder.hpp
-- Installing: /home/redalexdad/GitHub/WalkingRobotSim/install/yolo_msgs/include/yolo_msgs/yolo_msgs/msg/detail/key_point2_d_array__builder.hpp
-- Installing: /home/redalexdad/GitHub/WalkingRobotSim/install/yolo_msgs/include/yolo_msgs/yolo_msgs/msg/detail/key_point3_d_array__traits.hpp
-- Installing: /home/redalexdad/GitHub/WalkingRobotSim/install/yolo_msgs/include/yolo_msgs/yolo_msgs/msg/detail/bounding_box3_d__builder.hpp
-- Installing: /home/redalexdad/GitHub/WalkingRobotSim/install/yolo_msgs/include/yolo_msgs/yolo_msgs/msg/detail/key_point3_d__builder.hpp
-- Installing: /home/redalexdad/GitHub/WalkingRobotSim/install/yolo_msgs/include/yolo_msgs/yolo_msgs/msg/detail/detection_array__builder.hpp
-- Installing: /home/redalexdad/GitHub/WalkingRobotSim/install/yolo_msgs/include/yolo_msgs/yolo_msgs/msg/detail/bounding_box2_d__builder.hpp
-- Installing: /home/redalexdad/GitHub/WalkingRobotSim/install/yolo_msgs/include/yolo_msgs/yolo_msgs/msg/detail/key_point3_d_array__struct.hpp
-- Installing: /home/redalexdad/GitHub/WalkingRobotSim/install/yolo_msgs/include/yolo_msgs/yolo_msgs/msg/detail/key_point2_d_array__type_support.hpp
-- Installing: /home/redalexdad/GitHub/WalkingRobotSim/install/yolo_msgs/include/yolo_msgs/yolo_msgs/msg/detail/detection__struct.hpp
-- Installing: /home/redalexdad/GitHub/WalkingRobotSim/install/yolo_msgs/include/yolo_msgs/yolo_msgs/msg/detail/key_point2_d__struct.hpp
-- Installing: /home/redalexdad/GitHub/WalkingRobotSim/install/yolo_msgs/include/yolo_msgs/yolo_msgs/msg/detail/vector2__builder.hpp
-- Installing: /home/redalexdad/GitHub/WalkingRobotSim/install/yolo_msgs/include/yolo_msgs/yolo_msgs/msg/detail/bounding_box3_d__traits.hpp
-- Installing: /home/redalexdad/GitHub/WalkingRobotSim/install/yolo_msgs/include/yolo_msgs/yolo_msgs/msg/detail/detection__type_support.hpp
-- Installing: /home/redalexdad/GitHub/WalkingRobotSim/install/yolo_msgs/include/yolo_msgs/yolo_msgs/msg/detail/pose2_d__builder.hpp
-- Installing: /home/redalexdad/GitHub/WalkingRobotSim/install/yolo_msgs/include/yolo_msgs/yolo_msgs/msg/detail/key_point2_d__traits.hpp
-- Installing: /home/redalexdad/GitHub/WalkingRobotSim/install/yolo_msgs/include/yolo_msgs/yolo_msgs/msg/detail/vector2__type_support.hpp
-- Installing: /home/redalexdad/GitHub/WalkingRobotSim/install/yolo_msgs/include/yolo_msgs/yolo_msgs/msg/detail/bounding_box2_d__type_support.hpp
-- Installing: /home/redalexdad/GitHub/WalkingRobotSim/install/yolo_msgs/include/yolo_msgs/yolo_msgs/msg/detail/mask__traits.hpp
-- Installing: /home/redalexdad/GitHub/WalkingRobotSim/install/yolo_msgs/include/yolo_msgs/yolo_msgs/msg/detail/key_point2_d_array__traits.hpp
-- Installing: /home/redalexdad/GitHub/WalkingRobotSim/install/yolo_msgs/include/yolo_msgs/yolo_msgs/msg/detail/pose2_d__struct.hpp
-- Installing: /home/redalexdad/GitHub/WalkingRobotSim/install/yolo_msgs/include/yolo_msgs/yolo_msgs/msg/detail/key_point2_d__type_support.hpp
-- Installing: /home/redalexdad/GitHub/WalkingRobotSim/install/yolo_msgs/include/yolo_msgs/yolo_msgs/msg/detail/bounding_box2_d__struct.hpp
-- Installing: /home/redalexdad/GitHub/WalkingRobotSim/install/yolo_msgs/include/yolo_msgs/yolo_msgs/msg/detail/vector2__struct.hpp
-- Installing: /home/redalexdad/GitHub/WalkingRobotSim/install/yolo_msgs/include/yolo_msgs/yolo_msgs/msg/detail/point2_d__struct.hpp
-- Installing: /home/redalexdad/GitHub/WalkingRobotSim/install/yolo_msgs/include/yolo_msgs/yolo_msgs/msg/detail/detection__traits.hpp
-- Installing: /home/redalexdad/GitHub/WalkingRobotSim/install/yolo_msgs/include/yolo_msgs/yolo_msgs/msg/detail/bounding_box3_d__type_support.hpp
-- Installing: /home/redalexdad/GitHub/WalkingRobotSim/install/yolo_msgs/include/yolo_msgs/yolo_msgs/msg/detail/detection__builder.hpp
-- Installing: /home/redalexdad/GitHub/WalkingRobotSim/install/yolo_msgs/include/yolo_msgs/yolo_msgs/msg/detail/detection_array__type_support.hpp
-- Installing: /home/redalexdad/GitHub/WalkingRobotSim/install/yolo_msgs/include/yolo_msgs/yolo_msgs/msg/detail/detection_array__struct.hpp
-- Installing: /home/redalexdad/GitHub/WalkingRobotSim/install/yolo_msgs/include/yolo_msgs/yolo_msgs/msg/detail/pose2_d__traits.hpp
-- Installing: /home/redalexdad/GitHub/WalkingRobotSim/install/yolo_msgs/include/yolo_msgs/yolo_msgs/msg/detail/key_point3_d__traits.hpp
-- Installing: /home/redalexdad/GitHub/WalkingRobotSim/install/yolo_msgs/include/yolo_msgs/yolo_msgs/msg/detail/mask__struct.hpp
-- Installing: /home/redalexdad/GitHub/WalkingRobotSim/install/yolo_msgs/include/yolo_msgs/yolo_msgs/msg/detail/key_point2_d__builder.hpp
-- Installing: /home/redalexdad/GitHub/WalkingRobotSim/install/yolo_msgs/include/yolo_msgs/yolo_msgs/msg/detail/point2_d__type_support.hpp
-- Installing: /home/redalexdad/GitHub/WalkingRobotSim/install/yolo_msgs/include/yolo_msgs/yolo_msgs/msg/detail/key_point3_d_array__builder.hpp
-- Installing: /home/redalexdad/GitHub/WalkingRobotSim/install/yolo_msgs/include/yolo_msgs/yolo_msgs/msg/detail/key_point3_d__type_support.hpp
-- Installing: /home/redalexdad/GitHub/WalkingRobotSim/install/yolo_msgs/include/yolo_msgs/yolo_msgs/msg/detail/point2_d__builder.hpp
-- Installing: /home/redalexdad/GitHub/WalkingRobotSim/install/yolo_msgs/include/yolo_msgs/yolo_msgs/msg/detail/vector2__traits.hpp
-- Installing: /home/redalexdad/GitHub/WalkingRobotSim/install/yolo_msgs/include/yolo_msgs/yolo_msgs/msg/detail/bounding_box3_d__struct.hpp
-- Installing: /home/redalexdad/GitHub/WalkingRobotSim/install/yolo_msgs/include/yolo_msgs/yolo_msgs/msg/detail/detection_array__traits.hpp
-- Installing: /home/redalexdad/GitHub/WalkingRobotSim/install/yolo_msgs/include/yolo_msgs/yolo_msgs/msg/detail/key_point3_d_array__type_support.hpp
-- Installing: /home/redalexdad/GitHub/WalkingRobotSim/install/yolo_msgs/include/yolo_msgs/yolo_msgs/msg/detail/key_point3_d__struct.hpp
-- Installing: /home/redalexdad/GitHub/WalkingRobotSim/install/yolo_msgs/include/yolo_msgs/yolo_msgs/msg/detail/key_point2_d_array__struct.hpp
-- Installing: /home/redalexdad/GitHub/WalkingRobotSim/install/yolo_msgs/include/yolo_msgs/yolo_msgs/msg/detail/bounding_box2_d__traits.hpp
-- Installing: /home/redalexdad/GitHub/WalkingRobotSim/install/yolo_msgs/include/yolo_msgs/yolo_msgs/msg/key_point2_d_array.hpp
-- Installing: /home/redalexdad/GitHub/WalkingRobotSim/install/yolo_msgs/include/yolo_msgs/yolo_msgs/msg/vector2.hpp
-- Up-to-date: /home/redalexdad/GitHub/WalkingRobotSim/install/yolo_msgs/include/yolo_msgs/yolo_msgs/srv
-- Installing: /home/redalexdad/GitHub/WalkingRobotSim/install/yolo_msgs/include/yolo_msgs/yolo_msgs/srv/set_classes.hpp
-- Up-to-date: /home/redalexdad/GitHub/WalkingRobotSim/install/yolo_msgs/include/yolo_msgs/yolo_msgs/srv/detail
-- Installing: /home/redalexdad/GitHub/WalkingRobotSim/install/yolo_msgs/include/yolo_msgs/yolo_msgs/srv/detail/set_classes__builder.hpp
-- Installing: /home/redalexdad/GitHub/WalkingRobotSim/install/yolo_msgs/include/yolo_msgs/yolo_msgs/srv/detail/set_classes__traits.hpp
-- Installing: /home/redalexdad/GitHub/WalkingRobotSim/install/yolo_msgs/include/yolo_msgs/yolo_msgs/srv/detail/set_classes__struct.hpp
-- Installing: /home/redalexdad/GitHub/WalkingRobotSim/install/yolo_msgs/include/yolo_msgs/yolo_msgs/srv/detail/set_classes__type_support.hpp
-- Up-to-date: /home/redalexdad/GitHub/WalkingRobotSim/install/yolo_msgs/include/yolo_msgs/yolo_msgs
-- Up-to-date: /home/redalexdad/GitHub/WalkingRobotSim/install/yolo_msgs/include/yolo_msgs/yolo_msgs/msg
-- Installing: /home/redalexdad/GitHub/WalkingRobotSim/install/yolo_msgs/include/yolo_msgs/yolo_msgs/msg/rosidl_typesupport_fastrtps_cpp__visibility_control.h
-- Up-to-date: /home/redalexdad/GitHub/WalkingRobotSim/install/yolo_msgs/include/yolo_msgs/yolo_msgs/msg/detail
-- Installing: /home/redalexdad/GitHub/WalkingRobotSim/install/yolo_msgs/include/yolo_msgs/yolo_msgs/msg/detail/bounding_box3_d__rosidl_typesupport_fastrtps_cpp.hpp
-- Installing: /home/redalexdad/GitHub/WalkingRobotSim/install/yolo_msgs/include/yolo_msgs/yolo_msgs/msg/detail/key_point2_d_array__rosidl_typesupport_fastrtps_cpp.hpp
-- Installing: /home/redalexdad/GitHub/WalkingRobotSim/install/yolo_msgs/include/yolo_msgs/yolo_msgs/msg/detail/point2_d__rosidl_typesupport_fastrtps_cpp.hpp
-- Installing: /home/redalexdad/GitHub/WalkingRobotSim/install/yolo_msgs/include/yolo_msgs/yolo_msgs/msg/detail/detection__rosidl_typesupport_fastrtps_cpp.hpp
-- Installing: /home/redalexdad/GitHub/WalkingRobotSim/install/yolo_msgs/include/yolo_msgs/yolo_msgs/msg/detail/pose2_d__rosidl_typesupport_fastrtps_cpp.hpp
-- Installing: /home/redalexdad/GitHub/WalkingRobotSim/install/yolo_msgs/include/yolo_msgs/yolo_msgs/msg/detail/key_point2_d__rosidl_typesupport_fastrtps_cpp.hpp
-- Installing: /home/redalexdad/GitHub/WalkingRobotSim/install/yolo_msgs/include/yolo_msgs/yolo_msgs/msg/detail/vector2__rosidl_typesupport_fastrtps_cpp.hpp
-- Installing: /home/redalexdad/GitHub/WalkingRobotSim/install/yolo_msgs/include/yolo_msgs/yolo_msgs/msg/detail/mask__rosidl_typesupport_fastrtps_cpp.hpp
-- Installing: /home/redalexdad/GitHub/WalkingRobotSim/install/yolo_msgs/include/yolo_msgs/yolo_msgs/msg/detail/detection_array__rosidl_typesupport_fastrtps_cpp.hpp
-- Installing: /home/redalexdad/GitHub/WalkingRobotSim/install/yolo_msgs/include/yolo_msgs/yolo_msgs/msg/detail/key_point3_d_array__rosidl_typesupport_fastrtps_cpp.hpp
-- Installing: /home/redalexdad/GitHub/WalkingRobotSim/install/yolo_msgs/include/yolo_msgs/yolo_msgs/msg/detail/bounding_box2_d__rosidl_typesupport_fastrtps_cpp.hpp
-- Installing: /home/redalexdad/GitHub/WalkingRobotSim/install/yolo_msgs/include/yolo_msgs/yolo_msgs/msg/detail/dds_fastrtps
-- Installing: /home/redalexdad/GitHub/WalkingRobotSim/install/yolo_msgs/include/yolo_msgs/yolo_msgs/msg/detail/key_point3_d__rosidl_typesupport_fastrtps_cpp.hpp
-- Up-to-date: /home/redalexdad/GitHub/WalkingRobotSim/install/yolo_msgs/include/yolo_msgs/yolo_msgs/srv
-- Up-to-date: /home/redalexdad/GitHub/WalkingRobotSim/install/yolo_msgs/include/yolo_msgs/yolo_msgs/srv/detail
-- Installing: /home/redalexdad/GitHub/WalkingRobotSim/install/yolo_msgs/include/yolo_msgs/yolo_msgs/srv/detail/set_classes__rosidl_typesupport_fastrtps_cpp.hpp
-- Installing: /home/redalexdad/GitHub/WalkingRobotSim/install/yolo_msgs/include/yolo_msgs/yolo_msgs/srv/detail/dds_fastrtps
-- Installing: /home/redalexdad/GitHub/WalkingRobotSim/install/yolo_msgs/lib/libyolo_msgs__rosidl_typesupport_fastrtps_cpp.so
-- Set non-toolchain portion of runtime path of "/home/redalexdad/GitHub/WalkingRobotSim/install/yolo_msgs/lib/libyolo_msgs__rosidl_typesupport_fastrtps_cpp.so" to ""
-- Up-to-date: /home/redalexdad/GitHub/WalkingRobotSim/install/yolo_msgs/include/yolo_msgs/yolo_msgs
-- Up-to-date: /home/redalexdad/GitHub/WalkingRobotSim/install/yolo_msgs/include/yolo_msgs/yolo_msgs/msg
-- Up-to-date: /home/redalexdad/GitHub/WalkingRobotSim/install/yolo_msgs/include/yolo_msgs/yolo_msgs/msg/detail
-- Installing: /home/redalexdad/GitHub/WalkingRobotSim/install/yolo_msgs/include/yolo_msgs/yolo_msgs/msg/detail/pose2_d__type_support.cpp
-- Installing: /home/redalexdad/GitHub/WalkingRobotSim/install/yolo_msgs/include/yolo_msgs/yolo_msgs/msg/detail/key_point3_d_array__rosidl_typesupport_introspection_cpp.hpp
-- Installing: /home/redalexdad/GitHub/WalkingRobotSim/install/yolo_msgs/include/yolo_msgs/yolo_msgs/msg/detail/key_point2_d__rosidl_typesupport_introspection_cpp.hpp
-- Installing: /home/redalexdad/GitHub/WalkingRobotSim/install/yolo_msgs/include/yolo_msgs/yolo_msgs/msg/detail/point2_d__type_support.cpp
-- Installing: /home/redalexdad/GitHub/WalkingRobotSim/install/yolo_msgs/include/yolo_msgs/yolo_msgs/msg/detail/key_point3_d__rosidl_typesupport_introspection_cpp.hpp
-- Installing: /home/redalexdad/GitHub/WalkingRobotSim/install/yolo_msgs/include/yolo_msgs/yolo_msgs/msg/detail/vector2__type_support.cpp
-- Installing: /home/redalexdad/GitHub/WalkingRobotSim/install/yolo_msgs/include/yolo_msgs/yolo_msgs/msg/detail/mask__rosidl_typesupport_introspection_cpp.hpp
-- Installing: /home/redalexdad/GitHub/WalkingRobotSim/install/yolo_msgs/include/yolo_msgs/yolo_msgs/msg/detail/pose2_d__rosidl_typesupport_introspection_cpp.hpp
-- Installing: /home/redalexdad/GitHub/WalkingRobotSim/install/yolo_msgs/include/yolo_msgs/yolo_msgs/msg/detail/mask__type_support.cpp
-- Installing: /home/redalexdad/GitHub/WalkingRobotSim/install/yolo_msgs/include/yolo_msgs/yolo_msgs/msg/detail/vector2__rosidl_typesupport_introspection_cpp.hpp
-- Installing: /home/redalexdad/GitHub/WalkingRobotSim/install/yolo_msgs/include/yolo_msgs/yolo_msgs/msg/detail/detection_array__type_support.cpp
-- Installing: /home/redalexdad/GitHub/WalkingRobotSim/install/yolo_msgs/include/yolo_msgs/yolo_msgs/msg/detail/detection__rosidl_typesupport_introspection_cpp.hpp
-- Installing: /home/redalexdad/GitHub/WalkingRobotSim/install/yolo_msgs/include/yolo_msgs/yolo_msgs/msg/detail/key_point2_d__type_support.cpp
-- Installing: /home/redalexdad/GitHub/WalkingRobotSim/install/yolo_msgs/include/yolo_msgs/yolo_msgs/msg/detail/bounding_box2_d__type_support.cpp
-- Installing: /home/redalexdad/GitHub/WalkingRobotSim/install/yolo_msgs/include/yolo_msgs/yolo_msgs/msg/detail/key_point2_d_array__type_support.cpp
-- Installing: /home/redalexdad/GitHub/WalkingRobotSim/install/yolo_msgs/include/yolo_msgs/yolo_msgs/msg/detail/detection_array__rosidl_typesupport_introspection_cpp.hpp
-- Installing: /home/redalexdad/GitHub/WalkingRobotSim/install/yolo_msgs/include/yolo_msgs/yolo_msgs/msg/detail/bounding_box3_d__type_support.cpp
-- Installing: /home/redalexdad/GitHub/WalkingRobotSim/install/yolo_msgs/include/yolo_msgs/yolo_msgs/msg/detail/detection__type_support.cpp
-- Installing: /home/redalexdad/GitHub/WalkingRobotSim/install/yolo_msgs/include/yolo_msgs/yolo_msgs/msg/detail/key_point3_d__type_support.cpp
-- Installing: /home/redalexdad/GitHub/WalkingRobotSim/install/yolo_msgs/include/yolo_msgs/yolo_msgs/msg/detail/key_point2_d_array__rosidl_typesupport_introspection_cpp.hpp
-- Installing: /home/redalexdad/GitHub/WalkingRobotSim/install/yolo_msgs/include/yolo_msgs/yolo_msgs/msg/detail/point2_d__rosidl_typesupport_introspection_cpp.hpp
-- Installing: /home/redalexdad/GitHub/WalkingRobotSim/install/yolo_msgs/include/yolo_msgs/yolo_msgs/msg/detail/key_point3_d_array__type_support.cpp
-- Installing: /home/redalexdad/GitHub/WalkingRobotSim/install/yolo_msgs/include/yolo_msgs/yolo_msgs/msg/detail/bounding_box3_d__rosidl_typesupport_introspection_cpp.hpp
-- Installing: /home/redalexdad/GitHub/WalkingRobotSim/install/yolo_msgs/include/yolo_msgs/yolo_msgs/msg/detail/bounding_box2_d__rosidl_typesupport_introspection_cpp.hpp
-- Up-to-date: /home/redalexdad/GitHub/WalkingRobotSim/install/yolo_msgs/include/yolo_msgs/yolo_msgs/srv
-- Up-to-date: /home/redalexdad/GitHub/WalkingRobotSim/install/yolo_msgs/include/yolo_msgs/yolo_msgs/srv/detail
-- Installing: /home/redalexdad/GitHub/WalkingRobotSim/install/yolo_msgs/include/yolo_msgs/yolo_msgs/srv/detail/set_classes__type_support.cpp
-- Installing: /home/redalexdad/GitHub/WalkingRobotSim/install/yolo_msgs/include/yolo_msgs/yolo_msgs/srv/detail/set_classes__rosidl_typesupport_introspection_cpp.hpp
-- Installing: /home/redalexdad/GitHub/WalkingRobotSim/install/yolo_msgs/lib/libyolo_msgs__rosidl_typesupport_introspection_cpp.so
-- Set non-toolchain portion of runtime path of "/home/redalexdad/GitHub/WalkingRobotSim/install/yolo_msgs/lib/libyolo_msgs__rosidl_typesupport_introspection_cpp.so" to ""
-- Installing: /home/redalexdad/GitHub/WalkingRobotSim/install/yolo_msgs/lib/libyolo_msgs__rosidl_typesupport_cpp.so
-- Set non-toolchain portion of runtime path of "/home/redalexdad/GitHub/WalkingRobotSim/install/yolo_msgs/lib/libyolo_msgs__rosidl_typesupport_cpp.so" to ""
-- Installing: /home/redalexdad/GitHub/WalkingRobotSim/install/yolo_msgs/share/yolo_msgs/environment/pythonpath.sh
-- Installing: /home/redalexdad/GitHub/WalkingRobotSim/install/yolo_msgs/share/yolo_msgs/environment/pythonpath.dsv
-- Installing: /home/redalexdad/GitHub/WalkingRobotSim/install/yolo_msgs/lib/python3.12/site-packages/yolo_msgs-4.2.0-py3.12.egg-info
-- Installing: /home/redalexdad/GitHub/WalkingRobotSim/install/yolo_msgs/lib/python3.12/site-packages/yolo_msgs-4.2.0-py3.12.egg-info/PKG-INFO
-- Installing: /home/redalexdad/GitHub/WalkingRobotSim/install/yolo_msgs/lib/python3.12/site-packages/yolo_msgs-4.2.0-py3.12.egg-info/SOURCES.txt
-- Installing: /home/redalexdad/GitHub/WalkingRobotSim/install/yolo_msgs/lib/python3.12/site-packages/yolo_msgs-4.2.0-py3.12.egg-info/top_level.txt
-- Installing: /home/redalexdad/GitHub/WalkingRobotSim/install/yolo_msgs/lib/python3.12/site-packages/yolo_msgs-4.2.0-py3.12.egg-info/dependency_links.txt
-- Installing: /home/redalexdad/GitHub/WalkingRobotSim/install/yolo_msgs/lib/python3.12/site-packages/yolo_msgs
-- Installing: /home/redalexdad/GitHub/WalkingRobotSim/install/yolo_msgs/lib/python3.12/site-packages/yolo_msgs/_yolo_msgs_s.ep.rosidl_typesupport_fastrtps_c.c
-- Installing: /home/redalexdad/GitHub/WalkingRobotSim/install/yolo_msgs/lib/python3.12/site-packages/yolo_msgs/msg
-- Installing: /home/redalexdad/GitHub/WalkingRobotSim/install/yolo_msgs/lib/python3.12/site-packages/yolo_msgs/msg/_vector2_s.c
-- Installing: /home/redalexdad/GitHub/WalkingRobotSim/install/yolo_msgs/lib/python3.12/site-packages/yolo_msgs/msg/_key_point2_d_array_s.c
-- Installing: /home/redalexdad/GitHub/WalkingRobotSim/install/yolo_msgs/lib/python3.12/site-packages/yolo_msgs/msg/_key_point3_d_s.c
-- Installing: /home/redalexdad/GitHub/WalkingRobotSim/install/yolo_msgs/lib/python3.12/site-packages/yolo_msgs/msg/_point2_d.py
-- Installing: /home/redalexdad/GitHub/WalkingRobotSim/install/yolo_msgs/lib/python3.12/site-packages/yolo_msgs/msg/_detection_array.py
-- Installing: /home/redalexdad/GitHub/WalkingRobotSim/install/yolo_msgs/lib/python3.12/site-packages/yolo_msgs/msg/__init__.py
-- Installing: /home/redalexdad/GitHub/WalkingRobotSim/install/yolo_msgs/lib/python3.12/site-packages/yolo_msgs/msg/_key_point2_d_array.py
-- Installing: /home/redalexdad/GitHub/WalkingRobotSim/install/yolo_msgs/lib/python3.12/site-packages/yolo_msgs/msg/_pose2_d.py
-- Installing: /home/redalexdad/GitHub/WalkingRobotSim/install/yolo_msgs/lib/python3.12/site-packages/yolo_msgs/msg/_key_point3_d_array.py
-- Installing: /home/redalexdad/GitHub/WalkingRobotSim/install/yolo_msgs/lib/python3.12/site-packages/yolo_msgs/msg/_point2_d_s.c
-- Installing: /home/redalexdad/GitHub/WalkingRobotSim/install/yolo_msgs/lib/python3.12/site-packages/yolo_msgs/msg/_bounding_box2_d_s.c
-- Installing: /home/redalexdad/GitHub/WalkingRobotSim/install/yolo_msgs/lib/python3.12/site-packages/yolo_msgs/msg/_bounding_box3_d_s.c
-- Installing: /home/redalexdad/GitHub/WalkingRobotSim/install/yolo_msgs/lib/python3.12/site-packages/yolo_msgs/msg/_vector2.py
-- Installing: /home/redalexdad/GitHub/WalkingRobotSim/install/yolo_msgs/lib/python3.12/site-packages/yolo_msgs/msg/_detection.py
-- Installing: /home/redalexdad/GitHub/WalkingRobotSim/install/yolo_msgs/lib/python3.12/site-packages/yolo_msgs/msg/_mask.py
-- Installing: /home/redalexdad/GitHub/WalkingRobotSim/install/yolo_msgs/lib/python3.12/site-packages/yolo_msgs/msg/_detection_array_s.c
-- Installing: /home/redalexdad/GitHub/WalkingRobotSim/install/yolo_msgs/lib/python3.12/site-packages/yolo_msgs/msg/_key_point2_d_s.c
-- Installing: /home/redalexdad/GitHub/WalkingRobotSim/install/yolo_msgs/lib/python3.12/site-packages/yolo_msgs/msg/_bounding_box2_d.py
-- Installing: /home/redalexdad/GitHub/WalkingRobotSim/install/yolo_msgs/lib/python3.12/site-packages/yolo_msgs/msg/_detection_s.c
-- Installing: /home/redalexdad/GitHub/WalkingRobotSim/install/yolo_msgs/lib/python3.12/site-packages/yolo_msgs/msg/_pose2_d_s.c
-- Installing: /home/redalexdad/GitHub/WalkingRobotSim/install/yolo_msgs/lib/python3.12/site-packages/yolo_msgs/msg/_key_point3_d_array_s.c
-- Installing: /home/redalexdad/GitHub/WalkingRobotSim/install/yolo_msgs/lib/python3.12/site-packages/yolo_msgs/msg/_key_point2_d.py
-- Installing: /home/redalexdad/GitHub/WalkingRobotSim/install/yolo_msgs/lib/python3.12/site-packages/yolo_msgs/msg/_mask_s.c
-- Installing: /home/redalexdad/GitHub/WalkingRobotSim/install/yolo_msgs/lib/python3.12/site-packages/yolo_msgs/msg/_bounding_box3_d.py
-- Installing: /home/redalexdad/GitHub/WalkingRobotSim/install/yolo_msgs/lib/python3.12/site-packages/yolo_msgs/msg/_key_point3_d.py
-- Installing: /home/redalexdad/GitHub/WalkingRobotSim/install/yolo_msgs/lib/python3.12/site-packages/yolo_msgs/yolo_msgs_s__rosidl_typesupport_c.so
-- Installing: /home/redalexdad/GitHub/WalkingRobotSim/install/yolo_msgs/lib/python3.12/site-packages/yolo_msgs/srv
-- Installing: /home/redalexdad/GitHub/WalkingRobotSim/install/yolo_msgs/lib/python3.12/site-packages/yolo_msgs/srv/__init__.py
-- Installing: /home/redalexdad/GitHub/WalkingRobotSim/install/yolo_msgs/lib/python3.12/site-packages/yolo_msgs/srv/_set_classes.py
-- Installing: /home/redalexdad/GitHub/WalkingRobotSim/install/yolo_msgs/lib/python3.12/site-packages/yolo_msgs/srv/_set_classes_s.c
-- Installing: /home/redalexdad/GitHub/WalkingRobotSim/install/yolo_msgs/lib/python3.12/site-packages/yolo_msgs/__init__.py
-- Installing: /home/redalexdad/GitHub/WalkingRobotSim/install/yolo_msgs/lib/python3.12/site-packages/yolo_msgs/yolo_msgs_s__rosidl_typesupport_introspection_c.so
-- Installing: /home/redalexdad/GitHub/WalkingRobotSim/install/yolo_msgs/lib/python3.12/site-packages/yolo_msgs/yolo_msgs_s__rosidl_typesupport_fastrtps_c.so
-- Installing: /home/redalexdad/GitHub/WalkingRobotSim/install/yolo_msgs/lib/python3.12/site-packages/yolo_msgs/_yolo_msgs_s.ep.rosidl_typesupport_c.c
-- Installing: /home/redalexdad/GitHub/WalkingRobotSim/install/yolo_msgs/lib/python3.12/site-packages/yolo_msgs/_yolo_msgs_s.ep.rosidl_typesupport_introspection_c.c
Listing '/home/redalexdad/GitHub/WalkingRobotSim/install/yolo_msgs/lib/python3.12/site-packages/yolo_msgs'...
Compiling '/home/redalexdad/GitHub/WalkingRobotSim/install/yolo_msgs/lib/python3.12/site-packages/yolo_msgs/__init__.py'...
Listing '/home/redalexdad/GitHub/WalkingRobotSim/install/yolo_msgs/lib/python3.12/site-packages/yolo_msgs/msg'...
Compiling '/home/redalexdad/GitHub/WalkingRobotSim/install/yolo_msgs/lib/python3.12/site-packages/yolo_msgs/msg/__init__.py'...
Compiling '/home/redalexdad/GitHub/WalkingRobotSim/install/yolo_msgs/lib/python3.12/site-packages/yolo_msgs/msg/_bounding_box2_d.py'...
Compiling '/home/redalexdad/GitHub/WalkingRobotSim/install/yolo_msgs/lib/python3.12/site-packages/yolo_msgs/msg/_bounding_box3_d.py'...
Compiling '/home/redalexdad/GitHub/WalkingRobotSim/install/yolo_msgs/lib/python3.12/site-packages/yolo_msgs/msg/_detection.py'...
Compiling '/home/redalexdad/GitHub/WalkingRobotSim/install/yolo_msgs/lib/python3.12/site-packages/yolo_msgs/msg/_detection_array.py'...
Compiling '/home/redalexdad/GitHub/WalkingRobotSim/install/yolo_msgs/lib/python3.12/site-packages/yolo_msgs/msg/_key_point2_d.py'...
Compiling '/home/redalexdad/GitHub/WalkingRobotSim/install/yolo_msgs/lib/python3.12/site-packages/yolo_msgs/msg/_key_point2_d_array.py'...
Compiling '/home/redalexdad/GitHub/WalkingRobotSim/install/yolo_msgs/lib/python3.12/site-packages/yolo_msgs/msg/_key_point3_d.py'...
Compiling '/home/redalexdad/GitHub/WalkingRobotSim/install/yolo_msgs/lib/python3.12/site-packages/yolo_msgs/msg/_key_point3_d_array.py'...
Compiling '/home/redalexdad/GitHub/WalkingRobotSim/install/yolo_msgs/lib/python3.12/site-packages/yolo_msgs/msg/_mask.py'...
Compiling '/home/redalexdad/GitHub/WalkingRobotSim/install/yolo_msgs/lib/python3.12/site-packages/yolo_msgs/msg/_point2_d.py'...
Compiling '/home/redalexdad/GitHub/WalkingRobotSim/install/yolo_msgs/lib/python3.12/site-packages/yolo_msgs/msg/_pose2_d.py'...
Compiling '/home/redalexdad/GitHub/WalkingRobotSim/install/yolo_msgs/lib/python3.12/site-packages/yolo_msgs/msg/_vector2.py'...
Listing '/home/redalexdad/GitHub/WalkingRobotSim/install/yolo_msgs/lib/python3.12/site-packages/yolo_msgs/srv'...
Compiling '/home/redalexdad/GitHub/WalkingRobotSim/install/yolo_msgs/lib/python3.12/site-packages/yolo_msgs/srv/__init__.py'...
Compiling '/home/redalexdad/GitHub/WalkingRobotSim/install/yolo_msgs/lib/python3.12/site-packages/yolo_msgs/srv/_set_classes.py'...
-- Installing: /home/redalexdad/GitHub/WalkingRobotSim/install/yolo_msgs/lib/python3.12/site-packages/yolo_msgs/yolo_msgs_s__rosidl_typesupport_fastrtps_c.so
-- Set non-toolchain portion of runtime path of "/home/redalexdad/GitHub/WalkingRobotSim/install/yolo_msgs/lib/python3.12/site-packages/yolo_msgs/yolo_msgs_s__rosidl_typesupport_fastrtps_c.so" to ""
-- Installing: /home/redalexdad/GitHub/WalkingRobotSim/install/yolo_msgs/lib/python3.12/site-packages/yolo_msgs/yolo_msgs_s__rosidl_typesupport_introspection_c.so
-- Set non-toolchain portion of runtime path of "/home/redalexdad/GitHub/WalkingRobotSim/install/yolo_msgs/lib/python3.12/site-packages/yolo_msgs/yolo_msgs_s__rosidl_typesupport_introspection_c.so" to ""
-- Installing: /home/redalexdad/GitHub/WalkingRobotSim/install/yolo_msgs/lib/python3.12/site-packages/yolo_msgs/yolo_msgs_s__rosidl_typesupport_c.so
-- Set non-toolchain portion of runtime path of "/home/redalexdad/GitHub/WalkingRobotSim/install/yolo_msgs/lib/python3.12/site-packages/yolo_msgs/yolo_msgs_s__rosidl_typesupport_c.so" to ""
-- Installing: /home/redalexdad/GitHub/WalkingRobotSim/install/yolo_msgs/lib/libyolo_msgs__rosidl_generator_py.so
-- Set non-toolchain portion of runtime path of "/home/redalexdad/GitHub/WalkingRobotSim/install/yolo_msgs/lib/libyolo_msgs__rosidl_generator_py.so" to ""
-- Installing: /home/redalexdad/GitHub/WalkingRobotSim/install/yolo_msgs/share/yolo_msgs/msg/Point2D.idl
-- Installing: /home/redalexdad/GitHub/WalkingRobotSim/install/yolo_msgs/share/yolo_msgs/msg/Vector2.idl
-- Installing: /home/redalexdad/GitHub/WalkingRobotSim/install/yolo_msgs/share/yolo_msgs/msg/Pose2D.idl
-- Installing: /home/redalexdad/GitHub/WalkingRobotSim/install/yolo_msgs/share/yolo_msgs/msg/BoundingBox2D.idl
-- Installing: /home/redalexdad/GitHub/WalkingRobotSim/install/yolo_msgs/share/yolo_msgs/msg/BoundingBox3D.idl
-- Installing: /home/redalexdad/GitHub/WalkingRobotSim/install/yolo_msgs/share/yolo_msgs/msg/Mask.idl
-- Installing: /home/redalexdad/GitHub/WalkingRobotSim/install/yolo_msgs/share/yolo_msgs/msg/KeyPoint2D.idl
-- Installing: /home/redalexdad/GitHub/WalkingRobotSim/install/yolo_msgs/share/yolo_msgs/msg/KeyPoint2DArray.idl
-- Installing: /home/redalexdad/GitHub/WalkingRobotSim/install/yolo_msgs/share/yolo_msgs/msg/KeyPoint3D.idl
-- Installing: /home/redalexdad/GitHub/WalkingRobotSim/install/yolo_msgs/share/yolo_msgs/msg/KeyPoint3DArray.idl
-- Installing: /home/redalexdad/GitHub/WalkingRobotSim/install/yolo_msgs/share/yolo_msgs/msg/Detection.idl
-- Installing: /home/redalexdad/GitHub/WalkingRobotSim/install/yolo_msgs/share/yolo_msgs/msg/DetectionArray.idl
-- Installing: /home/redalexdad/GitHub/WalkingRobotSim/install/yolo_msgs/share/yolo_msgs/srv/SetClasses.idl
-- Installing: /home/redalexdad/GitHub/WalkingRobotSim/install/yolo_msgs/share/yolo_msgs/msg/Point2D.msg
-- Installing: /home/redalexdad/GitHub/WalkingRobotSim/install/yolo_msgs/share/yolo_msgs/msg/Vector2.msg
-- Installing: /home/redalexdad/GitHub/WalkingRobotSim/install/yolo_msgs/share/yolo_msgs/msg/Pose2D.msg
-- Installing: /home/redalexdad/GitHub/WalkingRobotSim/install/yolo_msgs/share/yolo_msgs/msg/BoundingBox2D.msg
-- Installing: /home/redalexdad/GitHub/WalkingRobotSim/install/yolo_msgs/share/yolo_msgs/msg/BoundingBox3D.msg
-- Installing: /home/redalexdad/GitHub/WalkingRobotSim/install/yolo_msgs/share/yolo_msgs/msg/Mask.msg
-- Installing: /home/redalexdad/GitHub/WalkingRobotSim/install/yolo_msgs/share/yolo_msgs/msg/KeyPoint2D.msg
-- Installing: /home/redalexdad/GitHub/WalkingRobotSim/install/yolo_msgs/share/yolo_msgs/msg/KeyPoint2DArray.msg
-- Installing: /home/redalexdad/GitHub/WalkingRobotSim/install/yolo_msgs/share/yolo_msgs/msg/KeyPoint3D.msg
-- Installing: /home/redalexdad/GitHub/WalkingRobotSim/install/yolo_msgs/share/yolo_msgs/msg/KeyPoint3DArray.msg
-- Installing: /home/redalexdad/GitHub/WalkingRobotSim/install/yolo_msgs/share/yolo_msgs/msg/Detection.msg
-- Installing: /home/redalexdad/GitHub/WalkingRobotSim/install/yolo_msgs/share/yolo_msgs/msg/DetectionArray.msg
-- Installing: /home/redalexdad/GitHub/WalkingRobotSim/install/yolo_msgs/share/yolo_msgs/srv/SetClasses.srv
-- Installing: /home/redalexdad/GitHub/WalkingRobotSim/install/yolo_msgs/share/ament_index/resource_index/package_run_dependencies/yolo_msgs
-- Installing: /home/redalexdad/GitHub/WalkingRobotSim/install/yolo_msgs/share/ament_index/resource_index/parent_prefix_path/yolo_msgs
-- Installing: /home/redalexdad/GitHub/WalkingRobotSim/install/yolo_msgs/share/yolo_msgs/environment/ament_prefix_path.sh
-- Installing: /home/redalexdad/GitHub/WalkingRobotSim/install/yolo_msgs/share/yolo_msgs/environment/ament_prefix_path.dsv
-- Installing: /home/redalexdad/GitHub/WalkingRobotSim/install/yolo_msgs/share/yolo_msgs/environment/path.sh
-- Installing: /home/redalexdad/GitHub/WalkingRobotSim/install/yolo_msgs/share/yolo_msgs/environment/path.dsv
-- Installing: /home/redalexdad/GitHub/WalkingRobotSim/install/yolo_msgs/share/yolo_msgs/local_setup.bash
-- Installing: /home/redalexdad/GitHub/WalkingRobotSim/install/yolo_msgs/share/yolo_msgs/local_setup.sh
-- Installing: /home/redalexdad/GitHub/WalkingRobotSim/install/yolo_msgs/share/yolo_msgs/local_setup.zsh
-- Installing: /home/redalexdad/GitHub/WalkingRobotSim/install/yolo_msgs/share/yolo_msgs/local_setup.dsv
-- Installing: /home/redalexdad/GitHub/WalkingRobotSim/install/yolo_msgs/share/yolo_msgs/package.dsv
-- Installing: /home/redalexdad/GitHub/WalkingRobotSim/install/yolo_msgs/share/ament_index/resource_index/packages/yolo_msgs
-- Installing: /home/redalexdad/GitHub/WalkingRobotSim/install/yolo_msgs/share/yolo_msgs/cmake/export_yolo_msgs__rosidl_generator_cExport.cmake
-- Installing: /home/redalexdad/GitHub/WalkingRobotSim/install/yolo_msgs/share/yolo_msgs/cmake/export_yolo_msgs__rosidl_generator_cExport-noconfig.cmake
-- Installing: /home/redalexdad/GitHub/WalkingRobotSim/install/yolo_msgs/share/yolo_msgs/cmake/export_yolo_msgs__rosidl_typesupport_fastrtps_cExport.cmake
-- Installing: /home/redalexdad/GitHub/WalkingRobotSim/install/yolo_msgs/share/yolo_msgs/cmake/export_yolo_msgs__rosidl_typesupport_fastrtps_cExport-noconfig.cmake
-- Installing: /home/redalexdad/GitHub/WalkingRobotSim/install/yolo_msgs/share/yolo_msgs/cmake/yolo_msgs__rosidl_typesupport_introspection_cExport.cmake
-- Installing: /home/redalexdad/GitHub/WalkingRobotSim/install/yolo_msgs/share/yolo_msgs/cmake/yolo_msgs__rosidl_typesupport_introspection_cExport-noconfig.cmake
-- Installing: /home/redalexdad/GitHub/WalkingRobotSim/install/yolo_msgs/share/yolo_msgs/cmake/yolo_msgs__rosidl_typesupport_cExport.cmake
-- Installing: /home/redalexdad/GitHub/WalkingRobotSim/install/yolo_msgs/share/yolo_msgs/cmake/yolo_msgs__rosidl_typesupport_cExport-noconfig.cmake
-- Installing: /home/redalexdad/GitHub/WalkingRobotSim/install/yolo_msgs/share/yolo_msgs/cmake/export_yolo_msgs__rosidl_generator_cppExport.cmake
-- Installing: /home/redalexdad/GitHub/WalkingRobotSim/install/yolo_msgs/share/yolo_msgs/cmake/export_yolo_msgs__rosidl_typesupport_fastrtps_cppExport.cmake
-- Installing: /home/redalexdad/GitHub/WalkingRobotSim/install/yolo_msgs/share/yolo_msgs/cmake/export_yolo_msgs__rosidl_typesupport_fastrtps_cppExport-noconfig.cmake
-- Installing: /home/redalexdad/GitHub/WalkingRobotSim/install/yolo_msgs/share/yolo_msgs/cmake/yolo_msgs__rosidl_typesupport_introspection_cppExport.cmake
-- Installing: /home/redalexdad/GitHub/WalkingRobotSim/install/yolo_msgs/share/yolo_msgs/cmake/yolo_msgs__rosidl_typesupport_introspection_cppExport-noconfig.cmake
-- Installing: /home/redalexdad/GitHub/WalkingRobotSim/install/yolo_msgs/share/yolo_msgs/cmake/yolo_msgs__rosidl_typesupport_cppExport.cmake
-- Installing: /home/redalexdad/GitHub/WalkingRobotSim/install/yolo_msgs/share/yolo_msgs/cmake/yolo_msgs__rosidl_typesupport_cppExport-noconfig.cmake
-- Installing: /home/redalexdad/GitHub/WalkingRobotSim/install/yolo_msgs/share/yolo_msgs/cmake/export_yolo_msgs__rosidl_generator_pyExport.cmake
-- Installing: /home/redalexdad/GitHub/WalkingRobotSim/install/yolo_msgs/share/yolo_msgs/cmake/export_yolo_msgs__rosidl_generator_pyExport-noconfig.cmake
-- Installing: /home/redalexdad/GitHub/WalkingRobotSim/install/yolo_msgs/share/yolo_msgs/cmake/rosidl_cmake-extras.cmake
-- Installing: /home/redalexdad/GitHub/WalkingRobotSim/install/yolo_msgs/share/yolo_msgs/cmake/ament_cmake_export_dependencies-extras.cmake
-- Installing: /home/redalexdad/GitHub/WalkingRobotSim/install/yolo_msgs/share/yolo_msgs/cmake/ament_cmake_export_include_directories-extras.cmake
-- Installing: /home/redalexdad/GitHub/WalkingRobotSim/install/yolo_msgs/share/yolo_msgs/cmake/ament_cmake_export_libraries-extras.cmake
-- Installing: /home/redalexdad/GitHub/WalkingRobotSim/install/yolo_msgs/share/yolo_msgs/cmake/ament_cmake_export_targets-extras.cmake
-- Installing: /home/redalexdad/GitHub/WalkingRobotSim/install/yolo_msgs/share/yolo_msgs/cmake/rosidl_cmake_export_typesupport_targets-extras.cmake
-- Installing: /home/redalexdad/GitHub/WalkingRobotSim/install/yolo_msgs/share/yolo_msgs/cmake/rosidl_cmake_export_typesupport_libraries-extras.cmake
-- Installing: /home/redalexdad/GitHub/WalkingRobotSim/install/yolo_msgs/share/yolo_msgs/cmake/yolo_msgsConfig.cmake
-- Installing: /home/redalexdad/GitHub/WalkingRobotSim/install/yolo_msgs/share/yolo_msgs/cmake/yolo_msgsConfig-version.cmake
-- Installing: /home/redalexdad/GitHub/WalkingRobotSim/install/yolo_msgs/share/yolo_msgs/package.xml
