[0.042s] Invoking command in '/home/redalexdad/GitHub/WalkingRobotSim/build/yolo_msgs': CMAKE_PREFIX_PATH=${CMAKE_PREFIX_PATH}:/home/redalexdad/GitHub/WalkingRobotSim/install/ros2_yolo_recognition:/home/redalexdad/GitHub/WalkingRobotSim/install/ros2_odometry:/home/redalexdad/GitHub/WalkingRobotSim/install/ros2_navigation:/home/redalexdad/GitHub/WalkingRobotSim/install/ros2_cartography:/opt/ros/jazzy DEBUGINFOD_URLS=https://debuginfod.ubuntu.com /usr/bin/cmake /home/redalexdad/GitHub/WalkingRobotSim/src/ros2_yolo_recognition/yolo_msgs -DCMAKE_INSTALL_PREFIX=/home/redalexdad/GitHub/WalkingRobotSim/install/yolo_msgs
[0.704s] -- The C compiler identification is GNU 13.3.0
[0.704s] -- The CXX compiler identification is GNU 13.3.0
[0.704s] -- Detecting C compiler ABI info
[0.704s] -- Detecting C compiler ABI info - done
[0.705s] -- Check for working C compiler: /usr/bin/cc - skipped
[0.705s] -- Detecting C compile features
[0.705s] -- Detecting C compile features - done
[0.705s] -- Detecting CXX compiler ABI info
[0.705s] -- Detecting CXX compiler ABI info - done
[0.705s] -- Check for working CXX compiler: /usr/bin/c++ - skipped
[0.705s] -- Detecting CXX compile features
[0.705s] -- Detecting CXX compile features - done
[0.705s] -- Found ament_cmake: 2.5.4 (/opt/ros/jazzy/share/ament_cmake/cmake)
[1.037s] -- Found Python3: /usr/bin/python3 (found version "3.12.3") found components: Interpreter 
[1.037s] -- Found rosidl_default_generators: 1.6.0 (/opt/ros/jazzy/share/rosidl_default_generators/cmake)
[1.044s] -- Using all available rosidl_typesupport_c: rosidl_typesupport_fastrtps_c;rosidl_typesupport_introspection_c
[1.185s] -- Using all available rosidl_typesupport_cpp: rosidl_typesupport_fastrtps_cpp;rosidl_typesupport_introspection_cpp
[1.289s] -- Found rosidl_adapter: 4.6.6 (/opt/ros/jazzy/share/rosidl_adapter/cmake)
[1.298s] -- Found std_msgs: 5.3.6 (/opt/ros/jazzy/share/std_msgs/cmake)
[1.364s] -- Found geometry_msgs: 5.3.6 (/opt/ros/jazzy/share/geometry_msgs/cmake)
[2.485s] -- Found ament_cmake_ros: 0.12.0 (/opt/ros/jazzy/share/ament_cmake_ros/cmake)
[3.285s] -- Using all available rosidl_typesupport_c: rosidl_typesupport_fastrtps_c;rosidl_typesupport_introspection_c
[4.224s] -- Using all available rosidl_typesupport_cpp: rosidl_typesupport_fastrtps_cpp;rosidl_typesupport_introspection_cpp
[4.232s] -- Found python_cmake_module: 0.11.1 (/opt/ros/jazzy/share/python_cmake_module/cmake)
[4.423s] -- Found PythonExtra: /usr/bin/python3  
[5.035s] -- Found Python3: /usr/bin/python3 (found version "3.12.3") found components: Interpreter Development NumPy Development.Module Development.Embed 
[5.138s] -- Configuring done (5.1s)
[5.209s] -- Generating done (0.1s)
[5.224s] -- Build files have been written to: /home/redalexdad/GitHub/WalkingRobotSim/build/yolo_msgs
[5.243s] Invoked command in '/home/redalexdad/GitHub/WalkingRobotSim/build/yolo_msgs' returned '0': CMAKE_PREFIX_PATH=${CMAKE_PREFIX_PATH}:/home/redalexdad/GitHub/WalkingRobotSim/install/ros2_yolo_recognition:/home/redalexdad/GitHub/WalkingRobotSim/install/ros2_odometry:/home/redalexdad/GitHub/WalkingRobotSim/install/ros2_navigation:/home/redalexdad/GitHub/WalkingRobotSim/install/ros2_cartography:/opt/ros/jazzy DEBUGINFOD_URLS=https://debuginfod.ubuntu.com /usr/bin/cmake /home/redalexdad/GitHub/WalkingRobotSim/src/ros2_yolo_recognition/yolo_msgs -DCMAKE_INSTALL_PREFIX=/home/redalexdad/GitHub/WalkingRobotSim/install/yolo_msgs
[5.245s] Invoking command in '/home/redalexdad/GitHub/WalkingRobotSim/build/yolo_msgs': CMAKE_PREFIX_PATH=${CMAKE_PREFIX_PATH}:/home/redalexdad/GitHub/WalkingRobotSim/install/ros2_yolo_recognition:/home/redalexdad/GitHub/WalkingRobotSim/install/ros2_odometry:/home/redalexdad/GitHub/WalkingRobotSim/install/ros2_navigation:/home/redalexdad/GitHub/WalkingRobotSim/install/ros2_cartography:/opt/ros/jazzy DEBUGINFOD_URLS=https://debuginfod.ubuntu.com /usr/bin/cmake --build /home/redalexdad/GitHub/WalkingRobotSim/build/yolo_msgs -- -j16 -l16
[5.345s] [  0%] Generating type hashes for ROS interfaces
[5.377s] [  0%] Built target ament_cmake_python_copy_yolo_msgs
[5.684s] running egg_info
[5.685s] creating yolo_msgs.egg-info
[5.716s] writing yolo_msgs.egg-info/PKG-INFO
[5.716s] writing dependency_links to yolo_msgs.egg-info/dependency_links.txt
[5.716s] writing top-level names to yolo_msgs.egg-info/top_level.txt
[5.716s] writing manifest file 'yolo_msgs.egg-info/SOURCES.txt'
[5.811s] reading manifest file 'yolo_msgs.egg-info/SOURCES.txt'
[5.812s] writing manifest file 'yolo_msgs.egg-info/SOURCES.txt'
[5.855s] [  0%] Built target ament_cmake_python_build_yolo_msgs_egg
[5.955s] [  0%] Built target yolo_msgs__rosidl_generator_type_description
[5.973s] [  0%] Generating C code for ROS interfaces
[6.002s] [  0%] Generating C++ code for ROS interfaces
[7.425s] [  0%] Built target yolo_msgs__cpp
[7.812s] [  1%] Building C object CMakeFiles/yolo_msgs__rosidl_generator_c.dir/rosidl_generator_c/yolo_msgs/msg/detail/point2_d__description.c.o
[7.813s] [  1%] Building C object CMakeFiles/yolo_msgs__rosidl_generator_c.dir/rosidl_generator_c/yolo_msgs/msg/detail/point2_d__type_support.c.o
[7.819s] [  2%] Building C object CMakeFiles/yolo_msgs__rosidl_generator_c.dir/rosidl_generator_c/yolo_msgs/msg/detail/vector2__type_support.c.o
[7.819s] [  2%] Building C object CMakeFiles/yolo_msgs__rosidl_generator_c.dir/rosidl_generator_c/yolo_msgs/msg/detail/pose2_d__description.c.o
[7.819s] [  3%] Building C object CMakeFiles/yolo_msgs__rosidl_generator_c.dir/rosidl_generator_c/yolo_msgs/msg/detail/vector2__functions.c.o
[7.824s] [  4%] Building C object CMakeFiles/yolo_msgs__rosidl_generator_c.dir/rosidl_generator_c/yolo_msgs/msg/detail/vector2__description.c.o
[7.824s] [  4%] Building C object CMakeFiles/yolo_msgs__rosidl_generator_c.dir/rosidl_generator_c/yolo_msgs/msg/detail/pose2_d__type_support.c.o
[7.824s] [  5%] Building C object CMakeFiles/yolo_msgs__rosidl_generator_c.dir/rosidl_generator_c/yolo_msgs/msg/detail/point2_d__functions.c.o
[7.824s] [  6%] Building C object CMakeFiles/yolo_msgs__rosidl_generator_c.dir/rosidl_generator_c/yolo_msgs/msg/detail/pose2_d__functions.c.o
[7.835s] [  7%] Building C object CMakeFiles/yolo_msgs__rosidl_generator_c.dir/rosidl_generator_c/yolo_msgs/msg/detail/bounding_box2_d__description.c.o
[7.840s] [  8%] Building C object CMakeFiles/yolo_msgs__rosidl_generator_c.dir/rosidl_generator_c/yolo_msgs/msg/detail/bounding_box2_d__functions.c.o
[7.845s] [  8%] Building C object CMakeFiles/yolo_msgs__rosidl_generator_c.dir/rosidl_generator_c/yolo_msgs/msg/detail/bounding_box2_d__type_support.c.o
[7.846s] [  9%] Building C object CMakeFiles/yolo_msgs__rosidl_generator_c.dir/rosidl_generator_c/yolo_msgs/msg/detail/bounding_box3_d__description.c.o
[7.850s] [ 10%] Building C object CMakeFiles/yolo_msgs__rosidl_generator_c.dir/rosidl_generator_c/yolo_msgs/msg/detail/mask__description.c.o
[7.855s] [ 11%] Building C object CMakeFiles/yolo_msgs__rosidl_generator_c.dir/rosidl_generator_c/yolo_msgs/msg/detail/bounding_box3_d__functions.c.o
[7.858s] [ 11%] Building C object CMakeFiles/yolo_msgs__rosidl_generator_c.dir/rosidl_generator_c/yolo_msgs/msg/detail/bounding_box3_d__type_support.c.o
[7.910s] [ 11%] Building C object CMakeFiles/yolo_msgs__rosidl_generator_c.dir/rosidl_generator_c/yolo_msgs/msg/detail/mask__functions.c.o
[7.923s] [ 12%] Building C object CMakeFiles/yolo_msgs__rosidl_generator_c.dir/rosidl_generator_c/yolo_msgs/msg/detail/mask__type_support.c.o
[7.952s] [ 13%] Building C object CMakeFiles/yolo_msgs__rosidl_generator_c.dir/rosidl_generator_c/yolo_msgs/msg/detail/key_point2_d__description.c.o
[7.997s] [ 13%] Building C object CMakeFiles/yolo_msgs__rosidl_generator_c.dir/rosidl_generator_c/yolo_msgs/msg/detail/key_point2_d__functions.c.o
[7.997s] [ 14%] Building C object CMakeFiles/yolo_msgs__rosidl_generator_c.dir/rosidl_generator_c/yolo_msgs/msg/detail/key_point2_d__type_support.c.o
[7.997s] [ 14%] Building C object CMakeFiles/yolo_msgs__rosidl_generator_c.dir/rosidl_generator_c/yolo_msgs/msg/detail/key_point2_d_array__functions.c.o
[7.998s] [ 15%] Building C object CMakeFiles/yolo_msgs__rosidl_generator_c.dir/rosidl_generator_c/yolo_msgs/msg/detail/key_point2_d_array__description.c.o
[8.011s] [ 15%] Building C object CMakeFiles/yolo_msgs__rosidl_generator_c.dir/rosidl_generator_c/yolo_msgs/msg/detail/key_point3_d__functions.c.o
[8.015s] [ 16%] Building C object CMakeFiles/yolo_msgs__rosidl_generator_c.dir/rosidl_generator_c/yolo_msgs/msg/detail/key_point2_d_array__type_support.c.o
[8.017s] [ 17%] Building C object CMakeFiles/yolo_msgs__rosidl_generator_c.dir/rosidl_generator_c/yolo_msgs/msg/detail/key_point3_d__description.c.o
[8.024s] [ 18%] Building C object CMakeFiles/yolo_msgs__rosidl_generator_c.dir/rosidl_generator_c/yolo_msgs/msg/detail/key_point3_d__type_support.c.o
[8.037s] [ 19%] Building C object CMakeFiles/yolo_msgs__rosidl_generator_c.dir/rosidl_generator_c/yolo_msgs/msg/detail/key_point3_d_array__description.c.o
[8.042s] [ 19%] Building C object CMakeFiles/yolo_msgs__rosidl_generator_c.dir/rosidl_generator_c/yolo_msgs/msg/detail/detection__functions.c.o
[8.048s] [ 20%] Building C object CMakeFiles/yolo_msgs__rosidl_generator_c.dir/rosidl_generator_c/yolo_msgs/msg/detail/key_point3_d_array__type_support.c.o
[8.051s] [ 20%] Building C object CMakeFiles/yolo_msgs__rosidl_generator_c.dir/rosidl_generator_c/yolo_msgs/msg/detail/key_point3_d_array__functions.c.o
[8.066s] [ 21%] Building C object CMakeFiles/yolo_msgs__rosidl_generator_c.dir/rosidl_generator_c/yolo_msgs/msg/detail/detection__description.c.o
[8.066s] [ 22%] Building C object CMakeFiles/yolo_msgs__rosidl_generator_c.dir/rosidl_generator_c/yolo_msgs/msg/detail/detection__type_support.c.o
[8.066s] [ 23%] Building C object CMakeFiles/yolo_msgs__rosidl_generator_c.dir/rosidl_generator_c/yolo_msgs/msg/detail/detection_array__description.c.o
[8.097s] [ 24%] Building C object CMakeFiles/yolo_msgs__rosidl_generator_c.dir/rosidl_generator_c/yolo_msgs/msg/detail/detection_array__type_support.c.o
[8.100s] [ 24%] Building C object CMakeFiles/yolo_msgs__rosidl_generator_c.dir/rosidl_generator_c/yolo_msgs/srv/detail/set_classes__description.c.o
[8.101s] [ 24%] Building C object CMakeFiles/yolo_msgs__rosidl_generator_c.dir/rosidl_generator_c/yolo_msgs/msg/detail/detection_array__functions.c.o
[8.131s] [ 25%] Building C object CMakeFiles/yolo_msgs__rosidl_generator_c.dir/rosidl_generator_c/yolo_msgs/srv/detail/set_classes__type_support.c.o
[8.135s] [ 26%] Building C object CMakeFiles/yolo_msgs__rosidl_generator_c.dir/rosidl_generator_c/yolo_msgs/srv/detail/set_classes__functions.c.o
[8.278s] [ 26%] Linking C shared library libyolo_msgs__rosidl_generator_c.so
[8.348s] [ 26%] Built target yolo_msgs__rosidl_generator_c
[8.368s] [ 27%] Generating C type support for eProsima Fast-RTPS
[8.368s] [ 27%] Generating C introspection for ROS interfaces
[8.371s] [ 28%] Generating C++ type support dispatch for ROS interfaces
[8.373s] [ 29%] Generating C type support dispatch for ROS interfaces
[8.374s] [ 30%] Generating C++ type support for eProsima Fast-RTPS
[8.377s] [ 31%] Generating C++ introspection for ROS interfaces
[9.757s] [ 32%] Building CXX object CMakeFiles/yolo_msgs__rosidl_typesupport_cpp.dir/rosidl_typesupport_cpp/yolo_msgs/msg/vector2__type_support.cpp.o
[9.770s] [ 32%] Building CXX object CMakeFiles/yolo_msgs__rosidl_typesupport_cpp.dir/rosidl_typesupport_cpp/yolo_msgs/msg/point2_d__type_support.cpp.o
[9.775s] [ 33%] Building CXX object CMakeFiles/yolo_msgs__rosidl_typesupport_cpp.dir/rosidl_typesupport_cpp/yolo_msgs/msg/pose2_d__type_support.cpp.o
[9.779s] [ 34%] Building CXX object CMakeFiles/yolo_msgs__rosidl_typesupport_cpp.dir/rosidl_typesupport_cpp/yolo_msgs/msg/bounding_box3_d__type_support.cpp.o
[9.782s] [ 33%] Building CXX object CMakeFiles/yolo_msgs__rosidl_typesupport_cpp.dir/rosidl_typesupport_cpp/yolo_msgs/msg/bounding_box2_d__type_support.cpp.o
[9.805s] [ 34%] Building CXX object CMakeFiles/yolo_msgs__rosidl_typesupport_cpp.dir/rosidl_typesupport_cpp/yolo_msgs/msg/mask__type_support.cpp.o
[9.839s] [ 35%] Building CXX object CMakeFiles/yolo_msgs__rosidl_typesupport_cpp.dir/rosidl_typesupport_cpp/yolo_msgs/msg/key_point2_d__type_support.cpp.o
[9.869s] [ 36%] Building CXX object CMakeFiles/yolo_msgs__rosidl_typesupport_cpp.dir/rosidl_typesupport_cpp/yolo_msgs/msg/key_point2_d_array__type_support.cpp.o
[9.877s] [ 36%] Building CXX object CMakeFiles/yolo_msgs__rosidl_typesupport_cpp.dir/rosidl_typesupport_cpp/yolo_msgs/msg/key_point3_d__type_support.cpp.o
[9.983s] [ 37%] Building CXX object CMakeFiles/yolo_msgs__rosidl_typesupport_cpp.dir/rosidl_typesupport_cpp/yolo_msgs/msg/key_point3_d_array__type_support.cpp.o
[9.993s] [ 38%] Building CXX object CMakeFiles/yolo_msgs__rosidl_typesupport_cpp.dir/rosidl_typesupport_cpp/yolo_msgs/msg/detection__type_support.cpp.o
[10.113s] [ 38%] Building C object CMakeFiles/yolo_msgs__rosidl_typesupport_introspection_c.dir/rosidl_typesupport_introspection_c/yolo_msgs/msg/detail/point2_d__type_support.c.o
[10.295s] [ 39%] Building C object CMakeFiles/yolo_msgs__rosidl_typesupport_introspection_c.dir/rosidl_typesupport_introspection_c/yolo_msgs/msg/detail/vector2__type_support.c.o
[10.442s] [ 40%] Building C object CMakeFiles/yolo_msgs__rosidl_typesupport_introspection_c.dir/rosidl_typesupport_introspection_c/yolo_msgs/msg/detail/pose2_d__type_support.c.o
[10.597s] [ 40%] Building CXX object CMakeFiles/yolo_msgs__rosidl_typesupport_c.dir/rosidl_typesupport_c/yolo_msgs/msg/point2_d__type_support.cpp.o
[10.631s] [ 40%] Building C object CMakeFiles/yolo_msgs__rosidl_typesupport_introspection_c.dir/rosidl_typesupport_introspection_c/yolo_msgs/msg/detail/bounding_box2_d__type_support.c.o
[10.699s] [ 40%] Building CXX object CMakeFiles/yolo_msgs__rosidl_typesupport_cpp.dir/rosidl_typesupport_cpp/yolo_msgs/msg/detection_array__type_support.cpp.o
[10.790s] [ 41%] Building CXX object CMakeFiles/yolo_msgs__rosidl_typesupport_c.dir/rosidl_typesupport_c/yolo_msgs/msg/vector2__type_support.cpp.o
[10.821s] [ 42%] Building C object CMakeFiles/yolo_msgs__rosidl_typesupport_introspection_c.dir/rosidl_typesupport_introspection_c/yolo_msgs/msg/detail/bounding_box3_d__type_support.c.o
[10.858s] [ 44%] Building CXX object CMakeFiles/yolo_msgs__rosidl_typesupport_c.dir/rosidl_typesupport_c/yolo_msgs/msg/pose2_d__type_support.cpp.o
[10.862s] [ 44%] Building C object CMakeFiles/yolo_msgs__rosidl_typesupport_introspection_c.dir/rosidl_typesupport_introspection_c/yolo_msgs/msg/detail/mask__type_support.c.o
[10.913s] [ 44%] Building C object CMakeFiles/yolo_msgs__rosidl_typesupport_introspection_c.dir/rosidl_typesupport_introspection_c/yolo_msgs/msg/detail/key_point2_d__type_support.c.o
[10.913s] [ 45%] Building C object CMakeFiles/yolo_msgs__rosidl_typesupport_introspection_c.dir/rosidl_typesupport_introspection_c/yolo_msgs/msg/detail/key_point2_d_array__type_support.c.o
[10.928s] [ 45%] Building CXX object CMakeFiles/yolo_msgs__rosidl_typesupport_c.dir/rosidl_typesupport_c/yolo_msgs/msg/bounding_box2_d__type_support.cpp.o
[10.962s] [ 46%] Building CXX object CMakeFiles/yolo_msgs__rosidl_typesupport_cpp.dir/rosidl_typesupport_cpp/yolo_msgs/srv/set_classes__type_support.cpp.o
[11.002s] [ 47%] Building C object CMakeFiles/yolo_msgs__rosidl_typesupport_introspection_c.dir/rosidl_typesupport_introspection_c/yolo_msgs/msg/detail/key_point3_d__type_support.c.o
[11.020s] [ 48%] Building CXX object CMakeFiles/yolo_msgs__rosidl_typesupport_c.dir/rosidl_typesupport_c/yolo_msgs/msg/bounding_box3_d__type_support.cpp.o
[11.036s] [ 48%] Building C object CMakeFiles/yolo_msgs__rosidl_typesupport_introspection_c.dir/rosidl_typesupport_introspection_c/yolo_msgs/msg/detail/key_point3_d_array__type_support.c.o
[11.053s] [ 49%] Building C object CMakeFiles/yolo_msgs__rosidl_typesupport_introspection_c.dir/rosidl_typesupport_introspection_c/yolo_msgs/msg/detail/detection__type_support.c.o
[11.066s] [ 50%] Building C object CMakeFiles/yolo_msgs__rosidl_typesupport_introspection_c.dir/rosidl_typesupport_introspection_c/yolo_msgs/msg/detail/detection_array__type_support.c.o
[11.066s] [ 51%] Building CXX object CMakeFiles/yolo_msgs__rosidl_typesupport_c.dir/rosidl_typesupport_c/yolo_msgs/msg/mask__type_support.cpp.o
[11.085s] [ 51%] Building CXX object CMakeFiles/yolo_msgs__rosidl_typesupport_c.dir/rosidl_typesupport_c/yolo_msgs/msg/key_point2_d__type_support.cpp.o
[11.085s] [ 52%] Building CXX object CMakeFiles/yolo_msgs__rosidl_typesupport_c.dir/rosidl_typesupport_c/yolo_msgs/msg/key_point2_d_array__type_support.cpp.o
[11.157s] [ 52%] Building C object CMakeFiles/yolo_msgs__rosidl_typesupport_introspection_c.dir/rosidl_typesupport_introspection_c/yolo_msgs/srv/detail/set_classes__type_support.c.o
[11.235s] [ 53%] Building CXX object CMakeFiles/yolo_msgs__rosidl_typesupport_c.dir/rosidl_typesupport_c/yolo_msgs/msg/key_point3_d__type_support.cpp.o
[11.273s] [ 53%] Building CXX object CMakeFiles/yolo_msgs__rosidl_typesupport_c.dir/rosidl_typesupport_c/yolo_msgs/msg/key_point3_d_array__type_support.cpp.o
[11.315s] [ 54%] Building CXX object CMakeFiles/yolo_msgs__rosidl_typesupport_c.dir/rosidl_typesupport_c/yolo_msgs/msg/detection__type_support.cpp.o
[11.317s] [ 54%] Building CXX object CMakeFiles/yolo_msgs__rosidl_typesupport_c.dir/rosidl_typesupport_c/yolo_msgs/srv/set_classes__type_support.cpp.o
[11.351s] [ 55%] Building CXX object CMakeFiles/yolo_msgs__rosidl_typesupport_c.dir/rosidl_typesupport_c/yolo_msgs/msg/detection_array__type_support.cpp.o
[11.420s] [ 55%] Building CXX object CMakeFiles/yolo_msgs__rosidl_typesupport_introspection_cpp.dir/rosidl_typesupport_introspection_cpp/yolo_msgs/msg/detail/point2_d__type_support.cpp.o
[11.437s] [ 56%] Linking C shared library libyolo_msgs__rosidl_typesupport_introspection_c.so
[11.438s] [ 56%] Building CXX object CMakeFiles/yolo_msgs__rosidl_typesupport_introspection_cpp.dir/rosidl_typesupport_introspection_cpp/yolo_msgs/msg/detail/pose2_d__type_support.cpp.o
[11.443s] [ 57%] Building CXX object CMakeFiles/yolo_msgs__rosidl_typesupport_introspection_cpp.dir/rosidl_typesupport_introspection_cpp/yolo_msgs/msg/detail/vector2__type_support.cpp.o
[11.458s] [ 58%] Building CXX object CMakeFiles/yolo_msgs__rosidl_typesupport_introspection_cpp.dir/rosidl_typesupport_introspection_cpp/yolo_msgs/msg/detail/bounding_box2_d__type_support.cpp.o
[11.512s] [ 59%] Building CXX object CMakeFiles/yolo_msgs__rosidl_typesupport_introspection_cpp.dir/rosidl_typesupport_introspection_cpp/yolo_msgs/msg/detail/bounding_box3_d__type_support.cpp.o
[11.522s] [ 59%] Building CXX object CMakeFiles/yolo_msgs__rosidl_typesupport_introspection_cpp.dir/rosidl_typesupport_introspection_cpp/yolo_msgs/msg/detail/mask__type_support.cpp.o
[11.560s] [ 60%] Building CXX object CMakeFiles/yolo_msgs__rosidl_typesupport_introspection_cpp.dir/rosidl_typesupport_introspection_cpp/yolo_msgs/msg/detail/key_point2_d__type_support.cpp.o
[11.564s] [ 61%] Building CXX object CMakeFiles/yolo_msgs__rosidl_typesupport_introspection_cpp.dir/rosidl_typesupport_introspection_cpp/yolo_msgs/msg/detail/key_point2_d_array__type_support.cpp.o
[11.585s] [ 61%] Building CXX object CMakeFiles/yolo_msgs__rosidl_typesupport_introspection_cpp.dir/rosidl_typesupport_introspection_cpp/yolo_msgs/msg/detail/key_point3_d__type_support.cpp.o
[11.585s] [ 62%] Building CXX object CMakeFiles/yolo_msgs__rosidl_typesupport_introspection_cpp.dir/rosidl_typesupport_introspection_cpp/yolo_msgs/msg/detail/key_point3_d_array__type_support.cpp.o
[11.587s] [ 63%] Linking CXX shared library libyolo_msgs__rosidl_typesupport_c.so
[11.600s] [ 64%] Building CXX object CMakeFiles/yolo_msgs__rosidl_typesupport_fastrtps_c.dir/rosidl_typesupport_fastrtps_c/yolo_msgs/msg/detail/point2_d__type_support_c.cpp.o
[11.663s] [ 64%] Built target yolo_msgs__rosidl_typesupport_introspection_c
[11.674s] [ 65%] Building CXX object CMakeFiles/yolo_msgs__rosidl_typesupport_fastrtps_cpp.dir/rosidl_typesupport_fastrtps_cpp/yolo_msgs/msg/detail/dds_fastrtps/point2_d__type_support.cpp.o
[11.741s] [ 65%] Building CXX object CMakeFiles/yolo_msgs__rosidl_typesupport_fastrtps_cpp.dir/rosidl_typesupport_fastrtps_cpp/yolo_msgs/msg/detail/dds_fastrtps/vector2__type_support.cpp.o
[11.906s] [ 65%] Built target yolo_msgs__rosidl_typesupport_c
[11.970s] [ 66%] Building CXX object CMakeFiles/yolo_msgs__rosidl_typesupport_fastrtps_c.dir/rosidl_typesupport_fastrtps_c/yolo_msgs/msg/detail/vector2__type_support_c.cpp.o
[11.995s] [ 67%] Building CXX object CMakeFiles/yolo_msgs__rosidl_typesupport_fastrtps_cpp.dir/rosidl_typesupport_fastrtps_cpp/yolo_msgs/msg/detail/dds_fastrtps/pose2_d__type_support.cpp.o
[12.188s] [ 68%] Building CXX object CMakeFiles/yolo_msgs__rosidl_typesupport_fastrtps_cpp.dir/rosidl_typesupport_fastrtps_cpp/yolo_msgs/msg/detail/dds_fastrtps/bounding_box2_d__type_support.cpp.o
[12.364s] [ 68%] Building CXX object CMakeFiles/yolo_msgs__rosidl_typesupport_fastrtps_c.dir/rosidl_typesupport_fastrtps_c/yolo_msgs/msg/detail/pose2_d__type_support_c.cpp.o
[12.454s] [ 68%] Building CXX object CMakeFiles/yolo_msgs__rosidl_typesupport_fastrtps_cpp.dir/rosidl_typesupport_fastrtps_cpp/yolo_msgs/msg/detail/dds_fastrtps/bounding_box3_d__type_support.cpp.o
[12.472s] [ 69%] Building CXX object CMakeFiles/yolo_msgs__rosidl_typesupport_fastrtps_c.dir/rosidl_typesupport_fastrtps_c/yolo_msgs/msg/detail/bounding_box2_d__type_support_c.cpp.o
[12.611s] [ 70%] Building CXX object CMakeFiles/yolo_msgs__rosidl_typesupport_fastrtps_cpp.dir/rosidl_typesupport_fastrtps_cpp/yolo_msgs/msg/detail/dds_fastrtps/mask__type_support.cpp.o
[12.693s] [ 71%] Linking CXX shared library libyolo_msgs__rosidl_typesupport_cpp.so
[12.723s] [ 72%] Building CXX object CMakeFiles/yolo_msgs__rosidl_typesupport_fastrtps_c.dir/rosidl_typesupport_fastrtps_c/yolo_msgs/msg/detail/bounding_box3_d__type_support_c.cpp.o
[13.038s] [ 73%] Building CXX object CMakeFiles/yolo_msgs__rosidl_typesupport_introspection_cpp.dir/rosidl_typesupport_introspection_cpp/yolo_msgs/msg/detail/detection__type_support.cpp.o
[13.072s] [ 74%] Building CXX object CMakeFiles/yolo_msgs__rosidl_typesupport_fastrtps_cpp.dir/rosidl_typesupport_fastrtps_cpp/yolo_msgs/msg/detail/dds_fastrtps/key_point2_d__type_support.cpp.o
[13.326s] [ 74%] Building CXX object CMakeFiles/yolo_msgs__rosidl_typesupport_fastrtps_cpp.dir/rosidl_typesupport_fastrtps_cpp/yolo_msgs/msg/detail/dds_fastrtps/key_point2_d_array__type_support.cpp.o
[13.422s] [ 74%] Building CXX object CMakeFiles/yolo_msgs__rosidl_typesupport_fastrtps_c.dir/rosidl_typesupport_fastrtps_c/yolo_msgs/msg/detail/mask__type_support_c.cpp.o
[13.530s] [ 74%] Building CXX object CMakeFiles/yolo_msgs__rosidl_typesupport_introspection_cpp.dir/rosidl_typesupport_introspection_cpp/yolo_msgs/msg/detail/detection_array__type_support.cpp.o
[13.547s] [ 74%] Built target yolo_msgs__rosidl_typesupport_cpp
[13.613s] [ 75%] Building CXX object CMakeFiles/yolo_msgs__rosidl_typesupport_fastrtps_cpp.dir/rosidl_typesupport_fastrtps_cpp/yolo_msgs/msg/detail/dds_fastrtps/key_point3_d__type_support.cpp.o
[13.627s] [ 76%] Building CXX object CMakeFiles/yolo_msgs__rosidl_typesupport_introspection_cpp.dir/rosidl_typesupport_introspection_cpp/yolo_msgs/srv/detail/set_classes__type_support.cpp.o
[13.736s] [ 77%] Building CXX object CMakeFiles/yolo_msgs__rosidl_typesupport_fastrtps_c.dir/rosidl_typesupport_fastrtps_c/yolo_msgs/msg/detail/key_point2_d__type_support_c.cpp.o
[13.883s] [ 78%] Building CXX object CMakeFiles/yolo_msgs__rosidl_typesupport_fastrtps_cpp.dir/rosidl_typesupport_fastrtps_cpp/yolo_msgs/msg/detail/dds_fastrtps/key_point3_d_array__type_support.cpp.o
[13.890s] [ 78%] Building CXX object CMakeFiles/yolo_msgs__rosidl_typesupport_fastrtps_c.dir/rosidl_typesupport_fastrtps_c/yolo_msgs/msg/detail/key_point2_d_array__type_support_c.cpp.o
[14.198s] [ 78%] Building CXX object CMakeFiles/yolo_msgs__rosidl_typesupport_fastrtps_cpp.dir/rosidl_typesupport_fastrtps_cpp/yolo_msgs/msg/detail/dds_fastrtps/detection__type_support.cpp.o
[14.244s] [ 79%] Building CXX object CMakeFiles/yolo_msgs__rosidl_typesupport_fastrtps_c.dir/rosidl_typesupport_fastrtps_c/yolo_msgs/msg/detail/key_point3_d__type_support_c.cpp.o
[14.347s] [ 80%] Building CXX object CMakeFiles/yolo_msgs__rosidl_typesupport_fastrtps_c.dir/rosidl_typesupport_fastrtps_c/yolo_msgs/msg/detail/key_point3_d_array__type_support_c.cpp.o
[14.391s] [ 80%] Building CXX object CMakeFiles/yolo_msgs__rosidl_typesupport_fastrtps_c.dir/rosidl_typesupport_fastrtps_c/yolo_msgs/msg/detail/detection__type_support_c.cpp.o
[14.566s] [ 81%] Building CXX object CMakeFiles/yolo_msgs__rosidl_typesupport_fastrtps_cpp.dir/rosidl_typesupport_fastrtps_cpp/yolo_msgs/msg/detail/dds_fastrtps/detection_array__type_support.cpp.o
[14.587s] [ 82%] Building CXX object CMakeFiles/yolo_msgs__rosidl_typesupport_fastrtps_c.dir/rosidl_typesupport_fastrtps_c/yolo_msgs/msg/detail/detection_array__type_support_c.cpp.o
[14.660s] [ 82%] Building CXX object CMakeFiles/yolo_msgs__rosidl_typesupport_fastrtps_cpp.dir/rosidl_typesupport_fastrtps_cpp/yolo_msgs/srv/detail/dds_fastrtps/set_classes__type_support.cpp.o
[14.674s] [ 83%] Building CXX object CMakeFiles/yolo_msgs__rosidl_typesupport_fastrtps_c.dir/rosidl_typesupport_fastrtps_c/yolo_msgs/srv/detail/set_classes__type_support_c.cpp.o
[15.145s] [ 84%] Linking CXX shared library libyolo_msgs__rosidl_typesupport_introspection_cpp.so
[15.316s] [ 84%] Built target yolo_msgs__rosidl_typesupport_introspection_cpp
[15.434s] [ 84%] Linking CXX shared library libyolo_msgs__rosidl_typesupport_fastrtps_c.so
[15.561s] [ 84%] Built target yolo_msgs__rosidl_typesupport_fastrtps_c
[15.593s] [ 85%] Linking CXX shared library libyolo_msgs__rosidl_typesupport_fastrtps_cpp.so
[15.741s] [ 85%] Built target yolo_msgs__rosidl_typesupport_fastrtps_cpp
[15.782s] [ 85%] Built target yolo_msgs
[15.821s] [ 86%] Generating Python code for ROS interfaces
[17.374s] [ 86%] Built target yolo_msgs__py
[17.412s] [ 87%] Building C object CMakeFiles/yolo_msgs__rosidl_generator_py.dir/rosidl_generator_py/yolo_msgs/msg/_vector2_s.c.o
[17.412s] [ 88%] Building C object CMakeFiles/yolo_msgs__rosidl_generator_py.dir/rosidl_generator_py/yolo_msgs/msg/_key_point3_d_array_s.c.o
[17.416s] [ 88%] Building C object CMakeFiles/yolo_msgs__rosidl_generator_py.dir/rosidl_generator_py/yolo_msgs/msg/_pose2_d_s.c.o
[17.417s] [ 90%] Building C object CMakeFiles/yolo_msgs__rosidl_generator_py.dir/rosidl_generator_py/yolo_msgs/msg/_key_point2_d_s.c.o
[17.417s] [ 90%] Building C object CMakeFiles/yolo_msgs__rosidl_generator_py.dir/rosidl_generator_py/yolo_msgs/msg/_bounding_box2_d_s.c.o
[17.417s] [ 91%] Building C object CMakeFiles/yolo_msgs__rosidl_generator_py.dir/rosidl_generator_py/yolo_msgs/msg/_bounding_box3_d_s.c.o
[17.418s] [ 91%] Building C object CMakeFiles/yolo_msgs__rosidl_generator_py.dir/rosidl_generator_py/yolo_msgs/msg/_mask_s.c.o
[17.419s] [ 92%] Building C object CMakeFiles/yolo_msgs__rosidl_generator_py.dir/rosidl_generator_py/yolo_msgs/msg/_detection_s.c.o
[17.419s] [ 93%] Building C object CMakeFiles/yolo_msgs__rosidl_generator_py.dir/rosidl_generator_py/yolo_msgs/msg/_point2_d_s.c.o
[17.426s] [ 94%] Building C object CMakeFiles/yolo_msgs__rosidl_generator_py.dir/rosidl_generator_py/yolo_msgs/msg/_key_point2_d_array_s.c.o
[17.426s] [ 94%] Building C object CMakeFiles/yolo_msgs__rosidl_generator_py.dir/rosidl_generator_py/yolo_msgs/msg/_key_point3_d_s.c.o
[17.427s] [ 94%] Building C object CMakeFiles/yolo_msgs__rosidl_generator_py.dir/rosidl_generator_py/yolo_msgs/msg/_detection_array_s.c.o
[17.432s] [ 95%] Building C object CMakeFiles/yolo_msgs__rosidl_generator_py.dir/rosidl_generator_py/yolo_msgs/srv/_set_classes_s.c.o
[17.802s] [ 96%] Linking C shared library libyolo_msgs__rosidl_generator_py.so
[17.888s] [ 96%] Built target yolo_msgs__rosidl_generator_py
[17.926s] [ 98%] Building C object CMakeFiles/yolo_msgs_s__rosidl_typesupport_introspection_c.dir/rosidl_generator_py/yolo_msgs/_yolo_msgs_s.ep.rosidl_typesupport_introspection_c.c.o
[17.926s] [ 98%] Building C object CMakeFiles/yolo_msgs_s__rosidl_typesupport_fastrtps_c.dir/rosidl_generator_py/yolo_msgs/_yolo_msgs_s.ep.rosidl_typesupport_fastrtps_c.c.o
[17.933s] [ 98%] Building C object CMakeFiles/yolo_msgs_s__rosidl_typesupport_c.dir/rosidl_generator_py/yolo_msgs/_yolo_msgs_s.ep.rosidl_typesupport_c.c.o
[18.092s] [100%] Linking C shared module rosidl_generator_py/yolo_msgs/yolo_msgs_s__rosidl_typesupport_introspection_c.so
[18.092s] [100%] Linking C shared module rosidl_generator_py/yolo_msgs/yolo_msgs_s__rosidl_typesupport_c.so
[18.099s] [100%] Linking C shared module rosidl_generator_py/yolo_msgs/yolo_msgs_s__rosidl_typesupport_fastrtps_c.so
[18.137s] [100%] Built target yolo_msgs_s__rosidl_typesupport_c
[18.141s] [100%] Built target yolo_msgs_s__rosidl_typesupport_introspection_c
[18.145s] [100%] Built target yolo_msgs_s__rosidl_typesupport_fastrtps_c
[18.163s] Invoked command in '/home/redalexdad/GitHub/WalkingRobotSim/build/yolo_msgs' returned '0': CMAKE_PREFIX_PATH=${CMAKE_PREFIX_PATH}:/home/redalexdad/GitHub/WalkingRobotSim/install/ros2_yolo_recognition:/home/redalexdad/GitHub/WalkingRobotSim/install/ros2_odometry:/home/redalexdad/GitHub/WalkingRobotSim/install/ros2_navigation:/home/redalexdad/GitHub/WalkingRobotSim/install/ros2_cartography:/opt/ros/jazzy DEBUGINFOD_URLS=https://debuginfod.ubuntu.com /usr/bin/cmake --build /home/redalexdad/GitHub/WalkingRobotSim/build/yolo_msgs -- -j16 -l16
[18.164s] Invoking command in '/home/redalexdad/GitHub/WalkingRobotSim/build/yolo_msgs': CMAKE_PREFIX_PATH=${CMAKE_PREFIX_PATH}:/home/redalexdad/GitHub/WalkingRobotSim/install/ros2_yolo_recognition:/home/redalexdad/GitHub/WalkingRobotSim/install/ros2_odometry:/home/redalexdad/GitHub/WalkingRobotSim/install/ros2_navigation:/home/redalexdad/GitHub/WalkingRobotSim/install/ros2_cartography:/opt/ros/jazzy DEBUGINFOD_URLS=https://debuginfod.ubuntu.com /usr/bin/cmake --install /home/redalexdad/GitHub/WalkingRobotSim/build/yolo_msgs
[18.185s] -- Install configuration: ""
[18.186s] -- Installing: /home/redalexdad/GitHub/WalkingRobotSim/install/yolo_msgs/share/ament_index/resource_index/rosidl_interfaces/yolo_msgs
[18.187s] -- Installing: /home/redalexdad/GitHub/WalkingRobotSim/install/yolo_msgs/share/yolo_msgs/msg/Point2D.json
[18.188s] -- Installing: /home/redalexdad/GitHub/WalkingRobotSim/install/yolo_msgs/share/yolo_msgs/msg/Vector2.json
[18.188s] -- Installing: /home/redalexdad/GitHub/WalkingRobotSim/install/yolo_msgs/share/yolo_msgs/msg/Pose2D.json
[18.188s] -- Installing: /home/redalexdad/GitHub/WalkingRobotSim/install/yolo_msgs/share/yolo_msgs/msg/BoundingBox2D.json
[18.189s] -- Installing: /home/redalexdad/GitHub/WalkingRobotSim/install/yolo_msgs/share/yolo_msgs/msg/BoundingBox3D.json
[18.189s] -- Installing: /home/redalexdad/GitHub/WalkingRobotSim/install/yolo_msgs/share/yolo_msgs/msg/Mask.json
[18.189s] -- Installing: /home/redalexdad/GitHub/WalkingRobotSim/install/yolo_msgs/share/yolo_msgs/msg/KeyPoint2D.json
[18.189s] -- Installing: /home/redalexdad/GitHub/WalkingRobotSim/install/yolo_msgs/share/yolo_msgs/msg/KeyPoint2DArray.json
[18.189s] -- Installing: /home/redalexdad/GitHub/WalkingRobotSim/install/yolo_msgs/share/yolo_msgs/msg/KeyPoint3D.json
[18.192s] -- Installing: /home/redalexdad/GitHub/WalkingRobotSim/install/yolo_msgs/share/yolo_msgs/msg/KeyPoint3DArray.json
[18.192s] -- Installing: /home/redalexdad/GitHub/WalkingRobotSim/install/yolo_msgs/share/yolo_msgs/msg/Detection.json
[18.193s] -- Installing: /home/redalexdad/GitHub/WalkingRobotSim/install/yolo_msgs/share/yolo_msgs/msg/DetectionArray.json
[18.193s] -- Installing: /home/redalexdad/GitHub/WalkingRobotSim/install/yolo_msgs/share/yolo_msgs/srv/SetClasses.json
[18.194s] -- Installing: /home/redalexdad/GitHub/WalkingRobotSim/install/yolo_msgs/include/yolo_msgs/yolo_msgs
[18.197s] -- Installing: /home/redalexdad/GitHub/WalkingRobotSim/install/yolo_msgs/include/yolo_msgs/yolo_msgs/msg
[18.197s] -- Installing: /home/redalexdad/GitHub/WalkingRobotSim/install/yolo_msgs/include/yolo_msgs/yolo_msgs/msg/vector2.h
[18.197s] -- Installing: /home/redalexdad/GitHub/WalkingRobotSim/install/yolo_msgs/include/yolo_msgs/yolo_msgs/msg/detection_array.h
[18.197s] -- Installing: /home/redalexdad/GitHub/WalkingRobotSim/install/yolo_msgs/include/yolo_msgs/yolo_msgs/msg/rosidl_generator_c__visibility_control.h
[18.198s] -- Installing: /home/redalexdad/GitHub/WalkingRobotSim/install/yolo_msgs/include/yolo_msgs/yolo_msgs/msg/point2_d.h
[18.198s] -- Installing: /home/redalexdad/GitHub/WalkingRobotSim/install/yolo_msgs/include/yolo_msgs/yolo_msgs/msg/key_point3_d_array.h
[18.198s] -- Installing: /home/redalexdad/GitHub/WalkingRobotSim/install/yolo_msgs/include/yolo_msgs/yolo_msgs/msg/detection.h
[18.198s] -- Installing: /home/redalexdad/GitHub/WalkingRobotSim/install/yolo_msgs/include/yolo_msgs/yolo_msgs/msg/bounding_box3_d.h
[18.199s] -- Installing: /home/redalexdad/GitHub/WalkingRobotSim/install/yolo_msgs/include/yolo_msgs/yolo_msgs/msg/key_point2_d.h
[18.200s] -- Installing: /home/redalexdad/GitHub/WalkingRobotSim/install/yolo_msgs/include/yolo_msgs/yolo_msgs/msg/mask.h
[18.200s] -- Installing: /home/redalexdad/GitHub/WalkingRobotSim/install/yolo_msgs/include/yolo_msgs/yolo_msgs/msg/key_point3_d.h
[18.200s] -- Installing: /home/redalexdad/GitHub/WalkingRobotSim/install/yolo_msgs/include/yolo_msgs/yolo_msgs/msg/bounding_box2_d.h
[18.200s] -- Installing: /home/redalexdad/GitHub/WalkingRobotSim/install/yolo_msgs/include/yolo_msgs/yolo_msgs/msg/detail
[18.200s] -- Installing: /home/redalexdad/GitHub/WalkingRobotSim/install/yolo_msgs/include/yolo_msgs/yolo_msgs/msg/detail/detection_array__description.c
[18.200s] -- Installing: /home/redalexdad/GitHub/WalkingRobotSim/install/yolo_msgs/include/yolo_msgs/yolo_msgs/msg/detail/key_point3_d__type_support.c
[18.201s] -- Installing: /home/redalexdad/GitHub/WalkingRobotSim/install/yolo_msgs/include/yolo_msgs/yolo_msgs/msg/detail/pose2_d__functions.h
[18.202s] -- Installing: /home/redalexdad/GitHub/WalkingRobotSim/install/yolo_msgs/include/yolo_msgs/yolo_msgs/msg/detail/key_point2_d__description.c
[18.202s] -- Installing: /home/redalexdad/GitHub/WalkingRobotSim/install/yolo_msgs/include/yolo_msgs/yolo_msgs/msg/detail/key_point2_d__functions.c
[18.202s] -- Installing: /home/redalexdad/GitHub/WalkingRobotSim/install/yolo_msgs/include/yolo_msgs/yolo_msgs/msg/detail/key_point3_d_array__struct.h
[18.202s] -- Installing: /home/redalexdad/GitHub/WalkingRobotSim/install/yolo_msgs/include/yolo_msgs/yolo_msgs/msg/detail/detection__functions.h
[18.203s] -- Installing: /home/redalexdad/GitHub/WalkingRobotSim/install/yolo_msgs/include/yolo_msgs/yolo_msgs/msg/detail/vector2__type_support.h
[18.203s] -- Installing: /home/redalexdad/GitHub/WalkingRobotSim/install/yolo_msgs/include/yolo_msgs/yolo_msgs/msg/detail/bounding_box3_d__functions.c
[18.204s] -- Installing: /home/redalexdad/GitHub/WalkingRobotSim/install/yolo_msgs/include/yolo_msgs/yolo_msgs/msg/detail/bounding_box2_d__functions.c
[18.204s] -- Installing: /home/redalexdad/GitHub/WalkingRobotSim/install/yolo_msgs/include/yolo_msgs/yolo_msgs/msg/detail/detection_array__struct.h
[18.204s] -- Installing: /home/redalexdad/GitHub/WalkingRobotSim/install/yolo_msgs/include/yolo_msgs/yolo_msgs/msg/detail/pose2_d__type_support.h
[18.204s] -- Installing: /home/redalexdad/GitHub/WalkingRobotSim/install/yolo_msgs/include/yolo_msgs/yolo_msgs/msg/detail/key_point3_d_array__description.c
[18.204s] -- Installing: /home/redalexdad/GitHub/WalkingRobotSim/install/yolo_msgs/include/yolo_msgs/yolo_msgs/msg/detail/key_point3_d__type_support.h
[18.205s] -- Installing: /home/redalexdad/GitHub/WalkingRobotSim/install/yolo_msgs/include/yolo_msgs/yolo_msgs/msg/detail/vector2__functions.h
[18.208s] -- Installing: /home/redalexdad/GitHub/WalkingRobotSim/install/yolo_msgs/include/yolo_msgs/yolo_msgs/msg/detail/bounding_box3_d__type_support.h
[18.209s] -- Installing: /home/redalexdad/GitHub/WalkingRobotSim/install/yolo_msgs/include/yolo_msgs/yolo_msgs/msg/detail/mask__functions.c
[18.209s] -- Installing: /home/redalexdad/GitHub/WalkingRobotSim/install/yolo_msgs/include/yolo_msgs/yolo_msgs/msg/detail/mask__type_support.c
[18.211s] -- Installing: /home/redalexdad/GitHub/WalkingRobotSim/install/yolo_msgs/include/yolo_msgs/yolo_msgs/msg/detail/detection__type_support.h
[18.211s] -- Installing: /home/redalexdad/GitHub/WalkingRobotSim/install/yolo_msgs/include/yolo_msgs/yolo_msgs/msg/detail/vector2__struct.h
[18.211s] -- Installing: /home/redalexdad/GitHub/WalkingRobotSim/install/yolo_msgs/include/yolo_msgs/yolo_msgs/msg/detail/bounding_box2_d__struct.h
[18.212s] -- Installing: /home/redalexdad/GitHub/WalkingRobotSim/install/yolo_msgs/include/yolo_msgs/yolo_msgs/msg/detail/bounding_box3_d__description.c
[18.212s] -- Installing: /home/redalexdad/GitHub/WalkingRobotSim/install/yolo_msgs/include/yolo_msgs/yolo_msgs/msg/detail/bounding_box2_d__functions.h
[18.213s] -- Installing: /home/redalexdad/GitHub/WalkingRobotSim/install/yolo_msgs/include/yolo_msgs/yolo_msgs/msg/detail/key_point3_d__functions.c
[18.213s] -- Installing: /home/redalexdad/GitHub/WalkingRobotSim/install/yolo_msgs/include/yolo_msgs/yolo_msgs/msg/detail/vector2__description.c
[18.213s] -- Installing: /home/redalexdad/GitHub/WalkingRobotSim/install/yolo_msgs/include/yolo_msgs/yolo_msgs/msg/detail/detection_array__functions.h
[18.213s] -- Installing: /home/redalexdad/GitHub/WalkingRobotSim/install/yolo_msgs/include/yolo_msgs/yolo_msgs/msg/detail/key_point3_d__description.c
[18.213s] -- Installing: /home/redalexdad/GitHub/WalkingRobotSim/install/yolo_msgs/include/yolo_msgs/yolo_msgs/msg/detail/key_point2_d_array__struct.h
[18.214s] -- Installing: /home/redalexdad/GitHub/WalkingRobotSim/install/yolo_msgs/include/yolo_msgs/yolo_msgs/msg/detail/key_point2_d_array__type_support.h
[18.215s] -- Installing: /home/redalexdad/GitHub/WalkingRobotSim/install/yolo_msgs/include/yolo_msgs/yolo_msgs/msg/detail/point2_d__functions.c
[18.215s] -- Installing: /home/redalexdad/GitHub/WalkingRobotSim/install/yolo_msgs/include/yolo_msgs/yolo_msgs/msg/detail/key_point3_d__functions.h
[18.216s] -- Installing: /home/redalexdad/GitHub/WalkingRobotSim/install/yolo_msgs/include/yolo_msgs/yolo_msgs/msg/detail/key_point3_d_array__type_support.h
[18.216s] -- Installing: /home/redalexdad/GitHub/WalkingRobotSim/install/yolo_msgs/include/yolo_msgs/yolo_msgs/msg/detail/key_point2_d__type_support.h
[18.221s] -- Installing: /home/redalexdad/GitHub/WalkingRobotSim/install/yolo_msgs/include/yolo_msgs/yolo_msgs/msg/detail/mask__type_support.h
[18.221s] -- Installing: /home/redalexdad/GitHub/WalkingRobotSim/install/yolo_msgs/include/yolo_msgs/yolo_msgs/msg/detail/detection__type_support.c
[18.221s] -- Installing: /home/redalexdad/GitHub/WalkingRobotSim/install/yolo_msgs/include/yolo_msgs/yolo_msgs/msg/detail/point2_d__functions.h
[18.221s] -- Installing: /home/redalexdad/GitHub/WalkingRobotSim/install/yolo_msgs/include/yolo_msgs/yolo_msgs/msg/detail/key_point3_d__struct.h
[18.221s] -- Installing: /home/redalexdad/GitHub/WalkingRobotSim/install/yolo_msgs/include/yolo_msgs/yolo_msgs/msg/detail/mask__description.c
[18.221s] -- Installing: /home/redalexdad/GitHub/WalkingRobotSim/install/yolo_msgs/include/yolo_msgs/yolo_msgs/msg/detail/vector2__functions.c
[18.222s] -- Installing: /home/redalexdad/GitHub/WalkingRobotSim/install/yolo_msgs/include/yolo_msgs/yolo_msgs/msg/detail/pose2_d__description.c
[18.222s] -- Installing: /home/redalexdad/GitHub/WalkingRobotSim/install/yolo_msgs/include/yolo_msgs/yolo_msgs/msg/detail/vector2__type_support.c
[18.222s] -- Installing: /home/redalexdad/GitHub/WalkingRobotSim/install/yolo_msgs/include/yolo_msgs/yolo_msgs/msg/detail/key_point2_d__struct.h
[18.222s] -- Installing: /home/redalexdad/GitHub/WalkingRobotSim/install/yolo_msgs/include/yolo_msgs/yolo_msgs/msg/detail/point2_d__description.c
[18.222s] -- Installing: /home/redalexdad/GitHub/WalkingRobotSim/install/yolo_msgs/include/yolo_msgs/yolo_msgs/msg/detail/bounding_box3_d__functions.h
[18.223s] -- Installing: /home/redalexdad/GitHub/WalkingRobotSim/install/yolo_msgs/include/yolo_msgs/yolo_msgs/msg/detail/key_point3_d_array__functions.h
[18.223s] -- Installing: /home/redalexdad/GitHub/WalkingRobotSim/install/yolo_msgs/include/yolo_msgs/yolo_msgs/msg/detail/pose2_d__type_support.c
[18.223s] -- Installing: /home/redalexdad/GitHub/WalkingRobotSim/install/yolo_msgs/include/yolo_msgs/yolo_msgs/msg/detail/bounding_box2_d__description.c
[18.223s] -- Installing: /home/redalexdad/GitHub/WalkingRobotSim/install/yolo_msgs/include/yolo_msgs/yolo_msgs/msg/detail/key_point3_d_array__type_support.c
[18.224s] -- Installing: /home/redalexdad/GitHub/WalkingRobotSim/install/yolo_msgs/include/yolo_msgs/yolo_msgs/msg/detail/key_point2_d_array__functions.c
[18.224s] -- Installing: /home/redalexdad/GitHub/WalkingRobotSim/install/yolo_msgs/include/yolo_msgs/yolo_msgs/msg/detail/bounding_box3_d__type_support.c
[18.224s] -- Installing: /home/redalexdad/GitHub/WalkingRobotSim/install/yolo_msgs/include/yolo_msgs/yolo_msgs/msg/detail/detection__functions.c
[18.226s] -- Installing: /home/redalexdad/GitHub/WalkingRobotSim/install/yolo_msgs/include/yolo_msgs/yolo_msgs/msg/detail/detection_array__type_support.c
[18.226s] -- Installing: /home/redalexdad/GitHub/WalkingRobotSim/install/yolo_msgs/include/yolo_msgs/yolo_msgs/msg/detail/mask__struct.h
[18.228s] -- Installing: /home/redalexdad/GitHub/WalkingRobotSim/install/yolo_msgs/include/yolo_msgs/yolo_msgs/msg/detail/key_point3_d_array__functions.c
[18.228s] -- Installing: /home/redalexdad/GitHub/WalkingRobotSim/install/yolo_msgs/include/yolo_msgs/yolo_msgs/msg/detail/pose2_d__functions.c
[18.228s] -- Installing: /home/redalexdad/GitHub/WalkingRobotSim/install/yolo_msgs/include/yolo_msgs/yolo_msgs/msg/detail/key_point2_d_array__type_support.c
[18.228s] -- Installing: /home/redalexdad/GitHub/WalkingRobotSim/install/yolo_msgs/include/yolo_msgs/yolo_msgs/msg/detail/key_point2_d_array__description.c
[18.229s] -- Installing: /home/redalexdad/GitHub/WalkingRobotSim/install/yolo_msgs/include/yolo_msgs/yolo_msgs/msg/detail/mask__functions.h
[18.229s] -- Installing: /home/redalexdad/GitHub/WalkingRobotSim/install/yolo_msgs/include/yolo_msgs/yolo_msgs/msg/detail/key_point2_d__type_support.c
[18.229s] -- Installing: /home/redalexdad/GitHub/WalkingRobotSim/install/yolo_msgs/include/yolo_msgs/yolo_msgs/msg/detail/point2_d__struct.h
[18.229s] -- Installing: /home/redalexdad/GitHub/WalkingRobotSim/install/yolo_msgs/include/yolo_msgs/yolo_msgs/msg/detail/bounding_box2_d__type_support.h
[18.230s] -- Installing: /home/redalexdad/GitHub/WalkingRobotSim/install/yolo_msgs/include/yolo_msgs/yolo_msgs/msg/detail/key_point2_d__functions.h
[18.230s] -- Installing: /home/redalexdad/GitHub/WalkingRobotSim/install/yolo_msgs/include/yolo_msgs/yolo_msgs/msg/detail/detection__struct.h
[18.230s] -- Installing: /home/redalexdad/GitHub/WalkingRobotSim/install/yolo_msgs/include/yolo_msgs/yolo_msgs/msg/detail/bounding_box2_d__type_support.c
[18.230s] -- Installing: /home/redalexdad/GitHub/WalkingRobotSim/install/yolo_msgs/include/yolo_msgs/yolo_msgs/msg/detail/detection_array__type_support.h
[18.233s] -- Installing: /home/redalexdad/GitHub/WalkingRobotSim/install/yolo_msgs/include/yolo_msgs/yolo_msgs/msg/detail/detection__description.c
[18.234s] -- Installing: /home/redalexdad/GitHub/WalkingRobotSim/install/yolo_msgs/include/yolo_msgs/yolo_msgs/msg/detail/key_point2_d_array__functions.h
[18.234s] -- Installing: /home/redalexdad/GitHub/WalkingRobotSim/install/yolo_msgs/include/yolo_msgs/yolo_msgs/msg/detail/detection_array__functions.c
[18.234s] -- Installing: /home/redalexdad/GitHub/WalkingRobotSim/install/yolo_msgs/include/yolo_msgs/yolo_msgs/msg/detail/pose2_d__struct.h
[18.235s] -- Installing: /home/redalexdad/GitHub/WalkingRobotSim/install/yolo_msgs/include/yolo_msgs/yolo_msgs/msg/detail/bounding_box3_d__struct.h
[18.235s] -- Installing: /home/redalexdad/GitHub/WalkingRobotSim/install/yolo_msgs/include/yolo_msgs/yolo_msgs/msg/detail/point2_d__type_support.c
[18.235s] -- Installing: /home/redalexdad/GitHub/WalkingRobotSim/install/yolo_msgs/include/yolo_msgs/yolo_msgs/msg/detail/point2_d__type_support.h
[18.236s] -- Installing: /home/redalexdad/GitHub/WalkingRobotSim/install/yolo_msgs/include/yolo_msgs/yolo_msgs/msg/pose2_d.h
[18.236s] -- Installing: /home/redalexdad/GitHub/WalkingRobotSim/install/yolo_msgs/include/yolo_msgs/yolo_msgs/msg/key_point2_d_array.h
[18.236s] -- Installing: /home/redalexdad/GitHub/WalkingRobotSim/install/yolo_msgs/include/yolo_msgs/yolo_msgs/srv
[18.236s] -- Installing: /home/redalexdad/GitHub/WalkingRobotSim/install/yolo_msgs/include/yolo_msgs/yolo_msgs/srv/set_classes.h
[18.237s] -- Installing: /home/redalexdad/GitHub/WalkingRobotSim/install/yolo_msgs/include/yolo_msgs/yolo_msgs/srv/detail
[18.237s] -- Installing: /home/redalexdad/GitHub/WalkingRobotSim/install/yolo_msgs/include/yolo_msgs/yolo_msgs/srv/detail/set_classes__functions.c
[18.237s] -- Installing: /home/redalexdad/GitHub/WalkingRobotSim/install/yolo_msgs/include/yolo_msgs/yolo_msgs/srv/detail/set_classes__type_support.c
[18.237s] -- Installing: /home/redalexdad/GitHub/WalkingRobotSim/install/yolo_msgs/include/yolo_msgs/yolo_msgs/srv/detail/set_classes__description.c
[18.241s] -- Installing: /home/redalexdad/GitHub/WalkingRobotSim/install/yolo_msgs/include/yolo_msgs/yolo_msgs/srv/detail/set_classes__struct.h
[18.241s] -- Installing: /home/redalexdad/GitHub/WalkingRobotSim/install/yolo_msgs/include/yolo_msgs/yolo_msgs/srv/detail/set_classes__type_support.h
[18.243s] -- Installing: /home/redalexdad/GitHub/WalkingRobotSim/install/yolo_msgs/include/yolo_msgs/yolo_msgs/srv/detail/set_classes__functions.h
[18.243s] -- Installing: /home/redalexdad/GitHub/WalkingRobotSim/install/yolo_msgs/share/yolo_msgs/environment/library_path.sh
[18.243s] -- Installing: /home/redalexdad/GitHub/WalkingRobotSim/install/yolo_msgs/share/yolo_msgs/environment/library_path.dsv
[18.243s] -- Installing: /home/redalexdad/GitHub/WalkingRobotSim/install/yolo_msgs/lib/libyolo_msgs__rosidl_generator_c.so
[18.245s] -- Set non-toolchain portion of runtime path of "/home/redalexdad/GitHub/WalkingRobotSim/install/yolo_msgs/lib/libyolo_msgs__rosidl_generator_c.so" to ""
[18.245s] -- Up-to-date: /home/redalexdad/GitHub/WalkingRobotSim/install/yolo_msgs/include/yolo_msgs/yolo_msgs
[18.245s] -- Up-to-date: /home/redalexdad/GitHub/WalkingRobotSim/install/yolo_msgs/include/yolo_msgs/yolo_msgs/msg
[18.245s] -- Installing: /home/redalexdad/GitHub/WalkingRobotSim/install/yolo_msgs/include/yolo_msgs/yolo_msgs/msg/rosidl_typesupport_fastrtps_c__visibility_control.h
[18.246s] -- Up-to-date: /home/redalexdad/GitHub/WalkingRobotSim/install/yolo_msgs/include/yolo_msgs/yolo_msgs/msg/detail
[18.247s] -- Installing: /home/redalexdad/GitHub/WalkingRobotSim/install/yolo_msgs/include/yolo_msgs/yolo_msgs/msg/detail/mask__rosidl_typesupport_fastrtps_c.h
[18.247s] -- Installing: /home/redalexdad/GitHub/WalkingRobotSim/install/yolo_msgs/include/yolo_msgs/yolo_msgs/msg/detail/vector2__rosidl_typesupport_fastrtps_c.h
[18.247s] -- Installing: /home/redalexdad/GitHub/WalkingRobotSim/install/yolo_msgs/include/yolo_msgs/yolo_msgs/msg/detail/key_point2_d_array__rosidl_typesupport_fastrtps_c.h
[18.247s] -- Installing: /home/redalexdad/GitHub/WalkingRobotSim/install/yolo_msgs/include/yolo_msgs/yolo_msgs/msg/detail/key_point3_d_array__rosidl_typesupport_fastrtps_c.h
[18.247s] -- Installing: /home/redalexdad/GitHub/WalkingRobotSim/install/yolo_msgs/include/yolo_msgs/yolo_msgs/msg/detail/key_point2_d__rosidl_typesupport_fastrtps_c.h
[18.247s] -- Installing: /home/redalexdad/GitHub/WalkingRobotSim/install/yolo_msgs/include/yolo_msgs/yolo_msgs/msg/detail/detection__rosidl_typesupport_fastrtps_c.h
[18.247s] -- Installing: /home/redalexdad/GitHub/WalkingRobotSim/install/yolo_msgs/include/yolo_msgs/yolo_msgs/msg/detail/pose2_d__rosidl_typesupport_fastrtps_c.h
[18.247s] -- Installing: /home/redalexdad/GitHub/WalkingRobotSim/install/yolo_msgs/include/yolo_msgs/yolo_msgs/msg/detail/detection_array__rosidl_typesupport_fastrtps_c.h
[18.247s] -- Installing: /home/redalexdad/GitHub/WalkingRobotSim/install/yolo_msgs/include/yolo_msgs/yolo_msgs/msg/detail/point2_d__rosidl_typesupport_fastrtps_c.h
[18.248s] -- Installing: /home/redalexdad/GitHub/WalkingRobotSim/install/yolo_msgs/include/yolo_msgs/yolo_msgs/msg/detail/bounding_box3_d__rosidl_typesupport_fastrtps_c.h
[18.248s] -- Installing: /home/redalexdad/GitHub/WalkingRobotSim/install/yolo_msgs/include/yolo_msgs/yolo_msgs/msg/detail/bounding_box2_d__rosidl_typesupport_fastrtps_c.h
[18.248s] -- Installing: /home/redalexdad/GitHub/WalkingRobotSim/install/yolo_msgs/include/yolo_msgs/yolo_msgs/msg/detail/key_point3_d__rosidl_typesupport_fastrtps_c.h
[18.248s] -- Up-to-date: /home/redalexdad/GitHub/WalkingRobotSim/install/yolo_msgs/include/yolo_msgs/yolo_msgs/srv
[18.248s] -- Up-to-date: /home/redalexdad/GitHub/WalkingRobotSim/install/yolo_msgs/include/yolo_msgs/yolo_msgs/srv/detail
[18.248s] -- Installing: /home/redalexdad/GitHub/WalkingRobotSim/install/yolo_msgs/include/yolo_msgs/yolo_msgs/srv/detail/set_classes__rosidl_typesupport_fastrtps_c.h
[18.248s] -- Installing: /home/redalexdad/GitHub/WalkingRobotSim/install/yolo_msgs/lib/libyolo_msgs__rosidl_typesupport_fastrtps_c.so
[18.249s] -- Set non-toolchain portion of runtime path of "/home/redalexdad/GitHub/WalkingRobotSim/install/yolo_msgs/lib/libyolo_msgs__rosidl_typesupport_fastrtps_c.so" to ""
[18.249s] -- Up-to-date: /home/redalexdad/GitHub/WalkingRobotSim/install/yolo_msgs/include/yolo_msgs/yolo_msgs
[18.249s] -- Up-to-date: /home/redalexdad/GitHub/WalkingRobotSim/install/yolo_msgs/include/yolo_msgs/yolo_msgs/msg
[18.249s] -- Installing: /home/redalexdad/GitHub/WalkingRobotSim/install/yolo_msgs/include/yolo_msgs/yolo_msgs/msg/rosidl_typesupport_introspection_c__visibility_control.h
[18.249s] -- Up-to-date: /home/redalexdad/GitHub/WalkingRobotSim/install/yolo_msgs/include/yolo_msgs/yolo_msgs/msg/detail
[18.250s] -- Installing: /home/redalexdad/GitHub/WalkingRobotSim/install/yolo_msgs/include/yolo_msgs/yolo_msgs/msg/detail/detection_array__rosidl_typesupport_introspection_c.h
[18.250s] -- Installing: /home/redalexdad/GitHub/WalkingRobotSim/install/yolo_msgs/include/yolo_msgs/yolo_msgs/msg/detail/key_point3_d__type_support.c
[18.250s] -- Installing: /home/redalexdad/GitHub/WalkingRobotSim/install/yolo_msgs/include/yolo_msgs/yolo_msgs/msg/detail/pose2_d__rosidl_typesupport_introspection_c.h
[18.250s] -- Installing: /home/redalexdad/GitHub/WalkingRobotSim/install/yolo_msgs/include/yolo_msgs/yolo_msgs/msg/detail/bounding_box2_d__rosidl_typesupport_introspection_c.h
[18.250s] -- Installing: /home/redalexdad/GitHub/WalkingRobotSim/install/yolo_msgs/include/yolo_msgs/yolo_msgs/msg/detail/detection__rosidl_typesupport_introspection_c.h
[18.250s] -- Installing: /home/redalexdad/GitHub/WalkingRobotSim/install/yolo_msgs/include/yolo_msgs/yolo_msgs/msg/detail/key_point2_d_array__rosidl_typesupport_introspection_c.h
[18.250s] -- Installing: /home/redalexdad/GitHub/WalkingRobotSim/install/yolo_msgs/include/yolo_msgs/yolo_msgs/msg/detail/mask__type_support.c
[18.250s] -- Installing: /home/redalexdad/GitHub/WalkingRobotSim/install/yolo_msgs/include/yolo_msgs/yolo_msgs/msg/detail/key_point3_d__rosidl_typesupport_introspection_c.h
[18.250s] -- Installing: /home/redalexdad/GitHub/WalkingRobotSim/install/yolo_msgs/include/yolo_msgs/yolo_msgs/msg/detail/mask__rosidl_typesupport_introspection_c.h
[18.250s] -- Installing: /home/redalexdad/GitHub/WalkingRobotSim/install/yolo_msgs/include/yolo_msgs/yolo_msgs/msg/detail/bounding_box3_d__rosidl_typesupport_introspection_c.h
[18.251s] -- Installing: /home/redalexdad/GitHub/WalkingRobotSim/install/yolo_msgs/include/yolo_msgs/yolo_msgs/msg/detail/detection__type_support.c
[18.251s] -- Installing: /home/redalexdad/GitHub/WalkingRobotSim/install/yolo_msgs/include/yolo_msgs/yolo_msgs/msg/detail/vector2__type_support.c
[18.251s] -- Installing: /home/redalexdad/GitHub/WalkingRobotSim/install/yolo_msgs/include/yolo_msgs/yolo_msgs/msg/detail/pose2_d__type_support.c
[18.251s] -- Installing: /home/redalexdad/GitHub/WalkingRobotSim/install/yolo_msgs/include/yolo_msgs/yolo_msgs/msg/detail/key_point3_d_array__type_support.c
[18.251s] -- Installing: /home/redalexdad/GitHub/WalkingRobotSim/install/yolo_msgs/include/yolo_msgs/yolo_msgs/msg/detail/bounding_box3_d__type_support.c
[18.251s] -- Installing: /home/redalexdad/GitHub/WalkingRobotSim/install/yolo_msgs/include/yolo_msgs/yolo_msgs/msg/detail/key_point2_d__rosidl_typesupport_introspection_c.h
[18.251s] -- Installing: /home/redalexdad/GitHub/WalkingRobotSim/install/yolo_msgs/include/yolo_msgs/yolo_msgs/msg/detail/key_point3_d_array__rosidl_typesupport_introspection_c.h
[18.251s] -- Installing: /home/redalexdad/GitHub/WalkingRobotSim/install/yolo_msgs/include/yolo_msgs/yolo_msgs/msg/detail/detection_array__type_support.c
[18.252s] -- Installing: /home/redalexdad/GitHub/WalkingRobotSim/install/yolo_msgs/include/yolo_msgs/yolo_msgs/msg/detail/key_point2_d_array__type_support.c
[18.253s] -- Installing: /home/redalexdad/GitHub/WalkingRobotSim/install/yolo_msgs/include/yolo_msgs/yolo_msgs/msg/detail/key_point2_d__type_support.c
[18.253s] -- Installing: /home/redalexdad/GitHub/WalkingRobotSim/install/yolo_msgs/include/yolo_msgs/yolo_msgs/msg/detail/bounding_box2_d__type_support.c
[18.253s] -- Installing: /home/redalexdad/GitHub/WalkingRobotSim/install/yolo_msgs/include/yolo_msgs/yolo_msgs/msg/detail/vector2__rosidl_typesupport_introspection_c.h
[18.253s] -- Installing: /home/redalexdad/GitHub/WalkingRobotSim/install/yolo_msgs/include/yolo_msgs/yolo_msgs/msg/detail/point2_d__type_support.c
[18.253s] -- Installing: /home/redalexdad/GitHub/WalkingRobotSim/install/yolo_msgs/include/yolo_msgs/yolo_msgs/msg/detail/point2_d__rosidl_typesupport_introspection_c.h
[18.253s] -- Up-to-date: /home/redalexdad/GitHub/WalkingRobotSim/install/yolo_msgs/include/yolo_msgs/yolo_msgs/srv
[18.253s] -- Up-to-date: /home/redalexdad/GitHub/WalkingRobotSim/install/yolo_msgs/include/yolo_msgs/yolo_msgs/srv/detail
[18.253s] -- Installing: /home/redalexdad/GitHub/WalkingRobotSim/install/yolo_msgs/include/yolo_msgs/yolo_msgs/srv/detail/set_classes__type_support.c
[18.253s] -- Installing: /home/redalexdad/GitHub/WalkingRobotSim/install/yolo_msgs/include/yolo_msgs/yolo_msgs/srv/detail/set_classes__rosidl_typesupport_introspection_c.h
[18.254s] -- Installing: /home/redalexdad/GitHub/WalkingRobotSim/install/yolo_msgs/lib/libyolo_msgs__rosidl_typesupport_introspection_c.so
[18.254s] -- Set non-toolchain portion of runtime path of "/home/redalexdad/GitHub/WalkingRobotSim/install/yolo_msgs/lib/libyolo_msgs__rosidl_typesupport_introspection_c.so" to ""
[18.254s] -- Installing: /home/redalexdad/GitHub/WalkingRobotSim/install/yolo_msgs/lib/libyolo_msgs__rosidl_typesupport_c.so
[18.254s] -- Set non-toolchain portion of runtime path of "/home/redalexdad/GitHub/WalkingRobotSim/install/yolo_msgs/lib/libyolo_msgs__rosidl_typesupport_c.so" to ""
[18.254s] -- Up-to-date: /home/redalexdad/GitHub/WalkingRobotSim/install/yolo_msgs/include/yolo_msgs/yolo_msgs
[18.254s] -- Up-to-date: /home/redalexdad/GitHub/WalkingRobotSim/install/yolo_msgs/include/yolo_msgs/yolo_msgs/msg
[18.255s] -- Installing: /home/redalexdad/GitHub/WalkingRobotSim/install/yolo_msgs/include/yolo_msgs/yolo_msgs/msg/bounding_box2_d.hpp
[18.255s] -- Installing: /home/redalexdad/GitHub/WalkingRobotSim/install/yolo_msgs/include/yolo_msgs/yolo_msgs/msg/rosidl_generator_cpp__visibility_control.hpp
[18.255s] -- Installing: /home/redalexdad/GitHub/WalkingRobotSim/install/yolo_msgs/include/yolo_msgs/yolo_msgs/msg/key_point3_d_array.hpp
[18.255s] -- Installing: /home/redalexdad/GitHub/WalkingRobotSim/install/yolo_msgs/include/yolo_msgs/yolo_msgs/msg/bounding_box3_d.hpp
[18.255s] -- Installing: /home/redalexdad/GitHub/WalkingRobotSim/install/yolo_msgs/include/yolo_msgs/yolo_msgs/msg/pose2_d.hpp
[18.255s] -- Installing: /home/redalexdad/GitHub/WalkingRobotSim/install/yolo_msgs/include/yolo_msgs/yolo_msgs/msg/detection_array.hpp
[18.255s] -- Installing: /home/redalexdad/GitHub/WalkingRobotSim/install/yolo_msgs/include/yolo_msgs/yolo_msgs/msg/point2_d.hpp
[18.255s] -- Installing: /home/redalexdad/GitHub/WalkingRobotSim/install/yolo_msgs/include/yolo_msgs/yolo_msgs/msg/detection.hpp
[18.255s] -- Installing: /home/redalexdad/GitHub/WalkingRobotSim/install/yolo_msgs/include/yolo_msgs/yolo_msgs/msg/key_point3_d.hpp
[18.255s] -- Installing: /home/redalexdad/GitHub/WalkingRobotSim/install/yolo_msgs/include/yolo_msgs/yolo_msgs/msg/mask.hpp
[18.255s] -- Installing: /home/redalexdad/GitHub/WalkingRobotSim/install/yolo_msgs/include/yolo_msgs/yolo_msgs/msg/key_point2_d.hpp
[18.256s] -- Up-to-date: /home/redalexdad/GitHub/WalkingRobotSim/install/yolo_msgs/include/yolo_msgs/yolo_msgs/msg/detail
[18.256s] -- Installing: /home/redalexdad/GitHub/WalkingRobotSim/install/yolo_msgs/include/yolo_msgs/yolo_msgs/msg/detail/mask__type_support.hpp
[18.257s] -- Installing: /home/redalexdad/GitHub/WalkingRobotSim/install/yolo_msgs/include/yolo_msgs/yolo_msgs/msg/detail/pose2_d__type_support.hpp
[18.257s] -- Installing: /home/redalexdad/GitHub/WalkingRobotSim/install/yolo_msgs/include/yolo_msgs/yolo_msgs/msg/detail/point2_d__traits.hpp
[18.257s] -- Installing: /home/redalexdad/GitHub/WalkingRobotSim/install/yolo_msgs/include/yolo_msgs/yolo_msgs/msg/detail/mask__builder.hpp
[18.257s] -- Installing: /home/redalexdad/GitHub/WalkingRobotSim/install/yolo_msgs/include/yolo_msgs/yolo_msgs/msg/detail/key_point2_d_array__builder.hpp
[18.258s] -- Installing: /home/redalexdad/GitHub/WalkingRobotSim/install/yolo_msgs/include/yolo_msgs/yolo_msgs/msg/detail/key_point3_d_array__traits.hpp
[18.258s] -- Installing: /home/redalexdad/GitHub/WalkingRobotSim/install/yolo_msgs/include/yolo_msgs/yolo_msgs/msg/detail/bounding_box3_d__builder.hpp
[18.258s] -- Installing: /home/redalexdad/GitHub/WalkingRobotSim/install/yolo_msgs/include/yolo_msgs/yolo_msgs/msg/detail/key_point3_d__builder.hpp
[18.258s] -- Installing: /home/redalexdad/GitHub/WalkingRobotSim/install/yolo_msgs/include/yolo_msgs/yolo_msgs/msg/detail/detection_array__builder.hpp
[18.258s] -- Installing: /home/redalexdad/GitHub/WalkingRobotSim/install/yolo_msgs/include/yolo_msgs/yolo_msgs/msg/detail/bounding_box2_d__builder.hpp
[18.258s] -- Installing: /home/redalexdad/GitHub/WalkingRobotSim/install/yolo_msgs/include/yolo_msgs/yolo_msgs/msg/detail/key_point3_d_array__struct.hpp
[18.259s] -- Installing: /home/redalexdad/GitHub/WalkingRobotSim/install/yolo_msgs/include/yolo_msgs/yolo_msgs/msg/detail/key_point2_d_array__type_support.hpp
[18.259s] -- Installing: /home/redalexdad/GitHub/WalkingRobotSim/install/yolo_msgs/include/yolo_msgs/yolo_msgs/msg/detail/detection__struct.hpp
[18.259s] -- Installing: /home/redalexdad/GitHub/WalkingRobotSim/install/yolo_msgs/include/yolo_msgs/yolo_msgs/msg/detail/key_point2_d__struct.hpp
[18.259s] -- Installing: /home/redalexdad/GitHub/WalkingRobotSim/install/yolo_msgs/include/yolo_msgs/yolo_msgs/msg/detail/vector2__builder.hpp
[18.259s] -- Installing: /home/redalexdad/GitHub/WalkingRobotSim/install/yolo_msgs/include/yolo_msgs/yolo_msgs/msg/detail/bounding_box3_d__traits.hpp
[18.259s] -- Installing: /home/redalexdad/GitHub/WalkingRobotSim/install/yolo_msgs/include/yolo_msgs/yolo_msgs/msg/detail/detection__type_support.hpp
[18.259s] -- Installing: /home/redalexdad/GitHub/WalkingRobotSim/install/yolo_msgs/include/yolo_msgs/yolo_msgs/msg/detail/pose2_d__builder.hpp
[18.259s] -- Installing: /home/redalexdad/GitHub/WalkingRobotSim/install/yolo_msgs/include/yolo_msgs/yolo_msgs/msg/detail/key_point2_d__traits.hpp
[18.259s] -- Installing: /home/redalexdad/GitHub/WalkingRobotSim/install/yolo_msgs/include/yolo_msgs/yolo_msgs/msg/detail/vector2__type_support.hpp
[18.261s] -- Installing: /home/redalexdad/GitHub/WalkingRobotSim/install/yolo_msgs/include/yolo_msgs/yolo_msgs/msg/detail/bounding_box2_d__type_support.hpp
[18.261s] -- Installing: /home/redalexdad/GitHub/WalkingRobotSim/install/yolo_msgs/include/yolo_msgs/yolo_msgs/msg/detail/mask__traits.hpp
[18.261s] -- Installing: /home/redalexdad/GitHub/WalkingRobotSim/install/yolo_msgs/include/yolo_msgs/yolo_msgs/msg/detail/key_point2_d_array__traits.hpp
[18.261s] -- Installing: /home/redalexdad/GitHub/WalkingRobotSim/install/yolo_msgs/include/yolo_msgs/yolo_msgs/msg/detail/pose2_d__struct.hpp
[18.261s] -- Installing: /home/redalexdad/GitHub/WalkingRobotSim/install/yolo_msgs/include/yolo_msgs/yolo_msgs/msg/detail/key_point2_d__type_support.hpp
[18.261s] -- Installing: /home/redalexdad/GitHub/WalkingRobotSim/install/yolo_msgs/include/yolo_msgs/yolo_msgs/msg/detail/bounding_box2_d__struct.hpp
[18.261s] -- Installing: /home/redalexdad/GitHub/WalkingRobotSim/install/yolo_msgs/include/yolo_msgs/yolo_msgs/msg/detail/vector2__struct.hpp
[18.261s] -- Installing: /home/redalexdad/GitHub/WalkingRobotSim/install/yolo_msgs/include/yolo_msgs/yolo_msgs/msg/detail/point2_d__struct.hpp
[18.261s] -- Installing: /home/redalexdad/GitHub/WalkingRobotSim/install/yolo_msgs/include/yolo_msgs/yolo_msgs/msg/detail/detection__traits.hpp
[18.261s] -- Installing: /home/redalexdad/GitHub/WalkingRobotSim/install/yolo_msgs/include/yolo_msgs/yolo_msgs/msg/detail/bounding_box3_d__type_support.hpp
[18.261s] -- Installing: /home/redalexdad/GitHub/WalkingRobotSim/install/yolo_msgs/include/yolo_msgs/yolo_msgs/msg/detail/detection__builder.hpp
[18.261s] -- Installing: /home/redalexdad/GitHub/WalkingRobotSim/install/yolo_msgs/include/yolo_msgs/yolo_msgs/msg/detail/detection_array__type_support.hpp
[18.261s] -- Installing: /home/redalexdad/GitHub/WalkingRobotSim/install/yolo_msgs/include/yolo_msgs/yolo_msgs/msg/detail/detection_array__struct.hpp
[18.262s] -- Installing: /home/redalexdad/GitHub/WalkingRobotSim/install/yolo_msgs/include/yolo_msgs/yolo_msgs/msg/detail/pose2_d__traits.hpp
[18.262s] -- Installing: /home/redalexdad/GitHub/WalkingRobotSim/install/yolo_msgs/include/yolo_msgs/yolo_msgs/msg/detail/key_point3_d__traits.hpp
[18.262s] -- Installing: /home/redalexdad/GitHub/WalkingRobotSim/install/yolo_msgs/include/yolo_msgs/yolo_msgs/msg/detail/mask__struct.hpp
[18.262s] -- Installing: /home/redalexdad/GitHub/WalkingRobotSim/install/yolo_msgs/include/yolo_msgs/yolo_msgs/msg/detail/key_point2_d__builder.hpp
[18.262s] -- Installing: /home/redalexdad/GitHub/WalkingRobotSim/install/yolo_msgs/include/yolo_msgs/yolo_msgs/msg/detail/point2_d__type_support.hpp
[18.263s] -- Installing: /home/redalexdad/GitHub/WalkingRobotSim/install/yolo_msgs/include/yolo_msgs/yolo_msgs/msg/detail/key_point3_d_array__builder.hpp
[18.263s] -- Installing: /home/redalexdad/GitHub/WalkingRobotSim/install/yolo_msgs/include/yolo_msgs/yolo_msgs/msg/detail/key_point3_d__type_support.hpp
[18.263s] -- Installing: /home/redalexdad/GitHub/WalkingRobotSim/install/yolo_msgs/include/yolo_msgs/yolo_msgs/msg/detail/point2_d__builder.hpp
[18.263s] -- Installing: /home/redalexdad/GitHub/WalkingRobotSim/install/yolo_msgs/include/yolo_msgs/yolo_msgs/msg/detail/vector2__traits.hpp
[18.263s] -- Installing: /home/redalexdad/GitHub/WalkingRobotSim/install/yolo_msgs/include/yolo_msgs/yolo_msgs/msg/detail/bounding_box3_d__struct.hpp
[18.263s] -- Installing: /home/redalexdad/GitHub/WalkingRobotSim/install/yolo_msgs/include/yolo_msgs/yolo_msgs/msg/detail/detection_array__traits.hpp
[18.263s] -- Installing: /home/redalexdad/GitHub/WalkingRobotSim/install/yolo_msgs/include/yolo_msgs/yolo_msgs/msg/detail/key_point3_d_array__type_support.hpp
[18.263s] -- Installing: /home/redalexdad/GitHub/WalkingRobotSim/install/yolo_msgs/include/yolo_msgs/yolo_msgs/msg/detail/key_point3_d__struct.hpp
[18.263s] -- Installing: /home/redalexdad/GitHub/WalkingRobotSim/install/yolo_msgs/include/yolo_msgs/yolo_msgs/msg/detail/key_point2_d_array__struct.hpp
[18.263s] -- Installing: /home/redalexdad/GitHub/WalkingRobotSim/install/yolo_msgs/include/yolo_msgs/yolo_msgs/msg/detail/bounding_box2_d__traits.hpp
[18.263s] -- Installing: /home/redalexdad/GitHub/WalkingRobotSim/install/yolo_msgs/include/yolo_msgs/yolo_msgs/msg/key_point2_d_array.hpp
[18.263s] -- Installing: /home/redalexdad/GitHub/WalkingRobotSim/install/yolo_msgs/include/yolo_msgs/yolo_msgs/msg/vector2.hpp
[18.264s] -- Up-to-date: /home/redalexdad/GitHub/WalkingRobotSim/install/yolo_msgs/include/yolo_msgs/yolo_msgs/srv
[18.264s] -- Installing: /home/redalexdad/GitHub/WalkingRobotSim/install/yolo_msgs/include/yolo_msgs/yolo_msgs/srv/set_classes.hpp
[18.264s] -- Up-to-date: /home/redalexdad/GitHub/WalkingRobotSim/install/yolo_msgs/include/yolo_msgs/yolo_msgs/srv/detail
[18.264s] -- Installing: /home/redalexdad/GitHub/WalkingRobotSim/install/yolo_msgs/include/yolo_msgs/yolo_msgs/srv/detail/set_classes__builder.hpp
[18.265s] -- Installing: /home/redalexdad/GitHub/WalkingRobotSim/install/yolo_msgs/include/yolo_msgs/yolo_msgs/srv/detail/set_classes__traits.hpp
[18.265s] -- Installing: /home/redalexdad/GitHub/WalkingRobotSim/install/yolo_msgs/include/yolo_msgs/yolo_msgs/srv/detail/set_classes__struct.hpp
[18.265s] -- Installing: /home/redalexdad/GitHub/WalkingRobotSim/install/yolo_msgs/include/yolo_msgs/yolo_msgs/srv/detail/set_classes__type_support.hpp
[18.265s] -- Up-to-date: /home/redalexdad/GitHub/WalkingRobotSim/install/yolo_msgs/include/yolo_msgs/yolo_msgs
[18.265s] -- Up-to-date: /home/redalexdad/GitHub/WalkingRobotSim/install/yolo_msgs/include/yolo_msgs/yolo_msgs/msg
[18.265s] -- Installing: /home/redalexdad/GitHub/WalkingRobotSim/install/yolo_msgs/include/yolo_msgs/yolo_msgs/msg/rosidl_typesupport_fastrtps_cpp__visibility_control.h
[18.265s] -- Up-to-date: /home/redalexdad/GitHub/WalkingRobotSim/install/yolo_msgs/include/yolo_msgs/yolo_msgs/msg/detail
[18.266s] -- Installing: /home/redalexdad/GitHub/WalkingRobotSim/install/yolo_msgs/include/yolo_msgs/yolo_msgs/msg/detail/bounding_box3_d__rosidl_typesupport_fastrtps_cpp.hpp
[18.266s] -- Installing: /home/redalexdad/GitHub/WalkingRobotSim/install/yolo_msgs/include/yolo_msgs/yolo_msgs/msg/detail/key_point2_d_array__rosidl_typesupport_fastrtps_cpp.hpp
[18.266s] -- Installing: /home/redalexdad/GitHub/WalkingRobotSim/install/yolo_msgs/include/yolo_msgs/yolo_msgs/msg/detail/point2_d__rosidl_typesupport_fastrtps_cpp.hpp
[18.266s] -- Installing: /home/redalexdad/GitHub/WalkingRobotSim/install/yolo_msgs/include/yolo_msgs/yolo_msgs/msg/detail/detection__rosidl_typesupport_fastrtps_cpp.hpp
[18.266s] -- Installing: /home/redalexdad/GitHub/WalkingRobotSim/install/yolo_msgs/include/yolo_msgs/yolo_msgs/msg/detail/pose2_d__rosidl_typesupport_fastrtps_cpp.hpp
[18.266s] -- Installing: /home/redalexdad/GitHub/WalkingRobotSim/install/yolo_msgs/include/yolo_msgs/yolo_msgs/msg/detail/key_point2_d__rosidl_typesupport_fastrtps_cpp.hpp
[18.267s] -- Installing: /home/redalexdad/GitHub/WalkingRobotSim/install/yolo_msgs/include/yolo_msgs/yolo_msgs/msg/detail/vector2__rosidl_typesupport_fastrtps_cpp.hpp
[18.267s] -- Installing: /home/redalexdad/GitHub/WalkingRobotSim/install/yolo_msgs/include/yolo_msgs/yolo_msgs/msg/detail/mask__rosidl_typesupport_fastrtps_cpp.hpp
[18.267s] -- Installing: /home/redalexdad/GitHub/WalkingRobotSim/install/yolo_msgs/include/yolo_msgs/yolo_msgs/msg/detail/detection_array__rosidl_typesupport_fastrtps_cpp.hpp
[18.267s] -- Installing: /home/redalexdad/GitHub/WalkingRobotSim/install/yolo_msgs/include/yolo_msgs/yolo_msgs/msg/detail/key_point3_d_array__rosidl_typesupport_fastrtps_cpp.hpp
[18.267s] -- Installing: /home/redalexdad/GitHub/WalkingRobotSim/install/yolo_msgs/include/yolo_msgs/yolo_msgs/msg/detail/bounding_box2_d__rosidl_typesupport_fastrtps_cpp.hpp
[18.267s] -- Installing: /home/redalexdad/GitHub/WalkingRobotSim/install/yolo_msgs/include/yolo_msgs/yolo_msgs/msg/detail/dds_fastrtps
[18.267s] -- Installing: /home/redalexdad/GitHub/WalkingRobotSim/install/yolo_msgs/include/yolo_msgs/yolo_msgs/msg/detail/key_point3_d__rosidl_typesupport_fastrtps_cpp.hpp
[18.267s] -- Up-to-date: /home/redalexdad/GitHub/WalkingRobotSim/install/yolo_msgs/include/yolo_msgs/yolo_msgs/srv
[18.267s] -- Up-to-date: /home/redalexdad/GitHub/WalkingRobotSim/install/yolo_msgs/include/yolo_msgs/yolo_msgs/srv/detail
[18.267s] -- Installing: /home/redalexdad/GitHub/WalkingRobotSim/install/yolo_msgs/include/yolo_msgs/yolo_msgs/srv/detail/set_classes__rosidl_typesupport_fastrtps_cpp.hpp
[18.267s] -- Installing: /home/redalexdad/GitHub/WalkingRobotSim/install/yolo_msgs/include/yolo_msgs/yolo_msgs/srv/detail/dds_fastrtps
[18.268s] -- Installing: /home/redalexdad/GitHub/WalkingRobotSim/install/yolo_msgs/lib/libyolo_msgs__rosidl_typesupport_fastrtps_cpp.so
[18.269s] -- Set non-toolchain portion of runtime path of "/home/redalexdad/GitHub/WalkingRobotSim/install/yolo_msgs/lib/libyolo_msgs__rosidl_typesupport_fastrtps_cpp.so" to ""
[18.269s] -- Up-to-date: /home/redalexdad/GitHub/WalkingRobotSim/install/yolo_msgs/include/yolo_msgs/yolo_msgs
[18.269s] -- Up-to-date: /home/redalexdad/GitHub/WalkingRobotSim/install/yolo_msgs/include/yolo_msgs/yolo_msgs/msg
[18.269s] -- Up-to-date: /home/redalexdad/GitHub/WalkingRobotSim/install/yolo_msgs/include/yolo_msgs/yolo_msgs/msg/detail
[18.269s] -- Installing: /home/redalexdad/GitHub/WalkingRobotSim/install/yolo_msgs/include/yolo_msgs/yolo_msgs/msg/detail/pose2_d__type_support.cpp
[18.269s] -- Installing: /home/redalexdad/GitHub/WalkingRobotSim/install/yolo_msgs/include/yolo_msgs/yolo_msgs/msg/detail/key_point3_d_array__rosidl_typesupport_introspection_cpp.hpp
[18.269s] -- Installing: /home/redalexdad/GitHub/WalkingRobotSim/install/yolo_msgs/include/yolo_msgs/yolo_msgs/msg/detail/key_point2_d__rosidl_typesupport_introspection_cpp.hpp
[18.270s] -- Installing: /home/redalexdad/GitHub/WalkingRobotSim/install/yolo_msgs/include/yolo_msgs/yolo_msgs/msg/detail/point2_d__type_support.cpp
[18.270s] -- Installing: /home/redalexdad/GitHub/WalkingRobotSim/install/yolo_msgs/include/yolo_msgs/yolo_msgs/msg/detail/key_point3_d__rosidl_typesupport_introspection_cpp.hpp
[18.270s] -- Installing: /home/redalexdad/GitHub/WalkingRobotSim/install/yolo_msgs/include/yolo_msgs/yolo_msgs/msg/detail/vector2__type_support.cpp
[18.270s] -- Installing: /home/redalexdad/GitHub/WalkingRobotSim/install/yolo_msgs/include/yolo_msgs/yolo_msgs/msg/detail/mask__rosidl_typesupport_introspection_cpp.hpp
[18.270s] -- Installing: /home/redalexdad/GitHub/WalkingRobotSim/install/yolo_msgs/include/yolo_msgs/yolo_msgs/msg/detail/pose2_d__rosidl_typesupport_introspection_cpp.hpp
[18.270s] -- Installing: /home/redalexdad/GitHub/WalkingRobotSim/install/yolo_msgs/include/yolo_msgs/yolo_msgs/msg/detail/mask__type_support.cpp
[18.270s] -- Installing: /home/redalexdad/GitHub/WalkingRobotSim/install/yolo_msgs/include/yolo_msgs/yolo_msgs/msg/detail/vector2__rosidl_typesupport_introspection_cpp.hpp
[18.270s] -- Installing: /home/redalexdad/GitHub/WalkingRobotSim/install/yolo_msgs/include/yolo_msgs/yolo_msgs/msg/detail/detection_array__type_support.cpp
[18.270s] -- Installing: /home/redalexdad/GitHub/WalkingRobotSim/install/yolo_msgs/include/yolo_msgs/yolo_msgs/msg/detail/detection__rosidl_typesupport_introspection_cpp.hpp
[18.270s] -- Installing: /home/redalexdad/GitHub/WalkingRobotSim/install/yolo_msgs/include/yolo_msgs/yolo_msgs/msg/detail/key_point2_d__type_support.cpp
[18.270s] -- Installing: /home/redalexdad/GitHub/WalkingRobotSim/install/yolo_msgs/include/yolo_msgs/yolo_msgs/msg/detail/bounding_box2_d__type_support.cpp
[18.270s] -- Installing: /home/redalexdad/GitHub/WalkingRobotSim/install/yolo_msgs/include/yolo_msgs/yolo_msgs/msg/detail/key_point2_d_array__type_support.cpp
[18.270s] -- Installing: /home/redalexdad/GitHub/WalkingRobotSim/install/yolo_msgs/include/yolo_msgs/yolo_msgs/msg/detail/detection_array__rosidl_typesupport_introspection_cpp.hpp
[18.270s] -- Installing: /home/redalexdad/GitHub/WalkingRobotSim/install/yolo_msgs/include/yolo_msgs/yolo_msgs/msg/detail/bounding_box3_d__type_support.cpp
[18.271s] -- Installing: /home/redalexdad/GitHub/WalkingRobotSim/install/yolo_msgs/include/yolo_msgs/yolo_msgs/msg/detail/detection__type_support.cpp
[18.271s] -- Installing: /home/redalexdad/GitHub/WalkingRobotSim/install/yolo_msgs/include/yolo_msgs/yolo_msgs/msg/detail/key_point3_d__type_support.cpp
[18.271s] -- Installing: /home/redalexdad/GitHub/WalkingRobotSim/install/yolo_msgs/include/yolo_msgs/yolo_msgs/msg/detail/key_point2_d_array__rosidl_typesupport_introspection_cpp.hpp
[18.271s] -- Installing: /home/redalexdad/GitHub/WalkingRobotSim/install/yolo_msgs/include/yolo_msgs/yolo_msgs/msg/detail/point2_d__rosidl_typesupport_introspection_cpp.hpp
[18.271s] -- Installing: /home/redalexdad/GitHub/WalkingRobotSim/install/yolo_msgs/include/yolo_msgs/yolo_msgs/msg/detail/key_point3_d_array__type_support.cpp
[18.271s] -- Installing: /home/redalexdad/GitHub/WalkingRobotSim/install/yolo_msgs/include/yolo_msgs/yolo_msgs/msg/detail/bounding_box3_d__rosidl_typesupport_introspection_cpp.hpp
[18.271s] -- Installing: /home/redalexdad/GitHub/WalkingRobotSim/install/yolo_msgs/include/yolo_msgs/yolo_msgs/msg/detail/bounding_box2_d__rosidl_typesupport_introspection_cpp.hpp
[18.271s] -- Up-to-date: /home/redalexdad/GitHub/WalkingRobotSim/install/yolo_msgs/include/yolo_msgs/yolo_msgs/srv
[18.271s] -- Up-to-date: /home/redalexdad/GitHub/WalkingRobotSim/install/yolo_msgs/include/yolo_msgs/yolo_msgs/srv/detail
[18.271s] -- Installing: /home/redalexdad/GitHub/WalkingRobotSim/install/yolo_msgs/include/yolo_msgs/yolo_msgs/srv/detail/set_classes__type_support.cpp
[18.271s] -- Installing: /home/redalexdad/GitHub/WalkingRobotSim/install/yolo_msgs/include/yolo_msgs/yolo_msgs/srv/detail/set_classes__rosidl_typesupport_introspection_cpp.hpp
[18.271s] -- Installing: /home/redalexdad/GitHub/WalkingRobotSim/install/yolo_msgs/lib/libyolo_msgs__rosidl_typesupport_introspection_cpp.so
[18.271s] -- Set non-toolchain portion of runtime path of "/home/redalexdad/GitHub/WalkingRobotSim/install/yolo_msgs/lib/libyolo_msgs__rosidl_typesupport_introspection_cpp.so" to ""
[18.271s] -- Installing: /home/redalexdad/GitHub/WalkingRobotSim/install/yolo_msgs/lib/libyolo_msgs__rosidl_typesupport_cpp.so
[18.272s] -- Set non-toolchain portion of runtime path of "/home/redalexdad/GitHub/WalkingRobotSim/install/yolo_msgs/lib/libyolo_msgs__rosidl_typesupport_cpp.so" to ""
[18.272s] -- Installing: /home/redalexdad/GitHub/WalkingRobotSim/install/yolo_msgs/share/yolo_msgs/environment/pythonpath.sh
[18.272s] -- Installing: /home/redalexdad/GitHub/WalkingRobotSim/install/yolo_msgs/share/yolo_msgs/environment/pythonpath.dsv
[18.272s] -- Installing: /home/redalexdad/GitHub/WalkingRobotSim/install/yolo_msgs/lib/python3.12/site-packages/yolo_msgs-4.2.0-py3.12.egg-info
[18.272s] -- Installing: /home/redalexdad/GitHub/WalkingRobotSim/install/yolo_msgs/lib/python3.12/site-packages/yolo_msgs-4.2.0-py3.12.egg-info/PKG-INFO
[18.272s] -- Installing: /home/redalexdad/GitHub/WalkingRobotSim/install/yolo_msgs/lib/python3.12/site-packages/yolo_msgs-4.2.0-py3.12.egg-info/SOURCES.txt
[18.272s] -- Installing: /home/redalexdad/GitHub/WalkingRobotSim/install/yolo_msgs/lib/python3.12/site-packages/yolo_msgs-4.2.0-py3.12.egg-info/top_level.txt
[18.272s] -- Installing: /home/redalexdad/GitHub/WalkingRobotSim/install/yolo_msgs/lib/python3.12/site-packages/yolo_msgs-4.2.0-py3.12.egg-info/dependency_links.txt
[18.272s] -- Installing: /home/redalexdad/GitHub/WalkingRobotSim/install/yolo_msgs/lib/python3.12/site-packages/yolo_msgs
[18.272s] -- Installing: /home/redalexdad/GitHub/WalkingRobotSim/install/yolo_msgs/lib/python3.12/site-packages/yolo_msgs/_yolo_msgs_s.ep.rosidl_typesupport_fastrtps_c.c
[18.272s] -- Installing: /home/redalexdad/GitHub/WalkingRobotSim/install/yolo_msgs/lib/python3.12/site-packages/yolo_msgs/msg
[18.272s] -- Installing: /home/redalexdad/GitHub/WalkingRobotSim/install/yolo_msgs/lib/python3.12/site-packages/yolo_msgs/msg/_vector2_s.c
[18.272s] -- Installing: /home/redalexdad/GitHub/WalkingRobotSim/install/yolo_msgs/lib/python3.12/site-packages/yolo_msgs/msg/_key_point2_d_array_s.c
[18.272s] -- Installing: /home/redalexdad/GitHub/WalkingRobotSim/install/yolo_msgs/lib/python3.12/site-packages/yolo_msgs/msg/_key_point3_d_s.c
[18.273s] -- Installing: /home/redalexdad/GitHub/WalkingRobotSim/install/yolo_msgs/lib/python3.12/site-packages/yolo_msgs/msg/_point2_d.py
[18.273s] -- Installing: /home/redalexdad/GitHub/WalkingRobotSim/install/yolo_msgs/lib/python3.12/site-packages/yolo_msgs/msg/_detection_array.py
[18.273s] -- Installing: /home/redalexdad/GitHub/WalkingRobotSim/install/yolo_msgs/lib/python3.12/site-packages/yolo_msgs/msg/__init__.py
[18.273s] -- Installing: /home/redalexdad/GitHub/WalkingRobotSim/install/yolo_msgs/lib/python3.12/site-packages/yolo_msgs/msg/_key_point2_d_array.py
[18.273s] -- Installing: /home/redalexdad/GitHub/WalkingRobotSim/install/yolo_msgs/lib/python3.12/site-packages/yolo_msgs/msg/_pose2_d.py
[18.273s] -- Installing: /home/redalexdad/GitHub/WalkingRobotSim/install/yolo_msgs/lib/python3.12/site-packages/yolo_msgs/msg/_key_point3_d_array.py
[18.273s] -- Installing: /home/redalexdad/GitHub/WalkingRobotSim/install/yolo_msgs/lib/python3.12/site-packages/yolo_msgs/msg/_point2_d_s.c
[18.273s] -- Installing: /home/redalexdad/GitHub/WalkingRobotSim/install/yolo_msgs/lib/python3.12/site-packages/yolo_msgs/msg/_bounding_box2_d_s.c
[18.273s] -- Installing: /home/redalexdad/GitHub/WalkingRobotSim/install/yolo_msgs/lib/python3.12/site-packages/yolo_msgs/msg/_bounding_box3_d_s.c
[18.273s] -- Installing: /home/redalexdad/GitHub/WalkingRobotSim/install/yolo_msgs/lib/python3.12/site-packages/yolo_msgs/msg/_vector2.py
[18.273s] -- Installing: /home/redalexdad/GitHub/WalkingRobotSim/install/yolo_msgs/lib/python3.12/site-packages/yolo_msgs/msg/_detection.py
[18.273s] -- Installing: /home/redalexdad/GitHub/WalkingRobotSim/install/yolo_msgs/lib/python3.12/site-packages/yolo_msgs/msg/_mask.py
[18.273s] -- Installing: /home/redalexdad/GitHub/WalkingRobotSim/install/yolo_msgs/lib/python3.12/site-packages/yolo_msgs/msg/_detection_array_s.c
[18.273s] -- Installing: /home/redalexdad/GitHub/WalkingRobotSim/install/yolo_msgs/lib/python3.12/site-packages/yolo_msgs/msg/_key_point2_d_s.c
[18.274s] -- Installing: /home/redalexdad/GitHub/WalkingRobotSim/install/yolo_msgs/lib/python3.12/site-packages/yolo_msgs/msg/_bounding_box2_d.py
[18.274s] -- Installing: /home/redalexdad/GitHub/WalkingRobotSim/install/yolo_msgs/lib/python3.12/site-packages/yolo_msgs/msg/_detection_s.c
[18.274s] -- Installing: /home/redalexdad/GitHub/WalkingRobotSim/install/yolo_msgs/lib/python3.12/site-packages/yolo_msgs/msg/_pose2_d_s.c
[18.274s] -- Installing: /home/redalexdad/GitHub/WalkingRobotSim/install/yolo_msgs/lib/python3.12/site-packages/yolo_msgs/msg/_key_point3_d_array_s.c
[18.274s] -- Installing: /home/redalexdad/GitHub/WalkingRobotSim/install/yolo_msgs/lib/python3.12/site-packages/yolo_msgs/msg/_key_point2_d.py
[18.274s] -- Installing: /home/redalexdad/GitHub/WalkingRobotSim/install/yolo_msgs/lib/python3.12/site-packages/yolo_msgs/msg/_mask_s.c
[18.274s] -- Installing: /home/redalexdad/GitHub/WalkingRobotSim/install/yolo_msgs/lib/python3.12/site-packages/yolo_msgs/msg/_bounding_box3_d.py
[18.274s] -- Installing: /home/redalexdad/GitHub/WalkingRobotSim/install/yolo_msgs/lib/python3.12/site-packages/yolo_msgs/msg/_key_point3_d.py
[18.274s] -- Installing: /home/redalexdad/GitHub/WalkingRobotSim/install/yolo_msgs/lib/python3.12/site-packages/yolo_msgs/yolo_msgs_s__rosidl_typesupport_c.so
[18.274s] -- Installing: /home/redalexdad/GitHub/WalkingRobotSim/install/yolo_msgs/lib/python3.12/site-packages/yolo_msgs/srv
[18.274s] -- Installing: /home/redalexdad/GitHub/WalkingRobotSim/install/yolo_msgs/lib/python3.12/site-packages/yolo_msgs/srv/__init__.py
[18.274s] -- Installing: /home/redalexdad/GitHub/WalkingRobotSim/install/yolo_msgs/lib/python3.12/site-packages/yolo_msgs/srv/_set_classes.py
[18.274s] -- Installing: /home/redalexdad/GitHub/WalkingRobotSim/install/yolo_msgs/lib/python3.12/site-packages/yolo_msgs/srv/_set_classes_s.c
[18.274s] -- Installing: /home/redalexdad/GitHub/WalkingRobotSim/install/yolo_msgs/lib/python3.12/site-packages/yolo_msgs/__init__.py
[18.274s] -- Installing: /home/redalexdad/GitHub/WalkingRobotSim/install/yolo_msgs/lib/python3.12/site-packages/yolo_msgs/yolo_msgs_s__rosidl_typesupport_introspection_c.so
[18.275s] -- Installing: /home/redalexdad/GitHub/WalkingRobotSim/install/yolo_msgs/lib/python3.12/site-packages/yolo_msgs/yolo_msgs_s__rosidl_typesupport_fastrtps_c.so
[18.275s] -- Installing: /home/redalexdad/GitHub/WalkingRobotSim/install/yolo_msgs/lib/python3.12/site-packages/yolo_msgs/_yolo_msgs_s.ep.rosidl_typesupport_c.c
[18.275s] -- Installing: /home/redalexdad/GitHub/WalkingRobotSim/install/yolo_msgs/lib/python3.12/site-packages/yolo_msgs/_yolo_msgs_s.ep.rosidl_typesupport_introspection_c.c
[18.316s] Listing '/home/redalexdad/GitHub/WalkingRobotSim/install/yolo_msgs/lib/python3.12/site-packages/yolo_msgs'...
[18.316s] Compiling '/home/redalexdad/GitHub/WalkingRobotSim/install/yolo_msgs/lib/python3.12/site-packages/yolo_msgs/__init__.py'...
[18.316s] Listing '/home/redalexdad/GitHub/WalkingRobotSim/install/yolo_msgs/lib/python3.12/site-packages/yolo_msgs/msg'...
[18.316s] Compiling '/home/redalexdad/GitHub/WalkingRobotSim/install/yolo_msgs/lib/python3.12/site-packages/yolo_msgs/msg/__init__.py'...
[18.316s] Compiling '/home/redalexdad/GitHub/WalkingRobotSim/install/yolo_msgs/lib/python3.12/site-packages/yolo_msgs/msg/_bounding_box2_d.py'...
[18.316s] Compiling '/home/redalexdad/GitHub/WalkingRobotSim/install/yolo_msgs/lib/python3.12/site-packages/yolo_msgs/msg/_bounding_box3_d.py'...
[18.316s] Compiling '/home/redalexdad/GitHub/WalkingRobotSim/install/yolo_msgs/lib/python3.12/site-packages/yolo_msgs/msg/_detection.py'...
[18.317s] Compiling '/home/redalexdad/GitHub/WalkingRobotSim/install/yolo_msgs/lib/python3.12/site-packages/yolo_msgs/msg/_detection_array.py'...
[18.317s] Compiling '/home/redalexdad/GitHub/WalkingRobotSim/install/yolo_msgs/lib/python3.12/site-packages/yolo_msgs/msg/_key_point2_d.py'...
[18.317s] Compiling '/home/redalexdad/GitHub/WalkingRobotSim/install/yolo_msgs/lib/python3.12/site-packages/yolo_msgs/msg/_key_point2_d_array.py'...
[18.317s] Compiling '/home/redalexdad/GitHub/WalkingRobotSim/install/yolo_msgs/lib/python3.12/site-packages/yolo_msgs/msg/_key_point3_d.py'...
[18.317s] Compiling '/home/redalexdad/GitHub/WalkingRobotSim/install/yolo_msgs/lib/python3.12/site-packages/yolo_msgs/msg/_key_point3_d_array.py'...
[18.317s] Compiling '/home/redalexdad/GitHub/WalkingRobotSim/install/yolo_msgs/lib/python3.12/site-packages/yolo_msgs/msg/_mask.py'...
[18.317s] Compiling '/home/redalexdad/GitHub/WalkingRobotSim/install/yolo_msgs/lib/python3.12/site-packages/yolo_msgs/msg/_point2_d.py'...
[18.317s] Compiling '/home/redalexdad/GitHub/WalkingRobotSim/install/yolo_msgs/lib/python3.12/site-packages/yolo_msgs/msg/_pose2_d.py'...
[18.317s] Compiling '/home/redalexdad/GitHub/WalkingRobotSim/install/yolo_msgs/lib/python3.12/site-packages/yolo_msgs/msg/_vector2.py'...
[18.317s] Listing '/home/redalexdad/GitHub/WalkingRobotSim/install/yolo_msgs/lib/python3.12/site-packages/yolo_msgs/srv'...
[18.317s] Compiling '/home/redalexdad/GitHub/WalkingRobotSim/install/yolo_msgs/lib/python3.12/site-packages/yolo_msgs/srv/__init__.py'...
[18.318s] Compiling '/home/redalexdad/GitHub/WalkingRobotSim/install/yolo_msgs/lib/python3.12/site-packages/yolo_msgs/srv/_set_classes.py'...
[18.323s] -- Installing: /home/redalexdad/GitHub/WalkingRobotSim/install/yolo_msgs/lib/python3.12/site-packages/yolo_msgs/yolo_msgs_s__rosidl_typesupport_fastrtps_c.so
[18.324s] -- Set non-toolchain portion of runtime path of "/home/redalexdad/GitHub/WalkingRobotSim/install/yolo_msgs/lib/python3.12/site-packages/yolo_msgs/yolo_msgs_s__rosidl_typesupport_fastrtps_c.so" to ""
[18.325s] -- Installing: /home/redalexdad/GitHub/WalkingRobotSim/install/yolo_msgs/lib/python3.12/site-packages/yolo_msgs/yolo_msgs_s__rosidl_typesupport_introspection_c.so
[18.326s] -- Set non-toolchain portion of runtime path of "/home/redalexdad/GitHub/WalkingRobotSim/install/yolo_msgs/lib/python3.12/site-packages/yolo_msgs/yolo_msgs_s__rosidl_typesupport_introspection_c.so" to ""
[18.326s] -- Installing: /home/redalexdad/GitHub/WalkingRobotSim/install/yolo_msgs/lib/python3.12/site-packages/yolo_msgs/yolo_msgs_s__rosidl_typesupport_c.so
[18.327s] -- Set non-toolchain portion of runtime path of "/home/redalexdad/GitHub/WalkingRobotSim/install/yolo_msgs/lib/python3.12/site-packages/yolo_msgs/yolo_msgs_s__rosidl_typesupport_c.so" to ""
[18.327s] -- Installing: /home/redalexdad/GitHub/WalkingRobotSim/install/yolo_msgs/lib/libyolo_msgs__rosidl_generator_py.so
[18.328s] -- Set non-toolchain portion of runtime path of "/home/redalexdad/GitHub/WalkingRobotSim/install/yolo_msgs/lib/libyolo_msgs__rosidl_generator_py.so" to ""
[18.328s] -- Installing: /home/redalexdad/GitHub/WalkingRobotSim/install/yolo_msgs/share/yolo_msgs/msg/Point2D.idl
[18.329s] -- Installing: /home/redalexdad/GitHub/WalkingRobotSim/install/yolo_msgs/share/yolo_msgs/msg/Vector2.idl
[18.329s] -- Installing: /home/redalexdad/GitHub/WalkingRobotSim/install/yolo_msgs/share/yolo_msgs/msg/Pose2D.idl
[18.329s] -- Installing: /home/redalexdad/GitHub/WalkingRobotSim/install/yolo_msgs/share/yolo_msgs/msg/BoundingBox2D.idl
[18.329s] -- Installing: /home/redalexdad/GitHub/WalkingRobotSim/install/yolo_msgs/share/yolo_msgs/msg/BoundingBox3D.idl
[18.330s] -- Installing: /home/redalexdad/GitHub/WalkingRobotSim/install/yolo_msgs/share/yolo_msgs/msg/Mask.idl
[18.330s] -- Installing: /home/redalexdad/GitHub/WalkingRobotSim/install/yolo_msgs/share/yolo_msgs/msg/KeyPoint2D.idl
[18.330s] -- Installing: /home/redalexdad/GitHub/WalkingRobotSim/install/yolo_msgs/share/yolo_msgs/msg/KeyPoint2DArray.idl
[18.330s] -- Installing: /home/redalexdad/GitHub/WalkingRobotSim/install/yolo_msgs/share/yolo_msgs/msg/KeyPoint3D.idl
[18.331s] -- Installing: /home/redalexdad/GitHub/WalkingRobotSim/install/yolo_msgs/share/yolo_msgs/msg/KeyPoint3DArray.idl
[18.331s] -- Installing: /home/redalexdad/GitHub/WalkingRobotSim/install/yolo_msgs/share/yolo_msgs/msg/Detection.idl
[18.331s] -- Installing: /home/redalexdad/GitHub/WalkingRobotSim/install/yolo_msgs/share/yolo_msgs/msg/DetectionArray.idl
[18.331s] -- Installing: /home/redalexdad/GitHub/WalkingRobotSim/install/yolo_msgs/share/yolo_msgs/srv/SetClasses.idl
[18.332s] -- Installing: /home/redalexdad/GitHub/WalkingRobotSim/install/yolo_msgs/share/yolo_msgs/msg/Point2D.msg
[18.332s] -- Installing: /home/redalexdad/GitHub/WalkingRobotSim/install/yolo_msgs/share/yolo_msgs/msg/Vector2.msg
[18.333s] -- Installing: /home/redalexdad/GitHub/WalkingRobotSim/install/yolo_msgs/share/yolo_msgs/msg/Pose2D.msg
[18.334s] -- Installing: /home/redalexdad/GitHub/WalkingRobotSim/install/yolo_msgs/share/yolo_msgs/msg/BoundingBox2D.msg
[18.334s] -- Installing: /home/redalexdad/GitHub/WalkingRobotSim/install/yolo_msgs/share/yolo_msgs/msg/BoundingBox3D.msg
[18.334s] -- Installing: /home/redalexdad/GitHub/WalkingRobotSim/install/yolo_msgs/share/yolo_msgs/msg/Mask.msg
[18.334s] -- Installing: /home/redalexdad/GitHub/WalkingRobotSim/install/yolo_msgs/share/yolo_msgs/msg/KeyPoint2D.msg
[18.334s] -- Installing: /home/redalexdad/GitHub/WalkingRobotSim/install/yolo_msgs/share/yolo_msgs/msg/KeyPoint2DArray.msg
[18.335s] -- Installing: /home/redalexdad/GitHub/WalkingRobotSim/install/yolo_msgs/share/yolo_msgs/msg/KeyPoint3D.msg
[18.335s] -- Installing: /home/redalexdad/GitHub/WalkingRobotSim/install/yolo_msgs/share/yolo_msgs/msg/KeyPoint3DArray.msg
[18.335s] -- Installing: /home/redalexdad/GitHub/WalkingRobotSim/install/yolo_msgs/share/yolo_msgs/msg/Detection.msg
[18.335s] -- Installing: /home/redalexdad/GitHub/WalkingRobotSim/install/yolo_msgs/share/yolo_msgs/msg/DetectionArray.msg
[18.335s] -- Installing: /home/redalexdad/GitHub/WalkingRobotSim/install/yolo_msgs/share/yolo_msgs/srv/SetClasses.srv
[18.335s] -- Installing: /home/redalexdad/GitHub/WalkingRobotSim/install/yolo_msgs/share/ament_index/resource_index/package_run_dependencies/yolo_msgs
[18.336s] -- Installing: /home/redalexdad/GitHub/WalkingRobotSim/install/yolo_msgs/share/ament_index/resource_index/parent_prefix_path/yolo_msgs
[18.336s] -- Installing: /home/redalexdad/GitHub/WalkingRobotSim/install/yolo_msgs/share/yolo_msgs/environment/ament_prefix_path.sh
[18.336s] -- Installing: /home/redalexdad/GitHub/WalkingRobotSim/install/yolo_msgs/share/yolo_msgs/environment/ament_prefix_path.dsv
[18.336s] -- Installing: /home/redalexdad/GitHub/WalkingRobotSim/install/yolo_msgs/share/yolo_msgs/environment/path.sh
[18.337s] -- Installing: /home/redalexdad/GitHub/WalkingRobotSim/install/yolo_msgs/share/yolo_msgs/environment/path.dsv
[18.337s] -- Installing: /home/redalexdad/GitHub/WalkingRobotSim/install/yolo_msgs/share/yolo_msgs/local_setup.bash
[18.337s] -- Installing: /home/redalexdad/GitHub/WalkingRobotSim/install/yolo_msgs/share/yolo_msgs/local_setup.sh
[18.389s] -- Installing: /home/redalexdad/GitHub/WalkingRobotSim/install/yolo_msgs/share/yolo_msgs/local_setup.zsh
[18.389s] -- Installing: /home/redalexdad/GitHub/WalkingRobotSim/install/yolo_msgs/share/yolo_msgs/local_setup.dsv
[18.389s] -- Installing: /home/redalexdad/GitHub/WalkingRobotSim/install/yolo_msgs/share/yolo_msgs/package.dsv
[18.389s] -- Installing: /home/redalexdad/GitHub/WalkingRobotSim/install/yolo_msgs/share/ament_index/resource_index/packages/yolo_msgs
[18.389s] -- Installing: /home/redalexdad/GitHub/WalkingRobotSim/install/yolo_msgs/share/yolo_msgs/cmake/export_yolo_msgs__rosidl_generator_cExport.cmake
[18.389s] -- Installing: /home/redalexdad/GitHub/WalkingRobotSim/install/yolo_msgs/share/yolo_msgs/cmake/export_yolo_msgs__rosidl_generator_cExport-noconfig.cmake
[18.389s] -- Installing: /home/redalexdad/GitHub/WalkingRobotSim/install/yolo_msgs/share/yolo_msgs/cmake/export_yolo_msgs__rosidl_typesupport_fastrtps_cExport.cmake
[18.389s] -- Installing: /home/redalexdad/GitHub/WalkingRobotSim/install/yolo_msgs/share/yolo_msgs/cmake/export_yolo_msgs__rosidl_typesupport_fastrtps_cExport-noconfig.cmake
[18.390s] -- Installing: /home/redalexdad/GitHub/WalkingRobotSim/install/yolo_msgs/share/yolo_msgs/cmake/yolo_msgs__rosidl_typesupport_introspection_cExport.cmake
[18.390s] -- Installing: /home/redalexdad/GitHub/WalkingRobotSim/install/yolo_msgs/share/yolo_msgs/cmake/yolo_msgs__rosidl_typesupport_introspection_cExport-noconfig.cmake
[18.390s] -- Installing: /home/redalexdad/GitHub/WalkingRobotSim/install/yolo_msgs/share/yolo_msgs/cmake/yolo_msgs__rosidl_typesupport_cExport.cmake
[18.390s] -- Installing: /home/redalexdad/GitHub/WalkingRobotSim/install/yolo_msgs/share/yolo_msgs/cmake/yolo_msgs__rosidl_typesupport_cExport-noconfig.cmake
[18.390s] -- Installing: /home/redalexdad/GitHub/WalkingRobotSim/install/yolo_msgs/share/yolo_msgs/cmake/export_yolo_msgs__rosidl_generator_cppExport.cmake
[18.390s] -- Installing: /home/redalexdad/GitHub/WalkingRobotSim/install/yolo_msgs/share/yolo_msgs/cmake/export_yolo_msgs__rosidl_typesupport_fastrtps_cppExport.cmake
[18.390s] -- Installing: /home/redalexdad/GitHub/WalkingRobotSim/install/yolo_msgs/share/yolo_msgs/cmake/export_yolo_msgs__rosidl_typesupport_fastrtps_cppExport-noconfig.cmake
[18.390s] -- Installing: /home/redalexdad/GitHub/WalkingRobotSim/install/yolo_msgs/share/yolo_msgs/cmake/yolo_msgs__rosidl_typesupport_introspection_cppExport.cmake
[18.390s] -- Installing: /home/redalexdad/GitHub/WalkingRobotSim/install/yolo_msgs/share/yolo_msgs/cmake/yolo_msgs__rosidl_typesupport_introspection_cppExport-noconfig.cmake
[18.390s] -- Installing: /home/redalexdad/GitHub/WalkingRobotSim/install/yolo_msgs/share/yolo_msgs/cmake/yolo_msgs__rosidl_typesupport_cppExport.cmake
[18.390s] -- Installing: /home/redalexdad/GitHub/WalkingRobotSim/install/yolo_msgs/share/yolo_msgs/cmake/yolo_msgs__rosidl_typesupport_cppExport-noconfig.cmake
[18.391s] -- Installing: /home/redalexdad/GitHub/WalkingRobotSim/install/yolo_msgs/share/yolo_msgs/cmake/export_yolo_msgs__rosidl_generator_pyExport.cmake
[18.391s] -- Installing: /home/redalexdad/GitHub/WalkingRobotSim/install/yolo_msgs/share/yolo_msgs/cmake/export_yolo_msgs__rosidl_generator_pyExport-noconfig.cmake
[18.391s] -- Installing: /home/redalexdad/GitHub/WalkingRobotSim/install/yolo_msgs/share/yolo_msgs/cmake/rosidl_cmake-extras.cmake
[18.391s] -- Installing: /home/redalexdad/GitHub/WalkingRobotSim/install/yolo_msgs/share/yolo_msgs/cmake/ament_cmake_export_dependencies-extras.cmake
[18.391s] -- Installing: /home/redalexdad/GitHub/WalkingRobotSim/install/yolo_msgs/share/yolo_msgs/cmake/ament_cmake_export_include_directories-extras.cmake
[18.391s] -- Installing: /home/redalexdad/GitHub/WalkingRobotSim/install/yolo_msgs/share/yolo_msgs/cmake/ament_cmake_export_libraries-extras.cmake
[18.391s] -- Installing: /home/redalexdad/GitHub/WalkingRobotSim/install/yolo_msgs/share/yolo_msgs/cmake/ament_cmake_export_targets-extras.cmake
[18.391s] -- Installing: /home/redalexdad/GitHub/WalkingRobotSim/install/yolo_msgs/share/yolo_msgs/cmake/rosidl_cmake_export_typesupport_targets-extras.cmake
[18.391s] -- Installing: /home/redalexdad/GitHub/WalkingRobotSim/install/yolo_msgs/share/yolo_msgs/cmake/rosidl_cmake_export_typesupport_libraries-extras.cmake
[18.391s] -- Installing: /home/redalexdad/GitHub/WalkingRobotSim/install/yolo_msgs/share/yolo_msgs/cmake/yolo_msgsConfig.cmake
[18.391s] -- Installing: /home/redalexdad/GitHub/WalkingRobotSim/install/yolo_msgs/share/yolo_msgs/cmake/yolo_msgsConfig-version.cmake
[18.391s] -- Installing: /home/redalexdad/GitHub/WalkingRobotSim/install/yolo_msgs/share/yolo_msgs/package.xml
[18.391s] Invoked command in '/home/redalexdad/GitHub/WalkingRobotSim/build/yolo_msgs' returned '0': CMAKE_PREFIX_PATH=${CMAKE_PREFIX_PATH}:/home/redalexdad/GitHub/WalkingRobotSim/install/ros2_yolo_recognition:/home/redalexdad/GitHub/WalkingRobotSim/install/ros2_odometry:/home/redalexdad/GitHub/WalkingRobotSim/install/ros2_navigation:/home/redalexdad/GitHub/WalkingRobotSim/install/ros2_cartography:/opt/ros/jazzy DEBUGINFOD_URLS=https://debuginfod.ubuntu.com /usr/bin/cmake --install /home/redalexdad/GitHub/WalkingRobotSim/build/yolo_msgs
