running egg_info
creating ../../build/ros2_cartography/ros2_cartography.egg-info
writing ../../build/ros2_cartography/ros2_cartography.egg-info/PKG-INFO
writing dependency_links to ../../build/ros2_cartography/ros2_cartography.egg-info/dependency_links.txt
writing requirements to ../../build/ros2_cartography/ros2_cartography.egg-info/requires.txt
writing top-level names to ../../build/ros2_cartography/ros2_cartography.egg-info/top_level.txt
writing manifest file '../../build/ros2_cartography/ros2_cartography.egg-info/SOURCES.txt'
reading manifest file '../../build/ros2_cartography/ros2_cartography.egg-info/SOURCES.txt'
writing manifest file '../../build/ros2_cartography/ros2_cartography.egg-info/SOURCES.txt'
running build
running build_py
creating /home/redalexdad/GitHub/WalkingRobotSim/build/ros2_cartography/build
creating /home/redalexdad/GitHub/WalkingRobotSim/build/ros2_cartography/build/lib
creating /home/redalexdad/GitHub/WalkingRobotSim/build/ros2_cartography/build/lib/ros2_cartography
copying ros2_cartography/__init__.py -> /home/redalexdad/GitHub/WalkingRobotSim/build/ros2_cartography/build/lib/ros2_cartography
running install
running install_lib
creating /home/redalexdad/GitHub/WalkingRobotSim/install/ros2_cartography/lib/python3.12/site-packages/ros2_cartography
copying /home/redalexdad/GitHub/WalkingRobotSim/build/ros2_cartography/build/lib/ros2_cartography/__init__.py -> /home/redalexdad/GitHub/WalkingRobotSim/install/ros2_cartography/lib/python3.12/site-packages/ros2_cartography
byte-compiling /home/redalexdad/GitHub/WalkingRobotSim/install/ros2_cartography/lib/python3.12/site-packages/ros2_cartography/__init__.py to __init__.cpython-312.pyc
running install_data
creating /home/redalexdad/GitHub/WalkingRobotSim/install/ros2_cartography/share/ament_index
creating /home/redalexdad/GitHub/WalkingRobotSim/install/ros2_cartography/share/ament_index/resource_index
creating /home/redalexdad/GitHub/WalkingRobotSim/install/ros2_cartography/share/ament_index/resource_index/packages
copying resource/ros2_cartography -> /home/redalexdad/GitHub/WalkingRobotSim/install/ros2_cartography/share/ament_index/resource_index/packages
copying package.xml -> /home/redalexdad/GitHub/WalkingRobotSim/install/ros2_cartography/share/ros2_cartography
creating /home/redalexdad/GitHub/WalkingRobotSim/install/ros2_cartography/share/ros2_cartography/launch
copying launch/rtabmap.launch.py -> /home/redalexdad/GitHub/WalkingRobotSim/install/ros2_cartography/share/ros2_cartography/launch
copying launch/cartography.launch.py -> /home/redalexdad/GitHub/WalkingRobotSim/install/ros2_cartography/share/ros2_cartography/launch
creating /home/redalexdad/GitHub/WalkingRobotSim/install/ros2_cartography/share/ros2_cartography/params
copying params/slam_params_async.yaml -> /home/redalexdad/GitHub/WalkingRobotSim/install/ros2_cartography/share/ros2_cartography/params
copying params/slam_toolbox.yaml -> /home/redalexdad/GitHub/WalkingRobotSim/install/ros2_cartography/share/ros2_cartography/params
copying params/rtabmap.yaml -> /home/redalexdad/GitHub/WalkingRobotSim/install/ros2_cartography/share/ros2_cartography/params
copying params/slam.yaml -> /home/redalexdad/GitHub/WalkingRobotSim/install/ros2_cartography/share/ros2_cartography/params
creating /home/redalexdad/GitHub/WalkingRobotSim/install/ros2_cartography/share/ros2_cartography/rviz
copying rviz/cartography.rviz -> /home/redalexdad/GitHub/WalkingRobotSim/install/ros2_cartography/share/ros2_cartography/rviz
copying rviz/slam.rviz -> /home/redalexdad/GitHub/WalkingRobotSim/install/ros2_cartography/share/ros2_cartography/rviz
copying rviz/rtabmap.rviz -> /home/redalexdad/GitHub/WalkingRobotSim/install/ros2_cartography/share/ros2_cartography/rviz
running install_egg_info
Copying ../../build/ros2_cartography/ros2_cartography.egg-info to /home/redalexdad/GitHub/WalkingRobotSim/install/ros2_cartography/lib/python3.12/site-packages/ros2_cartography-0.0.0-py3.12.egg-info
running install_scripts
writing list of installed files to '/home/redalexdad/GitHub/WalkingRobotSim/build/ros2_cartography/install.log'
