make --dry-run --always-make --keep-going --print-directory
make: Entering directory '/home/redalexdad/GitHub/WalkingRobotSim'
echo ""
printf "\033[0;36m\033[1m╔════════════════════════════════════════════════════════════╗\033[0m\n"
printf "\033[0;36m\033[1m║\033[0m  🤖 \033[1mWalking Robot Simulation Manager v3.0\033[0m                  \033[0;36m\033[1m║\033[0m\n"
printf "\033[0;36m\033[1m╚════════════════════════════════════════════════════════════╝\033[0m\n"
echo ""
printf "\033[1mСпециализированные команды:\033[0m\n"
printf "  \033[0;32m\033[1mmake gazebo\033[0m         Запуск Gazebo симуляции (C++ контроллер)\n"
printf "  \033[0;32m\033[1mmake gazebo-py\033[0m      Запуск Gazebo симуляции (Python контроллер)\n"
printf "  \033[0;32m\033[1mmake gazebo-cpp\033[0m     Запуск Gazebo симуляции (C++ контроллер)\n"
printf "  \033[0;32m\033[1mmake teleop\033[0m         Запуск управления роботом\n"
printf "  \033[0;32m\033[1mmake kill-ros\033[0m       Очистка всех ROS/Gazebo процессов\n"
echo ""
printf "\033[1mОсновные команды:\033[0m\n"
printf "  \033[0;32m\033[1mmake deploy\033[0m         Сборка и запуск (рекомендуется)\n"
printf "  \033[0;32m\033[1mmake build\033[0m          Сборка Docker образа\n"
printf "  \033[0;32m\033[1mmake up\033[0m             Запуск контейнера\n"
printf "  \033[0;32m\033[1mmake up-bg\033[0m          Запуск контейнера в фоне (без ожидания ROS)\n"
printf "  \033[0;32m\033[1mmake down\033[0m           Остановка контейнера с сохранением логов\n"
printf "  \033[0;32m\033[1mmake restart\033[0m        Перезапуск контейнера\n"
printf "  \033[0;32m\033[1mmake clean\033[0m          Полная очистка Docker ресурсов\n"
printf "  \033[0;32m\033[1mmake status\033[0m         Статус контейнера\n"
printf "  \033[0;32m\033[1mmake logs\033[0m           Просмотр логов\n"
printf "  \033[0;32m\033[1mmake shell\033[0m          Подключение к контейнеру\n"
echo ""
printf "\033[1mСборка по этапам:\033[0m\n"
printf "  \033[0;32m\033[1mmake build-stage STAGE=ros-core\033[0m   Сборка конкретного этапа\n"
printf "  \033[0;32m\033[1mmake build-stage-list\033[0m             Показать доступные этапы\n"
echo ""
printf "\033[1mВыполнение команд:\033[0m\n"
printf "  \033[0;32m\033[1mmake exec CMD='ros2 topic list'\033[0m   Выполнение команды в контейнере\n"
echo ""
printf "\033[1mСостояния робота:\033[0m\n"
printf "  \033[0;32m\033[1mmake rest\033[0m           Режим отдыха (REST)\n"
printf "  \033[0;32m\033[1mmake stand\033[0m          Режим стойки (STAND)\n"
printf "  \033[0;32m\033[1mmake trot\033[0m           Режим бега рысью (TROT)\n"
printf "  \033[0;32m\033[1mmake crawl\033[0m          Режим ползания (CRAWL)\n"
echo ""
printf "\033[1mПоложение робота:\033[0m\n"
printf "  \033[0;32m\033[1mmake set-pose X=1.0 Y=0.0 Z=0.0 YAW=0.0\033[0m   Установка положения\n"
printf "  \033[0;32m\033[1mmake reset-pose\033[0m                            Сброс положения в начало\n"
echo ""
printf "\033[1mТестирование:\033[0m\n"
printf "  \033[0;32m\033[1mmake test\033[0m             Полный цикл тестирования\n"
printf "  \033[0;32m\033[1mmake test-build\033[0m       Только сборка образа\n"
printf "  \033[0;32m\033[1mmake test-container\033[0m   Тестовый запуск контейнера\n"
printf "  \033[0;32m\033[1mmake test-clean\033[0m       Очистка после тестов\n"
echo ""
printf "\033[1mТесты корректности и производительности:\033[0m\n"
printf "  \033[0;32m\033[1mmake test-correctness\033[0m     Запуск тестов корректности\n"
printf "  \033[0;32m\033[1mmake test-benchmark\033[0m      Замер производительности Python\n"
printf "  \033[0;32m\033[1mmake benchmark\033[0m            Запуск бенчмарка Python + C++ с таблицей\n"
printf "  \033[0;32m\033[1mmake benchmark-python\033[0m    Только Python бенчмарк\n"
printf "  \033[0;32m\033[1mmake benchmark-cpp\033[0m       Только C++ бенчмарк\n"
echo ""
printf "\033[1mПрочее:\033[0m\n"
printf "  \033[0;32m\033[1mmake setup\033[0m            Начальная настройка проекта\n"
printf "  \033[0;32m\033[1mmake backup\033[0m           Создание бэкапа данных\n"
printf "  \033[0;32m\033[1mmake save-logs\033[0m        Сохранение логов Gazebo сессии\n"
printf "  \033[0;32m\033[1mmake help\033[0m             Эта справка\n"
echo ""
printf "\033[1mТехнологии:\033[0m\n"
printf "  • ROS 2 \033[1mjazzy\033[0m\n"
printf "  • Gazebo Harmonic\n"
printf "  • Docker + Docker Compose\n"
echo ""
make: Leaving directory '/home/redalexdad/GitHub/WalkingRobotSim'
 
