-- The C compiler identification is GNU 13.3.0
-- The CXX compiler identification is GNU 13.3.0
-- Detecting C compiler ABI info
-- Detecting C compiler ABI info - done
-- Check for working C compiler: /usr/bin/cc - skipped
-- Detecting C compile features
-- Detecting C compile features - done
-- Detecting CXX compiler ABI info
-- Detecting CXX compiler ABI info - done
-- Check for working CXX compiler: /usr/bin/c++ - skipped
-- Detecting CXX compile features
-- Detecting CXX compile features - done
-- Found ament_cmake: 2.5.4 (/opt/ros/jazzy/share/ament_cmake/cmake)
-- Found Python3: /usr/bin/python3 (found version "3.12.3") found components: Interpreter 
-- Found rclpy: 7.1.6 (/opt/ros/jazzy/share/rclpy/cmake)
-- Found ament_lint_auto: 0.17.3 (/opt/ros/jazzy/share/ament_lint_auto/cmake)
-- Found Boost: /usr/lib/x86_64-linux-gnu/cmake/Boost-1.83.0/BoostConfig.cmake (found version "1.83.0")  
-- Found controller_manager: 4.39.2 (/opt/ros/jazzy/share/controller_manager/cmake)
-- Found rosidl_generator_c: 4.6.6 (/opt/ros/jazzy/share/rosidl_generator_c/cmake)
-- Found rosidl_generator_cpp: 4.6.6 (/opt/ros/jazzy/share/rosidl_generator_cpp/cmake)
-- Using all available rosidl_typesupport_c: rosidl_typesupport_fastrtps_c;rosidl_typesupport_introspection_c
-- Using all available rosidl_typesupport_cpp: rosidl_typesupport_fastrtps_cpp;rosidl_typesupport_introspection_cpp
-- Found rmw_implementation_cmake: 7.3.2 (/opt/ros/jazzy/share/rmw_implementation_cmake/cmake)
-- Found rmw_fastrtps_cpp: 8.4.3 (/opt/ros/jazzy/share/rmw_fastrtps_cpp/cmake)
-- Found OpenSSL: /usr/lib/x86_64-linux-gnu/libcrypto.so (found version "3.0.13")  
-- Found FastRTPS: /opt/ros/jazzy/include (Required is at least version "2.13") 
-- Using RMW implementation 'rmw_fastrtps_cpp' as default
-- Found joint_trajectory_controller: 4.34.0 (/opt/ros/jazzy/share/joint_trajectory_controller/cmake)
-- Found eigen3_cmake_module: 0.3.0 (/opt/ros/jazzy/share/eigen3_cmake_module/cmake)
-- Found Eigen3: TRUE (found version "3.4.0") 
-- Ensuring Eigen3 include directory is part of orocos-kdl CMake target
-- Found robot_state_publisher: 3.3.3 (/opt/ros/jazzy/share/robot_state_publisher/cmake)
-- Found nav_msgs: 5.3.6 (/opt/ros/jazzy/share/nav_msgs/cmake)
-- Found ros2_unitree_legged_msgs: 0.4.0 (/home/redalexdad/GitHub/WalkingRobotSim/install/ros2_unitree_legged_msgs/share/ros2_unitree_legged_msgs/cmake)
-- Added test 'cppcheck' to perform static code analysis on C / C++ code
-- Configured cppcheck include dirs: /home/redalexdad/GitHub/WalkingRobotSim/src/unitree_guide2/include
-- Configured cppcheck exclude dirs and/or files: 
-- Added test 'lint_cmake' to check CMake code style
-- Added test 'uncrustify' to check C / C++ code style
-- Configured uncrustify additional arguments: 
-- Added test 'xmllint' to check XML markup files
-- Configuring done (2.9s)
-- Generating done (0.0s)
-- Build files have been written to: /home/redalexdad/GitHub/WalkingRobotSim/build/unitree_guide2
[  3%] Building CXX object CMakeFiles/junior_ctrl.dir/src/main.cpp.o
[ 11%] Building CXX object CMakeFiles/junior_ctrl.dir/src/FSM/State_BalanceTest.cpp.o
[ 11%] Building CXX object CMakeFiles/junior_ctrl.dir/src/FSM/State_FreeStand.cpp.o
[ 14%] Building CXX object CMakeFiles/junior_ctrl.dir/src/FSM/State_FixedStand.cpp.o
[ 22%] Building CXX object CMakeFiles/junior_ctrl.dir/src/FSM/FSM.cpp.o
[ 22%] Building CXX object CMakeFiles/junior_ctrl.dir/src/Gait/FeetEndCal.cpp.o
[ 25%] Building CXX object CMakeFiles/junior_ctrl.dir/src/FSM/State_Trotting.cpp.o
[ 29%] Building CXX object CMakeFiles/junior_ctrl.dir/src/Gait/GaitGenerator.cpp.o
[ 33%] Building CXX object CMakeFiles/junior_ctrl.dir/src/FSM/State_Passive.cpp.o
[ 37%] Building CXX object CMakeFiles/junior_ctrl.dir/src/FSM/State_StepTest.cpp.o
[ 40%] Building CXX object CMakeFiles/junior_ctrl.dir/src/FSM/FSMState.cpp.o
[ 48%] Building CXX object CMakeFiles/junior_ctrl.dir/src/common/LowPassFilter.cpp.o
[ 48%] Building CXX object CMakeFiles/junior_ctrl.dir/src/FSM/State_SwingTest.cpp.o
[ 51%] Building CXX object CMakeFiles/junior_ctrl.dir/src/Gait/WaveGenerator.cpp.o
[ 55%] Building CXX object CMakeFiles/junior_ctrl.dir/src/FSM/State_move_base.cpp.o
[ 59%] Building CXX object CMakeFiles/junior_ctrl.dir/src/common/unitreeLeg.cpp.o
[ 62%] Building CXX object CMakeFiles/junior_ctrl.dir/src/common/unitreeRobot.cpp.o
In file included from /home/redalexdad/GitHub/WalkingRobotSim/src/unitree_guide2/include/message/LowlevelState.h:10,
                 from /home/redalexdad/GitHub/WalkingRobotSim/src/unitree_guide2/include/control/CtrlComponents.h:22,
                 from /home/redalexdad/GitHub/WalkingRobotSim/src/unitree_guide2/include/FSM/FSMState.h:16,
                 from /home/redalexdad/GitHub/WalkingRobotSim/src/unitree_guide2/src/FSM/FSMState.cpp:4:
/home/redalexdad/GitHub/WalkingRobotSim/src/unitree_guide2/include/interface/CmdPanel.h: In member function ‘virtual void* CmdPanel::run(void*)’:
/home/redalexdad/GitHub/WalkingRobotSim/src/unitree_guide2/include/interface/CmdPanel.h:51:29: warning: unused parameter ‘arg’ [-Wunused-parameter]
   51 |     virtual void *run(void *arg) { return NULL; }
      |                       ~~~~~~^~~
[ 66%] Building CXX object CMakeFiles/junior_ctrl.dir/src/control/BalanceCtrl.cpp.o
In file included from /home/redalexdad/GitHub/WalkingRobotSim/src/unitree_guide2/include/message/LowlevelState.h:10,
                 from /home/redalexdad/GitHub/WalkingRobotSim/src/unitree_guide2/include/control/CtrlComponents.h:22,
                 from /home/redalexdad/GitHub/WalkingRobotSim/src/unitree_guide2/include/FSM/FSMState.h:16,
                 from /home/redalexdad/GitHub/WalkingRobotSim/src/unitree_guide2/include/FSM/State_Trotting.h:21,
                 from /home/redalexdad/GitHub/WalkingRobotSim/src/unitree_guide2/src/FSM/State_Trotting.cpp:4:
/home/redalexdad/GitHub/WalkingRobotSim/src/unitree_guide2/include/interface/CmdPanel.h: In member function ‘virtual void* CmdPanel::run(void*)’:
/home/redalexdad/GitHub/WalkingRobotSim/src/unitree_guide2/include/interface/CmdPanel.h:51:29: warning: unused parameter ‘arg’ [-Wunused-parameter]
   51 |     virtual void *run(void *arg) { return NULL; }
      |                       ~~~~~~^~~
In file included from /home/redalexdad/GitHub/WalkingRobotSim/src/unitree_guide2/include/message/LowlevelState.h:10,
                 from /home/redalexdad/GitHub/WalkingRobotSim/src/unitree_guide2/include/control/CtrlComponents.h:22,
                 from /home/redalexdad/GitHub/WalkingRobotSim/src/unitree_guide2/include/FSM/FSMState.h:16,
                 from /home/redalexdad/GitHub/WalkingRobotSim/src/unitree_guide2/include/FSM/State_Trotting.h:21,
                 from /home/redalexdad/GitHub/WalkingRobotSim/src/unitree_guide2/include/FSM/State_move_base.h:49,
                 from /home/redalexdad/GitHub/WalkingRobotSim/src/unitree_guide2/src/FSM/State_move_base.cpp:54:
/home/redalexdad/GitHub/WalkingRobotSim/src/unitree_guide2/include/interface/CmdPanel.h: In member function ‘virtual void* CmdPanel::run(void*)’:
/home/redalexdad/GitHub/WalkingRobotSim/src/unitree_guide2/include/interface/CmdPanel.h:51:29: warning: unused parameter ‘arg’ [-Wunused-parameter]
   51 |     virtual void *run(void *arg) { return NULL; }
      |                       ~~~~~~^~~
In file included from /home/redalexdad/GitHub/WalkingRobotSim/src/unitree_guide2/include/message/LowlevelState.h:10,
                 from /home/redalexdad/GitHub/WalkingRobotSim/src/unitree_guide2/include/control/CtrlComponents.h:22,
                 from /home/redalexdad/GitHub/WalkingRobotSim/src/unitree_guide2/include/FSM/FSMState.h:16,
                 from /home/redalexdad/GitHub/WalkingRobotSim/src/unitree_guide2/include/FSM/State_Passive.h:12,
                 from /home/redalexdad/GitHub/WalkingRobotSim/src/unitree_guide2/src/FSM/State_Passive.cpp:4:
/home/redalexdad/GitHub/WalkingRobotSim/src/unitree_guide2/include/interface/CmdPanel.h: In member function ‘virtual void* CmdPanel::run(void*)’:
/home/redalexdad/GitHub/WalkingRobotSim/src/unitree_guide2/include/interface/CmdPanel.h:51:29: warning: unused parameter ‘arg’ [-Wunused-parameter]
   51 |     virtual void *run(void *arg) { return NULL; }
      |                       ~~~~~~^~~
In file included from /home/redalexdad/GitHub/WalkingRobotSim/src/unitree_guide2/include/message/LowlevelState.h:10,
                 from /home/redalexdad/GitHub/WalkingRobotSim/src/unitree_guide2/include/control/CtrlComponents.h:22,
                 from /home/redalexdad/GitHub/WalkingRobotSim/src/unitree_guide2/include/FSM/FSMState.h:16,
                 from /home/redalexdad/GitHub/WalkingRobotSim/src/unitree_guide2/include/FSM/State_StepTest.h:14,
                 from /home/redalexdad/GitHub/WalkingRobotSim/src/unitree_guide2/src/FSM/State_StepTest.cpp:4:
/home/redalexdad/GitHub/WalkingRobotSim/src/unitree_guide2/include/interface/CmdPanel.h: In member function ‘virtual void* CmdPanel::run(void*)’:
/home/redalexdad/GitHub/WalkingRobotSim/src/unitree_guide2/include/interface/CmdPanel.h:51:29: warning: unused parameter ‘arg’ [-Wunused-parameter]
   51 |     virtual void *run(void *arg) { return NULL; }
      |                       ~~~~~~^~~
In file included from /home/redalexdad/GitHub/WalkingRobotSim/src/unitree_guide2/include/message/LowlevelState.h:10,
                 from /home/redalexdad/GitHub/WalkingRobotSim/src/unitree_guide2/include/control/CtrlComponents.h:22,
                 from /home/redalexdad/GitHub/WalkingRobotSim/src/unitree_guide2/include/FSM/FSMState.h:16,
                 from /home/redalexdad/GitHub/WalkingRobotSim/src/unitree_guide2/include/FSM/State_BalanceTest.h:13,
                 from /home/redalexdad/GitHub/WalkingRobotSim/src/unitree_guide2/src/FSM/State_BalanceTest.cpp:4:
/home/redalexdad/GitHub/WalkingRobotSim/src/unitree_guide2/include/interface/CmdPanel.h: In member function ‘virtual void* CmdPanel::run(void*)’:
/home/redalexdad/GitHub/WalkingRobotSim/src/unitree_guide2/include/interface/CmdPanel.h:51:29: warning: unused parameter ‘arg’ [-Wunused-parameter]
   51 |     virtual void *run(void *arg) { return NULL; }
      |                       ~~~~~~^~~
In file included from /home/redalexdad/GitHub/WalkingRobotSim/src/unitree_guide2/include/message/LowlevelState.h:10,
                 from /home/redalexdad/GitHub/WalkingRobotSim/src/unitree_guide2/include/control/CtrlComponents.h:22,
                 from /home/redalexdad/GitHub/WalkingRobotSim/src/unitree_guide2/include/FSM/FSMState.h:16,
                 from /home/redalexdad/GitHub/WalkingRobotSim/src/unitree_guide2/include/FSM/FSM.h:22,
                 from /home/redalexdad/GitHub/WalkingRobotSim/src/unitree_guide2/src/FSM/FSM.cpp:4:
/home/redalexdad/GitHub/WalkingRobotSim/src/unitree_guide2/include/interface/CmdPanel.h: In member function ‘virtual void* CmdPanel::run(void*)’:
/home/redalexdad/GitHub/WalkingRobotSim/src/unitree_guide2/include/interface/CmdPanel.h:51:29: warning: unused parameter ‘arg’ [-Wunused-parameter]
   51 |     virtual void *run(void *arg) { return NULL; }
      |                       ~~~~~~^~~
In file included from /home/redalexdad/GitHub/WalkingRobotSim/src/unitree_guide2/include/message/LowlevelState.h:10,
                 from /home/redalexdad/GitHub/WalkingRobotSim/src/unitree_guide2/include/control/CtrlComponents.h:22,
                 from /home/redalexdad/GitHub/WalkingRobotSim/src/unitree_guide2/include/Gait/FeetEndCal.h:7,
                 from /home/redalexdad/GitHub/WalkingRobotSim/src/unitree_guide2/src/Gait/FeetEndCal.cpp:4:
/home/redalexdad/GitHub/WalkingRobotSim/src/unitree_guide2/include/interface/CmdPanel.h: In member function ‘virtual void* CmdPanel::run(void*)’:
/home/redalexdad/GitHub/WalkingRobotSim/src/unitree_guide2/include/interface/CmdPanel.h:51:29: warning: unused parameter ‘arg’ [-Wunused-parameter]
   51 |     virtual void *run(void *arg) { return NULL; }
      |                       ~~~~~~^~~
In file included from /home/redalexdad/GitHub/WalkingRobotSim/src/unitree_guide2/include/message/LowlevelState.h:10,
                 from /home/redalexdad/GitHub/WalkingRobotSim/src/unitree_guide2/include/control/CtrlComponents.h:22,
                 from /home/redalexdad/GitHub/WalkingRobotSim/src/unitree_guide2/include/FSM/FSMState.h:16,
                 from /home/redalexdad/GitHub/WalkingRobotSim/src/unitree_guide2/include/FSM/State_SwingTest.h:15,
                 from /home/redalexdad/GitHub/WalkingRobotSim/src/unitree_guide2/src/FSM/State_SwingTest.cpp:4:
/home/redalexdad/GitHub/WalkingRobotSim/src/unitree_guide2/include/interface/CmdPanel.h: In member function ‘virtual void* CmdPanel::run(void*)’:
/home/redalexdad/GitHub/WalkingRobotSim/src/unitree_guide2/include/interface/CmdPanel.h:51:29: warning: unused parameter ‘arg’ [-Wunused-parameter]
   51 |     virtual void *run(void *arg) { return NULL; }
      |                       ~~~~~~^~~
In file included from /home/redalexdad/GitHub/WalkingRobotSim/src/unitree_guide2/include/message/LowlevelState.h:10,
                 from /home/redalexdad/GitHub/WalkingRobotSim/src/unitree_guide2/include/control/CtrlComponents.h:22,
                 from /home/redalexdad/GitHub/WalkingRobotSim/src/unitree_guide2/include/FSM/FSMState.h:16,
                 from /home/redalexdad/GitHub/WalkingRobotSim/src/unitree_guide2/include/FSM/FSM.h:22,
                 from /home/redalexdad/GitHub/WalkingRobotSim/src/unitree_guide2/include/control/ControlFrame.h:16,
                 from /home/redalexdad/GitHub/WalkingRobotSim/src/unitree_guide2/src/main.cpp:9:
/home/redalexdad/GitHub/WalkingRobotSim/src/unitree_guide2/include/interface/CmdPanel.h: In member function ‘virtual void* CmdPanel::run(void*)’:
/home/redalexdad/GitHub/WalkingRobotSim/src/unitree_guide2/include/interface/CmdPanel.h:51:29: warning: unused parameter ‘arg’ [-Wunused-parameter]
   51 |     virtual void *run(void *arg) { return NULL; }
      |                       ~~~~~~^~~
In file included from /home/redalexdad/GitHub/WalkingRobotSim/src/unitree_guide2/include/message/LowlevelState.h:10,
                 from /home/redalexdad/GitHub/WalkingRobotSim/src/unitree_guide2/include/common/unitreeRobot.h:28,
                 from /home/redalexdad/GitHub/WalkingRobotSim/src/unitree_guide2/src/common/unitreeRobot.cpp:4:
/home/redalexdad/GitHub/WalkingRobotSim/src/unitree_guide2/include/interface/CmdPanel.h: In member function ‘virtual void* CmdPanel::run(void*)’:
/home/redalexdad/GitHub/WalkingRobotSim/src/unitree_guide2/include/interface/CmdPanel.h:51:29: warning: unused parameter ‘arg’ [-Wunused-parameter]
   51 |     virtual void *run(void *arg) { return NULL; }
      |                       ~~~~~~^~~
In file included from /home/redalexdad/GitHub/WalkingRobotSim/src/unitree_guide2/include/message/LowlevelState.h:10,
                 from /home/redalexdad/GitHub/WalkingRobotSim/src/unitree_guide2/include/control/CtrlComponents.h:22,
                 from /home/redalexdad/GitHub/WalkingRobotSim/src/unitree_guide2/include/FSM/FSMState.h:16,
                 from /home/redalexdad/GitHub/WalkingRobotSim/src/unitree_guide2/include/FSM/State_FreeStand.h:14,
                 from /home/redalexdad/GitHub/WalkingRobotSim/src/unitree_guide2/src/FSM/State_FreeStand.cpp:4:
/home/redalexdad/GitHub/WalkingRobotSim/src/unitree_guide2/include/interface/CmdPanel.h: In member function ‘virtual void* CmdPanel::run(void*)’:
/home/redalexdad/GitHub/WalkingRobotSim/src/unitree_guide2/include/interface/CmdPanel.h:51:29: warning: unused parameter ‘arg’ [-Wunused-parameter]
   51 |     virtual void *run(void *arg) { return NULL; }
      |                       ~~~~~~^~~
In file included from /home/redalexdad/GitHub/WalkingRobotSim/src/unitree_guide2/include/message/LowlevelState.h:10,
                 from /home/redalexdad/GitHub/WalkingRobotSim/src/unitree_guide2/include/control/CtrlComponents.h:22,
                 from /home/redalexdad/GitHub/WalkingRobotSim/src/unitree_guide2/include/FSM/FSMState.h:16,
                 from /home/redalexdad/GitHub/WalkingRobotSim/src/unitree_guide2/include/FSM/State_FixedStand.h:14,
                 from /home/redalexdad/GitHub/WalkingRobotSim/src/unitree_guide2/src/FSM/State_FixedStand.cpp:5:
/home/redalexdad/GitHub/WalkingRobotSim/src/unitree_guide2/include/interface/CmdPanel.h: In member function ‘virtual void* CmdPanel::run(void*)’:
/home/redalexdad/GitHub/WalkingRobotSim/src/unitree_guide2/include/interface/CmdPanel.h:51:29: warning: unused parameter ‘arg’ [-Wunused-parameter]
   51 |     virtual void *run(void *arg) { return NULL; }
      |                       ~~~~~~^~~
In file included from /home/redalexdad/GitHub/WalkingRobotSim/src/unitree_guide2/include/message/LowlevelState.h:10,
                 from /home/redalexdad/GitHub/WalkingRobotSim/src/unitree_guide2/include/control/CtrlComponents.h:22,
                 from /home/redalexdad/GitHub/WalkingRobotSim/src/unitree_guide2/include/Gait/FeetEndCal.h:7,
                 from /home/redalexdad/GitHub/WalkingRobotSim/src/unitree_guide2/include/Gait/GaitGenerator.h:8,
                 from /home/redalexdad/GitHub/WalkingRobotSim/src/unitree_guide2/src/Gait/GaitGenerator.cpp:4:
/home/redalexdad/GitHub/WalkingRobotSim/src/unitree_guide2/include/interface/CmdPanel.h: In member function ‘virtual void* CmdPanel::run(void*)’:
/home/redalexdad/GitHub/WalkingRobotSim/src/unitree_guide2/include/interface/CmdPanel.h:51:29: warning: unused parameter ‘arg’ [-Wunused-parameter]
   51 |     virtual void *run(void *arg) { return NULL; }
      |                       ~~~~~~^~~
[ 70%] Building CXX object CMakeFiles/junior_ctrl.dir/src/control/ControlFrame.cpp.o
In file included from /home/redalexdad/GitHub/WalkingRobotSim/src/unitree_guide2/include/message/LowlevelState.h:10,
                 from /home/redalexdad/GitHub/WalkingRobotSim/src/unitree_guide2/include/common/unitreeRobot.h:28,
                 from /home/redalexdad/GitHub/WalkingRobotSim/src/unitree_guide2/include/control/BalanceCtrl.h:24,
                 from /home/redalexdad/GitHub/WalkingRobotSim/src/unitree_guide2/src/control/BalanceCtrl.cpp:4:
/home/redalexdad/GitHub/WalkingRobotSim/src/unitree_guide2/include/interface/CmdPanel.h: In member function ‘virtual void* CmdPanel::run(void*)’:
/home/redalexdad/GitHub/WalkingRobotSim/src/unitree_guide2/include/interface/CmdPanel.h:51:29: warning: unused parameter ‘arg’ [-Wunused-parameter]
   51 |     virtual void *run(void *arg) { return NULL; }
      |                       ~~~~~~^~~
/home/redalexdad/GitHub/WalkingRobotSim/src/unitree_guide2/include/control/BalanceCtrl.h: In constructor ‘BalanceCtrl::BalanceCtrl(double, Mat3, Mat6, double, double)’:
/home/redalexdad/GitHub/WalkingRobotSim/src/unitree_guide2/include/control/BalanceCtrl.h:52:12: warning: ‘BalanceCtrl::_mass’ will be initialized after [-Wreorder]
   52 |     double _mass, _alpha, _beta, _fricRatio;
      |            ^~~~~
/home/redalexdad/GitHub/WalkingRobotSim/src/unitree_guide2/include/control/BalanceCtrl.h:47:10: warning:   ‘Mat3 BalanceCtrl::_Ib’ [-Wreorder]
   47 |     Mat3 _Ib;
      |          ^~~
/home/redalexdad/GitHub/WalkingRobotSim/src/unitree_guide2/src/control/BalanceCtrl.cpp:8:1: warning:   when initialized here [-Wreorder]
    8 | BalanceCtrl::BalanceCtrl(double mass, Mat3 Ib, Mat6 S, double alpha, double beta)
      | ^~~~~~~~~~~
/home/redalexdad/GitHub/WalkingRobotSim/src/unitree_guide2/include/control/BalanceCtrl.h:47:10: warning: ‘BalanceCtrl::_Ib’ will be initialized after [-Wreorder]
   47 |     Mat3 _Ib;
      |          ^~~
/home/redalexdad/GitHub/WalkingRobotSim/src/unitree_guide2/include/control/BalanceCtrl.h:46:10: warning:   ‘Mat6 BalanceCtrl::_S’ [-Wreorder]
   46 |     Mat6 _S;
      |          ^~
/home/redalexdad/GitHub/WalkingRobotSim/src/unitree_guide2/src/control/BalanceCtrl.cpp:8:1: warning:   when initialized here [-Wreorder]
    8 | BalanceCtrl::BalanceCtrl(double mass, Mat3 Ib, Mat6 S, double alpha, double beta)
      | ^~~~~~~~~~~
/home/redalexdad/GitHub/WalkingRobotSim/src/unitree_guide2/src/control/BalanceCtrl.cpp: In member function ‘void BalanceCtrl::calMatrixA(Vec34, RotMat, VecInt4)’:
/home/redalexdad/GitHub/WalkingRobotSim/src/unitree_guide2/src/control/BalanceCtrl.cpp:66:68: warning: unused parameter ‘contact’ [-Wunused-parameter]
   66 | void BalanceCtrl::calMatrixA(Vec34 feetPos2B, RotMat rotM, VecInt4 contact)
      |                                                            ~~~~~~~~^~~~~~~
/home/redalexdad/GitHub/WalkingRobotSim/src/unitree_guide2/src/control/BalanceCtrl.cpp: In member function ‘void BalanceCtrl::solveQP()’:
/home/redalexdad/GitHub/WalkingRobotSim/src/unitree_guide2/src/control/BalanceCtrl.cpp:172:12: warning: unused variable ‘value’ [-Wunused-variable]
  172 |     double value = solve_quadprog(G, g0, CE, ce0, CI, ci0, x);
      |            ^~~~~
[ 74%] Building CXX object CMakeFiles/junior_ctrl.dir/src/control/Estimator.cpp.o
In file included from /home/redalexdad/GitHub/WalkingRobotSim/src/unitree_guide2/include/message/LowlevelState.h:10,
                 from /home/redalexdad/GitHub/WalkingRobotSim/src/unitree_guide2/include/control/CtrlComponents.h:22,
                 from /home/redalexdad/GitHub/WalkingRobotSim/src/unitree_guide2/include/FSM/FSMState.h:16,
                 from /home/redalexdad/GitHub/WalkingRobotSim/src/unitree_guide2/include/FSM/FSM.h:22,
                 from /home/redalexdad/GitHub/WalkingRobotSim/src/unitree_guide2/include/control/ControlFrame.h:16,
                 from /home/redalexdad/GitHub/WalkingRobotSim/src/unitree_guide2/src/control/ControlFrame.cpp:4:
/home/redalexdad/GitHub/WalkingRobotSim/src/unitree_guide2/include/interface/CmdPanel.h: In member function ‘virtual void* CmdPanel::run(void*)’:
/home/redalexdad/GitHub/WalkingRobotSim/src/unitree_guide2/include/interface/CmdPanel.h:51:29: warning: unused parameter ‘arg’ [-Wunused-parameter]
   51 |     virtual void *run(void *arg) { return NULL; }
      |                       ~~~~~~^~~
/home/redalexdad/GitHub/WalkingRobotSim/src/unitree_guide2/include/control/CtrlComponents.h: In destructor ‘CtrlComponents::~CtrlComponents()’:
/home/redalexdad/GitHub/WalkingRobotSim/src/unitree_guide2/include/control/CtrlComponents.h:49:9: warning: deleting object of abstract class type ‘IOInterface’ which has non-virtual destructor will cause undefined behavior [-Wdelete-non-virtual-dtor]
   49 |         delete ioInter;
      |         ^~~~~~~~~~~~~~
/home/redalexdad/GitHub/WalkingRobotSim/src/unitree_guide2/include/FSM/FSMState.h: In constructor ‘FSMState::FSMState(CtrlComponents*, FSMStateName, std::string)’:
/home/redalexdad/GitHub/WalkingRobotSim/src/unitree_guide2/include/FSM/FSMState.h:39:21: warning: ‘FSMState::_ctrlComp’ will be initialized after [-Wreorder]
   39 |     CtrlComponents *_ctrlComp;
      |                     ^~~~~~~~~
/home/redalexdad/GitHub/WalkingRobotSim/src/unitree_guide2/include/FSM/FSMState.h:35:18: warning:   ‘FSMStateName FSMState::_stateName’ [-Wreorder]
   35 |     FSMStateName _stateName;
      |                  ^~~~~~~~~~
/home/redalexdad/GitHub/WalkingRobotSim/src/unitree_guide2/src/FSM/FSMState.cpp:6:1: warning:   when initialized here [-Wreorder]
    6 | FSMState::FSMState(CtrlComponents *ctrlComp, FSMStateName stateName, std::string stateNameString)
      | ^~~~~~~~
/home/redalexdad/GitHub/WalkingRobotSim/src/unitree_guide2/include/control/CtrlComponents.h: In destructor ‘CtrlComponents::~CtrlComponents()’:
/home/redalexdad/GitHub/WalkingRobotSim/src/unitree_guide2/include/control/CtrlComponents.h:49:9: warning: deleting object of abstract class type ‘IOInterface’ which has non-virtual destructor will cause undefined behavior [-Wdelete-non-virtual-dtor]
   49 |         delete ioInter;
      |         ^~~~~~~~~~~~~~
/home/redalexdad/GitHub/WalkingRobotSim/src/unitree_guide2/include/FSM/FSM.h: In member function ‘void FSMStateList::deletePtr()’:
/home/redalexdad/GitHub/WalkingRobotSim/src/unitree_guide2/include/FSM/FSM.h:60:9: warning: deleting object of abstract class type ‘FSMState’ which has non-virtual destructor will cause undefined behavior [-Wdelete-non-virtual-dtor]
   60 |         delete invalid;
      |         ^~~~~~~~~~~~~~
/home/redalexdad/GitHub/WalkingRobotSim/src/unitree_guide2/include/FSM/FSM.h:61:9: warning: deleting object of polymorphic class type ‘State_Passive’ which has non-virtual destructor might cause undefined behavior [-Wdelete-non-virtual-dtor]
   61 |         delete passive;
      |         ^~~~~~~~~~~~~~
/home/redalexdad/GitHub/WalkingRobotSim/src/unitree_guide2/include/FSM/FSM.h:62:9: warning: deleting object of polymorphic class type ‘State_FixedStand’ which has non-virtual destructor might cause undefined behavior [-Wdelete-non-virtual-dtor]
   62 |         delete fixedStand;
      |         ^~~~~~~~~~~~~~~~~
/home/redalexdad/GitHub/WalkingRobotSim/src/unitree_guide2/include/FSM/FSM.h:63:9: warning: deleting object of polymorphic class type ‘State_FreeStand’ which has non-virtual destructor might cause undefined behavior [-Wdelete-non-virtual-dtor]
   63 |         delete freeStand;
      |         ^~~~~~~~~~~~~~~~
/home/redalexdad/GitHub/WalkingRobotSim/src/unitree_guide2/include/FSM/FSM.h:64:9: warning: deleting object of polymorphic class type ‘State_Trotting’ which has non-virtual destructor might cause undefined behavior [-Wdelete-non-virtual-dtor]
   64 |         delete trotting;
      |         ^~~~~~~~~~~~~~~
/home/redalexdad/GitHub/WalkingRobotSim/src/unitree_guide2/include/FSM/FSM.h:65:9: warning: deleting object of polymorphic class type ‘State_BalanceTest’ which has non-virtual destructor might cause undefined behavior [-Wdelete-non-virtual-dtor]
   65 |         delete balanceTest;
      |         ^~~~~~~~~~~~~~~~~~
/home/redalexdad/GitHub/WalkingRobotSim/src/unitree_guide2/include/FSM/FSM.h:66:9: warning: deleting object of polymorphic class type ‘State_SwingTest’ which has non-virtual destructor might cause undefined behavior [-Wdelete-non-virtual-dtor]
   66 |         delete swingTest;
      |         ^~~~~~~~~~~~~~~~
/home/redalexdad/GitHub/WalkingRobotSim/src/unitree_guide2/include/FSM/FSM.h:67:9: warning: deleting object of polymorphic class type ‘State_StepTest’ which has non-virtual destructor might cause undefined behavior [-Wdelete-non-virtual-dtor]
   67 |         delete stepTest;
      |         ^~~~~~~~~~~~~~~
/home/redalexdad/GitHub/WalkingRobotSim/src/unitree_guide2/include/FSM/FSM.h:72:9: warning: deleting object of polymorphic class type ‘State_move_base’ which has non-virtual destructor might cause undefined behavior [-Wdelete-non-virtual-dtor]
   72 |         delete moveBase;
      |         ^~~~~~~~~~~~~~~
/home/redalexdad/GitHub/WalkingRobotSim/src/unitree_guide2/include/control/CtrlComponents.h: In destructor ‘CtrlComponents::~CtrlComponents()’:
/home/redalexdad/GitHub/WalkingRobotSim/src/unitree_guide2/include/control/CtrlComponents.h:49:9: warning: deleting object of abstract class type ‘IOInterface’ which has non-virtual destructor will cause undefined behavior [-Wdelete-non-virtual-dtor]
   49 |         delete ioInter;
      |         ^~~~~~~~~~~~~~
/home/redalexdad/GitHub/WalkingRobotSim/src/unitree_guide2/include/control/CtrlComponents.h: In destructor ‘CtrlComponents::~CtrlComponents()’:
/home/redalexdad/GitHub/WalkingRobotSim/src/unitree_guide2/include/control/CtrlComponents.h:49:9: warning: deleting object of abstract class type ‘IOInterface’ which has non-virtual destructor will cause undefined behavior [-Wdelete-non-virtual-dtor]
   49 |         delete ioInter;
      |         ^~~~~~~~~~~~~~
/home/redalexdad/GitHub/WalkingRobotSim/src/unitree_guide2/include/FSM/State_Trotting.h: In constructor ‘State_Trotting::State_Trotting(CtrlComponents*)’:
/home/redalexdad/GitHub/WalkingRobotSim/src/unitree_guide2/include/FSM/State_Trotting.h:79:14: warning: ‘State_Trotting::_contact’ will be initialized after [-Wreorder]
   79 |     VecInt4 *_contact;
      |              ^~~~~~~~
/home/redalexdad/GitHub/WalkingRobotSim/src/unitree_guide2/include/FSM/State_Trotting.h:46:21: warning:   ‘QuadrupedRobot* State_Trotting::_robModel’ [-Wreorder]
   46 |     QuadrupedRobot *_robModel;
      |                     ^~~~~~~~~
/home/redalexdad/GitHub/WalkingRobotSim/src/unitree_guide2/src/FSM/State_Trotting.cpp:7:1: warning:   when initialized here [-Wreorder]
    7 | State_Trotting::State_Trotting(CtrlComponents *ctrlComp)
      | ^~~~~~~~~~~~~~
/home/redalexdad/GitHub/WalkingRobotSim/src/unitree_guide2/include/Gait/FeetEndCal.h: In constructor ‘FeetEndCal::FeetEndCal(CtrlComponents*)’:
/home/redalexdad/GitHub/WalkingRobotSim/src/unitree_guide2/include/Gait/FeetEndCal.h:19:16: warning: ‘FeetEndCal::_est’ will be initialized after [-Wreorder]
   19 |     Estimator *_est;
      |                ^~~~
/home/redalexdad/GitHub/WalkingRobotSim/src/unitree_guide2/include/Gait/FeetEndCal.h:18:20: warning:   ‘LowlevelState* FeetEndCal::_lowState’ [-Wreorder]
   18 |     LowlevelState *_lowState;
      |                    ^~~~~~~~~
/home/redalexdad/GitHub/WalkingRobotSim/src/unitree_guide2/src/Gait/FeetEndCal.cpp:6:1: warning:   when initialized here [-Wreorder]
    6 | FeetEndCal::FeetEndCal(CtrlComponents *ctrlComp)
      | ^~~~~~~~~~
/home/redalexdad/GitHub/WalkingRobotSim/src/unitree_guide2/include/control/CtrlComponents.h: In destructor ‘CtrlComponents::~CtrlComponents()’:
/home/redalexdad/GitHub/WalkingRobotSim/src/unitree_guide2/include/control/CtrlComponents.h:49:9: warning: deleting object of abstract class type ‘IOInterface’ which has non-virtual destructor will cause undefined behavior [-Wdelete-non-virtual-dtor]
   49 |         delete ioInter;
      |         ^~~~~~~~~~~~~~
/home/redalexdad/GitHub/WalkingRobotSim/src/unitree_guide2/include/control/CtrlComponents.h: In destructor ‘CtrlComponents::~CtrlComponents()’:
/home/redalexdad/GitHub/WalkingRobotSim/src/unitree_guide2/include/control/CtrlComponents.h:49:9: warning: deleting object of abstract class type ‘IOInterface’ which has non-virtual destructor will cause undefined behavior [-Wdelete-non-virtual-dtor]
   49 |         delete ioInter;
      |         ^~~~~~~~~~~~~~
/home/redalexdad/GitHub/WalkingRobotSim/src/unitree_guide2/include/control/CtrlComponents.h: In destructor ‘CtrlComponents::~CtrlComponents()’:
/home/redalexdad/GitHub/WalkingRobotSim/src/unitree_guide2/include/control/CtrlComponents.h:49:9: warning: deleting object of abstract class type ‘IOInterface’ which has non-virtual destructor will cause undefined behavior [-Wdelete-non-virtual-dtor]
   49 |         delete ioInter;
      |         ^~~~~~~~~~~~~~
/home/redalexdad/GitHub/WalkingRobotSim/src/unitree_guide2/include/control/CtrlComponents.h: In destructor ‘CtrlComponents::~CtrlComponents()’:
/home/redalexdad/GitHub/WalkingRobotSim/src/unitree_guide2/include/control/CtrlComponents.h:49:9: warning: deleting object of abstract class type ‘IOInterface’ which has non-virtual destructor will cause undefined behavior [-Wdelete-non-virtual-dtor]
   49 |         delete ioInter;
      |         ^~~~~~~~~~~~~~
/home/redalexdad/GitHub/WalkingRobotSim/src/unitree_guide2/include/control/CtrlComponents.h: In destructor ‘CtrlComponents::~CtrlComponents()’:
/home/redalexdad/GitHub/WalkingRobotSim/src/unitree_guide2/include/control/CtrlComponents.h:49:9: warning: deleting object of abstract class type ‘IOInterface’ which has non-virtual destructor will cause undefined behavior [-Wdelete-non-virtual-dtor]
   49 |         delete ioInter;
      |         ^~~~~~~~~~~~~~
/home/redalexdad/GitHub/WalkingRobotSim/src/unitree_guide2/include/Gait/GaitGenerator.h: In constructor ‘GaitGenerator::GaitGenerator(CtrlComponents*)’:
/home/redalexdad/GitHub/WalkingRobotSim/src/unitree_guide2/include/Gait/GaitGenerator.h:39:14: warning: ‘GaitGenerator::_contact’ will be initialized after [-Wreorder]
   39 |     VecInt4 *_contact;
      |              ^~~~~~~~
/home/redalexdad/GitHub/WalkingRobotSim/src/unitree_guide2/include/Gait/GaitGenerator.h:33:21: warning:   ‘QuadrupedRobot* GaitGenerator::_robModel’ [-Wreorder]
   33 |     QuadrupedRobot *_robModel;
      |                     ^~~~~~~~~
/home/redalexdad/GitHub/WalkingRobotSim/src/unitree_guide2/src/Gait/GaitGenerator.cpp:6:1: warning:   when initialized here [-Wreorder]
    6 | GaitGenerator::GaitGenerator(CtrlComponents *ctrlComp)
      | ^~~~~~~~~~~~~
/home/redalexdad/GitHub/WalkingRobotSim/src/unitree_guide2/include/control/CtrlComponents.h: In destructor ‘CtrlComponents::~CtrlComponents()’:
/home/redalexdad/GitHub/WalkingRobotSim/src/unitree_guide2/include/control/CtrlComponents.h:49:9: warning: deleting object of abstract class type ‘IOInterface’ which has non-virtual destructor will cause undefined behavior [-Wdelete-non-virtual-dtor]
   49 |         delete ioInter;
      |         ^~~~~~~~~~~~~~
/home/redalexdad/GitHub/WalkingRobotSim/src/unitree_guide2/include/control/CtrlComponents.h: In destructor ‘CtrlComponents::~CtrlComponents()’:
/home/redalexdad/GitHub/WalkingRobotSim/src/unitree_guide2/include/control/CtrlComponents.h:49:9: warning: deleting object of abstract class type ‘IOInterface’ which has non-virtual destructor will cause undefined behavior [-Wdelete-non-virtual-dtor]
   49 |         delete ioInter;
      |         ^~~~~~~~~~~~~~
/home/redalexdad/GitHub/WalkingRobotSim/src/unitree_guide2/include/control/CtrlComponents.h: In destructor ‘CtrlComponents::~CtrlComponents()’:
/home/redalexdad/GitHub/WalkingRobotSim/src/unitree_guide2/include/control/CtrlComponents.h:49:9: warning: deleting object of abstract class type ‘IOInterface’ which has non-virtual destructor will cause undefined behavior [-Wdelete-non-virtual-dtor]
   49 |         delete ioInter;
      |         ^~~~~~~~~~~~~~
/home/redalexdad/GitHub/WalkingRobotSim/src/unitree_guide2/include/FSM/FSM.h: In member function ‘void FSMStateList::deletePtr()’:
/home/redalexdad/GitHub/WalkingRobotSim/src/unitree_guide2/include/FSM/FSM.h:60:9: warning: deleting object of abstract class type ‘FSMState’ which has non-virtual destructor will cause undefined behavior [-Wdelete-non-virtual-dtor]
   60 |         delete invalid;
      |         ^~~~~~~~~~~~~~
/home/redalexdad/GitHub/WalkingRobotSim/src/unitree_guide2/include/FSM/FSM.h:61:9: warning: deleting object of polymorphic class type ‘State_Passive’ which has non-virtual destructor might cause undefined behavior [-Wdelete-non-virtual-dtor]
   61 |         delete passive;
      |         ^~~~~~~~~~~~~~
/home/redalexdad/GitHub/WalkingRobotSim/src/unitree_guide2/include/FSM/FSM.h:62:9: warning: deleting object of polymorphic class type ‘State_FixedStand’ which has non-virtual destructor might cause undefined behavior [-Wdelete-non-virtual-dtor]
   62 |         delete fixedStand;
      |         ^~~~~~~~~~~~~~~~~
/home/redalexdad/GitHub/WalkingRobotSim/src/unitree_guide2/include/FSM/FSM.h:63:9: warning: deleting object of polymorphic class type ‘State_FreeStand’ which has non-virtual destructor might cause undefined behavior [-Wdelete-non-virtual-dtor]
   63 |         delete freeStand;
      |         ^~~~~~~~~~~~~~~~
/home/redalexdad/GitHub/WalkingRobotSim/src/unitree_guide2/include/FSM/FSM.h:64:9: warning: deleting object of polymorphic class type ‘State_Trotting’ which has non-virtual destructor might cause undefined behavior [-Wdelete-non-virtual-dtor]
   64 |         delete trotting;
      |         ^~~~~~~~~~~~~~~
/home/redalexdad/GitHub/WalkingRobotSim/src/unitree_guide2/include/FSM/FSM.h:65:9: warning: deleting object of polymorphic class type ‘State_BalanceTest’ which has non-virtual destructor might cause undefined behavior [-Wdelete-non-virtual-dtor]
   65 |         delete balanceTest;
      |         ^~~~~~~~~~~~~~~~~~
/home/redalexdad/GitHub/WalkingRobotSim/src/unitree_guide2/include/FSM/FSM.h:66:9: warning: deleting object of polymorphic class type ‘State_SwingTest’ which has non-virtual destructor might cause undefined behavior [-Wdelete-non-virtual-dtor]
   66 |         delete swingTest;
      |         ^~~~~~~~~~~~~~~~
/home/redalexdad/GitHub/WalkingRobotSim/src/unitree_guide2/include/FSM/FSM.h:67:9: warning: deleting object of polymorphic class type ‘State_StepTest’ which has non-virtual destructor might cause undefined behavior [-Wdelete-non-virtual-dtor]
   67 |         delete stepTest;
      |         ^~~~~~~~~~~~~~~
/home/redalexdad/GitHub/WalkingRobotSim/src/unitree_guide2/include/FSM/FSM.h:72:9: warning: deleting object of polymorphic class type ‘State_move_base’ which has non-virtual destructor might cause undefined behavior [-Wdelete-non-virtual-dtor]
   72 |         delete moveBase;
      |         ^~~~~~~~~~~~~~~
/home/redalexdad/GitHub/WalkingRobotSim/src/unitree_guide2/include/control/CtrlComponents.h: In destructor ‘CtrlComponents::~CtrlComponents()’:
/home/redalexdad/GitHub/WalkingRobotSim/src/unitree_guide2/include/control/CtrlComponents.h:49:9: warning: deleting object of abstract class type ‘IOInterface’ which has non-virtual destructor will cause undefined behavior [-Wdelete-non-virtual-dtor]
   49 |         delete ioInter;
      |         ^~~~~~~~~~~~~~
/home/redalexdad/GitHub/WalkingRobotSim/src/unitree_guide2/src/main.cpp: In function ‘void ShutDown(int)’:
/home/redalexdad/GitHub/WalkingRobotSim/src/unitree_guide2/src/main.cpp:31:19: warning: unused parameter ‘sig’ [-Wunused-parameter]
   31 | void ShutDown(int sig)
      |               ~~~~^~~
In file included from /home/redalexdad/GitHub/WalkingRobotSim/src/unitree_guide2/include/message/LowlevelState.h:10,
                 from /home/redalexdad/GitHub/WalkingRobotSim/src/unitree_guide2/include/common/unitreeRobot.h:28,
                 from /home/redalexdad/GitHub/WalkingRobotSim/src/unitree_guide2/include/control/Estimator.h:20,
                 from /home/redalexdad/GitHub/WalkingRobotSim/src/unitree_guide2/src/control/Estimator.cpp:4:
/home/redalexdad/GitHub/WalkingRobotSim/src/unitree_guide2/include/interface/CmdPanel.h: In member function ‘virtual void* CmdPanel::run(void*)’:
/home/redalexdad/GitHub/WalkingRobotSim/src/unitree_guide2/include/interface/CmdPanel.h:51:29: warning: unused parameter ‘arg’ [-Wunused-parameter]
   51 |     virtual void *run(void *arg) { return NULL; }
      |                       ~~~~~~^~~
/home/redalexdad/GitHub/WalkingRobotSim/src/unitree_guide2/include/control/CtrlComponents.h: In destructor ‘CtrlComponents::~CtrlComponents()’:
/home/redalexdad/GitHub/WalkingRobotSim/src/unitree_guide2/include/control/CtrlComponents.h:49:9: warning: deleting object of abstract class type ‘IOInterface’ which has non-virtual destructor will cause undefined behavior [-Wdelete-non-virtual-dtor]
   49 |         delete ioInter;
      |         ^~~~~~~~~~~~~~
[ 77%] Building CXX object CMakeFiles/junior_ctrl.dir/src/interface/IOSDK.cpp.o
[ 81%] Building CXX object CMakeFiles/junior_ctrl.dir/src/interface/IOROS.cpp.o
[ 85%] Building CXX object CMakeFiles/junior_ctrl.dir/src/interface/KeyBoard.cpp.o
/home/redalexdad/GitHub/WalkingRobotSim/src/unitree_guide2/include/FSM/FSM.h: In member function ‘void FSMStateList::deletePtr()’:
/home/redalexdad/GitHub/WalkingRobotSim/src/unitree_guide2/include/FSM/FSM.h:60:9: warning: deleting object of abstract class type ‘FSMState’ which has non-virtual destructor will cause undefined behavior [-Wdelete-non-virtual-dtor]
   60 |         delete invalid;
      |         ^~~~~~~~~~~~~~
/home/redalexdad/GitHub/WalkingRobotSim/src/unitree_guide2/include/FSM/FSM.h:61:9: warning: deleting object of polymorphic class type ‘State_Passive’ which has non-virtual destructor might cause undefined behavior [-Wdelete-non-virtual-dtor]
   61 |         delete passive;
      |         ^~~~~~~~~~~~~~
/home/redalexdad/GitHub/WalkingRobotSim/src/unitree_guide2/include/FSM/FSM.h:62:9: warning: deleting object of polymorphic class type ‘State_FixedStand’ which has non-virtual destructor might cause undefined behavior [-Wdelete-non-virtual-dtor]
   62 |         delete fixedStand;
      |         ^~~~~~~~~~~~~~~~~
/home/redalexdad/GitHub/WalkingRobotSim/src/unitree_guide2/include/FSM/FSM.h:63:9: warning: deleting object of polymorphic class type ‘State_FreeStand’ which has non-virtual destructor might cause undefined behavior [-Wdelete-non-virtual-dtor]
   63 |         delete freeStand;
      |         ^~~~~~~~~~~~~~~~
/home/redalexdad/GitHub/WalkingRobotSim/src/unitree_guide2/include/FSM/FSM.h:64:9: warning: deleting object of polymorphic class type ‘State_Trotting’ which has non-virtual destructor might cause undefined behavior [-Wdelete-non-virtual-dtor]
   64 |         delete trotting;
      |         ^~~~~~~~~~~~~~~
/home/redalexdad/GitHub/WalkingRobotSim/src/unitree_guide2/include/FSM/FSM.h:65:9: warning: deleting object of polymorphic class type ‘State_BalanceTest’ which has non-virtual destructor might cause undefined behavior [-Wdelete-non-virtual-dtor]
   65 |         delete balanceTest;
      |         ^~~~~~~~~~~~~~~~~~
/home/redalexdad/GitHub/WalkingRobotSim/src/unitree_guide2/include/FSM/FSM.h:66:9: warning: deleting object of polymorphic class type ‘State_SwingTest’ which has non-virtual destructor might cause undefined behavior [-Wdelete-non-virtual-dtor]
   66 |         delete swingTest;
      |         ^~~~~~~~~~~~~~~~
/home/redalexdad/GitHub/WalkingRobotSim/src/unitree_guide2/include/FSM/FSM.h:67:9: warning: deleting object of polymorphic class type ‘State_StepTest’ which has non-virtual destructor might cause undefined behavior [-Wdelete-non-virtual-dtor]
   67 |         delete stepTest;
      |         ^~~~~~~~~~~~~~~
/home/redalexdad/GitHub/WalkingRobotSim/src/unitree_guide2/include/FSM/FSM.h:72:9: warning: deleting object of polymorphic class type ‘State_move_base’ which has non-virtual destructor might cause undefined behavior [-Wdelete-non-virtual-dtor]
   72 |         delete moveBase;
      |         ^~~~~~~~~~~~~~~
[ 88%] Building CXX object CMakeFiles/junior_ctrl.dir/src/interface/WirelessHandle.cpp.o
[ 92%] Building CXX object CMakeFiles/junior_ctrl.dir/src/quadProgpp/Array.cc.o
[ 96%] Building CXX object CMakeFiles/junior_ctrl.dir/src/quadProgpp/QuadProg++.cc.o
In file included from /home/redalexdad/GitHub/WalkingRobotSim/src/unitree_guide2/include/interface/KeyBoard.h:14,
                 from /home/redalexdad/GitHub/WalkingRobotSim/src/unitree_guide2/src/interface/KeyBoard.cpp:4:
/home/redalexdad/GitHub/WalkingRobotSim/src/unitree_guide2/include/interface/CmdPanel.h: In member function ‘virtual void* CmdPanel::run(void*)’:
/home/redalexdad/GitHub/WalkingRobotSim/src/unitree_guide2/include/interface/CmdPanel.h:51:29: warning: unused parameter ‘arg’ [-Wunused-parameter]
   51 |     virtual void *run(void *arg) { return NULL; }
      |                       ~~~~~~^~~
/home/redalexdad/GitHub/WalkingRobotSim/src/unitree_guide2/src/quadProgpp/QuadProg++.cc: In function ‘double quadprogpp::solve_quadprog(Matrix<double>&, Vector<double>&, const Matrix<double>&, const Vector<double>&, const Matrix<double>&, const Vector<double>&, Vector<double>&)’:
/home/redalexdad/GitHub/WalkingRobotSim/src/unitree_guide2/src/quadProgpp/QuadProg++.cc:85:27: warning: ISO C++17 does not allow ‘register’ storage class specifier [-Wregister]
   85 |     register unsigned int i, j, k, l; /* indices */
      |                           ^
/home/redalexdad/GitHub/WalkingRobotSim/src/unitree_guide2/src/quadProgpp/QuadProg++.cc:85:30: warning: ISO C++17 does not allow ‘register’ storage class specifier [-Wregister]
   85 |     register unsigned int i, j, k, l; /* indices */
      |                              ^
/home/redalexdad/GitHub/WalkingRobotSim/src/unitree_guide2/src/quadProgpp/QuadProg++.cc:85:33: warning: ISO C++17 does not allow ‘register’ storage class specifier [-Wregister]
   85 |     register unsigned int i, j, k, l; /* indices */
      |                                 ^
/home/redalexdad/GitHub/WalkingRobotSim/src/unitree_guide2/src/quadProgpp/QuadProg++.cc:85:36: warning: ISO C++17 does not allow ‘register’ storage class specifier [-Wregister]
   85 |     register unsigned int i, j, k, l; /* indices */
      |                                    ^
/home/redalexdad/GitHub/WalkingRobotSim/src/unitree_guide2/src/quadProgpp/QuadProg++.cc:122:16: warning: address requested for ‘i’, which is declared ‘register’ [-Wextra]
  122 |       c1 += G[i][i];
      |                ^
/home/redalexdad/GitHub/WalkingRobotSim/src/unitree_guide2/src/quadProgpp/QuadProg++.cc:145:22: warning: address requested for ‘j’, which is declared ‘register’ [-Wextra]
  145 |         J[i][j] = z[j];
      |                      ^
/home/redalexdad/GitHub/WalkingRobotSim/src/unitree_guide2/src/quadProgpp/QuadProg++.cc:194:12: warning: address requested for ‘k’, which is declared ‘register’ [-Wextra]
  194 |         x[k] += t2 * z[k];
      |            ^
/home/redalexdad/GitHub/WalkingRobotSim/src/unitree_guide2/src/quadProgpp/QuadProg++.cc:353:12: warning: address requested for ‘l’, which is declared ‘register’ [-Wextra]
  353 |       iai[l] = l;
      |            ^
/home/redalexdad/GitHub/WalkingRobotSim/src/unitree_guide2/src/quadProgpp/QuadProg++.cc: In function ‘void quadprogpp::compute_d(Vector<double>&, const Matrix<double>&, const Vector<double>&)’:
/home/redalexdad/GitHub/WalkingRobotSim/src/unitree_guide2/src/quadProgpp/QuadProg++.cc:451:18: warning: ISO C++17 does not allow ‘register’ storage class specifier [-Wregister]
  451 |     register int i, j, n = d.size();
      |                  ^
/home/redalexdad/GitHub/WalkingRobotSim/src/unitree_guide2/src/quadProgpp/QuadProg++.cc:451:21: warning: ISO C++17 does not allow ‘register’ storage class specifier [-Wregister]
  451 |     register int i, j, n = d.size();
      |                     ^
/home/redalexdad/GitHub/WalkingRobotSim/src/unitree_guide2/src/quadProgpp/QuadProg++.cc:451:24: warning: ISO C++17 does not allow ‘register’ storage class specifier [-Wregister]
  451 |     register int i, j, n = d.size();
      |                        ^
/home/redalexdad/GitHub/WalkingRobotSim/src/unitree_guide2/src/quadProgpp/QuadProg++.cc:452:21: warning: ISO C++17 does not allow ‘register’ storage class specifier [-Wregister]
  452 |     register double sum;
      |                     ^~~
/home/redalexdad/GitHub/WalkingRobotSim/src/unitree_guide2/src/quadProgpp/QuadProg++.cc: In function ‘void quadprogpp::update_z(Vector<double>&, const Matrix<double>&, const Vector<double>&, int)’:
/home/redalexdad/GitHub/WalkingRobotSim/src/unitree_guide2/src/quadProgpp/QuadProg++.cc:466:18: warning: ISO C++17 does not allow ‘register’ storage class specifier [-Wregister]
  466 |     register int i, j, n = z.size();
      |                  ^
/home/redalexdad/GitHub/WalkingRobotSim/src/unitree_guide2/src/quadProgpp/QuadProg++.cc:466:21: warning: ISO C++17 does not allow ‘register’ storage class specifier [-Wregister]
  466 |     register int i, j, n = z.size();
      |                     ^
/home/redalexdad/GitHub/WalkingRobotSim/src/unitree_guide2/src/quadProgpp/QuadProg++.cc:466:24: warning: ISO C++17 does not allow ‘register’ storage class specifier [-Wregister]
  466 |     register int i, j, n = z.size();
      |                        ^
/home/redalexdad/GitHub/WalkingRobotSim/src/unitree_guide2/src/quadProgpp/QuadProg++.cc: In function ‘void quadprogpp::update_r(const Matrix<double>&, Vector<double>&, const Vector<double>&, int)’:
/home/redalexdad/GitHub/WalkingRobotSim/src/unitree_guide2/src/quadProgpp/QuadProg++.cc:479:18: warning: ISO C++17 does not allow ‘register’ storage class specifier [-Wregister]
  479 |     register int i, j;
      |                  ^
/home/redalexdad/GitHub/WalkingRobotSim/src/unitree_guide2/src/quadProgpp/QuadProg++.cc:479:21: warning: ISO C++17 does not allow ‘register’ storage class specifier [-Wregister]
  479 |     register int i, j;
      |                     ^
/home/redalexdad/GitHub/WalkingRobotSim/src/unitree_guide2/src/quadProgpp/QuadProg++.cc:480:21: warning: ISO C++17 does not allow ‘register’ storage class specifier [-Wregister]
  480 |     register double sum;
      |                     ^~~
/home/redalexdad/GitHub/WalkingRobotSim/src/unitree_guide2/src/quadProgpp/QuadProg++.cc: In function ‘bool quadprogpp::add_constraint(Matrix<double>&, Matrix<double>&, Vector<double>&, unsigned int&, double&)’:
/home/redalexdad/GitHub/WalkingRobotSim/src/unitree_guide2/src/quadProgpp/QuadProg++.cc:498:27: warning: ISO C++17 does not allow ‘register’ storage class specifier [-Wregister]
  498 |     register unsigned int i, j, k;
      |                           ^
/home/redalexdad/GitHub/WalkingRobotSim/src/unitree_guide2/src/quadProgpp/QuadProg++.cc:498:30: warning: ISO C++17 does not allow ‘register’ storage class specifier [-Wregister]
  498 |     register unsigned int i, j, k;
      |                              ^
/home/redalexdad/GitHub/WalkingRobotSim/src/unitree_guide2/src/quadProgpp/QuadProg++.cc:498:33: warning: ISO C++17 does not allow ‘register’ storage class specifier [-Wregister]
  498 |     register unsigned int i, j, k;
      |                                 ^
/home/redalexdad/GitHub/WalkingRobotSim/src/unitree_guide2/src/quadProgpp/QuadProg++.cc:516:15: warning: address requested for ‘j’, which is declared ‘register’ [-Wextra]
  516 |       ss = d[j];
      |               ^
/home/redalexdad/GitHub/WalkingRobotSim/src/unitree_guide2/src/quadProgpp/QuadProg++.cc:534:17: warning: address requested for ‘k’, which is declared ‘register’ [-Wextra]
  534 |         t1 = J[k][j - 1];
      |                 ^
/home/redalexdad/GitHub/WalkingRobotSim/src/unitree_guide2/src/quadProgpp/QuadProg++.cc:546:10: warning: address requested for ‘i’, which is declared ‘register’ [-Wextra]
  546 |       R[i][iq - 1] = d[i];
      |          ^
/home/redalexdad/GitHub/WalkingRobotSim/src/unitree_guide2/src/quadProgpp/QuadProg++.cc: In function ‘void quadprogpp::delete_constraint(Matrix<double>&, Matrix<double>&, Vector<int>&, Vector<double>&, unsigned int, int, unsigned int&, int)’:
/home/redalexdad/GitHub/WalkingRobotSim/src/unitree_guide2/src/quadProgpp/QuadProg++.cc:568:27: warning: ISO C++17 does not allow ‘register’ storage class specifier [-Wregister]
  568 |     register unsigned int i, j, k, qq = 0; // just to prevent warnings from smart compilers
      |                           ^
/home/redalexdad/GitHub/WalkingRobotSim/src/unitree_guide2/src/quadProgpp/QuadProg++.cc:568:30: warning: ISO C++17 does not allow ‘register’ storage class specifier [-Wregister]
  568 |     register unsigned int i, j, k, qq = 0; // just to prevent warnings from smart compilers
      |                              ^
/home/redalexdad/GitHub/WalkingRobotSim/src/unitree_guide2/src/quadProgpp/QuadProg++.cc:568:33: warning: ISO C++17 does not allow ‘register’ storage class specifier [-Wregister]
  568 |     register unsigned int i, j, k, qq = 0; // just to prevent warnings from smart compilers
      |                                 ^
/home/redalexdad/GitHub/WalkingRobotSim/src/unitree_guide2/src/quadProgpp/QuadProg++.cc:568:36: warning: ISO C++17 does not allow ‘register’ storage class specifier [-Wregister]
  568 |     register unsigned int i, j, k, qq = 0; // just to prevent warnings from smart compilers
      |                                    ^~
/home/redalexdad/GitHub/WalkingRobotSim/src/unitree_guide2/src/quadProgpp/QuadProg++.cc:574:14: warning: address requested for ‘i’, which is declared ‘register’ [-Wextra]
  574 |       if (A[i] == l)
      |              ^
/home/redalexdad/GitHub/WalkingRobotSim/src/unitree_guide2/src/quadProgpp/QuadProg++.cc:593:12: warning: address requested for ‘j’, which is declared ‘register’ [-Wextra]
  593 |         R[j][i] = R[j][i + 1];
      |            ^
/home/redalexdad/GitHub/WalkingRobotSim/src/unitree_guide2/src/quadProgpp/QuadProg++.cc:640:17: warning: address requested for ‘k’, which is declared ‘register’ [-Wextra]
  640 |         t1 = J[k][j];
      |                 ^
/home/redalexdad/GitHub/WalkingRobotSim/src/unitree_guide2/src/quadProgpp/QuadProg++.cc: In function ‘double quadprogpp::distance(double, double)’:
/home/redalexdad/GitHub/WalkingRobotSim/src/unitree_guide2/src/quadProgpp/QuadProg++.cc:650:21: warning: ISO C++17 does not allow ‘register’ storage class specifier [-Wregister]
  650 |     register double a1, b1, t;
      |                     ^~
/home/redalexdad/GitHub/WalkingRobotSim/src/unitree_guide2/src/quadProgpp/QuadProg++.cc:650:25: warning: ISO C++17 does not allow ‘register’ storage class specifier [-Wregister]
  650 |     register double a1, b1, t;
      |                         ^~
/home/redalexdad/GitHub/WalkingRobotSim/src/unitree_guide2/src/quadProgpp/QuadProg++.cc:650:29: warning: ISO C++17 does not allow ‘register’ storage class specifier [-Wregister]
  650 |     register double a1, b1, t;
      |                             ^
/home/redalexdad/GitHub/WalkingRobotSim/src/unitree_guide2/src/quadProgpp/QuadProg++.cc: In function ‘double quadprogpp::scalar_product(const Vector<double>&, const Vector<double>&)’:
/home/redalexdad/GitHub/WalkingRobotSim/src/unitree_guide2/src/quadProgpp/QuadProg++.cc:668:18: warning: ISO C++17 does not allow ‘register’ storage class specifier [-Wregister]
  668 |     register int i, n = x.size();
      |                  ^
/home/redalexdad/GitHub/WalkingRobotSim/src/unitree_guide2/src/quadProgpp/QuadProg++.cc:668:21: warning: ISO C++17 does not allow ‘register’ storage class specifier [-Wregister]
  668 |     register int i, n = x.size();
      |                     ^
/home/redalexdad/GitHub/WalkingRobotSim/src/unitree_guide2/src/quadProgpp/QuadProg++.cc:669:21: warning: ISO C++17 does not allow ‘register’ storage class specifier [-Wregister]
  669 |     register double sum;
      |                     ^~~
/home/redalexdad/GitHub/WalkingRobotSim/src/unitree_guide2/src/quadProgpp/QuadProg++.cc: In function ‘void quadprogpp::cholesky_decomposition(Matrix<double>&)’:
/home/redalexdad/GitHub/WalkingRobotSim/src/unitree_guide2/src/quadProgpp/QuadProg++.cc:679:18: warning: ISO C++17 does not allow ‘register’ storage class specifier [-Wregister]
  679 |     register int i, j, k, n = A.nrows();
      |                  ^
/home/redalexdad/GitHub/WalkingRobotSim/src/unitree_guide2/src/quadProgpp/QuadProg++.cc:679:21: warning: ISO C++17 does not allow ‘register’ storage class specifier [-Wregister]
  679 |     register int i, j, k, n = A.nrows();
      |                     ^
/home/redalexdad/GitHub/WalkingRobotSim/src/unitree_guide2/src/quadProgpp/QuadProg++.cc:679:24: warning: ISO C++17 does not allow ‘register’ storage class specifier [-Wregister]
  679 |     register int i, j, k, n = A.nrows();
      |                        ^
/home/redalexdad/GitHub/WalkingRobotSim/src/unitree_guide2/src/quadProgpp/QuadProg++.cc:679:27: warning: ISO C++17 does not allow ‘register’ storage class specifier [-Wregister]
  679 |     register int i, j, k, n = A.nrows();
      |                           ^
/home/redalexdad/GitHub/WalkingRobotSim/src/unitree_guide2/src/quadProgpp/QuadProg++.cc:680:21: warning: ISO C++17 does not allow ‘register’ storage class specifier [-Wregister]
  680 |     register double sum;
      |                     ^~~
/home/redalexdad/GitHub/WalkingRobotSim/src/unitree_guide2/src/quadProgpp/QuadProg++.cc: In function ‘void quadprogpp::forward_elimination(const Matrix<double>&, Vector<double>&, const Vector<double>&)’:
/home/redalexdad/GitHub/WalkingRobotSim/src/unitree_guide2/src/quadProgpp/QuadProg++.cc:723:18: warning: ISO C++17 does not allow ‘register’ storage class specifier [-Wregister]
  723 |     register int i, j, n = L.nrows();
      |                  ^
/home/redalexdad/GitHub/WalkingRobotSim/src/unitree_guide2/src/quadProgpp/QuadProg++.cc:723:21: warning: ISO C++17 does not allow ‘register’ storage class specifier [-Wregister]
  723 |     register int i, j, n = L.nrows();
      |                     ^
/home/redalexdad/GitHub/WalkingRobotSim/src/unitree_guide2/src/quadProgpp/QuadProg++.cc:723:24: warning: ISO C++17 does not allow ‘register’ storage class specifier [-Wregister]
  723 |     register int i, j, n = L.nrows();
      |                        ^
/home/redalexdad/GitHub/WalkingRobotSim/src/unitree_guide2/src/quadProgpp/QuadProg++.cc: In function ‘void quadprogpp::backward_elimination(const Matrix<double>&, Vector<double>&, const Vector<double>&)’:
/home/redalexdad/GitHub/WalkingRobotSim/src/unitree_guide2/src/quadProgpp/QuadProg++.cc:737:18: warning: ISO C++17 does not allow ‘register’ storage class specifier [-Wregister]
  737 |     register int i, j, n = U.nrows();
      |                  ^
/home/redalexdad/GitHub/WalkingRobotSim/src/unitree_guide2/src/quadProgpp/QuadProg++.cc:737:21: warning: ISO C++17 does not allow ‘register’ storage class specifier [-Wregister]
  737 |     register int i, j, n = U.nrows();
      |                     ^
/home/redalexdad/GitHub/WalkingRobotSim/src/unitree_guide2/src/quadProgpp/QuadProg++.cc:737:24: warning: ISO C++17 does not allow ‘register’ storage class specifier [-Wregister]
  737 |     register int i, j, n = U.nrows();
      |                        ^
/home/redalexdad/GitHub/WalkingRobotSim/src/unitree_guide2/src/interface/KeyBoard.cpp: In member function ‘virtual void* KeyBoard::run(void*)’:
/home/redalexdad/GitHub/WalkingRobotSim/src/unitree_guide2/src/interface/KeyBoard.cpp:109:27: warning: unused parameter ‘arg’ [-Wunused-parameter]
  109 | void *KeyBoard::run(void *arg)
      |                     ~~~~~~^~~
/home/redalexdad/GitHub/WalkingRobotSim/src/unitree_guide2/include/control/Estimator.h: In constructor ‘Estimator::Estimator(QuadrupedRobot*, LowlevelState*, VecInt4*, Vec4*, double, Vec18, std::string)’:
/home/redalexdad/GitHub/WalkingRobotSim/src/unitree_guide2/include/control/Estimator.h:103:21: warning: ‘Estimator::_robModel’ will be initialized after [-Wreorder]
  103 |     QuadrupedRobot *_robModel;
      |                     ^~~~~~~~~
/home/redalexdad/GitHub/WalkingRobotSim/src/unitree_guide2/include/control/Estimator.h:102:20: warning:   ‘LowlevelState* Estimator::_lowState’ [-Wreorder]
  102 |     LowlevelState *_lowState;
      |                    ^~~~~~~~~
/home/redalexdad/GitHub/WalkingRobotSim/src/unitree_guide2/src/control/Estimator.cpp:8:1: warning:   when initialized here [-Wreorder]
    8 | Estimator::Estimator(QuadrupedRobot *robotModel, LowlevelState *lowState,
      | ^~~~~~~~~
/home/redalexdad/GitHub/WalkingRobotSim/src/unitree_guide2/include/control/Estimator.h:105:14: warning: ‘Estimator::_contact’ will be initialized after [-Wreorder]
  105 |     VecInt4 *_contact;
      |              ^~~~~~~~
/home/redalexdad/GitHub/WalkingRobotSim/src/unitree_guide2/include/control/Estimator.h:104:11: warning:   ‘Vec4* Estimator::_phase’ [-Wreorder]
  104 |     Vec4 *_phase;
      |           ^~~~~~
/home/redalexdad/GitHub/WalkingRobotSim/src/unitree_guide2/src/control/Estimator.cpp:8:1: warning:   when initialized here [-Wreorder]
    8 | Estimator::Estimator(QuadrupedRobot *robotModel, LowlevelState *lowState,
      | ^~~~~~~~~
/home/redalexdad/GitHub/WalkingRobotSim/src/unitree_guide2/include/control/Estimator.h:106:12: warning: ‘Estimator::_dt’ will be initialized after [-Wreorder]
  106 |     double _dt;
      |            ^~~
/home/redalexdad/GitHub/WalkingRobotSim/src/unitree_guide2/include/control/Estimator.h:84:11: warning:   ‘Vec18 Estimator::_Qdig’ [-Wreorder]
   84 |     Vec18 _Qdig;                            // adjustable process noise covariance
      |           ^~~~~
/home/redalexdad/GitHub/WalkingRobotSim/src/unitree_guide2/src/control/Estimator.cpp:8:1: warning:   when initialized here [-Wreorder]
    8 | Estimator::Estimator(QuadrupedRobot *robotModel, LowlevelState *lowState,
      | ^~~~~~~~~
/home/redalexdad/GitHub/WalkingRobotSim/src/unitree_guide2/include/control/Estimator.h: In constructor ‘Estimator::Estimator(QuadrupedRobot*, LowlevelState*, VecInt4*, Vec4*, double)’:
/home/redalexdad/GitHub/WalkingRobotSim/src/unitree_guide2/include/control/Estimator.h:103:21: warning: ‘Estimator::_robModel’ will be initialized after [-Wreorder]
  103 |     QuadrupedRobot *_robModel;
      |                     ^~~~~~~~~
/home/redalexdad/GitHub/WalkingRobotSim/src/unitree_guide2/include/control/Estimator.h:102:20: warning:   ‘LowlevelState* Estimator::_lowState’ [-Wreorder]
  102 |     LowlevelState *_lowState;
      |                    ^~~~~~~~~
/home/redalexdad/GitHub/WalkingRobotSim/src/unitree_guide2/src/control/Estimator.cpp:18:1: warning:   when initialized here [-Wreorder]
   18 | Estimator::Estimator(QuadrupedRobot *robotModel, LowlevelState *lowState,
      | ^~~~~~~~~
/home/redalexdad/GitHub/WalkingRobotSim/src/unitree_guide2/include/control/Estimator.h:105:14: warning: ‘Estimator::_contact’ will be initialized after [-Wreorder]
  105 |     VecInt4 *_contact;
      |              ^~~~~~~~
/home/redalexdad/GitHub/WalkingRobotSim/src/unitree_guide2/include/control/Estimator.h:104:11: warning:   ‘Vec4* Estimator::_phase’ [-Wreorder]
  104 |     Vec4 *_phase;
      |           ^~~~~~
/home/redalexdad/GitHub/WalkingRobotSim/src/unitree_guide2/src/control/Estimator.cpp:18:1: warning:   when initialized here [-Wreorder]
   18 | Estimator::Estimator(QuadrupedRobot *robotModel, LowlevelState *lowState,
      | ^~~~~~~~~
In file included from /home/redalexdad/GitHub/WalkingRobotSim/src/unitree_guide2/include/message/LowlevelState.h:10,
                 from /home/redalexdad/GitHub/WalkingRobotSim/src/unitree_guide2/include/interface/IOInterface.h:8,
                 from /home/redalexdad/GitHub/WalkingRobotSim/src/unitree_guide2/include/interface/IOROS.h:69,
                 from /home/redalexdad/GitHub/WalkingRobotSim/src/unitree_guide2/src/interface/IOROS.cpp:239:
/home/redalexdad/GitHub/WalkingRobotSim/src/unitree_guide2/include/interface/CmdPanel.h: In member function ‘virtual void* CmdPanel::run(void*)’:
/home/redalexdad/GitHub/WalkingRobotSim/src/unitree_guide2/include/interface/CmdPanel.h:51:29: warning: unused parameter ‘arg’ [-Wunused-parameter]
   51 |     virtual void *run(void *arg) { return NULL; }
      |                       ~~~~~~^~~
/home/redalexdad/GitHub/WalkingRobotSim/src/unitree_guide2/src/interface/IOROS.cpp: In static member function ‘static void IOROS::RosShutDown(int)’:
/home/redalexdad/GitHub/WalkingRobotSim/src/unitree_guide2/src/interface/IOROS.cpp:248:29: warning: unused parameter ‘sig’ [-Wunused-parameter]
  248 | void IOROS::RosShutDown(int sig)
      |                         ~~~~^~~
[100%] Linking CXX executable junior_ctrl
[100%] Built target junior_ctrl
-- Install configuration: ""
-- Installing: /home/redalexdad/GitHub/WalkingRobotSim/install/unitree_guide2/lib/unitree_guide2/junior_ctrl
-- Set non-toolchain portion of runtime path of "/home/redalexdad/GitHub/WalkingRobotSim/install/unitree_guide2/lib/unitree_guide2/junior_ctrl" to ""
-- Installing: /home/redalexdad/GitHub/WalkingRobotSim/install/unitree_guide2/share/ament_index/resource_index/package_run_dependencies/unitree_guide2
-- Installing: /home/redalexdad/GitHub/WalkingRobotSim/install/unitree_guide2/share/ament_index/resource_index/parent_prefix_path/unitree_guide2
-- Installing: /home/redalexdad/GitHub/WalkingRobotSim/install/unitree_guide2/share/unitree_guide2/environment/ament_prefix_path.sh
-- Installing: /home/redalexdad/GitHub/WalkingRobotSim/install/unitree_guide2/share/unitree_guide2/environment/ament_prefix_path.dsv
-- Installing: /home/redalexdad/GitHub/WalkingRobotSim/install/unitree_guide2/share/unitree_guide2/environment/path.sh
-- Installing: /home/redalexdad/GitHub/WalkingRobotSim/install/unitree_guide2/share/unitree_guide2/environment/path.dsv
-- Installing: /home/redalexdad/GitHub/WalkingRobotSim/install/unitree_guide2/share/unitree_guide2/local_setup.bash
-- Installing: /home/redalexdad/GitHub/WalkingRobotSim/install/unitree_guide2/share/unitree_guide2/local_setup.sh
-- Installing: /home/redalexdad/GitHub/WalkingRobotSim/install/unitree_guide2/share/unitree_guide2/local_setup.zsh
-- Installing: /home/redalexdad/GitHub/WalkingRobotSim/install/unitree_guide2/share/unitree_guide2/local_setup.dsv
-- Installing: /home/redalexdad/GitHub/WalkingRobotSim/install/unitree_guide2/share/unitree_guide2/package.dsv
-- Installing: /home/redalexdad/GitHub/WalkingRobotSim/install/unitree_guide2/share/ament_index/resource_index/packages/unitree_guide2
-- Installing: /home/redalexdad/GitHub/WalkingRobotSim/install/unitree_guide2/share/unitree_guide2/cmake/unitree_guide2Config.cmake
-- Installing: /home/redalexdad/GitHub/WalkingRobotSim/install/unitree_guide2/share/unitree_guide2/cmake/unitree_guide2Config-version.cmake
-- Installing: /home/redalexdad/GitHub/WalkingRobotSim/install/unitree_guide2/share/unitree_guide2/package.xml
