running egg_info
creating ../../../build/ros2_yolo_recognition/ros2_yolo_recognition.egg-info
writing ../../../build/ros2_yolo_recognition/ros2_yolo_recognition.egg-info/PKG-INFO
writing dependency_links to ../../../build/ros2_yolo_recognition/ros2_yolo_recognition.egg-info/dependency_links.txt
writing entry points to ../../../build/ros2_yolo_recognition/ros2_yolo_recognition.egg-info/entry_points.txt
writing requirements to ../../../build/ros2_yolo_recognition/ros2_yolo_recognition.egg-info/requires.txt
writing top-level names to ../../../build/ros2_yolo_recognition/ros2_yolo_recognition.egg-info/top_level.txt
writing manifest file '../../../build/ros2_yolo_recognition/ros2_yolo_recognition.egg-info/SOURCES.txt'
reading manifest file '../../../build/ros2_yolo_recognition/ros2_yolo_recognition.egg-info/SOURCES.txt'
writing manifest file '../../../build/ros2_yolo_recognition/ros2_yolo_recognition.egg-info/SOURCES.txt'
running build
running build_py
creating /home/redalexdad/GitHub/WalkingRobotSim/build/ros2_yolo_recognition/build
creating /home/redalexdad/GitHub/WalkingRobotSim/build/ros2_yolo_recognition/build/lib
creating /home/redalexdad/GitHub/WalkingRobotSim/build/ros2_yolo_recognition/build/lib/ros2_yolo_recognition
copying ros2_yolo_recognition/__init__.py -> /home/redalexdad/GitHub/WalkingRobotSim/build/ros2_yolo_recognition/build/lib/ros2_yolo_recognition
copying ros2_yolo_recognition/debug_node.py -> /home/redalexdad/GitHub/WalkingRobotSim/build/ros2_yolo_recognition/build/lib/ros2_yolo_recognition
copying ros2_yolo_recognition/tracking_node.py -> /home/redalexdad/GitHub/WalkingRobotSim/build/ros2_yolo_recognition/build/lib/ros2_yolo_recognition
copying ros2_yolo_recognition/detect_object.py -> /home/redalexdad/GitHub/WalkingRobotSim/build/ros2_yolo_recognition/build/lib/ros2_yolo_recognition
copying ros2_yolo_recognition/yolo_node.py -> /home/redalexdad/GitHub/WalkingRobotSim/build/ros2_yolo_recognition/build/lib/ros2_yolo_recognition
copying ros2_yolo_recognition/detect_3d_node.py -> /home/redalexdad/GitHub/WalkingRobotSim/build/ros2_yolo_recognition/build/lib/ros2_yolo_recognition
running install
running install_lib
creating /home/redalexdad/GitHub/WalkingRobotSim/install/ros2_yolo_recognition/lib/python3.12/site-packages/ros2_yolo_recognition
copying /home/redalexdad/GitHub/WalkingRobotSim/build/ros2_yolo_recognition/build/lib/ros2_yolo_recognition/__init__.py -> /home/redalexdad/GitHub/WalkingRobotSim/install/ros2_yolo_recognition/lib/python3.12/site-packages/ros2_yolo_recognition
copying /home/redalexdad/GitHub/WalkingRobotSim/build/ros2_yolo_recognition/build/lib/ros2_yolo_recognition/debug_node.py -> /home/redalexdad/GitHub/WalkingRobotSim/install/ros2_yolo_recognition/lib/python3.12/site-packages/ros2_yolo_recognition
copying /home/redalexdad/GitHub/WalkingRobotSim/build/ros2_yolo_recognition/build/lib/ros2_yolo_recognition/tracking_node.py -> /home/redalexdad/GitHub/WalkingRobotSim/install/ros2_yolo_recognition/lib/python3.12/site-packages/ros2_yolo_recognition
copying /home/redalexdad/GitHub/WalkingRobotSim/build/ros2_yolo_recognition/build/lib/ros2_yolo_recognition/detect_object.py -> /home/redalexdad/GitHub/WalkingRobotSim/install/ros2_yolo_recognition/lib/python3.12/site-packages/ros2_yolo_recognition
copying /home/redalexdad/GitHub/WalkingRobotSim/build/ros2_yolo_recognition/build/lib/ros2_yolo_recognition/yolo_node.py -> /home/redalexdad/GitHub/WalkingRobotSim/install/ros2_yolo_recognition/lib/python3.12/site-packages/ros2_yolo_recognition
copying /home/redalexdad/GitHub/WalkingRobotSim/build/ros2_yolo_recognition/build/lib/ros2_yolo_recognition/detect_3d_node.py -> /home/redalexdad/GitHub/WalkingRobotSim/install/ros2_yolo_recognition/lib/python3.12/site-packages/ros2_yolo_recognition
byte-compiling /home/redalexdad/GitHub/WalkingRobotSim/install/ros2_yolo_recognition/lib/python3.12/site-packages/ros2_yolo_recognition/__init__.py to __init__.cpython-312.pyc
byte-compiling /home/redalexdad/GitHub/WalkingRobotSim/install/ros2_yolo_recognition/lib/python3.12/site-packages/ros2_yolo_recognition/debug_node.py to debug_node.cpython-312.pyc
byte-compiling /home/redalexdad/GitHub/WalkingRobotSim/install/ros2_yolo_recognition/lib/python3.12/site-packages/ros2_yolo_recognition/tracking_node.py to tracking_node.cpython-312.pyc
byte-compiling /home/redalexdad/GitHub/WalkingRobotSim/install/ros2_yolo_recognition/lib/python3.12/site-packages/ros2_yolo_recognition/detect_object.py to detect_object.cpython-312.pyc
byte-compiling /home/redalexdad/GitHub/WalkingRobotSim/install/ros2_yolo_recognition/lib/python3.12/site-packages/ros2_yolo_recognition/yolo_node.py to yolo_node.cpython-312.pyc
byte-compiling /home/redalexdad/GitHub/WalkingRobotSim/install/ros2_yolo_recognition/lib/python3.12/site-packages/ros2_yolo_recognition/detect_3d_node.py to detect_3d_node.cpython-312.pyc
running install_data
creating /home/redalexdad/GitHub/WalkingRobotSim/install/ros2_yolo_recognition/share/ament_index
creating /home/redalexdad/GitHub/WalkingRobotSim/install/ros2_yolo_recognition/share/ament_index/resource_index
creating /home/redalexdad/GitHub/WalkingRobotSim/install/ros2_yolo_recognition/share/ament_index/resource_index/packages
copying resource/ros2_yolo_recognition -> /home/redalexdad/GitHub/WalkingRobotSim/install/ros2_yolo_recognition/share/ament_index/resource_index/packages
copying package.xml -> /home/redalexdad/GitHub/WalkingRobotSim/install/ros2_yolo_recognition/share/ros2_yolo_recognition
creating /home/redalexdad/GitHub/WalkingRobotSim/install/ros2_yolo_recognition/share/ros2_yolo_recognition/models
copying models/ascol_object_detect_0.2.pt -> /home/redalexdad/GitHub/WalkingRobotSim/install/ros2_yolo_recognition/share/ros2_yolo_recognition/models
copying models/yolo11n.pt -> /home/redalexdad/GitHub/WalkingRobotSim/install/ros2_yolo_recognition/share/ros2_yolo_recognition/models
running install_egg_info
Copying ../../../build/ros2_yolo_recognition/ros2_yolo_recognition.egg-info to /home/redalexdad/GitHub/WalkingRobotSim/install/ros2_yolo_recognition/lib/python3.12/site-packages/ros2_yolo_recognition-0.0.0-py3.12.egg-info
running install_scripts
Installing debug_node script to /home/redalexdad/GitHub/WalkingRobotSim/install/ros2_yolo_recognition/lib/ros2_yolo_recognition
Installing detect_3d_node script to /home/redalexdad/GitHub/WalkingRobotSim/install/ros2_yolo_recognition/lib/ros2_yolo_recognition
Installing detect_object script to /home/redalexdad/GitHub/WalkingRobotSim/install/ros2_yolo_recognition/lib/ros2_yolo_recognition
Installing tracking_node script to /home/redalexdad/GitHub/WalkingRobotSim/install/ros2_yolo_recognition/lib/ros2_yolo_recognition
Installing yolo_node script to /home/redalexdad/GitHub/WalkingRobotSim/install/ros2_yolo_recognition/lib/ros2_yolo_recognition
writing list of installed files to '/home/redalexdad/GitHub/WalkingRobotSim/build/ros2_yolo_recognition/install.log'
