[1.188s] Invoking command in '/home/redalexdad/GitHub/WalkingRobotSim/src/ros2_yolo_recognition/ros2_yolo_recognition': CMAKE_PREFIX_PATH=/home/redalexdad/GitHub/WalkingRobotSim/install/yolo_msgs:/home/redalexdad/GitHub/WalkingRobotSim/install/yolo_bringup:/home/redalexdad/GitHub/WalkingRobotSim/install/unitree_guide2:/home/redalexdad/GitHub/WalkingRobotSim/install/ros2_unitree_legged_control:/home/redalexdad/GitHub/WalkingRobotSim/install/ros2_unitree_legged_msgs:/home/redalexdad/GitHub/WalkingRobotSim/install/ros2_gazebo:/home/redalexdad/GitHub/WalkingRobotSim/install/go2_description:/home/redalexdad/GitHub/WalkingRobotSim/install/go1_description:/usr/local/libtorch:/opt/unitree_robotics:/opt/ros/jazzy/opt/gz_sim_vendor:/opt/ros/jazzy/opt/gz_sensors_vendor:/opt/ros/jazzy/opt/gz_physics_vendor:/opt/ros/jazzy/opt/sdformat_vendor:/opt/ros/jazzy/opt/gz_gui_vendor:/opt/ros/jazzy/opt/gz_transport_vendor:/opt/ros/jazzy/opt/gz_rendering_vendor:/opt/ros/jazzy/opt/gz_plugin_vendor:/opt/ros/jazzy/opt/gz_fuel_tools_vendor:/opt/ros/jazzy/opt/gz_msgs_vendor:/opt/ros/jazzy/opt/gz_common_vendor:/opt/ros/jazzy/opt/gz_math_vendor:/opt/ros/jazzy/opt/gz_utils_vendor:/opt/ros/jazzy/opt/gz_tools_vendor:/opt/ros/jazzy/opt/gz_ogre_next_vendor:/opt/ros/jazzy/opt/gz_dartsim_vendor:/opt/ros/jazzy/opt/gz_cmake_vendor DEBUGINFOD_URLS=https://debuginfod.ubuntu.com LD_LIBRARY_PATH=/home/redalexdad/GitHub/WalkingRobotSim/install/yolo_msgs/lib:/home/redalexdad/GitHub/WalkingRobotSim/install/ros2_unitree_legged_control/lib:/home/redalexdad/GitHub/WalkingRobotSim/install/ros2_unitree_legged_msgs/lib:/opt/ros/jazzy/opt/gz_sim_vendor/lib:/opt/ros/jazzy/opt/gz_sensors_vendor/lib:/opt/ros/jazzy/opt/gz_physics_vendor/lib:/opt/ros/jazzy/opt/sdformat_vendor/lib:/opt/ros/jazzy/opt/rviz_ogre_vendor/lib:/opt/ros/jazzy/lib/x86_64-linux-gnu:/opt/ros/jazzy/opt/gz_gui_vendor/lib:/opt/ros/jazzy/opt/gz_transport_vendor/lib:/opt/ros/jazzy/opt/gz_rendering_vendor/lib:/opt/ros/jazzy/opt/gz_plugin_vendor/lib:/opt/ros/jazzy/opt/gz_fuel_tools_vendor/lib:/opt/ros/jazzy/opt/gz_msgs_vendor/lib:/opt/ros/jazzy/opt/gz_common_vendor/lib:/opt/ros/jazzy/opt/gz_math_vendor/lib:/opt/ros/jazzy/opt/gz_utils_vendor/lib:/opt/ros/jazzy/opt/gz_tools_vendor/lib:/opt/ros/jazzy/opt/gz_ogre_next_vendor/lib:/opt/ros/jazzy/opt/gz_dartsim_vendor/lib:/opt/ros/jazzy/opt/gz_cmake_vendor/lib:/opt/ros/jazzy/lib:/usr/local/cuda-12.9/lib64 PYTHONPATH=/home/redalexdad/GitHub/WalkingRobotSim/build/ros2_yolo_recognition/prefix_override:/usr/lib/python3/dist-packages/colcon_core/task/python/colcon_distutils_commands:/home/redalexdad/GitHub/WalkingRobotSim/install/ros2_yolo_recognition/lib/python3.12/site-packages:/home/redalexdad/GitHub/WalkingRobotSim/install/yolo_msgs/lib/python3.12/site-packages:/home/redalexdad/GitHub/WalkingRobotSim/install/ros2_yolo_recognition/lib/python3.12/site-packages:/home/redalexdad/GitHub/WalkingRobotSim/install/ros2_unitree_legged_msgs/lib/python3.12/site-packages:/home/redalexdad/GitHub/WalkingRobotSim/install/ros2_odometry/lib/python3.12/site-packages:/home/redalexdad/GitHub/WalkingRobotSim/install/ros2_navigation/lib/python3.12/site-packages:/home/redalexdad/GitHub/WalkingRobotSim/install/ros2_cartography/lib/python3.12/site-packages:/opt/ros/jazzy/lib/python3.12/site-packages /usr/bin/python3 -W ignore:setup.py install is deprecated -W ignore:easy_install command is deprecated setup.py egg_info --egg-base ../../../build/ros2_yolo_recognition build --build-base /home/redalexdad/GitHub/WalkingRobotSim/build/ros2_yolo_recognition/build install --record /home/redalexdad/GitHub/WalkingRobotSim/build/ros2_yolo_recognition/install.log --single-version-externally-managed install_data
[1.561s] running egg_info
[1.561s] creating ../../../build/ros2_yolo_recognition/ros2_yolo_recognition.egg-info
[1.603s] writing ../../../build/ros2_yolo_recognition/ros2_yolo_recognition.egg-info/PKG-INFO
[1.603s] writing dependency_links to ../../../build/ros2_yolo_recognition/ros2_yolo_recognition.egg-info/dependency_links.txt
[1.603s] writing entry points to ../../../build/ros2_yolo_recognition/ros2_yolo_recognition.egg-info/entry_points.txt
[1.604s] writing requirements to ../../../build/ros2_yolo_recognition/ros2_yolo_recognition.egg-info/requires.txt
[1.604s] writing top-level names to ../../../build/ros2_yolo_recognition/ros2_yolo_recognition.egg-info/top_level.txt
[1.604s] writing manifest file '../../../build/ros2_yolo_recognition/ros2_yolo_recognition.egg-info/SOURCES.txt'
[1.681s] reading manifest file '../../../build/ros2_yolo_recognition/ros2_yolo_recognition.egg-info/SOURCES.txt'
[1.682s] writing manifest file '../../../build/ros2_yolo_recognition/ros2_yolo_recognition.egg-info/SOURCES.txt'
[1.682s] running build
[1.683s] running build_py
[1.683s] creating /home/redalexdad/GitHub/WalkingRobotSim/build/ros2_yolo_recognition/build
[1.683s] creating /home/redalexdad/GitHub/WalkingRobotSim/build/ros2_yolo_recognition/build/lib
[1.683s] creating /home/redalexdad/GitHub/WalkingRobotSim/build/ros2_yolo_recognition/build/lib/ros2_yolo_recognition
[1.683s] copying ros2_yolo_recognition/__init__.py -> /home/redalexdad/GitHub/WalkingRobotSim/build/ros2_yolo_recognition/build/lib/ros2_yolo_recognition
[1.684s] copying ros2_yolo_recognition/debug_node.py -> /home/redalexdad/GitHub/WalkingRobotSim/build/ros2_yolo_recognition/build/lib/ros2_yolo_recognition
[1.685s] copying ros2_yolo_recognition/tracking_node.py -> /home/redalexdad/GitHub/WalkingRobotSim/build/ros2_yolo_recognition/build/lib/ros2_yolo_recognition
[1.685s] copying ros2_yolo_recognition/detect_object.py -> /home/redalexdad/GitHub/WalkingRobotSim/build/ros2_yolo_recognition/build/lib/ros2_yolo_recognition
[1.686s] copying ros2_yolo_recognition/yolo_node.py -> /home/redalexdad/GitHub/WalkingRobotSim/build/ros2_yolo_recognition/build/lib/ros2_yolo_recognition
[1.686s] copying ros2_yolo_recognition/detect_3d_node.py -> /home/redalexdad/GitHub/WalkingRobotSim/build/ros2_yolo_recognition/build/lib/ros2_yolo_recognition
[1.686s] running install
[1.695s] running install_lib
[1.734s] creating /home/redalexdad/GitHub/WalkingRobotSim/install/ros2_yolo_recognition/lib/python3.12/site-packages/ros2_yolo_recognition
[1.735s] copying /home/redalexdad/GitHub/WalkingRobotSim/build/ros2_yolo_recognition/build/lib/ros2_yolo_recognition/__init__.py -> /home/redalexdad/GitHub/WalkingRobotSim/install/ros2_yolo_recognition/lib/python3.12/site-packages/ros2_yolo_recognition
[1.735s] copying /home/redalexdad/GitHub/WalkingRobotSim/build/ros2_yolo_recognition/build/lib/ros2_yolo_recognition/debug_node.py -> /home/redalexdad/GitHub/WalkingRobotSim/install/ros2_yolo_recognition/lib/python3.12/site-packages/ros2_yolo_recognition
[1.735s] copying /home/redalexdad/GitHub/WalkingRobotSim/build/ros2_yolo_recognition/build/lib/ros2_yolo_recognition/tracking_node.py -> /home/redalexdad/GitHub/WalkingRobotSim/install/ros2_yolo_recognition/lib/python3.12/site-packages/ros2_yolo_recognition
[1.735s] copying /home/redalexdad/GitHub/WalkingRobotSim/build/ros2_yolo_recognition/build/lib/ros2_yolo_recognition/detect_object.py -> /home/redalexdad/GitHub/WalkingRobotSim/install/ros2_yolo_recognition/lib/python3.12/site-packages/ros2_yolo_recognition
[1.735s] copying /home/redalexdad/GitHub/WalkingRobotSim/build/ros2_yolo_recognition/build/lib/ros2_yolo_recognition/yolo_node.py -> /home/redalexdad/GitHub/WalkingRobotSim/install/ros2_yolo_recognition/lib/python3.12/site-packages/ros2_yolo_recognition
[1.735s] copying /home/redalexdad/GitHub/WalkingRobotSim/build/ros2_yolo_recognition/build/lib/ros2_yolo_recognition/detect_3d_node.py -> /home/redalexdad/GitHub/WalkingRobotSim/install/ros2_yolo_recognition/lib/python3.12/site-packages/ros2_yolo_recognition
[1.736s] byte-compiling /home/redalexdad/GitHub/WalkingRobotSim/install/ros2_yolo_recognition/lib/python3.12/site-packages/ros2_yolo_recognition/__init__.py to __init__.cpython-312.pyc
[1.736s] byte-compiling /home/redalexdad/GitHub/WalkingRobotSim/install/ros2_yolo_recognition/lib/python3.12/site-packages/ros2_yolo_recognition/debug_node.py to debug_node.cpython-312.pyc
[1.740s] byte-compiling /home/redalexdad/GitHub/WalkingRobotSim/install/ros2_yolo_recognition/lib/python3.12/site-packages/ros2_yolo_recognition/tracking_node.py to tracking_node.cpython-312.pyc
[1.741s] byte-compiling /home/redalexdad/GitHub/WalkingRobotSim/install/ros2_yolo_recognition/lib/python3.12/site-packages/ros2_yolo_recognition/detect_object.py to detect_object.cpython-312.pyc
[1.743s] byte-compiling /home/redalexdad/GitHub/WalkingRobotSim/install/ros2_yolo_recognition/lib/python3.12/site-packages/ros2_yolo_recognition/yolo_node.py to yolo_node.cpython-312.pyc
[1.745s] byte-compiling /home/redalexdad/GitHub/WalkingRobotSim/install/ros2_yolo_recognition/lib/python3.12/site-packages/ros2_yolo_recognition/detect_3d_node.py to detect_3d_node.cpython-312.pyc
[1.748s] running install_data
[1.748s] creating /home/redalexdad/GitHub/WalkingRobotSim/install/ros2_yolo_recognition/share/ament_index
[1.748s] creating /home/redalexdad/GitHub/WalkingRobotSim/install/ros2_yolo_recognition/share/ament_index/resource_index
[1.748s] creating /home/redalexdad/GitHub/WalkingRobotSim/install/ros2_yolo_recognition/share/ament_index/resource_index/packages
[1.748s] copying resource/ros2_yolo_recognition -> /home/redalexdad/GitHub/WalkingRobotSim/install/ros2_yolo_recognition/share/ament_index/resource_index/packages
[1.749s] copying package.xml -> /home/redalexdad/GitHub/WalkingRobotSim/install/ros2_yolo_recognition/share/ros2_yolo_recognition
[1.749s] creating /home/redalexdad/GitHub/WalkingRobotSim/install/ros2_yolo_recognition/share/ros2_yolo_recognition/models
[1.749s] copying models/ascol_object_detect_0.2.pt -> /home/redalexdad/GitHub/WalkingRobotSim/install/ros2_yolo_recognition/share/ros2_yolo_recognition/models
[1.807s] copying models/yolo11n.pt -> /home/redalexdad/GitHub/WalkingRobotSim/install/ros2_yolo_recognition/share/ros2_yolo_recognition/models
[1.813s] running install_egg_info
[1.845s] Copying ../../../build/ros2_yolo_recognition/ros2_yolo_recognition.egg-info to /home/redalexdad/GitHub/WalkingRobotSim/install/ros2_yolo_recognition/lib/python3.12/site-packages/ros2_yolo_recognition-0.0.0-py3.12.egg-info
[1.846s] running install_scripts
[2.043s] Installing debug_node script to /home/redalexdad/GitHub/WalkingRobotSim/install/ros2_yolo_recognition/lib/ros2_yolo_recognition
[2.043s] Installing detect_3d_node script to /home/redalexdad/GitHub/WalkingRobotSim/install/ros2_yolo_recognition/lib/ros2_yolo_recognition
[2.044s] Installing detect_object script to /home/redalexdad/GitHub/WalkingRobotSim/install/ros2_yolo_recognition/lib/ros2_yolo_recognition
[2.044s] Installing tracking_node script to /home/redalexdad/GitHub/WalkingRobotSim/install/ros2_yolo_recognition/lib/ros2_yolo_recognition
[2.044s] Installing yolo_node script to /home/redalexdad/GitHub/WalkingRobotSim/install/ros2_yolo_recognition/lib/ros2_yolo_recognition
[2.044s] writing list of installed files to '/home/redalexdad/GitHub/WalkingRobotSim/build/ros2_yolo_recognition/install.log'
[2.121s] Invoked command in '/home/redalexdad/GitHub/WalkingRobotSim/src/ros2_yolo_recognition/ros2_yolo_recognition' returned '0': CMAKE_PREFIX_PATH=/home/redalexdad/GitHub/WalkingRobotSim/install/yolo_msgs:/home/redalexdad/GitHub/WalkingRobotSim/install/yolo_bringup:/home/redalexdad/GitHub/WalkingRobotSim/install/unitree_guide2:/home/redalexdad/GitHub/WalkingRobotSim/install/ros2_unitree_legged_control:/home/redalexdad/GitHub/WalkingRobotSim/install/ros2_unitree_legged_msgs:/home/redalexdad/GitHub/WalkingRobotSim/install/ros2_gazebo:/home/redalexdad/GitHub/WalkingRobotSim/install/go2_description:/home/redalexdad/GitHub/WalkingRobotSim/install/go1_description:/usr/local/libtorch:/opt/unitree_robotics:/opt/ros/jazzy/opt/gz_sim_vendor:/opt/ros/jazzy/opt/gz_sensors_vendor:/opt/ros/jazzy/opt/gz_physics_vendor:/opt/ros/jazzy/opt/sdformat_vendor:/opt/ros/jazzy/opt/gz_gui_vendor:/opt/ros/jazzy/opt/gz_transport_vendor:/opt/ros/jazzy/opt/gz_rendering_vendor:/opt/ros/jazzy/opt/gz_plugin_vendor:/opt/ros/jazzy/opt/gz_fuel_tools_vendor:/opt/ros/jazzy/opt/gz_msgs_vendor:/opt/ros/jazzy/opt/gz_common_vendor:/opt/ros/jazzy/opt/gz_math_vendor:/opt/ros/jazzy/opt/gz_utils_vendor:/opt/ros/jazzy/opt/gz_tools_vendor:/opt/ros/jazzy/opt/gz_ogre_next_vendor:/opt/ros/jazzy/opt/gz_dartsim_vendor:/opt/ros/jazzy/opt/gz_cmake_vendor DEBUGINFOD_URLS=https://debuginfod.ubuntu.com LD_LIBRARY_PATH=/home/redalexdad/GitHub/WalkingRobotSim/install/yolo_msgs/lib:/home/redalexdad/GitHub/WalkingRobotSim/install/ros2_unitree_legged_control/lib:/home/redalexdad/GitHub/WalkingRobotSim/install/ros2_unitree_legged_msgs/lib:/opt/ros/jazzy/opt/gz_sim_vendor/lib:/opt/ros/jazzy/opt/gz_sensors_vendor/lib:/opt/ros/jazzy/opt/gz_physics_vendor/lib:/opt/ros/jazzy/opt/sdformat_vendor/lib:/opt/ros/jazzy/opt/rviz_ogre_vendor/lib:/opt/ros/jazzy/lib/x86_64-linux-gnu:/opt/ros/jazzy/opt/gz_gui_vendor/lib:/opt/ros/jazzy/opt/gz_transport_vendor/lib:/opt/ros/jazzy/opt/gz_rendering_vendor/lib:/opt/ros/jazzy/opt/gz_plugin_vendor/lib:/opt/ros/jazzy/opt/gz_fuel_tools_vendor/lib:/opt/ros/jazzy/opt/gz_msgs_vendor/lib:/opt/ros/jazzy/opt/gz_common_vendor/lib:/opt/ros/jazzy/opt/gz_math_vendor/lib:/opt/ros/jazzy/opt/gz_utils_vendor/lib:/opt/ros/jazzy/opt/gz_tools_vendor/lib:/opt/ros/jazzy/opt/gz_ogre_next_vendor/lib:/opt/ros/jazzy/opt/gz_dartsim_vendor/lib:/opt/ros/jazzy/opt/gz_cmake_vendor/lib:/opt/ros/jazzy/lib:/usr/local/cuda-12.9/lib64 PYTHONPATH=/home/redalexdad/GitHub/WalkingRobotSim/build/ros2_yolo_recognition/prefix_override:/usr/lib/python3/dist-packages/colcon_core/task/python/colcon_distutils_commands:/home/redalexdad/GitHub/WalkingRobotSim/install/ros2_yolo_recognition/lib/python3.12/site-packages:/home/redalexdad/GitHub/WalkingRobotSim/install/yolo_msgs/lib/python3.12/site-packages:/home/redalexdad/GitHub/WalkingRobotSim/install/ros2_yolo_recognition/lib/python3.12/site-packages:/home/redalexdad/GitHub/WalkingRobotSim/install/ros2_unitree_legged_msgs/lib/python3.12/site-packages:/home/redalexdad/GitHub/WalkingRobotSim/install/ros2_odometry/lib/python3.12/site-packages:/home/redalexdad/GitHub/WalkingRobotSim/install/ros2_navigation/lib/python3.12/site-packages:/home/redalexdad/GitHub/WalkingRobotSim/install/ros2_cartography/lib/python3.12/site-packages:/opt/ros/jazzy/lib/python3.12/site-packages /usr/bin/python3 -W ignore:setup.py install is deprecated -W ignore:easy_install command is deprecated setup.py egg_info --egg-base ../../../build/ros2_yolo_recognition build --build-base /home/redalexdad/GitHub/WalkingRobotSim/build/ros2_yolo_recognition/build install --record /home/redalexdad/GitHub/WalkingRobotSim/build/ros2_yolo_recognition/install.log --single-version-externally-managed install_data
