running egg_info
writing ../../../build/ros2_yolo_recognition/ros2_yolo_recognition.egg-info/PKG-INFO
writing dependency_links to ../../../build/ros2_yolo_recognition/ros2_yolo_recognition.egg-info/dependency_links.txt
writing entry points to ../../../build/ros2_yolo_recognition/ros2_yolo_recognition.egg-info/entry_points.txt
writing requirements to ../../../build/ros2_yolo_recognition/ros2_yolo_recognition.egg-info/requires.txt
writing top-level names to ../../../build/ros2_yolo_recognition/ros2_yolo_recognition.egg-info/top_level.txt
reading manifest file '../../../build/ros2_yolo_recognition/ros2_yolo_recognition.egg-info/SOURCES.txt'
writing manifest file '../../../build/ros2_yolo_recognition/ros2_yolo_recognition.egg-info/SOURCES.txt'
running build
running build_py
running install
running install_lib
running install_data
running install_egg_info
removing '/home/redalexdad/GitHub/WalkingRobotSim/install/ros2_yolo_recognition/lib/python3.12/site-packages/ros2_yolo_recognition-0.0.0-py3.12.egg-info' (and everything under it)
Copying ../../../build/ros2_yolo_recognition/ros2_yolo_recognition.egg-info to /home/redalexdad/GitHub/WalkingRobotSim/install/ros2_yolo_recognition/lib/python3.12/site-packages/ros2_yolo_recognition-0.0.0-py3.12.egg-info
running install_scripts
Installing debug_node script to /home/redalexdad/GitHub/WalkingRobotSim/install/ros2_yolo_recognition/lib/ros2_yolo_recognition
Installing detect_3d_node script to /home/redalexdad/GitHub/WalkingRobotSim/install/ros2_yolo_recognition/lib/ros2_yolo_recognition
Installing detect_object script to /home/redalexdad/GitHub/WalkingRobotSim/install/ros2_yolo_recognition/lib/ros2_yolo_recognition
Installing tracking_node script to /home/redalexdad/GitHub/WalkingRobotSim/install/ros2_yolo_recognition/lib/ros2_yolo_recognition
Installing yolo_node script to /home/redalexdad/GitHub/WalkingRobotSim/install/ros2_yolo_recognition/lib/ros2_yolo_recognition
writing list of installed files to '/home/redalexdad/GitHub/WalkingRobotSim/build/ros2_yolo_recognition/install.log'
